0.0286475 0.0572951 0.0452957 0.0730372 0.0835212 0.0607706 0.101284 0.0640578 0.0202569 0.0730372 
0.0561612 0.0794239 0.0355194 0.0502321 0.0561612 0.0794239 0 0.0905572 0.025116 0.025116 
0.0496383 0.0496383 0.0496383 0.119545 0.031394 0.031394 0.031394 0.0443979 0.0496383 0.0443979 
0.189778 0.0750164 0.289567 0.0474445 0.0978094 0.106089 0.0855319 0.0530446 0.0978094 0.0237223 
0.0533286 0.0596232 0 0 0.0266643 0.0266643 0.0843199 0.0596232 0.0961395 0.0799929 
0.0249824 0.0558624 0 0.0900755 0.0790014 0.0249824 0.0499649 0.0558624 0.0900755 0.0900755 
0.0618984 0 0.0276818 0.0276818 0.0830455 0.039148 0.039148 0.039148 0.0618984 0.0276818 
0.0572927 0.0572927 0.0923817 0.0810241 0.0256221 0.0768662 0 0.0724702 0.0572927 0.0768662 
0.110472 0.0441888 0.0796625 0.0698686 0.0988091 0.0312462 0.0494046 0.0796625 0.0220944 0.0698686 
0.050236 0 0.0449325 0.0317721 0.163557 0.0635441 0.0224662 0.089865 0.0635441 0.112331 
0.172005 0.0729756 0.0486504 0.0769231 0.0973009 0.0543928 0.0486504 0.0769231 0.0729756 0.0543928 
0.109579 0.0547894 0.259889 0.282046 0.220863 0.154968 0 0.0273947 0.136973 0.0774839 
0.0900263 0.055832 0.0249688 0.0353112 0.167496 0.0998752 0.055832 0.0249688 0.055832 0.055832 
0.199053 0.110415 0.15018 0.0552073 0.148137 0.15615 0.110415 0.101797 0.110415 0.0552073 
0.153393 0.0571662 0 0.0808452 0.149071 0.130359 0.108465 0.0921777 0.0808452 0.0921777 
0.130062 0.0570359 0.0570359 0.0570359 0.0570359 0.108218 0.0255072 0.0570359 0.108218 0.130062 
0.022173 0.0701172 0.134873 0.0701172 0.0313574 0.0701172 0.0799459 0.110865 0.044346 0 
0.0335107 0.0670213 0.134043 0.052985 0.0236956 0.0749321 0.0854358 0.127605 0.0473912 0.0473912 
0.040953 0.0204765 0.0844268 0.081906 0.165087 0.0647524 0.081906 0.131114 0.0457869 0.0915737 
0.0628881 0.0889372 0.23192 0.226746 0.338663 0.293628 0.140622 0.302909 0.11596 0.304212 
0.241287 0.144535 0.149199 0.0585206 0.140936 0.0667237 0.118495 0.107907 0.0925291 0.0925291 
0.0497807 0.0634582 0.0352003 0.123201 0.128131 0.0352003 0.0897435 0.0880008 0.0634582 0.137462 
0.134036 0.0726912 0.2539 0.325085 0.947778 0.308403 0.0726912 0.117211 0.234422 0.331523 
0.0633049 0.111908 0.0707771 0.0223817 0.0707771 0.0806983 0.100094 0.0633049 0.0500469 0.0707771 
0.057387 0 0.0811574 0.145179 0.0925337 0.057387 0.0256642 0.0513285 0.0769927 0.0925337 
0.108985 0.0953046 0.0591054 0.0528655 0.0591054 0.0373815 0.142345 0.0591054 0.0953046 0.108985 
0.022987 0.045974 0.160909 0.068961 0.0726912 0.068961 0.0726912 0.045974 0.0975255 0.0726912 
0.0238028 0.106449 0.166619 0.0238028 0.106449 0.0858221 0.106449 0.0476056 0.0952111 0.0238028 
0.0739929 0.142328 0.187189 0.0843649 0.0467972 0.0843649 0.126005 0.0935945 0.104642 0.0233986 
0.0789583 0.055832 0.102949 0.0499376 0.105934 0.0998752 0.0499376 0.0749064 0.0706225 0.0706225 
0.0858221 0.0476056 0.0673244 0.0476056 0.0981414 0.0476056 0.0858221 0.0532246 0.0673244 0.0336622 
0.122005 0.03204 0.19357 0.122005 0.0453114 0.03204 0.06408 0.0906228 0.0506597 0 
0.0744014 0.0705834 0.105219 0.0744014 0.0665466 0.0526097 0.0235278 0.0332733 0.0235278 0.0526097 
0.509802 1.0606 0.822279 0.162468 1.35182 0.302276 0.0901212 0.135182 0.315424 0.0901212 
0.057387 0.0513285 0.102657 0.128321 0.0811574 0.0256642 0.0513285 0.164331 0.0811574 0.0362947 
0.0973381 0.023608 0.127133 0.0333867 0.11804 0.0851197 0.0746549 0.0472159 0.0973381 0.0708239 
0.118837 0.0856948 0.159437 0.0950698 0.0237675 0.127992 0.0856948 0.0979957 0.138587 0.0751593 
0.0781823 0.0699284 0.0988936 0.13314 0.123617 0.0247234 0.0247234 0.123617 0.0349642 0.0247234 
0.105198 0.0940916 0.0969874 0.0940916 0.0235229 0.0665328 0.0525988 0.0665328 0.0332664 0.0332664 
0.141307 0.0328532 0.148749 0.103891 0.0519454 0.0328532 0.0464614 0.0696921 0.0657063 0.0232307 
0.0847837 0.0743602 0.119902 0.0235148 0.0969539 0.0847837 0.0705443 0.0332549 0.0705443 0.0470295 
0.050236 0.025118 0.135265 0.050236 0.103564 0 0.050236 0.0355222 0.0794301 0.0794301 
0.12227 0.0733619 0.0978159 0 0.0691663 0.0489079 0.0546807 0.103749 0.0978159 0.0691663 
0.116405 0.073621 0.0329243 0.069843 0.147242 0.069843 0.073621 0.0329243 0.046562 0.0520579 
0.11935 0.0298375 0.16068 0.0943543 0.0843931 0.133437 0.0667186 0.0421965 0.0421965 0.0667186 
0.0657374 0.0232417 0.135521 0.0657374 0.05197 0.135521 0.0929667 0.0734966 0.10394 0.0328687 
0.0963882 0.0801999 0.133666 0.110224 0.162612 0.0378066 0.0845381 0.0597774 0.119555 0.0378066 
0.106412 0.106412 0.144735 0.0475887 0.0752444 0.0673006 0.0752444 0.0237944 0.128137 0.0237944 
0.121114 0.0751116 0.106224 0.0335909 0.0237524 0.0237524 0.0475047 0.0856404 0.106224 0.0335909 
0.0590693 0.0528332 0.118139 0.177208 0.0835366 0.112076 0.0792498 0.105666 0.112076 0.0792498 
0.144135 0.0335107 0.0976995 0.0335107 0.149864 0.0335107 0.0670213 0.0236956 0.0854358 0.0473912 
0.108643 0.0362143 0.1379 0.0572598 0.105582 0 0.0572598 0.0512148 0.0923287 0.0256074 
0.110356 0.0551779 0.101743 0.0551779 0.0889717 0.0780334 0.0551779 0.143886 0.0348976 0.0348976 
0.0959351 0.0752577 0.193706 0.112887 0.118993 0.188144 0.0841406 0.0798228 0.155148 0.0798228 
0.111378 0.0556889 0.124524 0.0556889 0.0498097 0.0897957 0.0704415 0.0352208 0.0704415 0.0556889 
0.0592921 0.0795487 0.187498 0.0374996 0.0838517 0.0592921 0.0374996 0.0838517 0.0956057 0.0838517 
0.034401 0.121626 0.108786 0.034401 0.0543928 0.0486504 0.108786 0.0543928 0.0243252 0.0543928 
0.12766 0.0218936 0.334907 0.0437872 0.0692336 0.123849 0.159388 0.111636 0.123849 0.109468 
0.0949095 0.0514719 0.102944 0.0690568 0.0949095 0.0727923 0.082996 0.0230189 0.0230189 0.0460379 
0.0484218 0.0242109 0.0765615 0.0242109 0.108274 0.0541372 0.099824 0 0.0242109 0.0342393 
0.0266572 0.0266572 0.135926 0.133286 0.0533144 0.0961139 0.0842974 0.0596073 0.037699 0.10991 
0.117791 0.080804 0.117791 0.0638811 0.057137 0.0638811 0.0903416 0.0903416 0.057137 0.0857055 
0.210639 0.052253 0.392767 0.246477 0.34364 0.204054 0.0738969 0.902405 0.215445 0.167291 
0.0806216 0.0919227 0.0570081 0.194162 0.0570081 0.0509896 0.0360551 0.0254948 0.0509896 0.0254948 
0.0611704 0.0547124 0.0611704 0.0773751 0.0273562 0.0547124 0.0386875 0.0820687 0.0547124 0.0611704 
0.0650385 0 0.0229946 0.0829081 0.0650385 0.0919783 0.0948091 0.0829081 0.0459892 0.0829081 
0.0808401 0.0951243 0.0501349 0.0634162 0.0501349 0.0808401 0.0501349 0.0317081 0.0709015 0.0924442 
0.0497442 0.0248721 0.10255 0.111231 0.12436 0.105523 0.0896776 0.0556157 0.0497442 0.12436 
0.0849719 0.0537409 0.0968828 0.0537409 0.163447 0.15668 0.0380006 0.0968828 0.0968828 0.0849719 
0.122757 0.0665743 0.0842105 0.0595458 0.0842105 0.0941502 0.0665743 0.0842105 0.0842105 0.0595458 
0.079603 0.0562878 0.0398015 0.0281439 0.101474 0.0562878 0.0398015 0.0844317 0.0281439 0.0889988 
0.136221 0.120403 0.0240807 0.107692 0.0481613 0.0868241 0.0681104 0.122788 0.0868241 0.102166 
0.135942 0.100975 0.182035 0.126219 0.112893 0.182035 0.0252438 0.0910176 0.126219 0.0798278 
0.147997 0.10881 0.131024 0.0769401 0.172043 0.0729918 0.0769401 0.0877253 0.0544049 0.100318 
0.132909 0.0840588 0.143147 0.0958418 0.0594386 0.0958418 0.0375923 0.0594386 0.0594386 0.0375923 
0.142726 0.0638291 0.102921 0.0807381 0.153721 0.117695 0.0570905 0.040369 0.127658 0.0638291 
0.129845 0.0946404 0.114768 0.0649227 0.117041 0.0513259 0.123609 0.068861 0.0946404 0.0827606 
0.100534 0.172414 0.0344828 0.073149 0.054522 0.024383 0.172414 0.190437 0.131306 0.054522 
0.0585959 0.0786146 0.0262049 0.0262049 0.0370593 0.0370593 0.0786146 0.131024 0.0370593 0.0262049 
0.218576 0.142494 0.207359 0.0345599 0.176222 0.13824 0.0772783 0.0345599 0.124607 0.0345599 
0.153098 0.117218 0.117218 0.0568593 0.113719 0.117218 0.0568593 0.0284296 0.117218 0.0635706 
0.127775 0.070877 0.10332 0.0501176 0.134946 0.0501176 0.106315 0.226917 0.0903508 0.0903508 
0.0320668 0.0226746 0.0934899 0.0934899 0.0320668 0.0680239 0.0320668 0.0906985 0.101404 0.137924 
0.0627641 0.0627641 0.163669 0.0627641 0.0627641 0.0887619 0.0561379 0.0561379 0.0887619 0.0887619 
0.0948829 0.0744323 0.105263 0.0372161 0.108503 0.0832178 0.0588439 0.0526316 0.117688 0.0789474 
0.108269 0.0371359 0.133895 0.0371359 0.0787771 0.0830383 0.026259 0.058717 0.058717 0.026259 
0 0.0723906 0.0511879 0.082538 0.11446 0 0.082538 0.102376 0.0915677 0.0511879 
0.034075 0.0240946 0.168662 0.227308 0.102225 0.0681499 0.120473 0.0868744 0.0240946 0.0963785 
0.137972 0.0771287 0.163615 0.103479 0.0243902 0.0731707 0.034493 0.0731707 0.0731707 0.100564 
0.103556 0.0355194 0.321642 0.12558 0.152775 0.12558 0.025116 0.0561612 0.112322 0.0561612 
0.117517 0.0705102 0.0664777 0.0705102 0.0705102 0.0525552 0.0705102 0.0743243 0.0332388 0.0332388 
0.125269 0.0560222 0.159688 0.0792273 0.198068 0.0560222 0.0990342 0.0560222 0.126826 0.112044 
0.143592 0.0961395 0.238493 0.278383 0.188545 0.241455 0.16864 0.16864 0.293307 0.294517 
0.0748539 0.0557928 0.0899632 0.0352865 0.070573 0.0499026 0.0499026 0.0352865 0.0352865 0.0899632 
0.149781 0.0348234 0.222979 0.0348234 0.0887827 0.0984956 0.0246239 0.0246239 0.0778676 0.0738717 
0.116682 0.0260909 0.104364 0.0521818 0.0737962 0.0825067 0.0940721 0.058341 0.116682 0.116682 
0.0930247 0.0451236 0.0813478 0.0504497 0.0930247 0.0504497 0.0504497 0.100899 0.131557 0.0504497 
0.0448083 0.0316842 0.250486 0.12065 0.112021 0.0500972 0.0224041 0.0500972 0.0708481 0.0950527 
0.116731 0.043353 0.156311 0.331586 0.261019 0.153276 0.0306552 0.0306552 0.14541 0.178749 
0.104224 0 0.0911411 0.0565233 0.147395 0.0911411 0.025278 0.075834 0.0799361 0.025278 
0.104693 0.110356 0.0780334 0.0987053 0.074029 0.0889717 0.125825 0.132886 0.0493526 0.125825 
0.146835 0.0734174 0.0328332 0.0464332 0.362655 0.191449 0.0837087 0.0656665 0.220252 0.164166 
0.0229506 0.0324571 0.0827497 0.0459013 0.0324571 0.0459013 0.0513192 0.0324571 0.114753 0.114753 
0.0489555 0.0489555 0.0218936 0.0309622 0.185773 0.0489555 0.0489555 0.0789384 0.0979111 0.0656807 
0.068259 0.0763159 0 0.0965328 0.136518 0.0995037 0.0995037 0.068259 0.0870135 0.120666 
0.0818968 0.0936525 0.0507902 0.11582 0.160613 0.132445 0.11357 0.11357 0.11357 0.12849 
0.0689837 0.0975578 0.0650385 0.0689837 0.12383 0.0975578 0.0689837 0.0325193 0.0829081 0.0229946 
0.0552116 0.0552116 0.0349189 0.0552116 0.0780809 0.0698377 0.0780809 0.0987654 0.0493827 0.0740741 
0.202157 0.0560684 0.0792927 0.0560684 0.280342 0.0792927 0 0.0792927 0.0752237 0.127856 
0.244468 0 0.0956057 0 0.106065 0.0530325 0 0.0795487 0 0.0530325 
0.034075 0.0481893 0.120473 0.107754 0.034075 0.102225 0.146562 0.122859 0.0681499 0.107754 
0.0758947 0.0565685 0.16 0.0252982 0.101193 0.08 0.0565685 0.0715542 0.0565685 0.0252982 
0.0791664 0.0621033 0.0791664 0.0490969 0.109784 0.0490969 0.0931549 0.0658705 0.0621033 0.0694336 
0.119555 0.119555 0.208794 0.162612 0.106933 0.0963882 0.0756131 0.0756131 0.0963882 0.0267333 
0.0544371 0.024345 0.155884 0.108874 0.0973801 0.0688581 0.0730351 0.0769857 0.137716 0.0769857 
0.0489996 0.0489996 0.0876531 0.13148 0.140313 0.0903508 0.0219133 0.0929702 0.0979992 0.0929702 
0.0940591 0.0470295 0.193908 0.0525806 0.179083 0.189582 0.169567 0.20091 0.143035 0.0743602 
0.867187 0.0666574 1.4238 0.169944 0.105395 0.120168 0.105395 0.0471339 0.0942678 0.137418 
0.208288 0.0577687 0.25835 0.0775049 0.165424 0.180845 0 0.025835 0.131733 0.0775049 
0.12115 0 0.178731 0.0293832 0.0587664 0.0831082 0.0587664 0.0293832 0.0657028 0.0657028 
0.113719 0.0284296 0.113719 0.0635706 0.0284296 0.0852889 0.0284296 0.0568593 0.120617 0.0568593 
0.123624 0.0342871 0.153337 0.0242447 0.130561 0.121223 0.0874153 0.072734 0.141369 0.0874153 
0.113127 0.0596232 0.16864 0.0533286 0.0533286 0.0266643 0.0266643 0.0533286 0.0533286 0.0266643 
0.105297 0.0361167 0.130221 0.0571056 0.0361167 0.0571056 0.0571056 0 0.10835 0.09208 
0.139768 0.110115 0.116071 0.0734099 0.16415 0.139768 0.0820748 0.116071 0.129772 0.0734099 
0.0645061 0.028848 0.10985 0.104013 0.136838 0.0645061 0.0456127 0.057696 0.101993 0.0912253 
0.107331 0.0758947 0.0565685 0.0565685 0.08 0.0565685 0.0758947 0.101193 0.126491 0.091214 
0.131306 0.024383 0.0344828 0.024383 0.054522 0.100534 0.048766 0.0344828 0.0879141 0.0879141 
0.120824 0.0764161 0.0724947 0.146989 0.0241649 0.0966595 0.0764161 0.0996344 0.108069 0.0764161 
0.0734409 0.0936191 0.0259653 0.0936191 0.0259653 0.0519305 0.0259653 0.0519305 0.0519305 0.0259653 
0.0724286 0.0572598 0.0512148 0.0572598 0.0362143 0.0256074 0.0724286 0.0362143 0.0572598 0.0768221 
0.0348949 0.0551737 0 0.0493489 0.0697899 0.0551737 0.0697899 0.0551737 0.0493489 0.0493489 
0.0545382 0.0243902 0.0545382 0.0879403 0.109076 0.0487805 0.109076 0.121951 0.100564 0.097561 
0.0874585 0.0583057 0.111011 0.169989 0.116611 0.0743255 0.0743255 0.0921894 0.0651877 0.0651877 
0.0294372 0.0416305 0.0416305 0.0832611 0.139633 0.0208153 0.0750505 0.0750505 0.0832611 0.124892 
0.0983296 0.0476968 0.121604 0.119242 0.168634 0.145064 0.121604 0.0859867 0.213307 0.119242 
0.0838614 0.023259 0.0465179 0.0465179 0.0520086 0.0838614 0.0328931 0.0465179 0.0465179 0.0328931 
0.0496628 0.0496628 0.0444198 0.0496628 0.125638 0.0800789 0.0496628 0.0702338 0.0496628 0.0993256 
0.0517191 0.0327101 0.0833946 0.0953654 0.134867 0.0731419 0.0517191 0.0731419 0.103438 0.046259 
0.0432237 0.0216118 0.0483255 0.0483255 0.0648355 0.0483255 0.0683426 0.0779226 0.0779226 0.0966511 
0.043254 0.0193438 0.0386875 0.123861 0.178341 0.0797564 0.0967189 0.0386875 0.0611704 0.0967189 
0.0707018 0.0316188 0.0499938 0.0707018 0.0670737 0.0499938 0.0316188 0.0499938 0 0.0447158 
0.0922259 0.126752 0.0896274 0.0922259 0.0783769 0.0486073 0.108689 0.0896274 0.0687411 0.117062 
0.0908594 0.0794543 0.110183 0.124658 0.188281 0.154257 0.0985509 0.172112 0.0908594 0.118671 
0.0832888 0.0730492 0.115501 0.0693005 0.0326686 0.0832888 0.0231002 0.0653372 0.0462003 0.0653372 
0.0548739 0.101182 0.0347053 0.186894 0.138821 0.0490807 0.0884814 0.0776034 0.132154 0.164622 
0.0974384 0.0604287 0.0974384 0.291063 0.22285 0.0854592 0.076437 0.0854592 0.114655 0.137799 
0.085467 0.076444 0.0604343 0.027027 0.085467 0.027027 0.0604343 0.157593 0.076444 0.085467 
0.0657063 0.0328532 0.0464614 0.0985595 0.0957826 0.103891 0.0657063 0.0657063 0.103891 0.103891 
0.125373 0.0904076 0.0904076 0.0501491 0.125373 0.0709215 0.0250746 0.0792927 0.127856 0.0250746 
0.0940354 0 0.0721219 0.116293 0.0228069 0.0456139 0.0322539 0.0822316 0.0509978 0.0509978 
0.0857055 0.080804 0.285685 0.153846 0.0903416 0.0903416 0.0638811 0.040402 0.145671 0.0285685 
0.115965 0.07731 0.112698 0.0611189 0.0611189 0.0611189 0.0273332 0.0273332 0.0273332 0.0611189 
0.148886 0.0276474 0.0996842 0.0618215 0.0390994 0.0829423 0.0276474 0.0276474 0.0618215 0.0276474 
0.116132 0.0796661 0.168997 0.0563324 0.164236 0.0890694 0.0281662 0.0398331 0.0281662 0.0890694 
0.0327869 0.0327869 0.135184 0.167181 0.196721 0.196721 0.0655738 0.135184 0.146627 0.238692 
0.0657374 0.0328687 0.0986061 0.0232417 0.116208 0.05197 0.05197 0.05197 0.0958279 0.0958279 
0.0944677 0 0.0222662 0.0222662 0.0704121 0.113536 0.0704121 0.0667987 0.0918061 0.0802821 
0.10654 0.121474 0.15981 0.0858952 0.0714691 0.0714691 0.101073 0.0476461 0.0336909 0.0476461 
0.0995037 0.0248759 0.102566 0.0351799 0.0896914 0.0746278 0.0497519 0.0556243 0.10554 0.133961 
0.0997199 0.02493 0.0557451 0.0352563 0.157671 0.02493 0 0.04986 0.0352563 0.0557451 
0.0770943 0.0545139 0.0770943 0.0689553 0.121897 0.0344776 0.0344776 0.0487587 0.0344776 0.0487587 
0.0538655 0.0538655 0.0868555 0.0722682 0.140464 0.0722682 0.0868555 0.0538655 0.0963576 0.0761774 
0.120168 0.0679775 0.0679775 0.0537409 0.0760011 0.0537409 0.0537409 0.0480673 0 0.072101 
0.0571429 0.0766652 0.114286 0.161624 0.114286 0.0571429 0.0361403 0.0571429 0.0571429 0.0808122 
0.0265513 0.0265513 0.132756 0.109474 0.0593705 0.109474 0.0375492 0.0593705 0.154819 0.0375492 
0.0760011 0.0760011 0.0866546 0.135955 0.0679775 0.0990934 0.0961347 0.120168 0.0240337 0.0760011 
0.0515026 0.0364178 0.0772539 0.0928477 0.0515026 0.0257513 0.0814328 0.0515026 0.0257513 0.0515026 
0.0729689 0.10637 0.109453 0.057687 0.0515968 0.0815817 0.0815817 0.0729689 0.103194 0.0515968 
0.103967 0.0774926 0.0490106 0.124953 0.0547955 0.0245053 0.0245053 0.0490106 0.0547955 0.0547955 
0.0587626 0.0587626 0.0587626 0.0587626 0.0262794 0.0525588 0.0371647 0.0262794 0.0525588 0 
0.0356094 0.0907865 0.216604 0.0563034 0.142438 0.125898 0.0796251 0.103818 0.125898 0.0712188 
0.0381906 0.0540097 0.0381906 0.0853968 0.298278 0.0540097 0.0853968 0.0763812 0.0270048 0.120769 
0.0522664 0.0584356 0.0739158 0.0369579 0.110874 0.0369579 0.110874 0.0826404 0.0584356 0.0826404 
0.200992 0.0747899 0.12465 0.0898863 0.0788355 0.0997199 0.0705126 0.134252 0.0898863 0.151643 
0.108126 0.0827856 0.122133 0.0602354 0.201786 0.0283952 0.0634937 0.0448968 0.0723939 0.0827856 
0.107409 0.0912798 0.147619 0.0506329 0.0912798 0.126582 0.0800577 0.0912798 0.0912798 0.192804 
0.10852 0.0569976 0.0830876 0.100759 0.0901212 0.0901212 0.10852 0.153471 0.0201517 0.181365 
0.0760011 0.0537409 0.129425 0.107482 0.0537409 0.0990934 0.0537409 0.0760011 0.0480673 0.120168 
0.0336718 0.0673435 0.106479 0.0336718 0.142857 0.0336718 0.0532397 0.047619 0.0238095 0 
0.14371 0.0908903 0.118506 0.028742 0.121942 0.118506 0.028742 0.121942 0.028742 0.118506 
0.0893744 0.043353 0.0484701 0.0216765 0.14541 0.0893744 0.068547 0.068547 0.0613103 0.068547 
0.0702555 0.0702555 0.0314192 0.0314192 0.179117 0.0314192 0.0993563 0.0496781 0.0702555 0.091602 
0.0376588 0.0266288 0.161977 0.0532576 0.0595439 0.0595439 0.0842077 0.0532576 0.112977 0.0376588 
0.0874153 0.0342871 0.162638 0.0766683 0.0969786 0.0342871 0.0542127 0.0484893 0.123624 0.0542127 
0.241086 0.0766652 0.14901 0.0361403 0.127775 0.0921401 0.0766652 0.114286 0.0808122 0.0921401 
0.129772 0.0519087 0.036705 0.0259543 0.132342 0.0820748 0.0820748 0.0820748 0.139768 0.107012 
0.143407 0.0717035 0.101404 0.101404 0.132215 0.0962003 0.163509 0.275849 0.101404 0.0641335 
0.249632 0.0372129 0.117678 0.0372129 0.141703 0.0744259 0.0744259 0.111639 0.0789405 0.0948747 
0.111586 0.102877 0.078903 0.0557928 0.105859 0.14549 0.070573 0.0899632 0.0899632 0.159766 
0.0749473 0.0558624 0.070661 0.0900755 0.0353305 0 0 0.0749473 0.0353305 0.0900755 
0.143553 0.0842974 0.203015 0.0596073 0.133286 0.0961139 0.10991 0.10991 0.0842974 0.0842974 
0.918014 0.0746082 0.165152 0.0333658 0.105512 0.141559 0.0471863 0.0333658 0.133463 0.211024 
0.0752444 0.0713831 0.121328 0.0336503 0.106412 0.0752444 0.0981066 0.0532058 0.0857918 0.0713831 
0.049379 0.0740684 0.101797 0.078075 0.0349162 0 0.0246895 0.0246895 0.0246895 0.0740684 
0.0602968 0.0972257 0.0972257 0.0762701 0.0808966 0.0762701 0.0269655 0.038135 0.145214 0.0808966 
0 0.0357771 0.0758947 0.0357771 0.107331 0.0565685 0.0252982 0 0.08 0.0357771 
0.109357 0.0788582 0.0874853 0.0691632 0.111522 0.0489058 0.109357 0.0489058 0.0489058 0.0927921 
0.0760286 0.14019 0.192339 0.107521 0.173372 0.0760286 0.0760286 0.0991292 0.146244 0.120212 
0.0229749 0.0513733 0.139751 0.0324913 0.15412 0.162457 0.0513733 0.0513733 0.123723 0.082837 
0.0861221 0.0272342 0.0981943 0.121795 0.158801 0.190639 0.0544684 0.07703 0.138868 0.198268 
0.0539635 0.102388 0.0723996 0 0.14072 0.0995037 0.0539635 0.0482664 0.0995037 0.102388 
0.0674157 0.0898876 0.0502487 0.0449438 0.0502487 0.0449438 0.0449438 0.0449438 0.0926541 0.0810236 
0.111803 0.0901388 0.0790569 0.0559017 0.134629 0.111803 0.0559017 0.025 0.0559017 0.0901388 
1.25385 0.0687107 0.208975 0.0768209 0.0971716 0.0343553 0.153642 0.0343553 0.171777 0.12387 
0.0498097 0.0249048 0.0897957 0.0352208 0.0556889 0.0249048 0.0556889 0.0249048 0.0498097 0.0556889 
0.0249688 0.0499376 0.0249688 0.102949 0.0353112 0.055832 0.0499376 0.0789583 0.055832 0.0499376 
0.0878815 0.03447 0.0770772 0.0545018 0.131258 0.0878815 0.0689399 0.0770772 0.0545018 0.10341 
0.224297 0.167455 0.183887 0.0642161 0.128432 0.086155 0.143592 0.0908153 0.128432 0.0574366 
0.0514259 0.106017 0.0727273 0.138469 0.114992 0.0771389 0.0813116 0.0813116 0.0363636 0.0813116 
0.138039 0.11713 0.200988 0.0617331 0.11383 0.0617331 0.0995416 0.0276079 0.0617331 0.0617331 
0.165632 0.103469 0.157345 0.0258674 0.18291 0.0517347 0.115682 0.106654 0.0517347 0.0932661 
0.129859 0.0259718 0.0580748 0.0259718 0.16426 0.0580748 0.103887 0.129859 0.0580748 0.0779155 
0.196598 0.0603847 0.190953 0.210915 0.230729 0.248972 0.0540097 0.0603847 0.181154 0.172915 
0.0677577 0.0535672 0.145718 0.0535672 0.135515 0.098773 0.0535672 0.0718679 0.0535672 0.0338788 
0.0744014 0.0848306 0.0941111 0.0470556 0.0744014 0.0665466 0.0705834 0.0848306 0 0.0941111 
0.031762 0.031762 0.112296 0.0710221 0.0502202 0.0635241 0.0710221 0.031762 0.0224592 0.0502202 
0.163668 0.137199 0.22188 0.114156 0.248069 0.300828 0.0850871 0.120331 0.170174 0.161441 
0.0536906 0.0720334 0.153746 0.0759299 0.153746 0.0720334 0.101871 0.0240111 0.107381 0.0536906 
0.0875247 0.072825 0.0875247 0.175049 0.0875247 0.10299 0.0875247 0.04855 0.0875247 0.121375 
0.0817026 0.0608975 0.136171 0.115545 0.07703 0.038515 0.07703 0.0544684 0.0608975 0.0981943 
0.108392 0.0766445 0.106287 0.106287 0.0850294 0.0475329 0.0950658 0.0475329 0.0475329 0.0212574 
0 0.106046 0.171499 0 0.186016 0.0657667 0.0882353 0.166378 0.0930082 0.149971 
0.0508657 0.0568696 0.0508657 0.0508657 0 0.0568696 0.0254329 0.071935 0.0804258 0.0762986 
0.0779607 0.0779607 0.0993808 0.0616334 0.123267 0.0389804 0.0871627 0.0389804 0.0551266 0.0389804 
0.129826 0.107058 0.18903 0.0778958 0.110161 0.0367204 0.103861 0.107058 0.0580601 0.0259653 
0.131077 0.0732743 0.196616 0.103626 0.0655385 0.0231714 0.155438 0.0231714 0.0518128 0.0655385 
0.0784465 0.144648 0.0350823 0.144648 0.297683 0.280659 0.323443 1.2522 0.255403 0.175412 
0.11452 0.0512148 0.0572598 0.0256074 0.0809776 0.0572598 0.0256074 0.0768221 0.105582 0.10243 
0.0558973 0.024998 0.0790508 0.213583 0.0707052 0.0749941 0.024998 0.111795 0.0353526 0.127466 
0.0623722 0.0557874 0.100572 0.0623722 0.115009 0.100572 0.0557874 0.157791 0.0278937 0.0623722 
0.0660954 0.0330477 0.052253 0.0660954 0.052253 0.0991431 0.0330477 0.052253 0.0738969 0.104506 
0.113607 0.0508066 0.0681642 0.0681642 0.145488 0.113607 0.0936828 0.0321329 0.0321329 0.0508066 
0.0925337 0.138206 0.114774 0.114774 0.0925337 0.130862 0.149647 0.0513285 0.0256642 0.0256642 
0 0.0644115 0.101844 0.0227729 0.0227729 0.0322057 0.0227729 0.0322057 0.0509218 0.0720142 
0.0763325 0.0381663 0.164159 0.0853424 0.196473 0.157364 0.0539753 0.0603462 0.0269876 0.0269876 
0.100556 0.0975537 0.0689809 0.124357 0.0487769 0.0689809 0.0975537 0.0689809 0.0879337 0.0487769 
0.108786 0.103203 0.196116 0.0543928 0.130995 0.145951 0.0877058 0.0543928 0.103203 0.108786 
0.0327803 0.0835736 0.0732989 0.0518302 0.0695375 0.0327803 0.135157 0.0518302 0.0835736 0.0835736 
0.045733 0.051131 0.0323381 0.114332 0.16647 0.0228665 0.0824463 0.0323381 0.0228665 0.045733 
0.151455 0.0889372 0.0843733 0.0628881 0.0397739 0 0.0889372 0.125776 0.0628881 0.0397739 
0.0475215 0.121157 0.127956 0.203012 0.166325 0.142564 0.118804 0.095043 0.0672055 0.138548 
0.0927094 0.057496 0.114992 0.057496 0.154278 0.109091 0.0363636 0.0514259 0.114992 0.057496 
0.151773 0.0899632 0.127227 0.0249513 0.0748539 0.0998053 0.0557928 0.0557928 0.0899632 0.0899632 
0 0.0496866 0.0555513 0.0895737 0.0785614 0.0351337 0.0496866 0 0.0785614 0.0785614 
0.0928477 0.0515026 0.115163 0.0257513 0.196116 0.0814328 0.0575817 0.0515026 0.0257513 0.0575817 
0.0571056 0.0255384 0 0.0571056 0.0722335 0.0571056 0.0510768 0.0722335 0.0255384 0.0722335 
0.0545382 0.0487805 0.0731707 0.068986 0.0771287 0.0879403 0.0771287 0.034493 0.0487805 0.121951 
0.142084 0.0589973 0.0951303 0.0263844 0.0373132 0.0746263 0.0834348 0.0263844 0.0589973 0.0834348 
0.114072 0.0570359 0.0765216 0.0570359 0.0721453 0.0919676 0.105169 0.0255072 0.0919676 0.0919676 
0.0874475 0.0342997 0.0485071 0.123669 0.145521 0.0542326 0.0766965 0.0542326 0.0542326 0.102899 
0.102963 0.0285569 0.0856706 0.191565 0.0285569 0.12771 0.0285569 0.080771 0.0403855 0.12771 
0.0843996 0.0965146 0.238718 0.0740233 0.193029 0.132417 0.0468165 0.0662085 0.142387 0.117041 
0.086508 0.086508 0.166401 0.0547124 0.0986343 0.136781 0.0611704 0.147318 0.112793 0.13949 
0.104685 0.0359066 0.0761694 0.104685 0.101559 0.0253898 0.0253898 0.0567733 0.0359066 0.0359066 
0.105036 0.058717 0.0946783 0.0371359 0.052518 0.0830383 0.0787771 0.058717 0.058717 0.0946783 
0.0372033 0.0588235 0.0948501 0.0372033 0.108465 0.0588235 0 0.0588235 0.0588235 0.0372033 
0.0251876 0.0503753 0.0755629 0.0563213 0.13564 0.112643 0.0563213 0.0503753 0.0712414 0.0796503 
0.0573162 0.130701 0.186608 0.0810574 0.232113 0.18125 0.03625 0.0924197 0.18125 0.130701 
0.0519087 0.0259543 0 0.036705 0.0734099 0.036705 0.0580357 0 0.0580357 0.116071 
0.0838517 0.0374996 0.0530325 0.0795487 0.0530325 0.0592921 0.0265162 0.0374996 0.0530325 0.0749993 
0.0573162 0.0512652 0.0256326 0.0573162 0.186608 0.0724999 0.0256326 0.0256326 0 0.0573162 
0.0676897 0.0302718 0.0957278 0.154356 0.0957278 0.0676897 0.0428108 0.0428108 0.0908153 0.109146 
1.30345 0.178571 0.228683 0.0798596 0.319438 0.12877 0 0 0.178571 0.0798596 
0.0831028 0.111494 0.0371647 0.0947518 0.0262794 0.0525588 0.0947518 0.0371647 0.0587626 0.0587626 
0.0903508 0.0285714 0 0.0638877 0.0285714 0.0404061 0.0285714 0.0404061 0.0571429 0.0808122 
0.15321 0.0796503 0.0755629 0.103851 0.238951 0.201501 0.0563213 0 0.15321 0.0712414 
0.0603847 0.0270048 0.137698 0.0270048 0.0853968 0.0603847 0.0270048 0.0540097 0.120769 0.0381906 
0.0790014 0.0249824 0.0249824 0.0790014 0.159966 0.159966 0.0558624 0.0749473 0.141322 0.167587 
0.0798978 0.0910975 0.101064 0.0798978 0.0357314 0.0252659 0.0798978 0 0.0505318 0.0798978 
0.0376288 0.0532152 0.0594964 0.0266076 0.0532152 0.0594964 0 0.0841406 0.0532152 0.118993 
0.0972074 0.0543406 0.0729056 0.0972074 0.100199 0.0876216 0.0243019 0.0243019 0.0876216 0.130869 
0.0747631 0.0591054 0.334351 0.0528655 0.142345 0.158596 0.0264327 0.0264327 0.192433 0.0373815 
0.052627 0.0789405 0.0372129 0.0832106 0.0588388 0.0832106 0.0372129 0.052627 0.0372129 0.0744259 
0.0744065 0.083189 0.212091 0.15784 0.263067 0.238217 0.0372033 0.259091 0.134138 0.184147 
0.0357914 0.0715828 0.104349 0.0357914 0.0715828 0.0715828 0.0357914 0.0357914 0.0506167 0.0565912 
0.109497 0.0547483 0.122421 0.0547483 0.0774258 0.0387129 0.0273742 0 0.0387129 0.0865647 
0.0768221 0.0724286 0.105582 0.1379 0.0923287 0.108643 0.0362143 0.0512148 0.0809776 0.11452 
0.0262342 0.0742014 0.0945886 0.0945886 0.0371007 0.0945886 0.0371007 0.0829597 0.0262342 0.0945886 
0.0741702 0.0891415 0.104893 0.0552832 0.156365 0.110566 0.0552832 0 0.0552832 0.0891415 
0.0868744 0.0549442 0 0.137361 0.0549442 0.0274721 0.0614295 0.0549442 0.0274721 0.0274721 
0.0800577 0.0253165 0.0716057 0.0253165 0.0716057 0.0912798 0.0253165 0.0566093 0.0566093 0.0566093 
0.11851 0.0232417 0.271042 0.131475 0.33277 0.239288 0.0958279 0.12516 0.164343 0.10394 
0.102638 0.0229506 0.117026 0.0229506 0.133824 0.146956 0 0.0649142 0.0973713 0.0725763 
0.0766056 0.0876018 0.123888 0.134375 0.0766056 0.106233 0.0475088 0.0475088 0.0600943 0.0475088 
0.0657374 0.0232417 0.0929667 0.0734966 0.0929667 0.0986061 0.0232417 0.0464834 0.0734966 0.05197 
0.0551947 0.0780571 0.148103 0.0551947 0.0780571 0.0740515 0.0780571 0.0493677 0.0780571 0.0551947 
0.0681499 0.0538772 0.0963785 0.0240946 0.0538772 0.0681499 0.0868744 0.0240946 0.0538772 0.0761939 
0.0874288 0.0552948 0.0618215 0.0390994 0.210556 0.161211 0 0 0.0996842 0.138237 
0.0780274 0.0986978 0.101735 0.179633 0.088965 0.0551737 0.0740233 0.0697899 0.0551737 0.104685 
0.0212766 0.0212766 0.0877256 0.0851064 0.106383 0.114578 0.0672825 0.0767139 0.0951518 0.0767139 
0.0205651 0.0459849 0.156619 0.209723 0.390195 0.148297 0.102825 0.0822603 0 0.0616952 
0.0779155 0.0367297 0.0367297 0.129859 0.0734594 0.0259718 0.0580748 0.0259718 0.0580748 0.0580748 
0.0717727 0.045393 0.113483 0.122224 0.0320977 0.0641954 0.0226965 0.0226965 0.0641954 0.0935801 
0.027711 0.0554221 0.0783787 0.0619638 0.08763 0.027711 0.0619638 0.114256 0.0783787 0.0783787 
0.0448054 0.0448054 0.050094 0.0807742 0.0708436 0.0950467 0.0708436 0.0672082 0.0316822 0.0708436 
0.0296402 0.075568 0.0592804 0.0468653 0.0662775 0.0468653 0.0468653 0.0209588 0.0864153 0.0468653 
0.479334 0.0392686 0.0785371 0.0392686 0.0878072 0.0277671 0.0555341 0.0555341 0.100116 0.0392686 
0.0344828 0.073149 0.073149 0.0344828 0.048766 0.054522 0.024383 0.0344828 0.0771058 0.121915 
0.0872936 0.0765615 0.0765615 0.0726326 0.13038 0.108274 0.0242109 0.0242109 0.121054 0.0765615 
0.136152 0.107637 0.08678 0.0240685 0.0481369 0.0538187 0.0538187 0.0722054 0.107637 0.102114 
0.102446 0.0572692 0.0768347 0.0256116 0.105599 0.0809909 0.0724405 0.0362202 0.114538 0.0512232 
0.197042 0.0789384 0.0928866 0.0489555 0.0489555 0.0218936 0.0218936 0.0489555 0.0489555 0.0979111 
0.04986 0.0788355 0.0352563 0.0788355 0.0557451 0.11149 0.02493 0.02493 0.102789 0.0557451 
0.0514175 0.0514175 0.12383 0.0829081 0.154252 0.0514175 0.0229946 0.0325193 0 0.0229946 
0.0507771 0.0227082 0.0454164 0.138129 0.0963428 0.113541 0.0227082 0.0681247 0.0642285 0.113541 
0.101001 0.0981553 0.0752817 0.0981553 0.0981553 0.0952246 0.106464 0.0532322 0.0476123 0.0752817 
0.0326686 0.0516536 0.0832888 0.0462003 0.0730492 0.0231002 0.0231002 0.0326686 0.0693005 0.0516536 
0.0710445 0.050236 0.0561656 0.0905643 0.025118 0.025118 0.0753541 0.0710445 0.0753541 0.0561656 
0.0961694 0.068002 0.0430083 0.0775343 0.068002 0.129025 0.107521 0.0608229 0.068002 0.115803 
0.0875247 0.03433 0.024275 0.108561 0.0542805 0.0767643 0.0542805 0.03433 0.10299 0.0971 
0.0529999 0.0335201 0.149906 0.106 0.0237023 0.120858 0.0749532 0.0474046 0.118511 0.172555 
0.0348764 0.0986452 0.0348764 0.123307 0.0348764 0.0348764 0.0348764 0.0779859 0.0551444 0.0493226 
0.173634 0.127658 0.142726 0.0285452 0.0902679 0.0285452 0.0807381 0.117695 0.0856357 0.0570905 
0.0519087 0.077863 0.0519087 0.0580357 0.0820748 0.0519087 0.036705 0.107012 0.036705 0.0259543 
0.131295 0.0742717 0.189357 0.111408 0.185679 0.108269 0.0371359 0 0.131295 0.058717 
0.142581 0.0837267 0.142581 0.0374437 0.135005 0.0837267 0.0954632 0.0837267 0.105907 0.0374437 
0.0633661 0.0283382 0.181453 0.0283382 0.243774 0.0400762 0.0850145 0.0283382 0.0400762 0.0283382 
1.32531 0.0810737 0.137799 0.0604287 0.0810737 0.0270246 0.0604287 0 0.0270246 0.0270246 
0.0733619 0.0733619 0.100826 0.0773302 0.024454 0.0489079 0.08817 0.12227 0.109361 0.100826 
0.062107 0.0392799 0.11784 0.11452 0 0.0392799 0.0878326 0.0277751 0.11452 0.100145 
0.188457 0.160465 0.0666297 0.0893931 0.0421403 0.0297977 0.0842806 0.0297977 0.0595954 0.0666297 
0.984271 0.113946 0.246828 0.0446934 0.270016 0.178774 0.0632061 0.0999376 0.184276 0.130303 
0.123749 0.0875041 0.138356 0.0875041 0.223093 0.141096 0.09977 0.0875041 0.0618747 0.0875041 
0.12291 0.12291 0.0485844 0.0307274 0.153637 0 0.0921823 0.0434552 0.132164 0.108638 
0.0662584 0.0844632 0.117129 0.0523819 0.104764 0.0662584 0.149999 0.0844632 0.0702777 0.0662584 
0.083189 0.0588235 0.0526134 0.083189 0.131533 0.0588235 0.0526134 0.0588235 0.131533 0.083189 
0.079603 0.0629317 0.0281439 0.079603 0.0889988 0.0629317 0.0281439 0.0398015 0.119404 0.0844317 
0.052518 0.058717 0.108269 0.20509 0.225889 0.159727 0.0371359 0.0946783 0.191169 0.0742717 
0.104364 0.0700092 0.0700092 0.0737962 0.0330027 0.0233364 0.0466728 0.0521818 0.0466728 0.0700092 
0.0744259 0.0948747 0.0588388 0.0832106 0.108493 0.052627 0.0588388 0.0588388 0.131568 0.0832106 
0.104599 0.0522994 0.046778 0.0843303 0.0661541 0.0843303 0.0330771 0.0330771 0.125954 0.104599 
0.25472 0.0569572 0.0569572 0.15494 0.0918407 0.0918407 0.025472 0.0360229 0.0918407 0.025472 
0.104374 0.0506289 0.0800512 0.0358 0.0716 0.0912725 0.0566048 0.0566048 0.0759433 0.0800512 
0.0525226 0.0525226 0.0469776 0.0742781 0.0742781 0.0234888 0.0704664 0.0525226 0.0846901 0.0846901 
0.0571429 0.0511101 0.0921401 0.0511101 0.137618 0.127775 0.0722806 0.0255551 0.155445 0.127775 
0.0930174 0.0515968 0.128992 0 0.057687 0.0729689 0.10637 0.103194 0.0815817 0.057687 
0.103996 0.0657729 0.0958797 0.0519981 0.155994 0.1489 0.0465085 0.0657729 0.1489 0.118574 
0.117574 0.117574 0.0743602 0.0969539 0.239805 0.0525806 0.0705443 0.0705443 0.0332549 0.105161 
0.148123 0.0740614 0.152681 0.152681 0.0740614 0.0523693 0.0828031 1.2062 0.199416 0.133516 
0.0357571 0.104249 0.0799552 0.0357571 0.107271 0.091163 0.0505681 0.0252841 0.136159 0.0252841 
0.0647049 0.0868108 0.0578738 0 0.176016 0.0647049 0.0647049 0.081846 0.040923 0.144685 
0.0335862 0.395262 0.0531044 0.127892 0 0.0531044 0.127892 0.071247 0 0.075101 
0.075848 0.0678405 0.101761 0.0536326 0.0959409 0.0988936 0.0536326 0.0719557 0.0339202 0.0339202 
0.0538968 0.0538968 0.136349 0.107794 0.0762216 0.086906 0.0964135 0 0.0538968 0.0482068 
0.0701047 0.0738969 0.0467365 0.0330477 0.0738969 0.0842554 0.0233683 0.0467365 0.052253 0.132191 
0.13949 0.0386875 0.112793 0.0773751 0.173016 0.086508 0.0547124 1.09493 0.191494 0 
0.07832 0.0495339 0.0495339 0.0495339 0.140103 0.102117 0.0553806 0.0553806 0.0892986 0.0553806 
0.0255384 0.0510768 0.105297 0.0255384 0.0571056 0.0571056 0.0255384 0.0255384 0.0571056 0.0361167 
0.155664 0.0610562 0.276444 0.125871 0.183169 0.110071 0.068263 0.0431733 0.155664 0.152641 
0.191278 0.12558 0.175812 0.0561612 0.103556 0.0753481 0.0753481 0.025116 0.128067 0.112322 
0.091214 0.0565685 0.169706 0.0758947 0.126491 0.113137 0.0715542 0.0565685 0.107331 0.08 
0.159398 0.0828671 0.34167 0.117192 0.117192 0.133619 0.0786146 0.0262049 0.223895 0.0524097 
0.0595808 0.0753645 0.188411 0.162077 0.0532907 0.0266454 0.0753645 0.0532907 0.0753645 0.0595808 
0.159 0.0474046 0.172555 0.118511 0.0670402 0.0529999 0.0749532 0.0670402 0.0854598 0.0237023 
0.122788 0.0681104 0.205745 0.0681104 0.0963226 0.0681104 0.0340552 0.0761497 0.122788 0.0240807 
0.134461 0.0249688 0.124844 0.0353112 0.0900263 0.0706225 0.0353112 0.055832 0.055832 0.102949 
0.0920747 0.0706181 0.130213 0.0315814 0.0920747 0.0315814 0.0669942 0.0631627 0.0706181 0.0706181 
0.109357 0.0691632 0.146717 0.0656139 0.117781 0.154654 0.0489058 0.0656139 0.111522 0.159226 
0.1387 0.0490379 0.0930428 0.0980758 0.1387 0.0490379 0.111824 0.0980758 0.0438608 0.133397 
0.0643341 0.0479518 0.0606548 0.109347 0.137313 0.0479518 0.107224 0.0643341 0.0857789 0.172893 
0.0911921 0.0221173 0.227712 0.0312786 0.0221173 0.0442347 0.0884694 0.0494559 0.0442347 0.110587 
0.137361 0.0225819 0.162841 0.0814203 0.131674 0.0225819 0.115146 0.0504947 0.0638714 0.0504947 
0.0796424 0.0398212 0.171277 0.0890429 0.112631 0.0563157 0.0629629 0.0398212 0.0844735 0.159285 
0.0513192 0.102638 0.0946279 0.0229506 0.153958 0.0725763 0.0513192 0.0513192 0.0324571 0.0649142 
0.0545018 0.0545018 0.0770772 0.0878815 0.12187 0.0545018 0.0878815 0.0545018 0.0689399 0.100496 
0.0871857 0.0290619 0.0847293 0.0459509 0.0410997 0.104784 0.0459509 0.0821995 0.0459509 0.0649844 
0.0672673 0.0752071 0.0336336 0.0672673 0.100901 0.0531795 0.0237826 0.0672673 0.0672673 0.0752071 
0.04855 0.0542805 0 0.0971 0.121375 0.04855 0.0542805 0.04855 0 0.13732 
0.0702512 0.111077 0.144826 0.0248375 0.149025 0.089553 0.0496751 0 0.111077 0.0496751 
0.0463583 0.0955701 0.0518302 0.0463583 0.0518302 0.0655606 0.0835736 0.0463583 0.118191 0.0695375 
0.0463988 0.0231994 0.0695983 0.0695983 0.0836467 0.0463988 0.0328089 0.0463988 0.0836467 0.0836467 
0.0645329 0.02886 0.0456317 0.02886 0.0735788 0.0735788 0.0408142 0 0.0645329 0.0735788 
0.0857493 0.100901 0.0951303 0 0.106359 0.106359 0.0531795 0.0531795 0.0531795 0.0752071 
0.145354 0.12464 0.0557408 0.0747841 0.134242 0.134242 0.0898793 0.0747841 0.0997122 0.0557408 
0.0651074 0.0514719 0.082996 0.0460379 0.162768 0.0727923 0.0460379 0.0325537 0.0976611 0.145585 
0.0901873 0.0766445 0.142599 0.106287 0.195983 0.12025 0.0766445 0.0766445 0.106287 0.136114 
0.0525226 0.0939552 0.0704664 0.136962 0.262613 0.11977 0.0846901 0.0968468 0.0939552 0.0846901 
0.0507902 0.0908563 0.0718282 0.0818968 0.0227141 0.0227141 0.0718282 0.0642451 0.0454282 0 
0.0365118 0.129089 0.139033 0.0774532 0.129089 0.0774532 0.182559 0.0774532 0.0930872 0.0774532 
0.0542805 0.024275 0.06866 0.0875247 0.108561 0.03433 0.024275 0.03433 0.100088 0.0875247 
0.404295 0.849509 0.228973 0.166602 0.422935 0.175614 0.200231 0.0785371 0.800925 0.124178 
0.151588 0.0334801 0.0669603 0.0748639 0.023674 0.0473481 0.023674 0.120714 0.120714 0.0473481 
0.0361167 0 0.0571056 0.0510768 0.0766152 0.0510768 0.0255384 0.15323 0.0361167 0.0255384 
0.142991 0.0631627 0.0920747 0.080517 0.192102 0.180041 0.0669942 0.142991 0.0315814 0.0706181 
0.0514005 0.0828808 0.065017 0.0726912 0.0325085 0.022987 0 0.022987 0.0514005 0.0726912 
0.0598899 0.110432 0.0846971 0.0598899 0.0965696 0 0.0378777 0.0267836 0.0803507 0.0598899 
0.0502455 0.0224705 0.044941 0.0502455 0.0317781 0.0224705 0.044941 0.0502455 0.0317781 0.0502455 
0.0311948 0.0661742 0.0795315 0.0795315 0.12862 0.0697538 0.0441162 0.0311948 0.112475 0.0697538 
0.207296 0.0655528 0.0181811 0.0406541 0.0574936 0.0574936 0.0363621 0.0655528 0.0181811 0.0655528 
0.0507869 0.101574 0.132436 0.0818915 0.138155 0.115812 0.0818915 0.0936465 0.0507869 0.136276 
0.116271 0.0232542 0.164432 0.0838444 0.155994 0.147073 0.0232542 0.103996 0.147073 0.125228 
0.0444006 0.031396 0.0666009 0.129449 0.161621 0.0702035 0.0800443 0.0666009 0.0666009 0.15698 
0.0868241 0.0340552 0.053846 0.140413 0.129678 0.0481613 0.0481613 0 0.107692 0.0761497 
0.0810032 0.0449325 0.162006 0.100472 0.143854 0.089865 0.0317721 0.120984 0.171098 0.207128 
0.0486073 0.030742 0.0896274 0.0896274 0.0869514 0.0896274 0.0486073 0.0783769 0.15371 0.165551 
1.315 0.0784465 0.0435143 0.0486504 0.205256 0.175412 0.0615385 0.0897069 0.130543 0.0973008 
0.126461 0.101169 0.11311 0.0357685 0 0.0799808 0.0911921 0.0252922 0.056555 0 
0.0501886 0.0925431 0.067335 0.114448 0.15871 0.130876 0.0809266 0.0809266 0.067335 0.12087 
0.0896165 0.0316842 0.0500972 0.0224041 0.0807792 0.0500972 0.0448083 0.0448083 0.0708481 0.0633684 
0.0480847 0.0480847 0.0215041 0.0961694 0.0304114 0.0215041 0.0912343 0.068002 0.0480847 0.0608229 
0.0885949 0.0549442 0.0982872 0.0885949 0.226541 0.0982872 0.0777029 0.0777029 0.0885949 0.109888 
0.0244668 0.0489336 0.109419 0.0734003 0.142665 0.0346012 0.0547094 0.0489336 0.0773707 0.0346012 
0.12657 0.12657 0 0.0705102 0.0705102 0.0847427 0.0525552 0.0525552 0.0235034 0.117517 
0.0313786 0.0496139 0.11094 0.066564 0.0313786 0.0701646 0.0992278 0.0496139 0.0496139 0.0627572 
0.0491993 0.0245997 0.0347892 0.0695784 0.0695784 0.0886954 0.0550065 0.0245997 0 0.0886954 
0.0422719 0.0668377 0.0597815 0.0298907 0.0422719 0.0668377 0.0298907 0.160966 0.0298907 0.0597815 
0.057687 0.0364844 0.115374 0.0257984 0.145938 0.0515968 0.0815817 0.0257984 0.0773952 0.0515968 
0.0544371 0.0769857 0.024345 0.0486901 0.0769857 0.024345 0.0486901 0.0344291 0.0544371 0 
0.0758522 0.0758522 0.0252841 0.0505681 0.12642 0.0252841 0.0565369 0.0252841 0 0.0565369 
0.128996 0.104307 0.104307 0.161988 0.169706 0.0758947 0.104307 0.08 0.0505964 0.153883 
0.0960116 0.0376588 0.0798865 0 0.133144 0.0376588 0.0595439 0.0266288 0.0842077 0.0266288 
0.0465116 0.0465116 0.0520016 0.0232558 0.0697674 0.0697674 0.0657774 0.0328887 0.0465116 0.0520016 
0.0453493 0.0717035 0.0680239 0.050702 0.0934899 0.0226746 0.101404 0.0717035 0.0226746 0.0680239 
0.0532058 0.0532058 0.0532058 0.0713831 0.0475887 0.0532058 0.0713831 0.0336503 0.0673006 0.0752444 
0.101888 0.105024 0.0764161 0.0720458 0.12736 0.050944 0.0805496 0.025472 0.0918407 0.0805496 
0.0864352 0 0.038655 0.0611189 0.0985513 0.0273332 0.0864352 0.109333 0.0611189 0.07731 
0.145028 0.0703489 0.12436 0.0556157 0.18942 0.0497442 0.105523 0.0786524 0.0556157 0.0556157 
0.0547124 0.0611704 0.0820687 0.0386875 0.175165 0.147318 0.0547124 0.0611704 0.086508 0.086508 
0.0519305 0.0367204 0.103861 0.0259653 0.129826 0.0821094 0.103861 0.0580601 0.0821094 0.0580601 
0.230089 0.0808452 0.0723101 0.0808452 0.130359 0.051131 0.0921777 0.0808452 0.0808452 0.102262 
0.155853 0.105643 0.130647 0.108705 0.114585 0.105643 0.105643 0.0768662 0.186532 0.0768662 
0.131339 0.0728538 0.103031 0.0515154 0.0928708 0.0728538 0.106202 0.0928708 0.0772731 0.103031 
0.0772731 0.0728538 0.0364269 0.0364269 0.057596 0.0515154 0.103031 0.0515154 0.0257577 0.0257577 
0.0551737 0.0780274 0.0551737 0 0.0780274 0.0246744 0.0493489 0.0348949 0.088965 0.0348949 
0.0523819 0.0468518 0.0331292 0.0662584 0.0965874 0.0331292 0.119449 0.0523819 0.0234259 0.0740792 
0.113127 0.0266643 0.0596232 0.0533286 0.188545 0.0596232 0.075418 0.037709 0.0843199 0.0533286 
0.0550398 0.0550398 0.143526 0.0246146 0.155676 0.0492291 0.0887491 0.0550398 0.0738437 0.0246146 
0.0403403 0.102848 0.102848 0.0902036 0.1141 0.0285249 0.0637836 0.0806806 0.1141 0.102848 
0.205128 0.09245 0.081084 0.081084 0.081084 0.11467 0.0362619 0.09245 0.172005 0.081084 
0.206657 0.162115 0.0768978 0.0256326 0.10253 0.105686 0.0724999 0.0573162 0.0256326 0.0810574 
0.0943616 0.140936 0.241287 0.159193 0.190529 0.148047 0.0370117 0.0370117 0.104685 0.0523424 
0.0910176 0.0504875 0.0252438 0.0252438 0.135942 0.0252438 0.0357001 0.0252438 0.0504875 0.0564467 
0.217581 0.0603462 0.170685 0.0809629 0.172805 0.111273 0.0603462 0.0603462 0.120692 0.111273 
0.0854904 0.0604508 0.173105 0.0540689 0.097474 0.0382325 0.0854904 0.0270344 0.0382325 0.0270344 
0.103005 0.0903416 0.127762 0.0857055 0.080804 0.0857055 0.0903416 0.0903416 0.0638811 0.0903416 
0.199165 0.125963 0.140831 0.0563324 0.112665 0.116132 0.0398331 0.0563324 0.0890694 0.0563324 
0.0532011 0.0532011 0.0376188 0.0594806 0.0376188 0.0266005 0.0376188 0.0798016 0.0532011 0.0959096 
1.40366 0.024383 0.100534 0.073149 0.0344828 0.0879141 0.0771058 0.048766 0.054522 0.131306 
0.068002 0 0.0430083 0.068002 0.0304114 0 0.0304114 0.068002 0.0608229 0.068002 
0.101474 0.0398015 0.0844317 0.11604 0.171193 0.0281439 0.0398015 0.214338 0.0629317 0.0629317 
0.0686702 0.0875376 0.108577 0.0542885 0.123797 0.121393 0.0971143 0.0728357 0.108577 0.0242786 
0.0750983 0.109474 0.159308 0.0265513 0.135385 0.106205 0.118741 0.0750983 0.135385 0.159308 
0.0694629 0.0982353 0.0491177 0.118291 0.0905685 0.0439322 0.0694629 0.0931942 0.0931942 0.0791999 
0.0740741 0.0780809 0.0698377 0.0698377 0.174594 0.125902 0 0.101805 0.125902 0.0246914 
0.0517053 0.0924933 0.0953399 0.0731224 0.148061 0.117906 0.0231233 0.06937 0 0.0924933 
0.0848306 0.0665466 0.0235278 0.0526097 0.105219 0.0526097 0.0470556 0.0744014 0.137189 0.105219 
0.146137 0.0462127 0.163386 0.138638 0.134732 0.166622 0.0326773 0.956614 0.166622 0.0924253 
0.0522664 0.104533 0.0739158 0.456396 0.266507 0.104533 0.0261332 0.152381 0.0584356 0.0826404 
0.131568 0.131568 0.0588388 0.0744259 0.117678 0.0588388 0.108493 0.0832106 0.0744259 0.0588388 
0.0515026 0.0515026 0.0772539 0.115163 0.0814328 0.115163 0.0575817 0.0575817 0.185695 0.106175 
0.107576 0.0260909 0.152135 0.107576 0.315258 0.0825067 0.0260909 0 0.165013 0.130455 
0.0633972 0.0298857 0.126794 0.0761939 0.191362 0.126794 0.0633972 0.0472535 0.215509 0.0896572 
0.0569543 0.0604091 0.0402728 0.120818 0.117414 0.0900526 0.0726028 0.0900526 0.0569543 0.113909 
0.0901212 0.0637253 0.0637253 0.0284988 0.127451 0.0569976 0.0901212 0.0901212 0.0901212 0.0403034 
0.132164 0.106869 0.534343 0.173873 0.421938 0.129597 0.146622 0.0733112 0.109967 0.0579576 
0.0963576 0.0868555 0.0538655 0.0681351 0.170338 0.0538655 0.140464 0.0538655 0 0.0681351 
0.0718679 0.0535672 0.101637 0.107134 0.023956 0.145718 0.0338788 0.0479119 0.139686 0.145718 
0.0439454 0.0792238 0.0310741 0.0439454 0.0932223 0.0792238 0.0694838 0.0621482 0.0659181 0.0905958 
0.0944353 0.0647821 0.137424 0.0512148 0.123341 0.0724286 0.0916157 0.123341 0.0229039 0.0687118 
0.0515916 0.0515916 0.117647 0.0652588 0.0230725 0.115362 0.0951303 0.154775 0.0230725 0.0652588 
0.862376 0.0677285 0.0987305 0.0757228 0.139626 0.0957826 0.0957826 0.139626 0.0535441 0.119728 
0.0558973 0.106058 0.024998 0 0.160066 0.12499 0.0790508 0 0.134619 0.0790508 
0.0641335 0.101404 0.050702 0.101404 0.101404 0.050702 0.0717035 0.0320668 0.101404 0.0641335 
0.0518128 0.0655385 0.140946 0.0695141 0.0983078 0.0926855 0.0518128 0.103626 0.0231714 0.0327693 
0.0873038 0.110432 0.148673 0.0617331 0.200988 0.0828236 0.0276079 0.0617331 0.138039 0.140773 
0.0565912 0.0715828 0.0565912 0.075925 0.080032 0.080032 0.0912505 0.075925 0.0715828 0.0565912 
0.0871627 0.140546 0.0551266 0.0871627 0.113646 0.0616334 0.0616334 0.113646 0.0616334 0.0993808 
0.110058 0.122098 0.177987 0.172673 0.281423 0.16438 0.0915737 0.125856 0.244197 0.0431683 
0.0353526 0.106058 0.0499961 0.134619 0.12499 0.158102 0.024998 0.0499961 0.0999922 0.223589 
0.0810145 0.0270048 0.0540097 0.0540097 0.145426 0.0853968 0.0270048 0 0.135024 0.135024 
0.0530325 0.0956057 0.0374996 0.0374996 0.112499 0.0956057 0 0.0592921 0.0956057 0.0374996 
0.0890192 0.0890192 0.049379 0.0349162 0.110415 0.132957 0.0246895 0.049379 0.123447 0.0552073 
0.108563 0.0922607 0.114435 0.0572176 0.0572176 0.0361876 0.102354 0.127943 0.080918 0.080918 
0.0584356 0.0584356 0.0369579 0.0584356 0.0369579 0.0522664 0.0261332 0.0369579 0.0584356 0.0261332 
0.0992871 0.107692 0.161538 0.154191 0.168565 0.120403 0.0868241 0 0.168565 0.102166 
0.0844317 0.112576 0.0629317 0.0281439 0.14072 0.0629317 0 0.0844317 0.101474 0.0844317 
0.0599922 0.0758848 0.0379424 0.0599922 0.134147 0.0536587 0.0268293 0.0268293 0.0848418 0.0379424 
0.079465 0.0374601 0.132442 0.0837634 0.0264883 0.135064 0.0592297 0.0529766 0.135064 0.095505 
0.0885949 0.0777029 0.104249 0.0549442 0.0549442 0.0777029 0.0885949 0.0347498 0.0491436 0.0245718 
0.0418395 0.10667 0.10667 0.10667 0.121982 0.029585 0.0935561 0.0661541 0.029585 0.0661541 
0.185252 0.123502 0.140813 0.0828473 0.176827 0.0276158 0.0781092 0.0276158 0.0828473 0 
0.146012 0.108455 0.171483 0.111793 0.206493 0.0857414 0.135569 0.0857414 0.146012 0.108455 
0.0731218 0.148261 0.0545018 0.0243739 0.0974957 0.154154 0.124283 0.131258 0.0878815 0.0487479 
0.0540097 0.0853968 0.0381906 0.0540097 0.0810145 0.0381906 0.0270048 0 0.0603847 0 
0.0523209 0.096475 0.0467972 0.0467972 0.0467972 0.0233986 0.0330906 1.14079 0.0843649 0.0467972 
0.0790569 0.0559017 0.111803 0.0559017 0.152069 0.158114 0.0790569 0.0559017 0.0901388 0.075 
0.0339202 0 0.0536326 0.0339202 0.0339202 0.0239852 0.08648 0.0479705 0.0239852 0.0239852 
0 0.0508164 0.0508164 0.0681774 0.132513 0.0909032 0.0937009 0.0508164 0.0508164 0.0718653 
0.0587981 0.0587981 0.0525906 0 0.108418 0.0788859 0.0743744 0.0831531 0.0587981 0.0525906 
0 0.0644565 0.107428 0.0214855 0.088587 0.0480431 0.0607702 0.0303851 0.088587 0.107428 
0.199326 0.126065 0.0552832 0.0494468 0.13314 0.0247234 0.0891415 0.0552832 0.0494468 0.126065 
0.14494 0.0256221 0.155853 0.0810241 0.171878 0.0512442 0.0256221 0.0256221 0.0572927 0.0362351 
0.0743009 0.0700516 0.166142 0.175129 0.0553806 0.0892986 0.024767 0.0350258 0.102117 0.024767 
0.0718097 0.0321143 0.113541 0.0718097 0.0818757 0.0227082 0.0507771 0.101554 0 0.0718097 
0.0771389 0.0727273 0.025713 0.0813116 0.156406 0.109091 0.0363636 0.025713 0.156406 0.057496 
0.154279 0.0717381 0.0567139 0.0914484 0.147892 0.113428 0.0507265 0.0253632 0.147892 0.129328 
0.0533571 0.0533571 0.101238 0.225114 0.290294 0.213428 0.0533571 0.095448 0.150917 0.0860357 
0 0.0615385 0 0.117166 0.145951 0 0.0615385 0.0217571 0.117166 0.108786 
0.0325085 0.0325085 0.0828808 0.0947778 0.117211 0.068961 0.0828808 0.065017 0.045974 0.0514005 
0.0707771 0.0633049 0 0.130506 0.141554 0.0500469 0.092282 0.0447633 0.0707771 0.0500469 
0.0801412 0.0358402 0.107521 0.0358402 0.160282 0.0801412 0.104491 0.0801412 0.0566684 0.0506857 
0.0558973 0.0707052 0.024998 0.024998 0.0749941 0.0499961 0.0558973 0.0558973 0 0.0499961 
0.0259653 0.103861 0.0367204 0.0367204 0.0821094 0.0821094 0.0580601 0.0367204 0.0821094 0.0821094 
0.0259653 0.0519305 0.0580601 0 0.0936191 0.0580601 0.0580601 0.0259653 0.0580601 0.110161 
0.0623897 0.0661742 0.0986467 0.0220581 0.0493234 0.0311948 0.132348 0.0220581 0.0795315 0.12862 
0.042971 0.0679432 0 0.088587 0.042971 0 0.0774671 0.042971 0.0480431 0.0214855 
0.10511 0.0743243 0.0705102 0.0470068 0.0525552 0.0332388 0.0525552 0.0235034 0.0332388 0.0940136 
0 0.0705687 0.105198 0.0470458 0.126675 0.0525988 0.105198 0.0470458 0.0525988 0.0525988 
0.034401 0.0769231 0.0769231 0.0486504 0.103203 0.100295 0.0543928 0.034401 0.121626 0.0688021 
0.0718282 0.0507902 0.0454282 0.0227141 0.0321226 0.0642451 0.0818968 0.0507902 0.10158 0.0936525 
0.0556889 0.0249048 0.0352208 0.0556889 0.0556889 0.0747145 0.0556889 0.0498097 0.0498097 0.0352208 
0.0832888 0.0326686 0.0980057 0.0832888 0.0924007 0.134696 0.0653372 0.0231002 0.0653372 0.134696 
0.0740792 0.0965874 0.136595 0.0523819 0 0.0740792 0.0937035 0.0662584 0.0993876 0.0523819 
0.0940136 0.096907 0.0705102 0.0664777 0.0940136 0.0235034 0.137047 0.0940136 0.0940136 0.0525552 
0.188144 0.0538655 0.0963576 0.120447 0.102203 0.129725 0.0963576 0.0340675 0.122832 0.0963576 
0.0464332 0.0696498 0.0837087 0.0232166 0.0232166 0.118382 0.116083 0.0232166 0.0837087 0.0656665 
0.209076 0.0519454 0.0519454 0.0232307 0.0837595 0.0519454 0.125101 0.0328532 0.0519454 0.0929228 
0.0229824 0.0513903 0.16251 0.0513903 0.134009 0.0650041 0.0726768 0.0229824 0.102781 0.0689473 
0.147312 0.0960356 0.073656 0.0698762 0.0520826 0.0520826 0.118767 0.118767 0.0658799 0.073656 
0.0469815 0.0757554 0.0297137 0.0664419 0.0664419 0.0469815 0.105054 0.0757554 0.0840431 0.0469815 
0.151789 0.08 0.104307 0.0252982 0.16 0.08 0.0505964 0.0252982 0.143108 0.0505964 
0.0762701 0.0269655 0.038135 0.120594 0.307454 0.0852725 0.0539311 0 0.0269655 0.038135 
0.0739333 0.069705 0.157801 0.0551067 0.0888568 0.0551067 0.0348525 0.0246444 0.110213 0.110213 
0.0767756 0 0.123797 0.0875376 0.141567 0.103005 0.0343351 0.0485571 0.0728357 0.100103 
0.098773 0.0677577 0.11978 0.0863744 0.0479119 0.0863744 0.023956 0.0863744 0.0863744 0.101637 
0.0499938 0.0707018 0.0447158 0.0447158 0.174621 0.178863 0.0707018 0.0316188 0.202459 0.126475 
0.0233348 0.0330004 0.0962119 0.0933393 0.147582 0.116674 0.0737912 0.0841349 0.125662 0.116674 
0.618584 0 0.117826 0.0658665 0.162678 0.0750994 0.0465746 0.0833153 0.0931493 0.0589128 
0.125638 0.0800789 0.0942286 0.111049 0.062819 0.119604 0.0942286 0.129505 0.0800789 0.0993256 
0.124216 0.0785614 0.126676 0.0785614 0.0785614 0.0702674 0.126676 0.0895737 0.0785614 0.0785614 
0.116993 0.096475 0.0467972 0.136436 0.0739929 0.0233986 0.0843649 0.0523209 0.0843649 0.0701958 
0.0930174 0.0930174 0.10637 0 0.131547 0.0773952 0.10637 0.0364844 0.182422 0.0815817 
0.0336694 0.0476157 0.0238078 0.0238078 0.0238078 0.0476157 0.101008 0.0532359 0.075287 0.0858404 
0.202795 0.0936191 0.129826 0.0367204 0.0580601 0.0936191 0.132397 0.132397 0.0367204 0.0367204 
0.078075 0.101797 0.0246895 0.0246895 0.132957 0.0552073 0.110415 0.0987579 0.110415 0.0890192 
0.075287 0.0858404 0.0714235 0.0238078 0.075287 0.0981622 0.0532359 0.340876 0.106472 0.0673387 
0.157917 0.111664 0.134461 0.0900263 0.124844 0.167496 0.0900263 0.0998752 0.151879 0.0900263 
0.0357771 0.0357771 0.128996 0.091214 0.0565685 0.091214 0.0357771 0.101193 0.0715542 0.104307 
0.109221 0.0610562 0.0546104 0.0386154 0.0984502 0.0273052 0.0386154 0.0273052 0.0984502 0.0819156 
0.131024 0.0370593 0.0828671 0.111178 0.108045 0.117192 0.117192 0.0262049 0.0370593 0.0262049 
0.0504754 0.0798087 0.0798087 0.107075 0.100951 0.0504754 0.0798087 0.0564333 0.0713831 0.0564333 
0.089797 0.120893 0.0224492 0.0709908 0.031748 0.0809419 0.031748 0.0925606 0.0448985 0.031748 
0.092518 0.0231295 0.161907 0.148101 0.134867 0.146284 0.0231295 0 0.0981302 0.117938 
0.0865647 0.0986989 0.0986989 0.0986989 0.0387129 0.0821225 0.0986989 0.0774258 0.122421 0.0547483 
0.0960712 0.135865 0.08426 0.0376822 0.119162 0.08426 0.0595808 0.0595808 0.113047 0.0595808 
0.105992 0.0999298 0.0249824 0.0249824 0.0558624 0.0499649 0.134535 0.145671 0.105992 0.070661 
0.107637 0.107637 0.0680759 0.0240685 0.0240685 0.0340379 0.120342 0.0481369 0.08678 0.0481369 
0.0529999 0.097727 0.0474046 0 0.127641 0.0237023 0.0854598 0.0335201 0.0749532 0.0749532 
0.149931 0.162623 0.0771389 0.0363636 0.145455 0.0771389 0.164643 0.0727273 0.0927094 0.149931 
0.0622996 0.0557224 0.0557224 0.197008 0.142065 0.0835836 0.0557224 0.0557224 0.0557224 0.0278612 
0.0406474 0.0812948 0.0574841 0.028742 0.0406474 0.146556 0.0406474 0.0642692 0.0406474 0.0574841 
0.0496253 0.0350904 0.0496253 0.0784646 0.0496253 0.0350904 0.0350904 0 0.0496253 0.0701808 
0.0565572 0.119976 0.079984 0.0565572 0.19996 0.159968 0.0894248 0.164891 0.17885 0.144193 
0.0843199 0.113127 0.135962 0.0843199 0.113127 0.119246 0.0961395 0.0843199 0.119246 0.0961395 
0.0353305 0.0790014 0.124912 0.0249824 0.0353305 0.103005 0.149895 0.0749473 0.0558624 0.0558624 
0.157512 0.078756 0.134117 0.078756 0.134117 0.205371 0.111378 0.078756 0.200789 0.105662 
0.101182 0.0884814 0.0347053 0.104116 0.0884814 0.0347053 0.0548739 0 0.0884814 0.0548739 
0.11467 0.105721 0.0573351 0.0512821 0.0573351 0.0725238 0.0769231 0.09245 0.149512 0.081084 
0.100564 0.034493 0.0771287 0.109076 0.034493 0.0771287 0.034493 0.068986 0.131345 0.0771287 
0.0744014 0.119969 0.0744014 0.0744014 0.117639 0.0526097 0.0235278 0.0470556 0.117639 0.0848306 
0.111586 0.134367 0.0352865 0.0557928 0.0557928 0.0249513 0.0499026 0.0557928 0.127227 0.102877 
0.13381 0.026762 0.160572 0.0598416 0.13381 0.0598416 0.0378472 0.0598416 0.0598416 0.119683 
0.125179 0.0650772 0.145517 0.288109 0.206819 0.102896 0.165915 0.13805 0.0848503 0.119996 
0.104349 0.0565912 0.080032 0.0565912 0.075925 0.0506167 0.080032 0.0506167 0.0912505 0.0357914 
0.0671109 0.0530558 0.0978301 0.0855499 0.0237273 0.0474546 0.0750322 0.0237273 0.0530558 0.0978301 
0.123382 0.101743 0.246763 0.110356 0.0348976 0.0889717 0 0.0246763 0.0551779 0.0697952 
0.0520016 0.0232558 0.0520016 0.0735413 0.0232558 0 0.0657774 0.0520016 0.0657774 0.08385 
0.101743 0.0551779 0.0493526 0.074029 0.0493526 0.0246763 0.0987053 0.0697952 0.101743 0.0348976 
0.0555502 0.0785598 0.100145 0.0277751 0.0277751 0.0277751 0.100145 0.0833253 0.062107 0.0392799 
0.175614 0.100116 0.175614 0.0878072 0.138835 0.186267 0.0555341 0.0620891 0.117806 0.175614 
0.0890192 0.101797 0.0890192 0.246895 0.15018 0.0890192 0.123447 0.995265 0.0698324 0.139665 
0.0810811 0.085467 0.038222 0.0810811 0.085467 0.120869 0.027027 0.0604343 0.038222 0.120869 
0.131336 0.0487769 0.0879337 0.0879337 0.0879337 0.0344904 0.0879337 0.0487769 0.0545342 0.0879337 
0.157662 0.0579576 0 0.0733112 0.0733112 0.0819645 0.0259194 0.0579576 0.115915 0.0819645 
0.0980581 0.0857493 0.121268 0.0752071 0.100901 0.0857493 0.0475652 0.0237826 0.0672673 0.106359 
0.021048 0.0758895 0.107324 0.0420959 0.0665595 0.0595326 0.0420959 0.0470647 0.086783 0.12803 
0.0517347 0.0731639 0.1393 0.0578412 0.0817998 0.0578412 0.0517347 0.0776021 0.129337 0.0731639 
0.0615225 0.110055 0.099202 0.0778204 0.113442 0.0615225 0.0870059 0.0275137 0.137568 0.0870059 
0 0.0243019 0.0486037 0.121509 0.0768492 0.0876216 0.0543406 0.0486037 0.068736 0.068736 
0.0219767 0.0439534 0.0491414 0.0906122 0.0310797 0.0310797 0.0310797 0.0219767 0.0659301 0.124319 
0.0697674 0.125236 0.116279 0.0520016 0.164443 0.0328887 0.104003 0.0232558 0.104003 0.0232558 
0.0505964 0.0357771 0.0758947 0.0715542 0.101193 0.104307 0.0252982 0.0252982 0.08 0.126491 
0.104693 0.0551779 0.125825 0.148058 0.247994 0.187929 0.0889717 0.0697952 0.123382 0.1501 
0.0912725 0.0566048 0 0.0566048 0.0253144 0.0253144 0.11321 0.0358 0.0358 0.0358 
0.091163 0.0505681 0.091163 0.184071 0.113074 0.14743 0.0252841 0.0357571 0.107271 0.136159 
0.0682082 0.0643073 0.122438 0.0227361 0.152518 0 0.0508394 0 0.0321537 0.0454722 
0.0517191 0.0517191 0.0327101 0.0953654 0.0654201 0.0833946 0.0517191 0.0327101 0.0654201 0.0981302 
0.116682 0.116682 0.167063 0.058341 0.116682 0.0737962 0.0825067 0.0782727 0.107576 0.0368981 
0.106949 0.025939 0.0820265 0.0366834 0.0733667 0.0580015 0.0366834 0.025939 0.0935246 0.025939 
0.0538187 0.102114 0.0481369 0.107637 0.08678 0.0538187 0.0992368 0.0481369 0.08678 0.08678 
0.0499719 0.0921436 0.0921436 0.170198 0.0999438 0.113953 0.135938 0.162697 0.0999438 0.141342 
0.0810032 0.0810032 0.0710445 0.0673987 0.0710445 0.0810032 0.0449325 0.0224662 0.050236 0.100472 
0.0333333 0.0849837 0.0849837 0.0527046 0.0745356 0.0471405 0.12693 0.0707107 0.120185 0.105409 
0.0519087 0.0580357 0.107012 0 0.036705 0.036705 0.0519087 0 0.0820748 0.077863 
0.0525906 0.0371872 0.153327 0.0831531 0.212 0.0743744 0.108418 0.0371872 0.105181 0.0371872 
0.024275 0.03433 0.03433 0.072825 0 0.0767643 0.06866 0.024275 0.0971 0.123779 
0.0332664 0.117615 0.0743859 0 0.0525988 0.084813 0.084813 0.0997992 0.084813 0.084813 
0.0349082 0.0551947 0.0551947 0.0780571 0.0246838 0.0780571 0.0551947 0.0551947 0.0740515 0.0740515 
0.112977 0.109793 0.112977 0.119088 0.133144 0.106515 0.109793 0.178632 0.0960116 0.0266288 
0.134508 0.0230679 0.0692036 0.0831724 0.0922715 0.0951113 0.0230679 0.0326229 0.0652458 0.0951113 
0.102699 0.0229642 0.0649527 0.0324764 0.0459285 0.0827988 0.0459285 0.0513496 0.0688927 0.0229642 
0 0.027387 0.0774621 0.038731 0.109548 0.054774 0.0774621 0.027387 0.0987452 0.038731 
0.0798228 0.0376288 0.135673 0.0376288 0.0798228 0.0376288 0.0959351 0.0266076 0.0798228 0.0266076 
0.080918 0.0361876 0.0922607 0.0361876 0.080918 0.0723752 0.105504 0.130476 0.0572176 0.0572176 
0.313474 0.0240424 0.175031 0.0537603 0.102003 0.0760286 0.0537603 0.0760286 0.0991292 0.034001 
0.0940136 0.0743243 0.0743243 0.0332388 0.0664777 0.0332388 0.0997165 0.096907 0.0743243 0.0525552 
0.0248759 0.0248759 0.0556243 0.0497519 0.0248759 0.12438 0.0248759 0.0248759 0.111249 0.102566 
0.267379 0.0684687 0.171172 0.205406 0.294495 0.199619 0.108258 0.547749 0.260721 0.276006 
0.034401 0.034401 0.034401 0.0243252 0.0243252 0.0543928 0.0543928 0.034401 0.0688021 0.0877058 
0.0828808 0.0726912 0.114935 0.0726912 0.0514005 0.0325085 0.0975255 0.123789 0.0325085 0.0975255 
0.0968468 0.0742781 0.0968468 0.0525226 0.0846901 0.0332182 0.0332182 0.0525226 0.0704664 0.0234888 
0.0967735 0.046942 0.0995791 0.033193 0.117355 0.0846259 0.0846259 0.033193 0.093884 0.0524828 
0.0742218 0.023471 0.0967735 0.023471 0.117355 0.104966 0.033193 0.0742218 0.104966 0.070413 
0.0721219 0.0645077 0.0721219 0.0822316 0.0322539 0.0322539 0.0322539 0.0456139 0.0322539 0.0509978 
0.129725 0.0868555 0.161597 0.0761774 0.120447 0.154247 0.0868555 0.107731 0.120447 0.0993231 
0.110389 0.0349082 0.0349082 0.0349082 0.123419 0.0493677 0.0698164 0.0551947 0.0493677 0.0246838 
0.208549 0.150831 0.263796 0.0817998 0.221011 0.208549 0.31469 0.131898 0.259964 0.129337 
0.0333333 0.0471405 0.1 0.0333333 0.0527046 0.0745356 0.0333333 0.0333333 0.0471405 0.0527046 
0.0786146 0.0370593 0.159398 0.0370593 0.104819 0.0370593 0.0585959 0.0524097 0.0786146 0.0262049 
0.0857099 0.109259 0.042855 0.042855 0.151515 0.124943 0.109259 0.0677596 0.128565 0.0677596 
0.129998 0.0919227 0.129998 0.114016 0.240517 0.203958 0.0509896 0.0721101 0.171024 0.0570081 
0.0949734 0.0790227 0.212367 0.149007 0.217212 0.14185 0.0949734 0.0526818 0.166594 0.0589 
0.135578 0.172089 0.127824 0.0319561 0.204619 0.0639121 0.162945 0.162945 0.0639121 0.0319561 
0.106654 0.103469 0.106654 0.0578412 0.157345 0.109746 0.0817998 0.103469 0.0517347 0.0776021 
0.132801 0.107384 0.116474 0.107384 0.132801 0.0823596 0.0368324 0 0.0939044 0.0582371 
0.0512821 0.09245 0.0769231 0.0512821 0.130744 0.09245 0.0573351 0.025641 0.102564 0 
0.107544 0 0.175069 0.122619 0.107544 0.14022 0.0340084 0.0867047 0.198301 0.102025 
0.0612105 0.116139 0.0612105 0.0273742 0.244842 0.0774258 0 0.0821225 0.139581 0.0821225 
0.165361 0.0818968 0.181713 0.0507902 0.12849 0.143656 0.0454282 0.138164 0.250885 0.0642451 
1.18162 1.32294 0.0510144 0.0255072 0.0570359 0.0255072 0.956095 1.15235 0.0510144 0.0510144 
0.079391 0.0887619 0.028069 0.028069 0.112276 0.0887619 0.079391 0.0887619 0.0627641 0.0396955 
0.0936428 0.129859 0.0367297 0 0.103887 0.0519437 0.0580748 0.0580748 0.11615 0.103887 
0.0804595 0.0703598 0.0390286 0.0703598 0.113787 0.105088 0.113787 0.105088 0.0617096 0.0275974 
0.103005 0.0830455 0.0460653 0.0515026 0.0515026 0.0921307 0.0728357 0.0515026 0.0515026 0.0949661 
0.140845 0.079674 0.125976 0.0629878 0.084507 0.0629878 0.084507 0.028169 0.101565 0.101565 
0.0666297 0 0.181252 0.274721 0.164563 0.122859 0.0759695 0.0842806 0.0868744 0.151939 
0.0429487 0.0429487 0.109498 0.0607387 0.0885411 0.0607387 0.0644231 0.224199 0.125216 0.0774269 
0.075653 0.0356632 0.0356632 0.0252177 0.0797452 0.0252177 0.0252177 0.0356632 0.100871 0.075653 
0.0588388 0.131568 0.0948747 0.0789405 0.134173 0.131568 0.0372129 0.0744259 0.141703 0.0948747 
0.0957245 0.0928664 0.0957245 0.0328332 0.0957245 0.0328332 0.103828 0.0656665 0.131333 0.0519139 
0.0708481 0.0633684 0 0.100194 0.200389 0.0896165 0.0923746 0.0708481 0.100194 0.0923746 
0.803507 0.0535672 0.023956 0.122152 0.11978 0.193139 0.0863744 0.023956 0.107134 0.0479119 
0.0583895 0.0412876 0.0923219 0.0291947 0.0923219 0.145974 0.0851166 0.116779 0.0206438 0.0744323 
0.0226093 0.101112 0.0452187 0.050556 0.113047 0.101112 0.121755 0.050556 0.0452187 0.0639489 
0.274028 0.114469 0.050198 0.0925606 0.143745 0.120893 0.0925606 0.0709908 0.112246 0.0673477 
0.0308956 0.0787687 0.0617913 0.0655395 0.0488503 0.0308956 0.117647 0.087386 0.0655395 0.0926869 
0.054522 0.024383 0.054522 0.097532 0.054522 0.024383 0.0771058 0.0771058 0.054522 0.0879141 
0.0740233 0.0843996 0.148047 0.149886 0.187266 0.0965146 0.0740233 0.0965146 0.0523424 0.0965146 
0.080032 0.0912505 0.0506167 0.104349 0.15185 0.0253083 0.104349 0.153945 0.147572 0.101233 
0.132264 0.0366834 0.155634 0.0366834 0.11005 0.0820265 0.0580015 0.025939 0.0820265 0.0518781 
0.0939552 0.0846901 0.126491 0.117444 0.142877 0.0968468 0.0332182 0.0234888 0.0846901 0.0742781 
0.130359 0.127827 0.0766965 0.105409 0.051131 0.0255655 0.108465 0.0361551 0.0921777 0.0361551 
0.0418258 0.0836516 0.0467627 0.159268 0.0754026 0.0467627 0.127208 0.0295753 0.0836516 0.0661324 
0.0317781 0.0635561 0.0224705 0.044941 0.044941 0.0502455 0.0810185 0.044941 0.0810185 0.0710579 
0.127068 0.0872705 0.160919 0.0349082 0.164662 0.0551947 0.104725 0.0719651 0.0719651 0.101774 
0.0237944 0.0475887 0 0.0752444 0.0475887 0.0336503 0.0237944 0.0673006 0.0752444 0.0336503 
0.111803 0.0589256 0.0372678 0.217307 0.32059 0.190029 0.0950146 1.13437 0.134371 0.0263523 
0.050236 0.0810032 0 0.0710445 0.0810032 0.0449325 0.050236 0.0224662 0.0810032 0.0810032 
0.11855 0.0838274 0 0.0735215 0.116248 0.0838274 0.0519875 0.0232495 0.116248 0.0657596 
0.0960446 0.0240111 0.0720334 0.0720334 0.153746 0.0720334 0.0536906 0.0759299 0.140008 0.0759299 
0.0616334 0.0871627 0.0785674 0.0308167 0.0871627 0.0308167 0.146176 0.065372 0.0785674 0.0785674 
0.0465444 0.0294372 0.0208153 0.0294372 0.124892 0.0294372 0.0930887 0.0208153 0.0465444 0.0883117 
0.0729756 0.034401 0.0688021 0.0486504 0.0769231 0.034401 0.0543928 0.0486504 0.0688021 0.0688021 
0.0338788 0.0677577 0 0.0338788 0.0757554 0.0863744 0.0757554 0.098773 0.0863744 0.0479119 
0.0438266 0.0619801 0.0489996 0.0619801 0.0489996 0.0790095 0.109566 0.0619801 0.0692959 0.0619801 
0.0245997 0.0347892 0.0695784 0.0347892 0.101427 0.104368 0.0695784 0.0550065 0.073799 0.0886954 
0.093017 0.0232542 0.0519981 0.0328865 0.0838444 0.0735364 0.0232542 0.0519981 0.0838444 0.0697627 
0.136048 0.0320668 0.0320668 0 0.0717035 0.050702 0.050702 0.0320668 0.0817545 0.0934899 
0.0892986 0.123835 0.0350258 0 0.0553806 0.0892986 0.18862 0.024767 0.102117 0.133374 
0.223586 0.135569 0.108455 0.138254 0.153379 0.216911 0.19552 0.461732 0.164927 0.115034 
0.0529999 0.0749532 0.0237023 0 0.0335201 0.0335201 0.0948091 0 0.118511 0.118511 
0.0232495 0.11855 0.0519875 0.0735215 0.0697486 0.11855 0.0958603 0.0464991 0.0735215 0.0328798 
0.0231295 0.103438 0 0.0833946 0.103438 0.115648 0.115648 0.0517191 0.0517191 0.046259 
0.0525806 0.0525806 0.0332549 0.0332549 0.0847837 0.0525806 0.0525806 0.0235148 0.0743602 0.0743602 
0.0987654 0.101805 0.0493827 0.0349189 0.0552116 0.125902 0.123457 0.0780809 0.0246914 0.0493827 
0.532058 0.0544735 0.0730838 0.0544735 0.0544735 0.100444 0.0689041 0.0243613 0.0770371 0.034452 
0.0801184 0.0222208 0.135164 0.031425 0.031425 0.0993747 0.0993747 0.0444417 0.133325 0.0444417 
0.129297 0.0201928 0.100964 0.0403855 0.080771 0.0856706 0.0832568 0.0285569 0.080771 0.072806 
0.0647821 0.0458079 0.0944353 0.11452 0.0687118 0.0512148 0.0647821 0.0229039 0.0512148 0.0944353 
0.0348949 0.0246744 0.088965 0.0493489 0.0780274 0.0551737 0.0986978 0.0246744 0.0986978 0.110347 
0.110253 0.0275633 0.0389804 0.0616334 0.137816 0.0275633 0.0275633 0.0826898 0.0389804 0.0871627 
1.12382 0.0372033 0.134138 0.0948501 0.226299 0.186016 0.0263067 0.191516 0.0588235 0.131533 
0.0650213 0.072696 0 0.0325107 0.045977 0.0325107 0.0514039 0.045977 0.072696 0.0650213 
0.0536906 0.0536906 0.290128 0.0679138 0.206552 0.140008 0.0536906 0.0480223 0.0240111 0.0536906 
0.0974451 0.0243613 0.0487226 0.108947 0.108947 0.0974451 0.0243613 0.0243613 0.0487226 0.0689041 
0.0967735 0.148444 0.066386 0.140826 0.070413 0.070413 0.150288 0.126395 0.046942 0.157448 
0.0720211 0.028249 0.0399501 0.056498 0.0998752 0.112996 0.121503 0.056498 0.019975 0.0631666 
0.128457 0.0507771 0.0908329 0.0454164 0.0227082 0.0718097 0.0321143 0.0227082 0.0642285 0.0321143 
0.032298 0.0510676 0.153203 0.0510676 0.114191 0.0722205 0.0510676 0.032298 0.0456763 0.0510676 
0.201563 0.120189 0.142526 0.120189 0.148726 0.108337 0.0600943 0.0671875 0.114416 0.0766056 
0.0484218 0.0684787 0.136957 0.13038 0.13038 0.0484218 0.0726326 0.0541372 0.141172 0.0872936 
0.0673511 0.0673511 0.1086 0.17563 0.124189 0.0301203 0.1086 0.0476245 0.0673511 0.0476245 
0.107058 0.0338546 0.139586 0.0239388 0.0718164 0.0863126 0.0239388 0.0338546 0.101564 0.153283 
0.0746549 0.0973381 0.127133 0.137657 0.190333 0.14931 0.052789 0.052789 0.127133 0.0851197 
0.0669228 0.0529071 0.218142 0.0853101 0.167307 0.17062 0.0236608 0 0.151503 0.0853101 
0.0698377 0.089026 0.0780809 0.089026 0.0493827 0.110423 0.0246914 0.0552116 0.158102 0.0780809 
0.0768662 0.0572927 0.114585 0.0923817 0.0923817 0.0810241 0.0256221 0.0256221 0.14494 0.105643 
0.103127 0.0343756 0.141734 0.103127 0.253775 0.100221 0.0543526 0.0343756 0.0768662 0.097229 
0.0787771 0.0787771 0.111408 0.131295 0.058717 0.0946783 0.0946783 0.058717 0.131295 0.108269 
0.0747644 0.105733 0.105733 0.0334357 0.0472852 0.0472852 0.0668713 0.0334357 0.100307 0.0852445 
0.10677 0.0517911 0.155373 0.0366218 0.0818888 0.0933677 0.0258955 0.0366218 0.146487 0.0933677 
0.0284988 0.0403034 0.161214 0.0854965 0.0403034 0.0637253 0.117504 0.0284988 0.117504 0.0901212 
0.0664777 0.0705102 0.0997165 0.0705102 0.0743243 0.0847427 0.0332388 0 0.132955 0.0997165 
0.112867 0.0612105 0.139581 0.136871 0.116139 0.159617 0.0273742 0.0273742 0.116139 0.0865647 
0.0910916 0.0910916 0.0910916 0.0938951 0.152765 0.0821089 0.0720142 0.0227729 0.145818 0.0938951 
0.0977682 0.0237123 0.0854958 0.0854958 0.118561 0.0749848 0.0530222 0.138265 0.0335342 0.0711368 
0.163505 0.0770772 0.148261 0.0243739 0.12187 0.10341 0.0878815 0.03447 0.154154 0.0689399 
0.126355 0.175223 0.144493 0 0.126355 0.0783621 0.224395 0.144493 0.126355 0.110821 
0.100759 0.115222 0.0790415 0.0838362 0.139727 0.0624878 0.0624878 0.0558908 0.162948 0.176742 
0.0415563 0.0464614 0.133045 0.0881543 0.250202 0.0587695 0.0293848 1.06294 0.0831127 0.0929228 
0.163196 0.0967345 0.113827 0.171792 0.134147 0.187805 0.193469 0.41041 0.280106 0.303539 
0.154968 0.112951 0.0866296 0 0.136973 0.112951 0.269806 0.164368 0.098773 0.147525 
0.0863744 0.0757554 0.0535672 0.0479119 0.023956 0.0479119 0 0.0535672 0.0757554 0.098773 
0.196457 0.125769 0.0795431 0.0711455 0.0251537 0.0906931 0.0355728 0.0503075 0.213437 0.100615 
0.0340379 0.0538187 0.0761111 0.0481369 0.0538187 0.0538187 0.0340379 0.0240685 0.0761111 0.120342 
0.128831 0.0624924 0.124985 0.0441888 0.0883776 0.0441888 0.11266 0.159325 0.0312462 0.11266 
0.107692 0.102166 0.122788 0.0240807 0.0681104 0.154191 0.0992871 0.146477 0.0868241 0.0992871 
0.161582 0.141299 0.0619638 0 0.0554221 0.138555 0.342767 0.0554221 0.114256 0.0999136 
0.0516536 0.0653372 0.0231002 0 0.0952444 0.0653372 0.0832888 0.0231002 0.0980057 0.0832888 
0.0239852 0.0536326 0 0.135681 0.0339202 0.107265 0.0678405 0.075848 0.075848 0.0479705 
0.0486188 0.137515 0.0486188 0.153746 0.0972376 0.110868 0.130458 0.110868 0.0783954 0.0687574 
0.0479705 0.0479705 0.0719557 0.0719557 0.122301 0.0536326 0.0239852 0.0239852 0.0536326 0.0339202 
0.112148 0.0311042 0.04918 0.0622083 0.0793004 0.14083 0.0906834 0.069551 0.153958 0.155521 
0.0710445 0.050236 0.0673987 0.0673987 0.050236 0.050236 0.0635441 0.050236 0.0673987 0.0926307 
0.0310647 0.0439322 0.10983 0.0310647 0.0310647 0.0219661 0.0439322 0.0439322 0.10983 0.0931942 
0.0993808 0.0444444 0.169239 0.0222222 0.0916246 0.0916246 0.111111 0.0222222 0.0496904 0.0801234 
0.131546 0.0465085 0.093017 0.0657729 0.118574 0.0657729 0.135594 0.0657729 0.093017 0.0657729 
0.0835736 0.0463583 0.0463583 0.0732989 0.186876 0.0231792 0.0518302 0.0327803 0.0518302 0.0655606 
0.21371 0.0702674 0.0785614 0.0555513 0.175669 0.0496866 0.0993731 0.102431 0.124216 0.0496866 
0.0784646 0.0554828 0.124063 0.0496253 0.0701808 0.0350904 0.0701808 0.0350904 0.0248127 0.0784646 
0.0564963 0 0 0.107194 0.178657 0.104174 0.0505318 0.104174 0 0.0910975 
0.105263 0.09205 0.161466 0.0510601 0.130178 0.057087 0.114174 0.0255301 0.130178 0.0765902 
0.0452679 0.0715748 0.0226339 0.0715748 0.128037 0.0816078 0.115411 0.0320092 0.0933221 0.121887 
0.0690847 0.0308956 0.0308956 0.043693 0.087386 0.0218465 0.0218465 0.0218465 0.0690847 0.109233 
0.0556243 0.0556243 0.0351799 0.0351799 0.0896914 0.0497519 0.0248759 0.0556243 0.111249 0.14505 
0.0972522 0.0381454 0.152582 0.0539458 0.0603132 0.0539458 0.0381454 0.0381454 0.134864 0.120626 
0.159573 0.0273665 0.147373 0.0865404 0.220636 0.0820994 0.0820994 0.246298 0.0820994 0.122387 
0.0937218 0.0937218 0.132543 0.139981 0.209568 0.158114 0.0937218 0.183804 0.174371 0.0821995 
0.14085 0.0944853 0.135466 0.0704252 0.0704252 0.157475 0.0222704 0.12598 0.253922 0.281701 
0.0858343 0.0858343 0.119031 0.0476123 0.142837 0.106464 0.106464 0.033667 0.0858343 0.0981553 
1.18371 0.0251797 0.125898 0.0796251 0.15925 0.075539 0.0251797 0.0251797 0.135597 0.0796251 
0.0251876 0.0563213 0.0796503 0.0796503 0.0356207 0.0563213 0.0563213 0.103851 0.0908153 0.125938 
0.107027 0.0676897 0.124814 0.0856215 0.0908153 0.0478639 0.121087 0.0605435 0.0605435 0.137061 
0.057971 0.0409917 0.0869565 0.0648136 0.194441 0.211018 0 0.0409917 0.129627 0.0819834 
0.0267214 0.0845003 0.0597508 0.143899 0.0845003 0.0267214 0.110175 0.203504 0.0845003 0.188948 
0.0890517 0.0890517 0.0796503 0.0398252 0.140803 0.0796503 0.0281606 0.0629691 0.0281606 0.0844819 
0.162869 0.0676278 0.162869 0.15122 0.334057 0.183968 0.15122 0.0427716 0.0956402 0.135256 
0.115639 0.0408845 0.104235 0.0914205 0.208471 0.163538 0.081769 0.0914205 0.0578194 0.0646441 
0.0885949 0.0777029 0.125292 0.0347498 0.125292 0.109888 0.101312 0.0347498 0.0777029 0.0491436 
0.0705687 0.0235229 0.084813 0.0705687 0.105198 0.084813 0.0470458 0 0.0470458 0.0332664 
0.139001 0.0659341 0.0982887 0.0695006 0.0906177 0.0621632 0.0906177 0.0491444 0.021978 0.10989 
0.11229 0.108937 0.0608975 0.0861221 0.0817026 0.0272342 0.146661 0.0817026 0.0272342 0 
0.0611246 0.109343 0.0773172 0.0386586 0.0386586 0.0386586 0.0773172 0.122249 0.0820073 0.0864433 
0.0428894 0.0479518 0.0884188 0 0.115483 0.0678141 0.0303274 0.0884188 0.0606548 0.0606548 
0.190866 0.150893 0.183569 0.0301786 0.134963 0 0.0954331 0.128037 0.0905358 0.0674814 
0.0963677 0.0818968 0.0718282 0.122319 0.11357 0.10158 0.0642451 0.0507902 0.0818968 0.143656 
0.176146 0.0647524 0.144791 0.0579163 0.0647524 0.0647524 0.10441 0.0647524 0.0579163 0.040953 
0.118171 0.0835593 0.178347 0.0835593 0.139266 0 0.100426 0.0622814 0.0622814 0.0393902 
0.0935246 0.025939 0.116003 0.0580015 0.174004 0.0366834 0.0778171 0.0518781 0.116003 0.0366834 
0.16054 0.0936103 0.143592 0.143592 0.205592 0.16054 0.0936103 0.0642161 0.138102 0.113519 
0.0439454 0.0439454 0 0.0792238 0.0905958 0.0659181 0.0694838 0.0621482 0.109864 0.0792238 
0.370897 0.106515 0.347197 0.214688 0.245506 0.267616 0.161977 0.543124 0.271562 0.274161 
0.069188 0 0.0902101 0.0875167 0.131275 0.0902101 0.111562 0.0978466 0.0618836 0.0875167 
0.0681774 0.0227258 0.113629 0.0964174 0.145516 0.113629 0.0681774 0.0454516 0.0508164 0.0681774 
0.0219767 0.0491414 0.0982828 0.0694964 0.109883 0.0982828 0.0621595 0.0491414 0.0906122 0.13186 
0.0936329 0.0296093 0.118437 0.0662085 0.0628109 0.0754893 0.0837478 0.0628109 0.0662085 0.122082 
0.0469478 0.0757011 0.0593848 0.0469478 0.0663943 0.0469478 0.107058 0.0469478 0.0469478 0.0469478 
0.0332733 0.0235278 0.0848306 0.0998199 0.0235278 0.0332733 0.0235278 0 0.119969 0.0970075 
0.0533286 0.0533286 0.075418 0.0961395 0.0533286 0.0596232 0.075418 0.075418 0.0843199 0.0843199 
0.0515026 0.0325731 0.0651462 0.0515026 0.0830455 0.0651462 0.0949661 0.0728357 0.0230327 0.0728357 
0.0782154 0.0782154 0.108465 0.0970143 0.131954 0.0782154 0.122714 0.0685994 0.0894427 0.0613572 
0.119961 0.0479843 0.145938 0.0239921 0.0758698 0.0989221 0.0989221 0.0479843 0.0479843 0.0758698 
0.104037 0.0780274 0.313192 0.0260091 0.286101 0.132621 0.0581582 0.110347 0.16654 0.0520183 
0.075848 0 0.167897 0.0988936 0.107265 0.0678405 0.0479705 0.0479705 0.0719557 0.0239852 
0.0293848 0.0587695 0.149834 0.0881543 0.103891 0.0464614 0.0929228 0.0623345 0.0657063 0.0293848 
0.0773302 0.0546807 0.15466 0.0733619 0.0773302 0.0546807 0.103749 0.100826 0.0345831 0.0345831 
0.114035 0.0509978 0.297366 0.122819 0.193523 0.0967616 0.114035 0.0322539 0.0940354 0.0940354 
0.0879141 0.024383 0.148316 0.103448 0.163566 0.124329 0.048766 0.054522 0.073149 0.0344828 
0.0811929 0.0318465 0.112594 0.0712109 0.0900755 0.0503537 0.112594 0 0.0928477 0.0503537 
0.0851138 0.0746497 0.137647 0.0236063 0.19032 0.0527853 0.100153 0.0236063 0.0851138 0.0851138 
0.112759 0.131498 0.131498 0.0451035 0.121445 0.071315 0.0813116 0.0451035 0.131498 0.112759 
0.0927921 0.0691632 0.109357 0.0489058 0.117781 0.0978115 0.0927921 0.0489058 0.0618614 0.0618614 
0.0852725 0.0269655 0.0539311 0.0808966 0.134828 0.0602968 0.0602968 0.107862 0.0852725 0.120594 
0.125434 0.0491993 0.0886954 0.077791 0.0491993 0.0347892 0.122998 0.0245997 0.0983987 0.073799 
0.0524359 0.0331633 0.02345 0.02345 0.0741555 0.02345 0.0663267 0.126282 0.126282 0.0524359 
0.1111 0.062107 0.138875 0.0277751 0.1964 0.138875 0.0833253 0.0555502 0.149573 0.124214 
0.104003 0.116279 0 0.181634 0.104003 0.0735413 0.0986661 0.116279 0.0520016 0.14891 
0.0479705 0 0.107265 0.0719557 0.145896 0.075848 0.0239852 0.0339202 0.0988936 0.119926 
0.161632 0.0761939 0.102225 0.0538772 0 0.0481893 0.0868744 0.0240946 0.0240946 0.107754 
0.125137 0.088485 0.237042 0.0773779 0.194335 0.215678 0.0607002 0.1214 0.171686 0.15175 
0.0235702 0.0471405 0.0333333 0.0235702 0.0471405 0.0235702 0.0849837 0.0527046 0.0333333 0.0745356 
0.115965 0.136666 0.193275 0.0985513 0.112698 0.175018 0.175018 0.112698 0.0864352 0.0985513 
0.0928664 0.0734174 0.0464332 0.0328332 0.0232166 0.0519139 0.0328332 0.0232166 0.0984997 0.0656665 
0.0252982 0.0565685 0.0505964 0.0565685 0.113137 0.0715542 0.0357771 0.128996 0.101193 0.08 
0 0.0508164 0.0642783 0.0454516 0.203266 0.0508164 0.0454516 0.0681774 0.0681774 0.0718653 
0.0667688 0.0333844 0.0851138 0.0973313 0.0236063 0.0236063 0.070819 0.0236063 0.0472126 0.0236063 
0.111138 0.030824 0.0898666 0.157172 0.248511 0.152571 0.061648 0.030824 0.097474 0.0898666 
0.087641 0.0243072 0.155642 0.0486145 0.153732 0.108705 0.100221 0.0243072 0.0768662 0.108705 
0.126701 0.0332733 0.0970075 0.0526097 0.157829 0.0848306 0.0744014 0.0665466 0.126701 0.0998199 
0.126701 0.0332733 0.0744014 0.0526097 0.157829 0.105219 0.0848306 0.0665466 0.126701 0.0848306 
0.0676897 0.0214054 0.0214054 0.0428108 0.0302718 0.0478639 0.0214054 0.0605435 0.0302718 0.0302718 
0.107869 0.0299175 0.107869 0.0946073 0.0598349 0.0473037 0.0473037 0.0872237 0.0299175 0.0946073 
0.114814 0.0649484 0.145229 0.0649484 0.102692 0.0324742 0.0918509 0.0513462 0.0827933 0.0726145 
0.129217 0.0228426 0.195167 0.116475 0.0228426 0.102155 0.0456852 0.0941825 0.144469 0.116475 
0.0314095 0.0496628 0.0444198 0.0314095 0 0.0222099 0.0800789 0.0444198 0.0496628 0.062819 
0.0870285 0.0307692 0.0217571 0.0435143 0.117166 0 0.0435143 0.0688021 0.0486504 0.0784465 
0.0858343 0.067334 0.0532322 0.0952246 0.0476123 0.0532322 0.106464 0.119031 0.0532322 0.101001 
0.11206 0.0491414 0.0694964 0.0310797 0.0621595 0.0219767 0.109883 0.0906122 0.0491414 0.0879068 
0.089797 0.0709908 0.0224492 0.112246 0.163433 0.050198 0.0952441 0.1309 0.0448985 0.0809419 
0.0998199 0.0526097 0.143114 0.0235278 0.0665466 0.119969 0.0998199 0.0235278 0.0970075 0.0526097 
0.113607 0.0508066 0.0819232 0.0321329 0.128532 0.143703 0.0642658 0.0508066 0.115857 0.0508066 
0.0868744 0.0681499 0.0761939 0 0.0240946 0.034075 0.0868744 0.0240946 0.102225 0.0481893 
0.162457 0.0513733 0.082837 0.162457 0.0726529 0.082837 0.0726529 0.0229749 0.0229749 0.0649827 
0.0252841 0.091163 0.091163 0.0799552 0.0565369 0.0565369 0.136159 0.0565369 0.0715141 0.091163 
0.0415945 0.0415945 0.0294118 0.0882353 0.0657667 0.106046 0.0294118 0.0657667 0.0930082 0.106046 
0.0972257 0.0852725 0.0972257 0.0269655 0.0972257 0.111182 0.0602968 0.0762701 0.038135 0.0852725 
0.0735215 0 0.0464991 0.0464991 0.0519875 0.0986394 0.0232495 0.0519875 0.0838274 0.131519 
0.0603462 0.0539753 0.134938 0.0269876 0.222546 0.181039 0.0809629 0.0269876 0.111273 0.0539753 
0.0344291 0.100377 0.153971 0 0.0544371 0.0769857 0.14607 0 0.024345 0.0486901 
0.126088 0.075653 0.0909235 0.0563884 0.100871 0.0252177 0.0563884 0.135801 0.075653 0.0713263 
0.131531 0.0546155 0.0880648 0.0546155 0.0244248 0.0345418 0.0244248 0.0488496 0.0488496 0.0244248 
0.172459 0.0257087 0.128544 0.0574865 0.0926941 0.0574865 0.102835 0.109073 0.128544 0.0926941 
0.0758522 0.0715141 0.101136 0.0252841 0.128924 0.143028 0.0357571 0.0565369 0.101136 0.128924 
0.0769174 0.0343985 0.248051 0.0243234 0.108778 0.0243234 0.0769174 0.0876993 0.0543888 0.0769174 
0.101681 0.0493226 0.0779859 0.0889176 0.0779859 0.0739839 0.0779859 0.0739839 0.0493226 0.0889176 
0.0481788 0.0993231 0.0538655 0.0340675 0.0538655 0.0538655 0.0993231 0.0538655 0.0722682 0.0681351 
0.132164 0.054878 0.0490844 0.125141 0.0245422 0.0884881 0.0490844 0.10119 0.0884881 0.0347079 
0.645776 0.111077 0.151081 0.0496751 0.0745126 0.159038 0.102408 0.0351256 0.140502 0.0702512 
0.0231295 0.0231295 0.0231295 0.0654201 0.0517191 0.0731419 0.0517191 0.0731419 0.0231295 0.0327101 
0.0543928 0.108786 0.0243252 0 0.0769231 0.0769231 0.108786 0.034401 0.034401 0.0688021 
0.0724999 0.0256326 0.0512652 0.0724999 0.138036 0.0256326 0.0724999 0.0512652 0.03625 0.0512652 
0.294484 0.0288765 0.0645699 0.0408376 0.0645699 0.0408376 0.0645699 0.0866296 0.0645699 0.0866296 
0.124939 0 0.0883452 0.115188 0.0790184 0.0279372 0 0.0395092 0.0624695 0.0279372 
0.0362143 0.0572598 0.0512148 0.0256074 0.0768221 0.0512148 0.0809776 0.0809776 0.0572598 0.0512148 
0.0603132 0 0.0852958 0.0539458 0.190727 0.111212 0.0381454 0 0.0269729 0.0972522 
0.063577 0.056865 0.127154 0.056865 0.0402096 0.063577 0.11723 0 0.063577 0.063577 
0.0786524 0.0248721 0.0556157 0.0497442 0.181071 0.0497442 0.126823 0.0351744 0.0786524 0.0351744 
0.0697527 0.0551444 0.0493226 0.0986452 0.0493226 0.0493226 0.0697527 0.0246613 0.0739839 0.0348764 
0.0330477 0.0842554 0.093473 0.198286 0.136259 0.177967 0.052253 0.0701047 0.132191 0.140209 
0.0792927 0.146208 0.261786 0.125373 0.0560684 0.0560684 0.0904076 0.0560684 0.112137 0.0709215 
0.0229749 0.0229749 0.0459497 0.0459497 0.0947277 0.0513733 0.0689245 0.0689245 0.0324913 0.0513733 
0.06786 0.053648 0.119961 0.0989221 0.122336 0.0758698 0.119961 0.129202 0.0989221 0.0479843 
0 0.0743243 0.0235034 0.0525552 0.0525552 0.0470068 0.0705102 0.0332388 0.0997165 0.096907 
0.0474546 0.0530558 0.0855499 0.0237273 0.0949091 0.0671109 0.0750322 0.0750322 0.0237273 0.118636 
0.110432 0.0890327 0.246932 0.069843 0.0349215 0.110432 0.0890327 0.148159 0.188058 0.150203 
0.0596232 0.0843199 0.0596232 0.0533286 0.037709 0.0596232 0.0843199 0.037709 0.0266643 0.0266643 
0.112607 0.0503593 0.0907865 0.228011 0.112607 0 0.0503593 0.0563034 0.0563034 0.0251797 
0.0366834 0.0580015 0.139686 0.025939 0.139686 0.0366834 0.132264 0.11005 0.0778171 0.0366834 
0.124933 0.0463988 0.0328089 0.0518755 0.0695983 0.0836467 0.118294 0.0328089 0.073363 0.0836467 
0.0649227 0.0513259 0.0918146 0.114768 0.0725858 0.0946404 0.0513259 0.0459073 0.102652 0.0649227 
0 0.0854592 0.0270246 0.0270246 0.189172 0.111425 0.111425 0.0382185 0.0382185 0.0854592 
0.023749 0.071247 0.0949961 0.071247 0.0856283 0.0335862 0.0979197 0.075101 0.0335862 0.0856283 
0.03173 0.0224365 0.0709505 0.0501696 0.225484 0.0224365 0.114404 0.0634601 0.0501696 0.0634601 
0.0935945 0.19295 0.142328 0.170344 0.0701958 0.147986 0.116993 0.0739929 0.16379 0.0739929 
0.0902446 0.103199 0.0791497 0.0559673 0.176984 0.0707937 0.103199 0.0250293 0.0707937 0.0707937 
0.132927 0.0493677 0.125863 0.0551947 0.0987353 0.0698164 0.0551947 0.0889988 0.0349082 0.0889988 
0.0939552 0.0742781 0.11977 0.0332182 0.0939552 0.0996546 0.0704664 0.0525226 0.0742781 0.0742781 
0.0790508 0.12499 0.152057 0.024998 0.0558973 0.0790508 0.10307 0.0499961 0.0749941 0.0353526 
0.0464991 0.0958603 0.0929981 0.0838274 0.0232495 0.0232495 0.0958603 0.0697486 0 0.0328798 
0.12981 0.12981 0.222238 0.0539007 0.0241051 0.0762271 0.0964205 0.0869123 0.146626 0.0762271 
0.030857 0.0436384 0.109096 0.1175 0.111256 0.109096 0.0487892 0.030857 0.061714 0.0436384 
0.116119 0.113865 0.0644115 0.0322057 0.0644115 0.0720142 0.0720142 0.0720142 0.0322057 0.0455458 
0.122112 0 0.122112 0.0984502 0.0819156 0.0772307 0.0610562 0.109221 0.0546104 0.109221 
0.116083 0.0519139 0.148659 0.103828 0.118382 0.0984997 0.118382 0.0656665 0.0837087 0.0232166 
0.0265817 0.106327 0.0594386 0.0265817 0.0840588 0.0840588 0.0797452 0.0375923 0.0594386 0.0594386 
0.0780571 0.0740515 0.0349082 0.0889988 0.0740515 0.14393 0.0551947 0.0551947 0 0.0551947 
0.0878815 0.0878815 0.100496 0.0545018 0.0770772 0.0689399 0.0545018 0.0689399 0.0731218 0.0878815 
0.0438608 0.0219304 0.0310143 0.0490379 0.109652 0.0490379 0.0980758 0.0790712 0.0310143 0.0790712 
0.0936191 0.0259653 0.0259653 0.0259653 0.0519305 0.11612 0.0936191 0.0519305 0.0734409 0.0936191 
0.0543928 0.0243252 0.0243252 0.034401 0.0877058 0.0688021 0.0486504 0.034401 0.034401 0.0729756 
0.0796503 0.0629691 0.225285 0.0281606 0.168964 0.171294 0.0844819 0.0398252 0.15165 0.116109 
0.0990802 0.0614469 0.122894 0 0.167154 0.116587 0.0614469 0.0388624 0.0614469 0.086899 
0.123341 0.0458079 0.0687118 0.0971732 0 0.0458079 0.0229039 0.0687118 0.0229039 0.0971732 
0.0320895 0.0507379 1.22823 0.410946 1.22802 0.43823 0.068072 0.0226907 0.143508 0.101476 
0.0731639 0.0932661 0.036582 0.036582 0.0932661 0.0578412 0.0932661 0.0932661 0.0258674 0.0817998 
0.0507902 0.0908563 0.181713 0.0507902 0.204427 0.160613 0.0507902 0.0642451 0.0227141 0.11357 
0.102203 0.0681351 1.01633 0.454518 0.906798 0.820455 0.122832 0.0240894 0.194215 0.152355 
0.13372 0.042286 0.0598015 0.121089 0.119603 0.137673 0.0681842 0.189109 0.096427 0.13372 
0.11546 0.129089 0.0930872 0.0258177 0.129089 0.109535 0.106449 0.0365118 0.0577302 0.0258177 
1.02487 0.094066 0.205329 0.114072 0.438843 0.194926 0.0322644 0.0456287 0.102029 0.094066 
0.0246239 0.125558 0.0738717 0.10447 0.174117 0.125558 0.0738717 0.0778676 0.0738717 0.0348234 
0.0734966 0.0328687 0.0734966 0.05197 0.05197 0.0657374 0.069725 0.0464834 0.069725 0.0657374 
0.0737912 0.0330004 0.182251 0.0330004 0.116674 0.125662 0.0962119 0.0521783 0.104357 0.0990013 
0.0663395 0.0864961 0.132679 0.0756386 0.106969 0.0756386 0.0296679 0.0469091 0.0209784 0.0663395 
0.15514 0.130865 0.0775701 0.10757 0.0860563 0.125448 0.109701 0.0775701 0.0912765 0.0962139 
0.0487587 0.0545139 0.100519 0.0770943 0.121897 0.0689553 0.0879011 0.131287 0.0487587 0.0344776 
0.10118 0.0337268 0.0238484 0.0715453 0.119242 0.0715453 0.0715453 0.0859867 0.0337268 0.0674535 
0.0716436 0.0679671 0.0453114 0.03204 0.0716436 0.0679671 0.0816863 0.113279 0.0453114 0.0716436 
0.144042 0.0631666 0.0446656 0.15601 0.101853 0.0847469 0.0599251 0.0720211 0 0.0847469 
0.102949 0.157917 0.190157 0.21479 0.102949 0.167496 0.0706225 0.0900263 0.127316 0.0706225 
0.0459073 0.0513259 0.0649227 0.0513259 0.0827606 0.102652 0.102652 0.146975 0.0513259 0.117041 
0.0740792 0.0702777 0.0844632 0.104764 0.117129 0.132517 0.0965874 0.0468518 0.104764 0.0965874 
0.0261712 0.0370117 0.0523424 0.0785136 0.0523424 0.0827606 0.0785136 0.0827606 0.0585206 0.0827606 
0.0823596 0.0582371 0.104178 0.0260444 0.0823596 0.0736647 0.0939044 0.0260444 0.0939044 0.0736647 
0.0994537 0.0633896 0.200455 0.0946771 0.590997 0.150213 0.0497269 0.0527433 0.0497269 0.0879055 
0.0634841 0.0501886 0.0501886 0.114448 0.022445 0.100377 0.100377 0.136528 0.0501886 0.100377 
0.0470295 0.0969539 0.0940591 0.0665098 0.169567 0.166275 0.0235148 0.0997647 0.0847837 0.126631 
0.121255 0.0657596 0.08318 0.0657596 0.0657596 0 0.0882258 0.04159 0.0657596 0.106034 
0.0365331 0.0816905 0.0408453 0.0730662 0.0730662 0.132983 0.168409 0.106511 0.0408453 0.111111 
0.146684 0.057982 0.106913 0.0819989 0.077791 0.129652 0.0934931 0.0518607 0.0518607 0.057982 
0.0946783 0.026259 0.216537 0.0371359 0.105036 0.111408 0.0371359 0.108269 0.131295 0.0830383 
0.0708239 0.023608 0.023608 0.133547 0.0851197 0.0746549 0.0667734 0.10016 0.0708239 0.0973381 
0.0788355 0 0.105769 0.0352563 0.102789 0.0557451 0.0747899 0.0898863 0.0898863 0.0788355 
0.152193 0.0844213 0.174039 0.716338 0.0667409 0.0298474 0.0943858 1.58669 0.233116 0.211053 
1.29332 0.965325 0.115857 0.0819232 0.143703 0.165414 0.183186 0.0718514 0.101613 0.138209 
0.0330004 0.0233348 0.0962119 0.0466696 0.0841349 0.0990013 0.0933393 0.0700045 0.0521783 0.0660008 
0.121397 0.0532359 0.0532359 0.075287 0.0476157 0.0532359 0.0981622 0.0238078 0.0336694 0.075287 
0.140495 0.0538772 0.0481893 0 0.107754 0 0.0868744 0.0761939 0.0868744 0.120473 
0.112893 0.0798278 0.192251 0.104083 0.0798278 0.112893 0.126219 0.112893 0.0504875 0.0714001 
0.0792429 0.127775 0.10332 0.0792429 0.0560332 0.0751764 0.106315 0.0792429 0.127775 0.0792429 
0.138522 0.0821089 0.183601 0.138522 0.182183 0.183601 0.116119 0.0322057 0.132788 0.138522 
0.109214 0.0374601 0.109214 0.079465 0.0749203 0.11238 0.132442 0.109214 0.0264883 0.095505 
0.0719557 0.075848 0.0536326 0.17296 0.273474 0.169601 0.160898 0.15358 0.119926 0.17296 
0.0717727 0.0320977 0.0935801 0.050751 0.045393 0.0935801 0.0641954 0.0717727 0.163667 0.0907861 
0.126843 0.0351799 0.0746278 0.0995037 0.194287 0.166873 0.0556243 0.0248759 0.14505 0.0896914 
0.116674 0.116674 0.125662 0.0521783 0.118985 0.0330004 0.0962119 0.0700045 0.0962119 0.0521783 
0.0531044 0.047498 0.0531044 0.0979197 0.075101 0.106209 0.0979197 0.0856283 0.106209 0.0949961 
0.0309994 0.0903779 0.0438397 0.133333 0.0980286 0.0980286 0.0309994 0.0438397 0.0619987 0.123997 
0.116726 0.11446 0.082538 0.11446 0.16187 0.116726 0.102376 0 0.0971222 0.129496 
0.0557451 0.0788355 0.15963 0.0997199 0.0747899 0.0557451 0.105769 0.11149 0.0557451 0.02493 
0.08678 0.107637 0.0538187 0.08678 0.08678 0.08678 0.08678 0.0722054 0.0722054 0.08678 
0.0889372 0.0562488 0.125776 0.0628881 0.0628881 0.0843733 0.0562488 0.0562488 0.0562488 0.0281244 
0.889561 0.186754 0.162331 0.0278396 0.0622512 0.0556792 0.149921 0.114786 0.157485 0.0393711 
0.131898 0 0.103469 0.1393 0.146328 0.0817998 0.109746 0.150831 0.165632 0.131898 
0.0990934 0.0240337 0.0760011 0.0339887 0.146191 0.120168 0.0480673 0.0679775 0.120168 0.120168 
0.0590764 0.0208867 0.0861179 0.127049 0.0417733 0.147691 0.0861179 0.0660494 0.146207 0.147691 
0.14872 0.0470295 0.0235148 0.216795 0.13302 0.157742 0.0969539 0 0.119902 0.183656 
0.0877253 0.0544049 0.0243306 0.131024 0.0344087 0.100318 0.0486612 0.0973224 0.0769401 0.145984 
0.141131 0.133888 0.111574 0.0997944 0.162453 0.0669441 0.142884 0.113783 0.0804568 0.0997944 
0.0919544 0.0705258 0.0630802 0.0705258 0.120101 0.0919544 0.0705258 0.0315401 0.0804118 0.0946203 
0.11029 0.0697538 0.134174 0.14797 0.155974 0.0311948 0.0697538 0.0441162 0.0311948 0.0493234 
0.0531635 0.0594386 0.0751845 0.118877 0.0375923 0.135541 0.0594386 0.0265817 0.0840588 0.109599 
0.0769174 0 0.155746 0.0769174 0.124026 0.155746 0.0543888 0.0243234 0.121617 0.121617 
0.216915 0.0235278 0.166367 0.150651 0.179182 0.171285 0.410895 0.349766 0.171285 0.171285 
0.0665098 0.0997647 0.0847837 0.0847837 0.0847837 0.0743602 0.117574 0.0470295 0.0997647 0.0525806 
0.0804258 0.107902 0.107902 0.0568696 0.0804258 0.0568696 0.127164 0.0762986 0.104862 0.0804258 
0.18804 0.137057 0.253157 0.0332411 0.0997234 0.14103 0.137057 0.0743294 0.23505 0.0997234 
0.126491 0.0846901 0.0332182 0.0939552 0.0968468 0.0996546 0.105045 0.0234888 0.0664364 0.0996546 
0.0342871 0.0685742 0.0342871 0.147474 0.102861 0.0999633 0.0874153 0.0999633 0.0766683 0.0874153 
0.0979957 0.0531456 0.0713024 0.106291 0.203069 0.159437 0.0531456 0.0531456 0.118837 0.138587 
0.0248759 0.0556243 0.0995037 0.0703598 0.0896914 0.0556243 0.12438 0.0248759 0.0896914 0.0786646 
0.0900825 0.111734 0.127396 0.325757 0.145683 0.159978 0.124922 0.124922 0.124922 0.111734 
0.0804193 0.056865 0.104854 0.0359646 0.0254308 0.0762924 0.0916921 0.0804193 0.056865 0.0359646 
0.0665328 0.084813 0.0525988 0.143084 0.133066 0.0470458 0.0743859 0.0665328 0.0332664 0.137161 
0.132215 0.0934899 0.0934899 0.0717035 0.122107 0.0680239 0.128267 0.0226746 0.0962003 0.0717035 
0.0704776 0.0668609 0 0.133722 0.0315185 0.140955 0.0704776 0.0704776 0.162252 0.129954 
0.0858404 0.075287 0.0532359 0.0673387 0.0532359 0.0532359 0.0532359 0.0714235 0.075287 0.0858404 
0.0515026 0.0515026 0.323279 0.16768 0.313278 0.189932 0.115163 0.492921 0.162866 0.234888 
0.0353277 0.0558581 0.0558581 0.0558581 0.049961 0.049961 0.0558581 0.049961 0.0706555 0.0789953 
0.123515 0.0342569 0.121117 0.267555 0.229802 0.137028 0.0766008 0.054165 0.0766008 0.174677 
0.0780274 0.0246744 0.0246744 0.0246744 0.088965 0.0697899 0.0348949 0.0246744 0.0551737 0.110347 
0.0224592 0.0710221 0.0926015 0.031762 0.0809776 0.031762 0.0673775 0.0449183 0.0449183 0.0898366 
0 0.0529367 0.0473481 0.0334801 0.0710221 0.0473481 0.0853579 0.151588 0.0529367 0.0529367 
0.0519981 0.0328865 0.0519981 0.16278 0.155994 0.0838444 0.0232542 0.0519981 0.125228 0.116271 
0.0645061 0.0735482 0.0645061 0.086544 0.057696 0.028848 0.086544 0 0.0645061 0.0735482 
0.089553 0.0785432 0.149025 0.089553 0.089553 0.111077 0.0702512 0.0555384 0.126647 0.105377 
0.0700092 0.0737962 0.14195 0.0233364 0.0233364 0.0233364 0.0841406 0.0233364 0.0700092 0 
0.0324614 0.0459073 0.0649227 0.0229537 0.0827606 0.0459073 0.0459073 0.0827606 0.114768 0.068861 
0.073149 0.054522 0.0771058 0.0771058 0.121915 0 0.054522 0.097532 0.0344828 0 
0.0699284 0 0.123617 0.0552832 0.0891415 0.0494468 0.0349642 0.0552832 0.0349642 0.0349642 
0.0270246 0.0270246 0.0974384 0.120857 0.0974384 0.162147 0.0604287 0.0270246 0.114655 0.0604287 
0.0396448 0.0886484 0 0.0560662 0.0840993 0.0280331 0.0560662 0.0560662 0.0886484 0.112132 
1.26067 0.534298 0.0259478 0.0661541 0.0778433 0.0756501 0.0518956 0.0550436 0.0820541 0.132308 
0.13514 0.0211053 0 0.0633159 0.0667409 0.0870194 0.0943858 0.0870194 0.0760963 0.0596948 
0.124757 0.0346012 0.0547094 0.0773707 0.0547094 0.0346012 0 0.0244668 0.0489336 0.0346012 
0.0366834 0.0580015 0.0580015 0.0580015 0.0580015 0.11005 0.0518781 0.025939 0.0580015 0.0366834 
0.0487769 0.0487769 0.154246 0.0243884 0.163603 0.131336 0.0344904 0.0243884 0.0975537 0.0487769 
0.0670402 0.0237023 0.0670402 0.0854598 0.0711068 0.0335201 0.0237023 0.0474046 0.0335201 0.0335201 
0.0214744 0.0303693 0.0480181 0.0774269 0.0774269 0.0960363 0.0774269 0.0774269 0.0480181 0.0303693 
0.0213821 0.0213821 0.0427642 0.124678 0.0427642 0.0427642 0.0676162 0.0478119 0.0427642 0.0881607 
0.0594274 0.0210108 0.105054 0.0891411 0.19371 0.169394 0.0891411 0.122513 0.113146 0.093963 
0.0373766 0.0417884 0.0590977 0.0186883 0.0373766 0.0792878 0.0747533 0.0934416 0.0186883 0.0264293 
0.11978 0.11978 0.167692 0.169394 0.145718 0.107134 0.169394 0.151511 0.0535672 0.0863744 
0.159727 0.026259 0.191169 0.026259 0.026259 0.058717 0.0830383 0 0.131295 0.0830383 
0.0572598 0.128037 0.105582 0.155764 0.149315 0.105582 0.1379 0.130573 0.0768221 0.149315 
0.0906931 0.0562455 0.0754612 0.0562455 0 0.0355728 0.0906931 0.0795431 0.0562455 0.0503075 
0.0721219 0.116293 0.0684208 0.101996 0.0509978 0.0509978 0.101996 0.114035 0.0822316 0.0822316 
0.119039 0.0532359 0.0336694 0.0532359 0.075287 0.0858404 0.0532359 0.168347 0.0981622 0.0858404 
0.0350688 0.0743922 0.110897 0.126442 0.0554487 0.0554487 0.0743922 0.0350688 0.0894083 0.0701377 
0.0831028 0.0831028 0.157676 0.0371647 0.111494 0.108353 0.0831028 0.0525588 0.108353 0.0947518 
0.0537526 0.0760176 0.0760176 0.217681 0.129453 0.169981 0.120194 0.144233 0.0679922 0.0961555 
0.144415 0.0892986 0.07832 0.024767 0.0700516 0 0.0553806 0 0.0495339 0.0892986 
0.0540541 0.076444 0.120869 0.0966948 0.0996708 0.108108 0.0683736 0.0871595 0.076444 0.0540541 
0.0640677 0.083534 0.083534 0.04052 0.109103 0.14182 0.0453027 0.129727 0.0573039 0.0859558 
0.019996 0.09998 0.0720966 0.126466 0.134137 0.10196 0.128037 0.965001 0.09998 0.113114 
0.0951464 0.0951464 0.0212754 0.0601759 0.0672787 0.0951464 0.106377 0.0672787 0.0425508 0.0877207 
0.0713936 0.100966 0.079204 0.0840086 0.154651 0.079204 0.115459 0.0840086 0.0442764 0.0990051 
0.149037 0.0269864 0.0381645 0.0809592 0.152658 0.0269864 0.0688021 0.107946 0 0.0688021 
0.0496628 0.0314095 0.111049 0.0702338 0.113249 0.0222099 0.0915737 0.148988 0.0496628 0.0496628 
0.0279549 0.0442006 0.0559099 0.0838648 0.0197671 0.16889 0.0197671 0.0712714 0.142543 0.100793 
0.0712571 0.0475047 0.118762 0.0335909 0.244546 0.0531119 0.0531119 0.0856404 0.171281 0.0856404 
0.150642 0.0931493 0.0577687 0.0516699 0.129175 0.0931493 0.025835 0.0365362 0.115537 0.0816973 
0.0357571 0.107271 0.091163 0.0715141 0.0565369 0.0565369 0.107271 0.0799552 0.0758522 0.0715141 
0.0791497 0.100117 0.075088 0.0500587 0 0.075088 0.0353968 0.0353968 0.0500587 0.103199 
0 0.0231792 0.0327803 0.0835736 0.0835736 0.0732989 0.0231792 0.0835736 0.0518302 0.115896 
0.0418258 0.0467627 0.0467627 0.0209129 0.152248 0.0754026 0.0467627 0.127208 0.0209129 0.0862261 
0.0687411 0.0434757 0.0217378 0.0486073 0.0614839 0.0687411 0.0486073 0.0434757 0.0869514 0.0972146 
0.0458681 0 0.123504 0.0324336 0.0512821 0.0458681 0.0512821 0.0324336 0.022934 0.0324336 
0.0538772 0.0761939 0.129754 0.0722839 0.161632 0.0761939 0.0868744 0.0681499 0.0868744 0.107754 
0.0688581 0.0486901 0.0544371 0.0544371 0.0973801 0.0544371 0.0544371 0.196276 0.024345 0.024345 
0.0855499 0.0855499 0.0237273 0.0978301 0.0237273 0.0855499 0.0530558 0 0.118636 0.0978301 
0.0611704 0.086508 0.136781 0.13949 0.112793 0.0611704 0.086508 0.0386875 0.0611704 0.0611704 
0.099976 0.0277283 0.117641 0.0876847 0.119264 0.0277283 0.0438424 0.0588207 0.137248 0.141387 
0.0804258 0.101731 0.0254329 0.107902 0.0916995 0.0762986 0.104862 0.152597 0.104862 0.0916995 
0.0332136 0.0332136 0.0525153 0.140913 0.157546 0.0968335 0.0525153 0.0742679 0.0469711 0.0968335 
0.937566 0.0798978 0.0252659 0.0252659 0.0798978 0.0798978 0.107194 0.0564963 0.0357314 0.0910975 
0.0868241 0.053846 0.053846 0.0761497 0.053846 0 0.0240807 0.0340552 0.0240807 0.0481613 
0.0868153 0.0737788 0.176026 0.0737788 0.0457557 0.104339 0.0409251 0 0.0613877 0.0457557 
0.0868744 0.0217186 0.0307148 0.0783076 0.0434372 0.0485643 0.0971286 0.0485643 0.0783076 0.0307148 
0.0357314 0.0564963 0.101064 0.0505318 0.0798978 0.0564963 0.0564963 0.136061 0.0252659 0.0798978 
0.286961 0.131236 0.131236 0.0518755 0.118294 0.135275 0.135275 0.0463988 0.0836467 0.0956537 
0.0525552 0 0.10511 0.0332388 0.096907 0.0743243 0.0235034 0 0.0525552 0.0743243 
0.0544735 0.0487226 0.0243613 0.034452 0.0730838 0.034452 0.0689041 0.0243613 0 0.0544735 
0.0314095 0.0496628 0 0.0222099 0.0314095 0.0222099 0.0314095 0.0222099 0.0444198 0.0444198 
0.200678 0.03173 0.100339 0.100339 0.203171 0.136476 0.0673096 0.114404 0.0634601 0.15865 
0.102918 0.0205836 0.0848683 0.0205836 0.065091 0.0291096 0.0460263 0.0873287 0.0291096 0.0823343 
0.121397 0.119039 0.0238078 0.075287 0.0238078 0.168347 0.0981622 0.649827 0.119039 0.138822 
0.0629629 0.0629629 0.125926 0.101525 0.0844735 0.0629629 0.0398212 0.0281578 0.0281578 0.119464 
0.101474 0.0199007 0.0820529 0.0199007 0.0995037 0.0199007 0.0597022 0.0398015 0 0.0844317 
0.050702 0.115618 0.0320668 0.050702 0.0717035 0.0934899 0.113373 0.050702 0.050702 0.0226746 
0.0783769 0.0486073 0.0972146 0.030742 0.0783769 0.0687411 0.0614839 0.0783769 0.030742 0.0687411 
0.0725763 0.123593 0.0513192 0.0459013 0.0513192 0.0649142 0.0725763 0.0513192 0.0324571 0.0725763 
0.12898 0.0384544 0.0792758 0.0192272 0.0859867 0.0429934 0.103542 0.0792758 0.0271914 0.0271914 
0.0783399 0.0434552 0.0485844 0.0217276 0.0485844 0.0434552 0.0783399 0.0434552 0.0434552 0.0614549 
0.170276 0.053846 0.194144 0 0.129678 0.0992871 0.0340552 0.255981 0.072242 0.122788 
0.0420843 0.0420843 0.107294 0.086759 0.127994 0.122696 0.0470517 0.0758685 0.0420843 0.107294 
0.070573 0.0557928 0.078903 0.0557928 0.102877 0.0998053 0.078903 0.0557928 0.078903 0.111586 
0.161072 0.0759299 0.144067 0.0990005 0.0720334 0.0720334 0.0536906 0.0480223 0.0339569 0.0536906 
0.0961694 0.0304114 0 0.130805 0.0961694 0.0480847 0.0215041 0.0215041 0.115803 0.0304114 
0.0689983 0.0436384 0.0786702 0.0899628 0 0.0872768 0.0975784 0.0975784 0.0689983 0.139711 
0.0194257 0.0582772 0.0990521 0.0388514 0.0868745 0.104611 0.160189 0.116554 0.130312 0.0582772 
0.106989 0.0797452 0.100871 0.281942 0.147043 0.259632 0.0909235 0.135801 0.161472 0.203311 
0.0404061 0.0903508 0.180702 0.242437 0.258725 0.255551 0.180702 0.285714 0.202031 0.166599 
0.101888 0.025472 0.0360229 0.0918407 0.23484 0.205362 0.0720458 0.0360229 0.161099 0.12736 
0.0510768 0.0766152 0.127692 0.0361167 0.114211 0.105297 0.0722335 0.0722335 0.0807595 0.0255384 
0.0268366 0.0600084 0.113858 0.0379526 0.169729 0.0600084 0 0.11065 0.0268366 0.120017 
0.080804 0.080804 0.057137 0.0638811 0.0857055 0.040402 0.103005 0.040402 0.040402 0.080804 
0.0554828 0.0992507 0.0992507 0.0248127 0.0350904 0.0554828 0.0554828 0.0992507 0.0554828 0.12652 
0.0572927 0.0923817 0.102488 0.0362351 0.0512442 0.0923817 0.0923817 0.0512442 0.0724702 0.0512442 
0.0335342 0.0474245 0.0749848 0.0854958 0.142274 0.144236 0.0474245 0.0977682 0.0335342 0.0977682 
0.025472 0.0569572 0.148526 0.050944 0.105024 0.12736 0.0720458 0.0360229 0.12736 0.12736 
0.0951303 0.0713477 0.0336336 0.0531795 0 0.0752071 0.0531795 0.106359 0.121268 0.0475652 
0 0.0444335 0.140511 0.091602 0.0888669 0.1333 0.0444335 0.0496781 0.091602 0.149034 
0.104819 0.0741186 0.0585959 0.0828671 0.0524097 0.0585959 0.0786146 0.0741186 0.094483 0.094483 
0.110055 0.116731 0.174012 0.0778204 0.0550274 0.0778204 0.113442 0.082541 0.0870059 0.0389102 
0.0726912 0.102801 0.045974 0.0947778 0.0726912 0.0947778 0.0726912 0.102801 0.123789 0.102801 
0.046259 0.0231295 0.0327101 0.180647 0.161907 0.0693885 0.0327101 0.0654201 0.0517191 0.046259 
0.167063 0.188144 0.236263 0.0737962 0.130455 0.140504 0.152135 0.130455 0.152135 0.0825067 
0.0810236 0.0710624 0.0449438 0.0710624 0.0502487 0.0502487 0.0810236 0.0635602 0.0502487 0.0224719 
0.0490703 0.0490703 0.0219449 0.0693959 0.0490703 0.0490703 0.0693959 0.0438898 0.0219449 0.0219449 
0.0444006 0.062792 0.0222003 0.0915342 0.0941879 0.0444006 0.0915342 0.0222003 0.0941879 0.0496414 
0.021978 0.0792429 0.0310816 0.0491444 0.0695006 0.0932448 0.0906177 0.0621632 0.0310816 0.021978 
0.115296 0 0.159186 0.109759 0.0407633 0.118844 0.0734871 0.17533 0.109759 0.109759 
0.0290343 0 0.102652 0.0615911 0.110559 0.129845 0.0821215 0.0459073 0.0615911 0.149463 
0.0697769 0.0697769 0.156026 0.0328931 0.0735513 0.0838614 0.0930358 0.125253 0.023259 0.0986794 
0.212035 0.106017 0.0514259 0.106017 0.0927094 0.0363636 0.0363636 0.025713 0.0363636 0.0363636 
0.150197 0.0531025 0.0531025 0.118741 0.0839625 0.109474 0.0839625 0.112648 0.0593705 0.0796538 
0.110189 0.0936428 0.166301 0.0580748 0.276084 0.183649 0.0367297 0.0734594 0.0519437 0.0259718 
0.0977193 0.0830455 0.0830455 0.0728357 0.189932 0.140102 0.115163 0.0230327 0.0830455 0.117444 
0.160078 0.145774 0.1 0.0790569 0.160078 0.111803 0.111803 0.106066 0.0901388 0.0790569 
0.575509 0.772126 0.863263 0.178458 0.673426 0 0.192205 0.112867 0.883681 0.239426 
0 0.0265162 0.0374996 0.0838517 0.0530325 0.0374996 0.0592921 0.0838517 0.0265162 0.0265162 
0.0970142 0.0744065 0.0235294 0.0848365 0.150662 0.105227 0.105227 0.0526134 0.117647 0.137199 
0.0648355 0.0966511 0.0966511 0.0966511 0.0483255 0.0483255 0.0483255 0.0216118 0.0611275 0.0483255 
0.0838614 0.0328931 0.191798 0.0465179 0.0328931 0.0838614 0.164466 0.177135 0.0328931 0.023259 
0.103712 0.125769 0.0754612 0 0.0711455 0.0503075 0.0562455 0.0251537 0.0355728 0 
0.084907 0.0526571 0.143243 0.023549 0.189858 0.120077 0.120077 0.0706469 0.0999098 0.047098 
0.0472852 0.0945703 0.105733 0.0709277 0.133743 0.0528664 0.0528664 0.0472852 0.118213 0.0747644 
0.150895 0.0784465 0.180597 0.173649 0.180597 0.204563 0.0496139 0.0248069 0.188924 0.180597 
0.0726912 0.0828808 0.022987 0.102801 0.102801 0.0514005 0.0828808 0.0514005 0.0514005 0.0726912 
0.100199 0.0876216 0.0486037 0.0243019 0.034368 0 0.0876216 0.0486037 0.0768492 0.034368 
0.124524 0.0747145 0.078756 0.211325 0.134117 0.134117 0.0556889 0.0897957 0.205371 0.159469 
0.0538187 0.08678 0.259225 0.0680759 0.0481369 0.0538187 0.0722054 0.0722054 0.0722054 0.0340379 
0.0722839 0 0.0538772 0.0538772 0.102225 0.0868744 0.034075 0.0481893 0.0761939 0.0761939 
0.0656807 0.0218936 0.0619244 0.0656807 0.157877 0.123849 0.0309622 0 0.0928866 0.0979111 
0.0492515 0.0492515 0.0696522 0.0348261 0.101535 0.11013 0.0348261 0.0696522 0.0887894 0.0985031 
0.0635441 0.0449325 0.0953162 0.0317721 0.050236 0.0449325 0.0810032 0.0317721 0.0710445 0.114556 
0.134668 0.0752817 0.138813 0.0752817 0.0532322 0.033667 0.0752817 0.0752817 0.0476123 0.0714184 
0.164106 0.11604 0.168863 0.125863 0.0398015 0.101474 0.14072 0.101474 0.0844317 0.0629317 
0.0563884 0.0563884 0.0504353 0.0252177 0.0504353 0.0504353 0.0713263 0.0563884 0.0713263 0.0713263 
0.116098 0.101525 0.101525 0.0563157 0.0629629 0.0398212 0.0890429 0.0796424 0.0890429 0.0629629 
0.0757554 0.0479119 0.129007 0 0.11978 0.0757554 0.0535672 0.023956 0.023956 0.0863744 
0.0706886 0.0901106 0.0790322 0.0901106 0.0901106 0.0558842 0.111768 0.0353443 0.0558842 0.106033 
0.0256326 0.03625 0.171949 0.0256326 0.171949 0.0924197 0 0.03625 0.128163 0.0724999 
0.968641 0.144254 0.121646 0.0775343 0.0886638 0.0860165 0.173372 0.152057 0.152057 0.0775343 
0.0536906 0.0240111 0.0990005 0 0.135828 0.0720334 0.0759299 0 0.0339569 0.0865734 
0.0816863 0.0716436 0.0453114 0.0506597 0.101319 0.09612 0.09612 0.0679671 0.0506597 0.03204 
0.0734594 0.0936428 0.0367297 0.0259718 0.0580748 0.0519437 0.0734594 0.0821302 0.0259718 0.0580748 
0.072242 0.0481613 0.136221 0.0240807 0.0340552 0.053846 0.0761497 0.168565 0.053846 0.0340552 
0.0245145 0.0245145 0.132015 0.155043 0.109632 0.0775217 0.049029 0.0883883 0.0775217 0.0693375 
0.0912725 0.136322 0.0506289 0 0.126572 0.0800512 0.11321 0.129079 0.0506289 0.0506289 
0.235831 0.111795 0.0749941 0.0558973 0.12499 0.10307 0.0749941 0.0558973 0.0749941 0.145762 
0.131533 0.083189 0.153393 0.105227 0.0948501 0.176471 0.07892 0.0372033 0.153393 0.166378 
0.0635561 0.0810185 0.0926482 0.0317781 0.150737 0.0926482 0.0926482 0.0224705 0.0502455 0.0502455 
0.147318 0.086508 0.175165 0.13949 0.0611704 0.122341 0.0611704 0.0611704 0.122341 0.13949 
0.105036 0.058717 0.26259 0.026259 0.153115 0.133895 0.058717 0.026259 0.131295 0.0787771 
0.0775049 0.0577687 0.186299 0.0816973 0.025835 0.0577687 0.025835 0.0577687 0.0730723 0.115537 
0.240107 0.113187 0.109998 0.0754583 0.16873 0.194223 0.059655 0.0843649 0.113187 0.143668 
0.175763 0.10341 0.0770772 0.0878815 0.0770772 0.0731218 0.0545018 0.156069 0.109004 0.100496 
0.756793 0.0956511 0.213882 0.0427765 0.0302475 0.12099 0.151238 0.0907426 0.270542 0.0427765 
0.131868 0.0310816 0.112066 0.021978 0.043956 0.021978 0.0659341 0.0491444 0.0792429 0.0491444 
0.0245718 0.0694996 0.143277 0.0549442 0.155406 0.122859 0.0885949 0.0694996 0.0777029 0.0347498 
0.228552 0.0304062 0.0961527 0.135981 0 0.0480764 0.0480764 0 0.0679903 0.115783 
0.025118 0.0794301 0.258606 0.103564 0.177611 0.12559 0.0794301 0.025118 0.100472 0.112331 
0.0255885 0.0255885 0.194876 0.127943 0.130476 0.137798 0.0572176 0.114435 0.0723752 0.0767655 
0.0556889 0.0498097 0.124524 0.212787 0.205371 0.174334 0.0352208 0.0352208 0.12699 0.0352208 
0.0323381 0.116597 0.114332 0.0228665 0.0685994 0.045733 0.12314 0.0824463 0.0723101 0.0824463 
0.102354 0.080918 0.127943 0.102354 0.102354 0.0922607 0.080918 0 0.080918 0.108563 
0.102086 0.078296 0.0742781 0.078296 0.0742781 0.133333 0.0495188 0.148556 0.0742781 0.0742781 
0.147194 0.0546664 0.0985513 0.0864352 0.109333 0.112698 0.109333 0.842023 0.0864352 0.0611189 
0.0505318 0.0252659 0.0505318 0.0564963 0.0798978 0.0252659 0.0252659 0.0252659 0.0714628 0.136061 
0.040923 0.104334 0.104334 0.0578738 0.081846 0.0647049 0.0915066 0.040923 0.115748 0.0868108 
0.0674157 0.0810236 0.12712 0.0810236 0.100497 0.0674157 0.0502487 0.0449438 0.0635602 0.0635602 
0.0352865 0.0557928 0.0249513 0.0352865 0.0899632 0.0499026 0.070573 0 0.0557928 0.0499026 
0.0617331 0.0390434 0.0390434 0.0276079 0.0552158 0.0390434 0.0276079 0.110432 0.11713 0.0995416 
0.0735364 0.0958797 0.0697627 0.0735364 0.0232542 0 0.093017 0.0328865 0.0465085 0.0735364 
1.02175 0.121574 0.262821 0.0549214 0.14839 0.0776706 0.0549214 0.0776706 0.111207 0.111207 
0.111586 0.105859 0.070573 0.0499026 0.078903 0.0998053 0.0899632 0.0998053 0.0352865 0.0998053 
0.196248 0.138768 0.138768 0.138768 0.0555074 0.0392497 0.0392497 0.0392497 0.124118 0.100067 
0.623509 0.0749532 0.0237023 0.0529999 0.0237023 0.0474046 0.0474046 0.0749532 0.0335201 0.0237023 
0.0933677 0.0579042 0.0258955 0.181269 0.163778 0.10677 0.0517911 0.115808 0.0579042 0.150996 
0.101966 0.107482 0.107482 0.0866546 0.0537409 0.0537409 0.0339887 0.0240337 0.0537409 0.0240337 
0.0486037 0.0243019 0.0543406 0.0243019 0.130869 0.0972074 0.0543406 0.0543406 0.0243019 0.0543406 
0.0489233 0.117823 0.0788865 0.154709 0.0978466 0.123767 0.127576 0.109396 0.0788865 0.0978466 
0.111302 0.117323 0.0262342 0.0586614 0.0371007 0.0829597 0.0787025 0.0945886 0.0945886 0.0586614 
0.0407189 0.0910503 0.128765 0.103813 0.0863779 0.0287926 0.0287926 0.0643823 0.0643823 0.0407189 
0.148992 0.120476 0.157353 0.0413228 0.148992 0.0584393 0.0292197 0.0292197 0.116879 0.0413228 
0.113547 0.10235 0.113547 0.0897665 0.10235 0.0283866 0.0401448 0.0634745 0.0634745 0.0634745 
0.03204 0.0716436 0.0506597 0.113279 0.0453114 0.0453114 0.0716436 0.0506597 0.03204 0.0906228 
0.0603847 0.0603847 0.157464 0.108019 0.0853968 0.145426 0.0763812 0.0381906 0.0381906 0.108019 
0.0580748 0.0779155 0.107085 0.0367297 0.0936428 0.0936428 0.0367297 0.0519437 0.103887 0.0259718 
0.0595458 0.0595458 0.134803 0.0842105 0.105263 0.0421053 0.133149 0.0631579 0.0868022 0.164426 
0.700843 0.131547 0.0815817 0.207993 0.131547 0.115374 0.057687 0.0364844 0.0257984 0.150429 
0.0974451 0.0544735 0.0544735 0.0487226 0.0878358 0.0730838 0.0974451 0.100444 0.0544735 0.0544735 
0.0481788 0.122832 0.0761774 0.13627 0.0340675 0.0481788 0.0340675 0.0538655 0.0868555 0.0868555 
0.0564963 0.107194 0.0757977 0.0910975 0.0910975 0.0714628 0.0714628 0.0505318 0.0910975 0.107194 
0.0499938 0.0999875 0.0921839 0.0223579 0.0670737 0.0316188 0.114003 0.0316188 0.0948565 0.0447158 
0.898669 0.092968 0.0415765 0.145221 0.12473 0.226201 0.108418 0.0371872 0.0371872 0.0185936 
0.117444 0.0664364 0.117444 0.117444 0.199309 0.0664364 0.126491 0.0846901 0.0469776 0.0525226 
0.107085 0.11615 0.129859 0.0580748 0.155831 0.107085 0.0519437 0.0580748 0.0821302 0.0821302 
0.022445 0.0709773 0.0809266 0.112225 0.15871 0.0501886 0.100377 0.022445 0.0501886 0.022445 
0.135271 0.202907 0.220205 0.128329 0.211733 0.243863 0.218118 0.278868 0.218118 0.230358 
0.0571662 0.0571662 0.0571662 0.0361551 0.0808452 0.0255655 0.0255655 0.051131 0.0361551 0.051131 
0.0816078 0.0640184 0.0933221 0.050611 0.0640184 0 0.0715748 0.135804 0.0226339 0.0933221 
0.0255072 0.0360727 0.180363 0.0360727 0.114072 0.0510144 0.0570359 0.0255072 0.0255072 0.0806609 
0.0255384 0.0510768 0.114211 0.09208 0.102154 0.0510768 0.0255384 0.0510768 0.0361167 0.10835 
0.0347498 0.0245718 0.132323 0.0549442 0.0245718 0.104249 0.0777029 0.0347498 0.0885949 0.0491436 
0.103564 0.0561656 0.150708 0.025118 0.0710445 0.0355222 0.0355222 0.0355222 0.106567 0.050236 
0.0673387 0.0532359 0.119039 0.0714235 0.0714235 0.0858404 0.0532359 0 0.0532359 0.0981622 
0.128195 0.0810774 0.153834 0.0362589 0.130733 0.114661 0.0810774 0.0924424 0.128195 0.0924424 
0.02345 0.0469001 0.0741555 0.0663267 0.157308 0.0331633 0.0663267 0.0469001 0.02345 0.0331633 
0.075418 0.0843199 0.143592 0.0533286 0.113127 0.0596232 0.0843199 0.0266643 0.037709 0.0961395 
0.0224592 0.0673775 0.0809776 0.0710221 0.127048 0.0926015 0.0635241 0.0635241 0.0502202 0.10044 
0.14901 0.0808122 0.218343 0.0361403 0.171429 0.137618 0.0766652 0.0255551 0.130306 0.0571429 
0.134619 0.024998 0.174986 0.0707052 0.0558973 0.024998 0.0790508 0.0499961 0.0749941 0.0558973 
0.646335 0.153246 0.161846 0.0212514 0.123916 0.0475195 0.095039 0.0475195 0.0475195 0.0425027 
0.0865647 0.0612105 0.112867 0.0547483 0.0865647 0.0986989 0.0612105 0.0865647 0.0612105 0.0612105 
0.111138 0.030824 0.157172 0.092472 0.092472 0.0217959 0.0898666 0.146211 0.111138 0.0898666 
0.0216043 0.0305531 0.0916592 0.0216043 0.0778953 0.0648128 0.204956 0.108021 0.0216043 0.0216043 
0.149367 0.0222662 0.13544 0.089065 0.0704121 0.149367 0.111331 0.0497888 0.0918061 0.0802821 
0.0993563 0.0496781 0.0496781 0.0496781 0.0222167 0.0628384 0.091602 0.0222167 0.0496781 0.0314192 
0.0203027 0.0453983 0.0642029 0.101514 0.0609082 0.128406 0.143562 0.101514 0.0642029 0.0642029 
0.124973 0.0294564 0.192032 0.0465746 0.0858794 0.117826 0.0658665 0.0658665 0.0658665 0.0465746 
0.0762924 0.0359646 0.056865 0.101723 0.0359646 0.0762924 0.0804193 0.127154 0.0508616 0.0804193 
0.0948829 0.105263 0.0832178 0.0372161 0.0588439 0.0526316 0.131579 0.105263 0.0832178 0.105263 
0.155505 0.119061 0.119061 0.0645699 0.0645699 0.147242 0.0645699 0.115506 0.0866296 0.182631 
0.0958279 0.0232417 0.0734966 0.0734966 0.12516 0.0734966 0.0464834 0.0657374 0.10394 0.141374 
0.112446 0.0818165 0.112446 0.0385687 0.115706 0.0818165 0.0272722 0.0862422 0.0272722 0.0609824 
0.031893 0.0813116 0.191358 0.071315 0.164179 0.071315 0.071315 0.0813116 0.112759 0.100855 
1.02126 0.0901317 0.12499 0.0558973 0.106058 0.0558973 0.0499961 0.12499 0.0999922 0.134619 
0.0697527 0.0889176 0.125748 0.0246613 0.0246613 0.0348764 0.174382 0.0551444 0.0493226 0.123307 
0.0898863 0.04986 0.0997199 0.0788355 0.11149 0.0788355 0.0557451 0.0788355 0.0705126 0.0352563 
0.111331 0.0314892 0.0222662 0.160564 0.191542 0.133597 0.0497888 0.0445325 0.155864 0.179516 
0.188292 0.101204 0.196483 0.101204 0.0627641 0.028069 0.0887619 0.140345 0.0887619 0.0627641 
0.124912 0.0558624 0.0353305 0.0558624 0.105992 0.0790014 0.070661 0.070661 0.134535 0.124912 
0.030612 0.0684506 0.043292 0.136901 0.131667 0.0780457 0.0612241 0.0684506 0.030612 0.0892487 
0.0978301 0.0530558 0.106112 0.106112 0.0530558 0.106112 0.0671109 0.0530558 0.0530558 0.0474546 
0.033782 0.0861277 0.128638 0.0984907 0 0.075539 0.0861277 0 0.0534141 0.0534141 
0.0827933 0.0726145 0.167171 0.114814 0.0726145 0.133895 0.0324742 0.0726145 0.185131 0.117087 
0.953012 0.692089 0.130541 0.0959754 0.15175 0.184612 0.0429215 0.0214608 0.130541 0.137416 
0.166206 0.108353 0.0947518 0.131397 0.260153 0.183956 0.0788382 0.159851 0.23505 0.153234 
0.0792381 0.0491414 0.0932392 0.0906122 0.133679 0.0792381 0.0906122 0.0879068 0.0792381 0.0310797 
0 0.0246444 0.0551067 0.104558 0.0246444 0.0779326 0.0492889 0.069705 0.0492889 0.0348525 
0.129678 0.072242 0.0868241 0.0868241 0.0992871 0.122788 0.102166 0.0240807 0.129678 0.0481613 
0.0725238 0.105721 0.102564 0.0769231 0.09245 0.105721 0.0769231 0.0512821 0.102564 0.0573351 
0.11047 0.0968889 0.030639 0.0685108 0.18637 0.137022 0.0968889 0.0433301 0.0968889 0.0968889 
0.123652 0.0651704 0.11658 0.125358 0.396416 0.0743057 0.0460825 0.0651704 0.0291451 0.0582902 
0.104892 0.0938182 0.207675 0.0663395 0.140727 0.122324 0.0629351 0.0629351 0.106969 0.106969 
0.129695 0.0935246 0.11005 0.0366834 0.103756 0.0580015 0.0733667 0.0820265 0.0820265 0.0580015 
0.0844213 0.107616 0.107616 0.107616 0.107616 0.149237 0.0422106 0.0844213 0.107616 0.107616 
0.122112 0.112582 0.13923 0.0863466 0.13923 0.112582 0 0.0772307 0.0863466 0.0386154 
0.0565912 0.0253083 0.147572 0.0565912 0.0357914 0.0565912 0.0565912 0.0357914 0.0565912 0.075925 
0.080517 0.0636543 0.127309 0.117373 0.0636543 0.102639 0.0569341 0.0402585 0.0636543 0.0854011 
0.0486102 0.0217391 0.0687452 0.110848 0.158263 0.0486102 0.0486102 0.0486102 0.122975 0.139198 
0.11977 0.0234888 0.0742781 0.0469776 0.0846901 0.0846901 0.0846901 0.0234888 0.166091 0.0664364 
0.128585 0.0252177 0.15949 0.0797452 0.100871 0.106989 0.0909235 0.0909235 0.15949 0.0909235 
0.0804258 0.0568696 0.104862 0.0568696 0.0508657 0.0359675 0.0762986 0.0568696 0.148298 0.071935 
0.0674919 0.106714 0.219997 0.0533571 0.0983855 0.0754583 0.150917 0.023862 0.121673 0.106714 
0.0723996 0.068259 0.146797 0.107927 0.0482664 0.102388 0.0870135 0.0723996 0.0341295 0.107927 
0.0529367 0.023674 0.0529367 0.0334801 0.202271 0.0529367 0.0748639 0.0748639 0.0529367 0.0710221 
0.10511 0.10511 0.0743243 0.0525552 0.119844 0.0847427 0.0940136 0.0470068 0.0525552 0.0847427 
0.0742781 0.0525226 0.0742781 0.0234888 0.0525226 0.0525226 0.0939552 0.0234888 0.0664364 0.0704664 
0.100088 0.03433 0.121375 0.024275 0.10299 0.10299 0.0767643 0.0875247 0.10299 0.0875247 
0.0797452 0.0594386 0.380593 0.0265817 0.187961 0.16169 0.0265817 0.0265817 0.193518 0.109599 
0.150917 0.0533571 0.106714 0.0266785 0.162279 0.059655 0.0266785 0.0377291 0.0843649 0.0961908 
0.185733 0.125025 0.196999 0.0519139 0.155742 0.290903 0.0734174 0.116083 0.125025 0.0519139 
0.13314 0.0494468 0.0891415 0.0891415 0.0247234 0.156365 0.104893 0.139857 0.0891415 0.156365 
0.0508657 0.0508657 0.170609 0.0508657 0.104862 0.071935 0.0568696 0.113739 0.0916995 0.0568696 
0.0595954 0.0595954 0.107437 0.0421403 0.0666297 0 0.107437 0.0595954 0.0842806 0.0942286 
0.0612105 0.0547483 0.0547483 0 0.244842 0.0547483 0.0273742 0.0273742 0.0612105 0.0387129 
0.0868555 0.0481788 0.0761774 0.0240894 0.0993231 0.107731 0.0240894 0.0481788 0.120447 0.0538655 
0.0266785 0.0377291 0.192382 0.0266785 0.11931 0.059655 0.0266785 0.113187 0.155561 0.059655 
0.142084 0.0589973 0.134535 0.0951303 0.0834348 0.0951303 0.0834348 0.0373132 0.134535 0.105538 
0.0673387 0 0.0476157 0.0532359 0.0858404 0.0532359 0.0238078 0.0476157 0.0532359 0.0532359 
0.0742781 0.0469776 0.193694 0.105045 0.21009 0.136962 0.0742781 0.105045 0.222834 0.148556 
0.0846901 0.0742781 0.0968468 0.0525226 0.0742781 0.0742781 0.0469776 0.0469776 0.166091 0.0469776 
0.0525588 0.0587626 0.0525588 0.0262794 0.117525 0.111494 0.0525588 0 0.0587626 0 
0.0900755 0 0.103005 0.0499649 0.105992 0.0900755 0.0558624 0.0558624 0.0900755 0.0353305 
0.0790322 0.0558842 0.0790322 0.124961 0.145728 0.0353443 0.0558842 0.0249922 0.160028 0.0749766 
0.036582 0 0.131898 0.036582 0.1393 0.0517347 0.0258674 0.106654 0.109746 0.036582 
0.1132 0.0496414 0.2264 0.0702035 0.0800443 0.0915342 0.0800443 0.0222003 0.177602 0.0915342 
0.09205 0.09205 0.105263 0.0255301 0.0807332 0.12765 0.0807332 0.12765 0.0807332 0 
0.200303 0.0389102 0.198404 0.0275137 0.099202 0.0275137 0.0550274 0.113442 0.137568 0.0870059 
0.0513496 0.0726193 0.133903 0.0459285 0.165598 0.094684 0.0513496 0.0324764 0.097429 0.117095 
0.141495 0.0371583 0.108334 0.117505 0.0525498 0.0788246 0.0587524 0.0830885 0.111475 0.108334 
0.0739333 0.0246444 0.101612 0.0739333 0.143701 0.155865 0.0985778 0.0779326 0.155865 0.0888568 
0.125769 0.0251537 0.103712 0.2373 0.135457 0.0562455 0.0562455 0.112491 0.103712 0.106718 
0.866199 0.0192299 0.0961494 0.112129 0 0.0192299 0.0792868 0.0980535 0.0543903 0.0980535 
0.03447 0 0.0770772 0.0770772 0.0243739 0.03447 0.0487479 0.03447 0.10341 0.109004 
0.091163 0.0715141 0.128924 0.0252841 0.128924 0.0565369 0.101136 0.0565369 0.169611 0.128924 
0.675454 0.0827517 0.117029 0.130842 0.117029 0.0925193 0.0585143 0.0292572 0.0413759 0.124128 
0.0256326 0.0256326 0.10875 0.0512652 0.0810574 0 0.0573162 0.0256326 0 0.0724999 
0.0558842 0.0249922 0.103045 0.0249922 0.0901106 0.0499844 0.0353443 0.0790322 0.145728 0.0790322 
0.0770371 0.034452 0.0974451 0.0243613 0.154074 0.100444 0.0689041 0.0487226 0.131189 0.0243613 
0.100826 0.0546807 0.210361 0.024454 0.12227 0.0489079 0.0773302 0.0691663 0.103749 0.0489079 
0.0811033 0.0764649 0.137849 0.135172 0.164444 0.0764649 0.0604508 0.0604508 0.0764649 0.164444 
0.0722682 0.0761774 0.129725 0.0761774 0.120447 0.140464 0.0761774 0.0722682 0.154247 0.0868555 
0.127475 0.025 0.0790569 0.0790569 0.175 0.025 0.0559017 0.0559017 0.0353553 0.0559017 
0.306786 0.0677577 0.107134 0.206077 0.191648 0.151511 0.23956 0.364886 0.197546 0.227266 
0.113428 0.0253632 0.170142 0.0717381 0.0567139 0.0507265 0.035869 0.0253632 0.104575 0.035869 
0.0696498 0.0464332 0.125025 0 0.0957245 0.0837087 0.0696498 0.0464332 0.0734174 0 
0.124757 0.0748539 0.225944 0.070573 0.078903 0.0557928 0.078903 0.0249513 0.105859 0.105859 
0.0376455 0.0376455 0.207904 0.0376455 0.135733 0.109755 0.159716 0.075291 0.252534 0.0841779 
0.105859 0.0557928 0.124757 0.0249513 0.0557928 0.078903 0.0998053 0.0249513 0.070573 0.134367 
1.19152 0.0269069 0.0538138 0.0850871 0.0269069 0.0380521 0.0601657 0.0761042 0.0269069 0.0601657 
0.107482 0.0760011 0.163447 0.120168 0.161223 0.190003 0.0806114 0.0600842 0.204639 0.107482 
0.0496781 0.113284 0.0942576 0.0666502 0.0314192 0.0314192 0.160207 0.0628384 0.0702555 0.0801036 
0.0485858 0.0768209 0.240487 0 0.194343 0.0971716 0.141651 0.0971716 0.208975 0.108641 
0.0580357 0.0259543 0.0820748 0.077863 0.0259543 0.0519087 0.0259543 0.0519087 0.0820748 0.077863 
0.0215054 0.0480875 0.107527 0.0608264 0.11581 0.0645161 0.0775387 0.0886689 0.0215054 0.0215054 
0.0374437 0.0748875 0.15886 0.132384 0.0592037 0.187219 0.0954632 0.0264767 0.118407 0.109166 
0.127436 0.0353443 0.152022 0.0558842 0.0558842 0.0558842 0.103045 0.0558842 0.0749766 0.0558842 
0.864592 0.0758947 0.208614 0.0357771 0.101193 0.182428 0.08 0.0252982 0.161988 0.0505964 
0.0750322 0.0335554 0.180702 0.0671109 0.106112 0.118636 0.0855499 0.0237273 0.106112 0.0237273 
0.153551 0.0875376 0.0971143 0.0343351 0.123797 0.100103 0.100103 0.0485571 0.0542885 0.0542885 
0.207635 0.0935797 0.270971 0.0519087 0.235027 0.157874 0.110115 0.116071 0.183525 0.0935797 
0.111049 0.133259 0.0222099 0.113249 0.0993256 0.0222099 0.0915737 0.155469 0.0702338 0.0496628 
0.0246744 0.0246744 0.101735 0.0348949 0.0493489 0.0551737 0.0780274 0.0348949 0.0780274 0.0551737 
0.210905 0.020201 0.0638811 0.186244 0.162866 0.101005 0.0638811 0.0903416 0.040402 0.0903416 
0.176639 0.0263318 0.153539 0.141801 0.0789953 0.117759 0.0588796 0.0949405 0.153539 0.0744774 
0.245855 0.0533333 0.0596285 0.0266667 0.143604 0.106667 0.0596285 0.0843274 0.0596285 0.0843274 
0.023674 0.0748639 0.167401 0.10044 0.142044 0.0976105 0.0473481 0.023674 0.11837 0.0748639 
0.115374 0.057687 0.131547 0.0257984 0.0815817 0.128992 0.128992 0.115374 0.0729689 0.0257984 
0.0472159 0.0667734 0.127133 0.0944319 0.143602 0.120377 0.11804 0.0746549 0.0333867 0.0333867 
0.056555 0.104282 0.126461 0.056555 0.0758765 0.0357685 0.071537 0.0505843 0.101169 0.056555 
0.0544371 0.0730351 0.0730351 0.024345 0.0769857 0.121725 0.100377 0.024345 0.0486901 0.024345 
0.116279 0.0520016 0.139535 0.0328887 0.0735413 0.0735413 0.0958862 0.0735413 0.0657774 0.0232558 
0.126992 0.0224492 0.0634961 0.0448985 0.0709908 0.031748 0.050198 0.0925606 0.050198 0.050198 
0.136526 0.122112 0.193077 0.198785 0.0273052 0.0386154 0.109221 0.0984502 0.0610562 0.136526 
0.0984997 0.0734174 0.0734174 0.185733 0.0928664 0.118382 0.0464332 0.0232166 0.0519139 0.0656665 
0.03625 0.162115 0.130701 0.0924197 0.0256326 0.0810574 0.130701 0.0573162 0.10253 0.0512652 
0.11782 0.130709 0.198768 0.0653546 0.219206 0.0980319 0.146137 0.138638 0.0730687 0.0653546 
0.0499376 0.0789583 0.0900263 0.0249688 0.055832 0.0499376 0.0249688 0.0249688 0.111664 0.0249688 
0.120798 0.131024 0.207168 0.14649 0.0655122 0.0655122 0.0585959 0.105635 0.165734 0.120798 
0.037709 0.0843199 0.119246 0.0961395 0.037709 0.0596232 0.0596232 0.0961395 0.0596232 0.0799929 
0.0889988 0.125863 0.143506 0.0398015 0.0844317 0.101474 0.125863 0.0281439 0.0889988 0.0398015 
0.0753481 0.0561612 0.128067 0.0905572 0.0561612 0.0561612 0.0753481 0.0710389 0.103556 0.0561612 
0 0.0580748 0.0821302 0.0259718 0.0936428 0.0936428 0.0259718 0.0259718 0.0734594 0.0259718 
0.0262953 0.131477 0.131477 0.0587981 0.131477 0.117596 0.0788859 0.108418 0.0525906 0.0587981 
0.229802 0.0685138 0.0685138 0.0342569 0.054165 0.054165 0.0998752 0.0484466 0.054165 0.0342569 
0.131111 0.0727273 0.0363636 0.106017 0.057496 0.057496 0.0813116 0.0514259 0.057496 0.0363636 
0.152603 0.152603 0.215813 0.0261712 0.117041 0.148047 0.111035 0.107907 0.0585206 0.107907 
0.0718132 0.0802896 0.10772 0.113547 0.152339 0.148047 0.0359066 0.0253898 0.126949 0.0915442 
0.0693005 0.0730492 0.0730492 0 0.0980057 0.0326686 0.0952444 0.0231002 0.0653372 0.0326686 
0.0750983 0.095732 0.0839625 0.0593705 0.109474 0.118741 0.0593705 0.0265513 0.132756 0.178111 
0.0988936 0.075848 0.129164 0.0479705 0.0536326 0.0678405 0.0239852 0.0536326 0.075848 0.0479705 
0.0923817 0.114585 0.0256221 0.0724702 0.162048 0.0810241 0.0362351 0.0572927 0.0512442 0.0572927 
0.0858404 0.106472 0.106472 0.0858404 0.0714235 0.0714235 0.0336694 0.0336694 0 0.075287 
0.0249922 0 0.0706886 0.0558842 0.0706886 0.0249922 0 0.106033 0.106033 0.0901106 
0.105934 0.0749064 0 0.0789583 0.127316 0.0249688 0.0249688 0.0706225 0.0749064 0.102949 
0.0265513 0.132756 0.095732 0.159308 0.161505 0.0593705 0.132756 0.142983 0.0375492 0.0593705 
0.0387419 0.147525 0.0774839 0.159737 0.0387419 0.0612564 0.0387419 0.0387419 0.112951 0.0866296 
0.0588388 0.052627 0.0372129 0.111639 0.111639 0.0588388 0.0372129 0 0.0588388 0.0744259 
0.0603462 0.0539753 0.0603462 0.0269876 0.0603462 0.0381663 0.0381663 0.0603462 0.0539753 0.0853424 
0.0237273 0.0530558 0.0750322 0.0671109 0.0237273 0.0335554 0.0530558 0.0335554 0.0530558 0.0855499 
0.0772731 0.081453 0.131339 0.128789 0.081453 0.115192 0.0257577 0.0364269 0.0728538 0.0728538 
0.0454252 0.0227126 0.0681378 0.16535 0.0818915 0.132436 0.0321205 0.0936465 0.145432 0.122311 
0.0901317 0.0353526 0.0901317 0.0707052 0.12499 0.111795 0.024998 0.024998 0.111795 0.10307 
0.0688581 0.124136 0.14607 0.0730351 0.277576 0.153971 0.0544371 0.0730351 0.14607 0.108874 
0.0506167 0.113182 0.126542 0.126542 0.101233 0.0506167 0.0253083 0.0565912 0.0715828 0.075925 
0.100534 0.0689655 0.097532 0.0344828 0.142176 0.054522 0.0879141 0.054522 0.054522 0.0344828 
0.175221 0.0680759 0.129613 0.0761111 0.0761111 0.0722054 0.0340379 0.0481369 0.0761111 0.122726 
0.0681104 0.0681104 0.053846 0.0963226 0.0681104 0.0340552 0.0481613 0.0340552 0.053846 0.0761497 
0.126823 0.0994883 0.13394 0.159259 0.151291 0.0248721 0.0497442 0.0556157 0.0556157 0.13394 
0.192016 0.080961 0.0572481 0.0905172 0.145955 0.103205 0.103205 0.181034 0.0404805 0.0905172 
0.0439322 0.0439322 0.138926 0.0439322 0.0931942 0.0310647 0.0310647 0 0.0439322 0.155324 
0.107384 0.0823596 0.0736647 0.0260444 0.130222 0.107384 0.0520888 0 0.0939044 0.0582371 
0.0740515 0.0551947 0.148103 0.110389 0.150146 0.187986 0.0551947 0.139633 0.197471 0.0780571 
0.13761 0.0973053 0.0539753 0.0809629 0.0539753 0.0853424 0.0269876 0.0269876 0.120692 0.114499 
0.143361 0.0453347 0.122067 0.13788 0.181339 0.0934599 0.0320565 0.0453347 0.0506857 0.101371 
0.100212 0.0501058 0.134914 0.182388 0.2801 0.05602 0.0501058 0.0708603 0.0708603 0.103296 
0.2823 0.274036 0.385563 0.45654 0.446356 0.416149 1.10242 0.560514 0.45654 0.175075 
0.123119 0.123119 0.125558 0.0550607 0.123119 0.101527 0.110121 0.0778676 0.0778676 0.0550607 
0.0434757 0.0614839 0 0.0972146 0.108689 0.0217378 0.0869514 0.0687411 0.0687411 0.0434757 
0.0943616 0.0785136 0.0827606 0.0370117 0.0370117 0.0261712 0.0370117 0.0523424 0.0740233 0.0585206 
0.0542127 0.0242447 0.130561 0.0342871 0.141369 0.0874153 0.0484893 0.0685742 0.0766683 0.0342871 
0.0749321 0.052985 0.127605 0.0335107 0.0710869 0.0335107 0.0335107 0.052985 0.0473912 0.0473912 
0.0843799 0 0.220036 0.0533666 0.208403 0.0800498 0.0754717 0.0754717 0.0596656 0.0843799 
0.101743 0.0551779 0.125825 0.0348976 0.198947 0.0780334 0.0697952 0.0551779 0.0348976 0 
0 0.0481056 0.154013 0.0537837 0.0481056 0.129528 0.0991722 0.0481056 0.0340158 0.0760616 
0.0327473 0.051778 0.186688 0.0834896 0.180853 0.135021 0.0327473 0.051778 0.0732252 0.0732252 
0.0470295 0.0470295 0.0969539 0.0235148 0.0470295 0.0332549 0.0743602 0.0332549 0.0525806 0.0235148 
0.157096 0.0702555 0.0801036 0 0.111084 0.0993563 0.0444335 0.0314192 0.0628384 0.0702555 
0.0552073 0.0246895 0.049379 0.0246895 0.101797 0.0890192 0.0740684 0.0246895 0.0552073 0.049379 
0.0987579 0.15809 0.101797 0.0890192 0.0552073 0.0987579 0.078075 0.125892 0.078075 0.0349162 
0.093473 0.0842554 0.116841 0.052253 0.177967 0.0467365 0.116841 0.0330477 0.052253 0.0738969 
0.0687434 0.0458289 0.188957 0.0512383 0.165238 0.0944787 0.0916578 0.0229145 0.116841 0.0458289 
0.0240964 0.0761995 0.0868808 0.0761995 0.0868808 0.0240964 0.122868 0.0722892 0.0538812 0.0761995 
0.11056 0.0494438 0.128934 0.119076 0.0699241 0.093813 0.125084 0.0797257 0.031271 0.0663358 
0.107482 0 0.120168 0.0537409 0.122548 0.120168 0.0240337 0.752757 0.107482 0.0760011 
0.082603 0.0229099 0.165206 0.0512282 0.11455 0.0229099 0.0944601 0.0323996 0.082603 0.0916398 
0.409105 0.270344 0.0270344 0.145585 0.0382325 0.097474 0.0764649 0.181352 0.114697 0.145585 
0.058717 0.0946783 0.153115 0.141409 0.0371359 0.058717 0.111408 0.0830383 0.0787771 0.0946783 
0.137829 0.0215253 0.048132 0.0861012 0.048132 0.0430506 0.107626 0.0304414 0.0430506 0.068069 
0.0707107 0.0707107 0.025 0.0901388 0.0901388 0.103078 0.05 0.05 0.134629 0.111803 
0.0891415 0.110566 0.110566 0.13314 0.0781823 0.123617 0 0.101937 0.126065 0.179989 
0 0 0.204611 0.13362 0.193793 0.124063 0.105271 0.110966 0.102305 0.188968 
0.0780274 0.0246744 0.0551737 0.088965 0.0740233 0.0348949 0.125815 0 0.0697899 0.0697899 
0.863365 0.0578412 0.115682 0.103469 0.0578412 0.0776021 0.181071 0.0578412 0.150831 0.0817998 
0.043353 0.0306552 0.126394 0.0893744 0.068547 0.068547 0.0867059 0.043353 0.0781556 0.0919655 
0.07732 0.0303274 0.130443 0.0606548 0.135628 0.135628 0.128668 0.0678141 0.0678141 0.07732 
0.0302718 0.0478639 0.0478639 0.0214054 0.260408 0.0478639 0.0478639 0.0214054 0.0214054 0.0428108 
0.0709015 0.0951243 0.180764 0.225328 0.337062 0.114325 0.0924442 0.0501349 0.0709015 0.0709015 
0.0500587 0.125147 0.0559673 0.0791497 0.075088 0.0902446 0.0902446 0.150176 0.0353968 0.0791497 
0.0447633 0.0447633 0.0633049 0.0316525 0.13429 0.0500469 0.0806983 0.0500469 0.067145 0.0707771 
0.089237 0.0553425 0.110685 0.0247499 0.0553425 0.0553425 0.089237 0.110685 0.0247499 0.0742497 
0.0515026 0.0325731 0.0728357 0.175412 0.124035 0.0230327 0.0830455 0.0460653 0.0460653 0.0830455 
0.0831531 0.0525906 0.0743744 0.13408 0.191433 0.200259 0.0587981 0.0262953 0.176394 0.185936 
0.0740684 0.0552073 0.125892 0.0890192 0.0890192 0.078075 0.0890192 0.0349162 0.101797 0.0552073 
0.0518302 0.0463583 0.115896 0.0655606 0.0518302 0.0983408 0.10366 0.0518302 0.0732989 0.0835736 
0.0654576 0.0654576 1.1346 0.158846 0.243946 0.146368 0.0487892 0.0689983 0.139711 0.111256 
0.102861 0.0342871 0.0999633 0.0685742 0.162638 0.121223 0.0484893 0.0242447 0.141369 0.0874153 
0.0602093 0.0425744 0.0425744 0.0190398 0.0785033 0.0807792 0.0970846 0.0686492 0.0686492 0.0807792 
0.0952111 0.0476056 0.166619 0.0532246 0.0673244 0.0714083 0.0858221 0.0336622 0.138793 0.0858221 
0.0908153 0.106862 0.0796503 0.112643 0.100751 0.0563213 0.0712414 0.0251876 0 0.0356207 
0.0550065 0.0347892 0.125434 0.173946 0.0491993 0.104368 0.0695784 0.0695784 0.0245997 0.110013 
0.155747 0.0660779 0.0908153 0 0.112311 0.0696522 0.0492515 0.0440519 0.022026 0.0440519 
0.108681 0.121509 0.0876216 0.100199 0.0486037 0.17184 0.103104 0.100199 0.0543406 0.0768492 
0.0866859 0.068002 0.175031 0.0240424 0.152057 0.107521 0.0991292 0.0537603 0.0480847 0.0760286 
0.253664 0.137568 0.192596 0.0275137 0.247623 0.235077 0 0.7555 0.200303 0.198404 
0.0470751 0.0297729 0.0759063 0.0421053 0.0893187 0.0470751 0.0665743 0.0297729 0.0665743 0.0893187 
0.0525552 0.0235034 0.0525552 0.0235034 0.0525552 0.0332388 0.0940136 0.0332388 0.0743243 0.0743243 
0.0397602 0.0628664 0.127295 0.140573 0.0795204 0.119281 0.0628664 0.0628664 0.0994004 0.151402 
0.11056 0.0494438 0.0797257 0.093813 0.119076 0.125084 0.112749 0.0988876 0.0911698 0.0988876 
0.0490969 0.0310516 0 0.0490969 0.0310516 0.0490969 0.0490969 0.0219568 0.0490969 0.0219568 
0.0475652 0.0531795 0.0475652 0.0531795 0.0237826 0.0531795 0.0237826 0.0531795 0.0752071 0.0336336 
0.0344904 0.0879337 0.0344904 0.100556 0.121942 0.0879337 0.0879337 0.0487769 0.0731653 0.0243884 
0.0981066 0.0336503 0.0713831 0.134601 0.152358 0.0713831 0.0673006 0.0336503 0.0532058 0.0673006 
0.0479119 0.023956 0.107134 0.0535672 0.0535672 0.098773 0.0718679 0.0535672 0.0863744 0.0535672 
0.0488496 0.0546155 0.460846 0.418085 0.863546 0.208685 0 0.0546155 0.100706 0.138167 
0.070167 0.0843303 0.104599 0.104599 0.0843303 0.0843303 0.0964354 0.140334 0.070167 0.0843303 
0.0311042 0.021994 0.0659819 0.0439879 0.0793004 0.09836 0.0906834 0.04918 0.069551 0.0439879 
0.0324764 0.0324764 0.0324764 0.0229642 0.094684 0.0459285 0.0513496 0.0324764 0.094684 0.0649527 
0.0973381 0.0333867 0.0851197 0.0746549 0.137657 0.052789 0.0746549 0.0472159 0.0708239 0.023608 
0.107902 0.0804258 0.0568696 0.0804258 0.127164 0 0.0508657 0.0254329 0.0916995 0.0254329 
0.0996461 0.140921 0.148829 0 0.0617979 0.0390844 0.0276369 0.0781688 0.0996461 0.0996461 
0.0821995 0.0367607 0.0821995 0.0259938 0.0937218 0.0259938 0.0581238 0.0519875 0.0735215 0.0367607 
0.10235 0.0634745 0.117041 0.0634745 0.0634745 0.0283866 0.0897665 0.0567733 0.0283866 0.0401448 
0.0968828 0.0760011 0.169944 0.0268705 0.0760011 0.0600842 0.0760011 0.0268705 0.0268705 0.0268705 
0.089004 0.0610562 0.233495 0.453833 0.29361 0.110071 0.0863466 0.0431733 0.0215866 0.136526 
0.0459013 0.0459013 0.114753 0.0229506 0.114753 0.0324571 0.0725763 0.0324571 0.102638 0.0946279 
0.0556243 0.0556243 0.12438 0.0248759 0.102566 0.0556243 0.0351799 0.0248759 0.0556243 0.111249 
0.0495339 0.0553806 0.123835 0.0495339 0.123835 0.0350258 0.024767 0.0743009 0.102117 0.126287 
0.0985778 0.0985778 0.132714 0.0348525 0.069705 0.0246444 0.0492889 0.0246444 0.0246444 0.0551067 
0.0348103 0.0887491 0.149725 0.0738437 0.179197 0.0348103 0.101488 0.101488 0.123073 0.0887491 
0.108705 0.0572927 0.0572927 0.114585 0.0572927 0.0810241 0.0923817 0.0362351 0.0810241 0.0512442 
0.0946431 0.0529071 0.105814 0.165625 0.0975559 0.118304 0.0236608 0.0473215 0.0529071 0.0529071 
0.0451035 0.0504273 0.0902071 0.100855 0.0504273 0.0451035 0.0676553 0.0504273 0.071315 0.144402 
0.0520016 0.0657774 0.139535 0.0232558 0.135604 0.0520016 0.0520016 0.0735413 0.0735413 0.0930233 
0.0819391 0.0508164 0.0642783 0.0681774 0.152449 0.0681774 0.0321391 0.0227258 0.0718653 0.101633 
0.111077 0.0351256 0.223538 0.0351256 0.149025 0 0.0702512 0.0496751 0.0785432 0.0555384 
0.075848 0.0719557 0.197787 0.08648 0.107265 0.0536326 0.0239852 0 0.101761 0.0988936 
0.0741702 0 0.126065 0.0699284 0.0552832 0.0781823 0.0247234 0 0.123617 0.0552832 
0.0775101 0.0245108 0.131995 0.101061 0.202122 0.0735325 0.0548079 0.15502 0.0735325 0.0883751 
0.118972 0.0532058 0.0532058 0.0857918 0.138744 0.100951 0.0673006 0.0951774 0.0532058 0.0673006 
0.0816863 0.0906228 0.0816863 0.0506597 0.0453114 0.113279 0.132104 0.0716436 0.113279 0.12816 
0.0479105 0.0677557 0.0479105 0.0479105 0.183066 0.0303013 0.137195 0.0606026 0.0303013 0.0909039 
0.175075 0.0998082 0.223178 0.0276818 0.17725 0.0618984 0.123797 0.0998082 0.149071 0.117444 
0.153004 0.0503075 0.159086 0.0795431 0.128259 0.125769 0.0906931 0 0.128259 0.0906931 
0.0495803 0.044346 0.0627147 0.066519 0.0914216 0.0991607 0.0914216 0.0495803 0.0799459 0.134873 
0.0382185 0.0270246 0.0270246 0.0604287 0.0540491 0.0382185 0.0270246 0.0270246 0.0270246 0.0974384 
0.0969401 0.068547 0.108382 0.108382 0.0613103 0.0893744 0.108382 0.0893744 0.068547 0.0919655 
0.0664272 0.0234856 0.0846784 0.0469711 0.0968335 0.117428 0.0525153 0.0332136 0.0846784 0.0968335 
0.0321391 0.0937009 0.101633 0.0718653 0.0909032 0.0681774 0.145516 0.115879 0.0718653 0.132513 
0.118303 0.0440888 0.0881776 0.0197171 0.0557684 0.0557684 0.124702 0.0197171 0.0394342 0.0812958 
0.203069 0.109146 0.0957278 0.0605435 0.121087 0.0957278 0.0428108 0.135379 0.184136 0.124814 
0.0524106 0.0468775 0.0966405 0.0524106 0.0524106 0.119515 0.0524106 0.0524106 0.0524106 0.0662948 
0.22445 0.04489 0.228895 0.462171 0.04489 0.185086 0.69688 0.253936 0.326804 0.141955 
0.035869 0.035869 0.101453 0.0717381 0.0567139 0.0507265 0.0253632 0 0.0567139 0.113428 
0.125748 0.0551444 0.110289 0.0348764 0.0551444 0.0697527 0.0551444 0.0889176 0.0697527 0.0348764 
0.0916217 0.0579467 0.163898 0.0579467 0.176238 0.0579467 0.0409745 0.0647864 0.0647864 0.0409745 
0.0460825 0 0.0460825 0.0291451 0.0874353 0.0874353 0.0651704 0.0412174 0.11658 0.0582902 
0.0865434 0.0483792 0.151451 0.0305977 0.136837 0.129815 0.151451 0.0892069 0.110322 0.110322 
0.0970142 0.0538138 0.0970142 0.0601657 0.0601657 0.0601657 0.0538138 0.0538138 0.0850871 0.0601657 
0.127775 0.0855499 0.167777 0.0671109 0.185316 0.151929 0.0750322 0.0711818 0.172737 0.0474546 
0.0726529 0.0513733 0.114874 0.082837 0.0726529 0.0726529 0.137849 0.0324913 0.0324913 0.0726529 
0.0559673 0.0500587 0.111935 0.0353968 0.0902446 0.0559673 0.0559673 0 0.0500587 0 
0.0929981 0.103975 0.135567 0.0838274 0.372718 0.0464991 0.155963 0.147043 0.116248 0.0519875 
0.0521818 0.0330027 0.118993 0.0841406 0.0962185 0.0737962 0.0233364 0.0521818 0.0330027 0.0521818 
0.0582371 0.0736647 0.147329 0.0781332 0.104178 0.0582371 0.107384 0.0260444 0.0260444 0.0260444 
0.0977193 0.0728357 0.140102 0.115163 0.154508 0.0515026 0.103005 0.0515026 0.0515026 0.0728357 
0.0476461 0.0858952 0.0952921 0.0532699 0.0476461 0.101073 0.0858952 0.0714691 0.0858952 0.101073 
0.048107 0.048107 0.173452 0.048107 0.048107 0.0215141 0.048107 0.0680335 0.0680335 0.0304255 
0.072947 0.0461358 0.0461358 0.0326229 0.072947 0.0515813 0.072947 0.0230679 0.0831724 0.0326229 
0.101233 0.0357914 0.129048 0.0253083 0.104349 0.0565912 0.0912505 0.0912505 0.0357914 0.0715828 
0.0793488 0.103458 0.125462 0.127946 0.182675 0.0354859 0.103458 0.0561081 0.177429 0.112216 
0.0996842 0.0996842 0.0618215 0.0996842 0.193532 0.0781987 0.0618215 0.123643 0.0618215 0.0552948 
0.106359 0.0237826 0.0336336 0.0531795 0.0531795 0.0857493 0.0531795 0.0237826 0.0336336 0.0752071 
0 0.0583181 0.116636 0.105134 0.289395 0.0461045 0.0652016 0.0874771 0.0206186 0.0206186 
0.114487 0.0392686 0.124178 0.117806 0.0878072 0.0620891 0.124178 0.0392686 0.0555341 0.0620891 
0.135582 0.0271163 0.108465 0.0977692 0.171499 0.108465 0.0542326 0.0542326 0.111803 0.0857493 
0.098265 0.17715 0.0439454 0.109864 0.197754 0.0491325 0.155371 0.153809 0.124296 0.0932223 
0.0709505 0.0501696 0.03173 0.0673096 0.0501696 0.0501696 0.0448731 0.0224365 0.0808961 0.0709505 
0.0490106 0.0883552 0.197568 0.0547955 0.122527 0.101038 0.0547955 0.101038 0.101038 0.0735159 
0.0481788 0 0.107731 0.0993231 0.14653 0.129725 0.0761774 0.0240894 0.0761774 0.144536 
0.168061 0.127992 0.144572 0.0751593 0.118837 0.17139 0.166372 0.270991 0.0979957 0.138587 
0.0602968 0.0269655 0.0269655 0.0539311 0.0269655 0.0269655 0.0602968 0.0602968 0.0852725 0.0539311 
0.0332756 0.0470588 0.137199 0.15784 0.143124 0.0665512 0.0526134 0 0.0998268 0.0526134 
0.0601249 0.0601249 0.123951 0.0637721 0.106287 0.0901873 0.114474 0.0300624 0.0672217 0.0637721 
0.0642783 0.0937009 0.160696 0.0681774 0.228391 0.138236 0.122382 0.0454516 0.194169 0.113629 
0.0702035 0.031396 0.0222003 0.0666009 0.0496414 0.0666009 0.111002 0.0496414 0.0941879 0.0702035 
0.197404 0.0239388 0.0535288 0.0863126 0.0987022 0.0677091 0.0987022 0.0718164 0.0757011 0.0535288 
0.138587 0.0856948 0.0336123 0.0475349 0.0979957 0.0237675 0.0979957 0.0856948 0.0237675 0.0237675 
0.0548739 0.0347053 0.0981614 0.122702 0.109748 0.0548739 0.0776034 0.101182 0.0490807 0.0776034 
0.0827606 0.0827606 0.0827606 0.102652 0.0513259 0.0725858 0.139622 0.102652 0.0324614 0.0827606 
0.09612 0.0226557 0.0716436 0.0816863 0.0453114 0.03204 0.0679671 0.0506597 0.0226557 0.03204 
0.0304114 0.0304114 0.0430083 0.0645124 0.0775343 0.0480847 0.0645124 0.0860165 0.0961694 0.0480847 
0.109748 0.0490807 0.0776034 0.171782 0.0884814 0.0548739 0.132154 0.0347053 0.0776034 0.0490807 
0.122832 0.0538655 0.0538655 0.0963576 0.0340675 0.0538655 0.120447 0.0481788 0.0681351 0.107731 
0.103828 0.0328332 0.0984997 0.0656665 0.0957245 0.0734174 0.0837087 0.0519139 0.0656665 0.0328332 
0.0758522 0.0565369 0.128924 0.0715141 0.15991 0.12642 0.0758522 0.0565369 0.178785 0.0565369 
0.106237 0.0515325 0.0257663 0.106237 0.19623 0.11523 0.128831 0.11523 0.138756 0.150242 
0.0970075 0.0235278 0.0526097 0.0526097 0.137189 0.0470556 0.0526097 0.0235278 0.0998199 0.0470556 
0.0513903 0.0229824 0.0325021 0.0689473 0.0513903 0.0229824 0.0325021 0.0229824 0.0689473 0.0229824 
0.747513 0.0451754 0.121218 0.117803 0.145686 0.135526 0.0638877 0.0638877 0.157791 0.0832993 
0.0447633 0.0223817 0.0895267 0.067145 0.0707771 0.0447633 0.0707771 0.0447633 0.111908 0.130506 
0.295614 0.043468 0.0687289 0.078363 0.194395 0.0971974 0.0687289 0.110822 0.12673 0.179223 
0.051778 0.051778 0.0654946 0.0231558 0.207112 0.095474 0.0654946 0.0732252 0.115779 0.14827 
0.856936 0.109864 0.0621482 0.0792238 0.198971 0.0219727 0.0792238 0.0219727 0.0905958 0.118327 
0.0654201 0.117938 0.0731419 0.115648 0.0654201 0.0981302 0.140691 0.0231295 0.16355 0.0231295 
0.153337 0.0242447 0.0766683 0.262246 0.20856 0.130561 0.0999633 0.072734 0.189357 0.141369 
0.115537 0.0365362 0 0.0816973 0.0816973 0.0730723 0.0931493 0.0775049 0.0730723 0.10652 
0.129505 0.155944 0.119398 0.122859 0.579886 0.040953 0.147658 0.129505 0.0579163 0.081906 
0.0779607 0.0616334 0.16072 0.123267 0.514924 0.0275633 0.0616334 0.0551266 0.0616334 0.0551266 
0.178885 0.0657596 0.106034 0 0.307035 0.04159 0.04159 0.0294086 0.0929981 0.106034 
0.101064 0.153686 0.319591 0.0564963 0.197333 0.126329 0.361753 0.783243 0.253919 0.202127 
0.112006 0.0310647 0.0439322 0 0.0491177 0 0.0791999 0.0310647 0.0491177 0.0219661 
0.0288615 0.245747 0.0204082 0.164536 0.159393 0.045634 0.102041 0.0645363 0.057723 0.118999 
0.050611 0.050611 0.050611 0.050611 0.0640184 0.050611 0.0715748 0.0816078 0.101222 0.0816078 
0.0767643 0.04855 0.0875247 0.03433 0.04855 0.0542805 0.03433 0.024275 0.0875247 0.0767643 
0.0783996 0.0826404 0.116871 0.0584356 0.0826404 0.0739158 0.0261332 0.0942245 0.10775 0.0826404 
0.0847427 0.0997165 0.096907 0 0.0525552 0.0470068 0.0664777 0.0997165 0.0525552 0.0525552 
0.0707771 0.0447633 0.111908 0.0500469 0.191229 0.111908 0.143313 0.0500469 0.13429 0.0500469 
0.0255655 0.0808452 0.127827 0.0571662 0.051131 0 0.114332 0.0361551 0.051131 0.0255655 
0.132034 0.066017 0.147619 0.125259 0.0933622 0.118095 0.0417528 0.941987 0.066017 0.066017 
0.0667734 0.0667734 0.120377 0.023608 0.0973381 0.0472159 0.052789 0 0.0667734 0.052789 
0.0744014 0.0470556 0.171285 0.0848306 0.0526097 0.0526097 0.143114 0.0744014 0.0470556 0.0848306 
0.149597 0.0410976 0.148179 0.104779 0.16945 0.064981 0.0459485 0.0740897 0.0205488 0.0410976 
0.12673 0.078363 0.0307365 0.110822 0.137458 0.021734 0.0687289 0.065202 0.153683 0.153683 
0.0868241 0.102166 0.0992871 0.053846 0.0681104 0.102166 0.154191 0.107692 0.053846 0.107692 
0.024345 0.100377 0.0344291 0.0877772 0.131102 0.0486901 0.0486901 0.0769857 0.0769857 0.0344291 
0.0256116 0.0362202 0.0809909 0.128058 0.128058 0.114538 0.0362202 0.128058 0.155789 0.108661 
0.0856215 0.0605435 0.109146 0.109146 0.176513 0.135379 0.0428108 0.0428108 0.0957278 0.109146 
0.104875 0.0469013 0.0938027 0.106952 0.104875 0.104875 0.0629248 0.029663 0.0838997 0.0419498 
0.0352536 0.102781 0.0498561 0.0352536 0.105761 0.0557408 0.024928 0.0352536 0.024928 0.0788294 
0.0643223 0.103717 0.0733387 0.0733387 0.0610215 0.0454827 0.130243 0.0287658 0.103717 0.146677 
0.0743294 0.108353 0.133999 0.0831028 0.39768 0.166206 0.141519 0.0587626 0.0262794 0.0831028 
0.198646 0.0681351 0.0963576 0.0761774 0.0868555 0.0538655 0.102203 0.487773 0.0481788 0.0722682 
0.0514005 0.045974 0.0947778 0.0514005 0.0726912 0.0514005 0.0514005 0.022987 0.0828808 0.0325085 
0.180407 0.0637836 0.0902036 0.0403403 0.142624 0.0403403 0.117611 0.0637836 0.0285249 0.117611 
0.100088 0.0767643 0.121375 0.0542805 0.03433 0.10299 0.0767643 0.03433 0.024275 0.04855 
0.0838444 0.0232542 0.0735364 0.0735364 0.0697627 0.116271 0.0519981 0.0232542 0.0958797 0.116271 
0.0323741 0.0457839 0.0323741 0.0228919 0.0915677 0.0511879 0.0323741 0.0228919 0.102376 0.0323741 
0.0447633 0.0949574 0.0949574 0 0.136142 0.0316525 0.111908 0.0707771 0.100094 0.0707771 
0.0899331 0.0502741 0.158981 0.0810646 0.229285 0.171227 0.0502741 0.0635923 0.203595 0.100548 
0.0228665 0.051131 0.0323381 0.045733 0.051131 0.0646762 0.0723101 0.045733 0.114332 0.0723101 
0.118561 0.0530222 0.0711368 0.0530222 0.0854958 0.0237123 0.120909 1.18134 0.0749848 0.0237123 
0.0245053 0.0547955 0.101038 0.0883552 0.103967 0.101038 0.0245053 0.0245053 0.131965 0.0245053 
0.110413 0.184021 0.110413 0.151748 0.232771 0.214604 0.151748 0.36248 0.312295 0.287451 
0.122382 0.113629 0.0642783 0.0937009 0.0819391 0.0681774 0.0508164 0.0937009 0.0819391 0.0964174 
0.0344291 0.024345 0.141955 0.100377 0.163311 0.0877772 0.0769857 0.0544371 0.0877772 0.121725 
0.153834 0.0512778 0.155955 0.0573304 0.0573304 0.0725178 0.0573304 0.0924424 0.0924424 0.0924424 
0.232156 0.120692 0.0853424 0.0539753 0.111273 0.0381663 0.13761 0.333819 0.0269876 0.0763325 
0.0338328 0.086257 0.0478467 0.0338328 0.0756524 0.0239234 0.0478467 0.0239234 0.0478467 0.0756524 
0.0538655 0.0240894 0.0481788 0.0761774 0.0240894 0.0538655 0.0681351 0.0340675 0.0481788 0.0481788 
0.0839962 0.0713831 0.0559975 0.0442699 0.0442699 0.0791924 0.0791924 0.0839962 0.0395962 0.0713831 
0.0552948 0.0276474 0.0618215 0.113993 0.165885 0.138237 0.0276474 0.138237 0.0618215 0.123643 
0.0495803 0.022173 0.113061 0.0313574 0.119405 0.0701172 0.066519 0 0.0799459 0.0940721 
0.135955 0.120168 0.072101 0.0537409 0.107482 0.0866546 0.0679775 0.0961347 0.0537409 0.0990934 
0.0525988 0.0525988 0.0705687 0.0997992 0.0525988 0.0525988 0.0525988 0.0665328 0.126675 0.119944 
0.113137 0.0596285 0.155492 0.0596285 0.266667 0.0596285 0.0596285 0.0533333 0.109949 0.0596285 
0.149763 0.0843303 0.0739626 0.13638 0.0843303 0.070167 0.125954 0.046778 0.0330771 0.0964354 
0.128291 0.134763 0.121474 0.0532699 0.121474 0.0532699 0.0532699 0.023823 0.075335 0.0476461 
0.056555 0.056555 0.177045 0.107306 0.151753 0.0758765 0.0758765 0.071537 0.0911921 0.056555 
0.277761 0.121806 0.220601 0.0770371 0.108947 0.100444 0.2246 0.219251 0.18553 0.0730838 
0.0785371 0.100116 0.124178 0.0392686 0.111068 0.0878072 0.0878072 0.0785371 0.114487 0.100116 
0.141409 0.0742717 0.131295 0.105036 0.0371359 0.058717 0.0830383 0.058717 0.058717 0.058717 
0.03433 0.0542805 0.130725 0.0542805 0.108561 0.155436 0.0542805 0.0542805 0.153529 0 
0.0650213 0.0650213 0.0514039 0.0689655 0.130043 0.091954 0.094784 0.0650213 0.145392 0.0650213 
0.0878909 0.0621482 0.0491325 0.0491325 0.098265 0.0491325 0.112039 0.0310741 0.0621482 0.098265 
1.15939 0.102456 0.174477 0.11455 0.116818 0.0944601 0.0724476 0.0512282 0.0512282 0.0458199 
0.0227729 0.0509218 0.0509218 0.0455458 0.0509218 0.0509218 0.0821089 0.0938951 0.0910916 0.116119 
0.0923817 0.0724702 0.0810241 0.0768662 0.0724702 0.105643 0.108705 0.0572927 0.0256221 0.137979 
0.0831724 0.0515813 0.0692036 0.0230679 0.072947 0.0515813 0.124224 0.072947 0.0461358 0.0951113 
0.0948091 0.138207 0.180511 0.270248 0.264999 0.247459 0.1676 0.488635 0.17092 0.285413 
0.0850871 0.0269069 0.180497 0.0761042 0.190261 0.0807207 0.0850871 0.11094 0.0761042 0.0601657 
0.0694336 0.0621033 0.0981939 0.0694336 0.109784 0.0931549 0.128029 0.0490969 0.109784 0.0694336 
0.151635 0.112631 0.140789 0.0890429 0 0.0398212 0.164187 0.180298 0.0796424 0.0398212 
0.0525588 0.0371647 0.159851 0.0371647 0.0947518 0.0743294 0.0743294 0.0525588 0.117525 0.0371647 
0.0942245 0.0826404 0.10775 0.0261332 0.0369579 0.0584356 0.165281 0.0369579 0.0739158 0.0739158 
0.0573162 0.0512652 0.10253 0.0512652 0.0810574 0.0724999 0.0768978 0.105686 0.0810574 0.0724999 
0.0818888 0.132042 0.0579042 0.181269 0.337636 0.0818888 0.0579042 0.0258955 0.0579042 0.10677 
0.0961395 0.037709 0.10994 0.075418 0.155478 0.0961395 0.0533286 0.0596232 0.0961395 0.170735 
0.0911921 0.0699412 0.139882 0.0494559 0.139882 0.0699412 0.0625573 0.0797452 0.110587 0.110587 
0 0 0.117647 0.0588235 0.131533 0.0263067 0.083189 0.105227 0.117647 0.0588235 
0.0716057 0.0716057 0.0566093 0.0253165 0.0716057 0.0566093 0.107409 0.0566093 0.104382 0.0912798 
0.0641789 0.068072 0.0717542 0.0507379 0.101476 0 0.0507379 0.0320895 0.0962684 0.068072 
0.0993231 0.0240894 0.0868555 0.129725 0.161597 0.0722682 0.0481788 0.0761774 0.0868555 0.0868555 
0.0599457 0.021194 0.042388 0.0473912 0.127164 0.063582 0.0873851 0.0473912 0.0473912 0.0899185 
0.0770772 0.0770772 0.0545018 0.0689399 0.0545018 0.0689399 0.0878815 0.0487479 0.0878815 0.0545018 
0 0.0495408 0.0626647 0.0495408 0.0221553 0.0443106 0.0700612 0.0700612 0.0700612 0.0443106 
0.0230679 0.072947 0.0831724 0.124224 0.154744 0.0922715 0.0831724 0.0515813 0.140316 0.103163 
0.0225733 0.0319235 0.0813892 0.0813892 0.14454 0.0930721 0.0638469 0.162778 0.0813892 0.0319235 
0.0664048 0.0221349 0.0494952 0.0664048 0.0442699 0.0664048 0.0221349 0.0664048 0.0313035 0.0699968 
1.11293 0.0328687 0.0837991 0.198577 0.13945 0.0232417 0.0929667 0.232417 0.0734966 0.0734966 
0.0825067 0.0368981 0.140504 0.104364 0.418269 0.24752 0.058341 1.18132 0.165013 0.188144 
0.0854598 0.118511 0.118511 0.097727 0.0529999 0.0749532 0.10056 0.0854598 0.127641 0.0749532 
0.0294484 0.046562 0.0416463 0.0858561 0.147242 0.104116 0.0208232 0.0832927 0.093124 0.075079 
0.101807 0.0399322 0.121449 0.0199661 0.0631383 0.0282363 0.0631383 0.0847089 0.0998304 0.0823223 
0.0528678 0.0186916 0.125387 0.10899 0.125387 0.0417957 0.0373832 0.059108 0.105736 0.113697 
0.0779326 0.0551067 0.177714 0.0492889 0.147867 0.0779326 0.0551067 0.862204 0.0739333 0.0985778 
0.068002 0.0266726 0.0377207 0.0843462 0.0943019 0.0533452 0.0596417 0.0961694 0.0800178 0.0843462 
0.0843441 0.0562294 0.0889065 0.120926 0.163935 0.0628664 0.0889065 0.0596403 0.107058 0.0716787 
0.0319744 0.0452187 0.0815191 0.050556 0.050556 0 0.071497 0.0319744 0.113047 0.0904373 
0.203714 0.0593594 0.0395729 0.0815817 0.0884878 0.0395729 0.0625703 0.0713411 0.106553 0.100892 
0.0376755 0.0188378 0.0776701 0.0595703 0.114586 0.0941889 0.0266406 0.0679205 0.106563 0.0799219 
0.0478639 0.0302718 0.0478639 0.0605435 0.155833 0.0642161 0.0302718 0.0428108 0.0214054 0.0478639 
0.0232542 0.0519981 0.0838444 0.0519981 0.0328865 0 0.116271 0.0735364 0.0735364 0.0735364 
0.0269729 0.0603132 0.0972522 0.0381454 0.18094 0.0603132 0.0269729 0.0809187 0.0539458 0.0762909 
0 0.0307365 0.078363 0.0485987 0.10867 0.0485987 0.0687289 0.061473 0.0922095 0.0687289 
0.0759695 0.0210701 0.0842806 0.0842806 0.0421403 0.0210701 0.0471143 0.0297977 0.0595954 0.0666297 
0.0933939 0.0906054 0.1013 0.0320338 0.275566 0.113257 0.0816706 0.0320338 0.0816706 0.0816706 
0.0607002 0.0607002 0.0214608 0.085843 0.156237 0.0429215 0.0678649 0.0773779 0.0479877 0.0479877 
0.0479518 0 0.0678141 0.0479518 0.0678141 0.0214447 0.0884188 0.0214447 0.0643341 0.0479518 
0.132704 0.0221173 0.112777 0.066352 0.0442347 0.0312786 0.066352 0.0797452 0.066352 0.0911921 
0.0621595 0.0310797 0.0219767 0.0694964 0.128145 0.0906122 0.0439534 0.0219767 0.147424 0.0879068 
0 0.0673477 0.0224492 0.0448985 0.0952441 0.0673477 0.0634961 0.0224492 0.0634961 0.100396 
0.100339 0.120824 0.0501696 0.0501696 0.114404 0.0925082 0.0634601 0.0925082 0.0925082 0.0501696 
0.0491993 0.104368 0.0550065 0.0245997 0.0695784 0.0550065 0.0886954 0.0550065 0.0550065 0.073799 
0.0249513 0.0748539 0.0998053 0.0998053 0.127227 0.070573 0.111586 0.0249513 0.0352865 0.111586 
0.0319357 0.095807 0.159678 0.135492 0.151484 0.0677458 0.0814203 0.127743 0.137361 0.0504947 
0.0235278 0.0848306 0.213053 0.0970075 0.117639 0.0235278 0.105219 0.0235278 0.0526097 0.0665466 
0.0383871 0.0767742 0.0606953 0.0606953 0.0858361 0.111917 0.115161 0.19761 0 0.0858361 
0.108337 0.0876018 0.0876018 0.171295 0.0475088 0.0950175 0.106233 0.142526 0.0637397 0.0671875 
0.0514039 0.0650213 0.137931 0.0514039 0.114943 0.0325107 0.072696 0.094784 0.102808 0.094784 
0.0916578 0.0512383 0.129624 0.139383 0.0648119 0.0826192 0.146724 0.137487 0.0512383 0.0724619 
0.0460458 0.102962 0.14561 0.280086 0.42998 0.166021 0.131855 0.202811 0.0742466 0 
0.0580601 0.0580601 0.132397 0.0367204 0.0936191 0.0519305 0.107058 0.0259653 0.103861 0.0367204 
0.08 0.0565685 0.08 0.091214 0.128996 0.0252982 0.0357771 0.0505964 0.0758947 0.0565685 
0.223573 0.123447 0.199053 0.0552073 0.174581 0.101797 0.0698324 0.0698324 0.123447 0.078075 
0.159727 0.058717 0.052518 0.026259 0.0946783 0.0371359 0.026259 0.133895 0.0742717 0.0371359 
0 0.105222 0.239944 0.299098 0.32054 0.235284 0.147311 0.19402 0.105222 0.148807 
0.098773 0.0535672 0.0863744 0.0863744 0.0479119 0.0479119 0.0718679 0.0535672 0 0.101637 
0.131954 0.0306786 0.021693 0.021693 0.0685994 0.0613572 0.116821 0.174895 0.0782154 0.0485071 
0.122433 0.107381 0 0.135828 0.0865734 0.153746 0.0480223 0.0480223 0.0865734 0.0759299 
0.0853968 0.0603847 0.0381906 0.0763812 0.152762 0.0810145 0.0381906 0.0270048 0.0973674 0.0763812 
0.122112 0.0984502 0.112582 0.174838 0.198785 0.136526 0.0984502 0.0546104 0.0863466 0 
0.0986386 0.121986 0.119617 0.0239234 0.135331 0.101498 0.0717701 0.0478467 0.0676655 0.0717701 
0.226733 0.120168 0.120168 0 0.174968 0.0240337 0.120168 0.072101 0.0480673 0.0679775 
0.0310143 0.0490379 0.241234 0.0310143 0.180843 0.155071 0.06935 0.1387 0.0490379 0.176809 
0.0945886 0.0945886 0.108166 0.0262342 0.117323 0.0945886 0.0945886 0.0524683 0.0586614 0.0829597 
0.102262 0.0723101 0.180775 0.0571662 0.0808452 0.0361551 0.127827 0.0766965 0.0361551 0.0921777 
0.0688021 0.0217571 0.123077 0.0307692 0.175412 0.0615385 0.0923077 0.123077 0.0307692 0.0784465 
0.0471929 0.0596948 0.0844213 0.0633159 0.0422106 0.0298474 0.0870194 0.0596948 0.0298474 0.107616 
0.113137 0.0941357 0.044376 0.0992278 0.044376 0.0914835 0.140329 0.129377 0.0313786 0.0701646 
0.0688927 0 0.0459285 0.0459285 0.216644 0.167182 0.0649527 0.0827988 0.139686 0.129905 
0.0569341 0 0.117373 0.0569341 0.302609 0.25778 0.080517 1.47067 0.234745 0.281809 
0.118562 0.139727 0.253056 0.0883711 0.203446 0.162948 0.345665 0.212826 0.201517 0.178938 
0.0671459 0.0474793 0.0849335 0.181418 0.169867 0.154581 0.0875475 0.0474793 0.123811 0.0875475 
0.136999 0.116248 0.147553 0.0387492 0.112972 0.122536 0.112972 0.0387492 0.112972 0.0612679 
0.0954632 0.0374437 0.187219 0.0954632 0.0954632 0.149775 0.0954632 0.0529534 0.0592037 0.0529534 
0.108425 0.0766683 0.162638 0.0874153 0.102861 0.121223 0.0766683 0.0484893 0.0874153 0.0542127 
0.0572598 0.0362143 0.11452 0.128037 0.0768221 0.10243 0.0724286 0.0362143 0.0809776 0.105582 
0.157671 0.0557451 0.134252 0.0557451 0.0898863 0.12465 0.102789 0.04986 0.105769 0.0788355 
0.129048 0.0912505 0.254346 0.080032 0.143166 0.126542 0.129048 0.0253083 0.13629 0.113182 
0.138081 0.0769231 0.186669 0.081084 0.11467 0.0725238 0.09245 0.081084 0.081084 0.09245 
0.0806114 0.0600842 0.137013 0.0806114 0.0537409 0.0380006 0.0268705 0.0380006 0.0600842 0.0380006 
0.0877058 0.0392232 0.083205 0.027735 0.0784465 0.027735 0.027735 0 0.0392232 0.0392232 
0.122832 0.0761774 0.0538655 0.0240894 0.0481788 0.0681351 0.0761774 0.0481788 0.102203 0.0868555 
0.160705 0.0551213 0.198743 0.0993714 0.272837 0.137803 0.0389767 0.0389767 0.160705 0.0779533 
0.135942 0.104083 0.253697 0.100975 0.20195 0.159656 0.0757313 0.0798278 0.135942 0.100975 
0.0480431 0.0480431 0.135886 0.0679432 0.144129 0.109555 0.0679432 0.0303851 0.107428 0.0214855 
0.050702 0.0817545 0.0226746 0.0320668 0.101404 0.0226746 0.113373 0.0680239 0.0320668 0.0717035 
0.0608102 0.0608102 0.0429993 0.0961494 0.158574 0.0608102 0.0769195 0.0271952 0.0576896 0.138669 
0.0298591 0.0597181 0.170223 0.0844542 0.236057 0.107658 0.0667669 0.076126 0.105568 0.105568 
0.0743859 0.0525988 0.0743859 0.0525988 0.0470458 0.0235229 0.0705687 0 0.105198 0.0525988 
0.08385 0.0657774 0.116279 0.0232558 0.0465116 0.0520016 0.0735413 0.0520016 0.118582 0.08385 
0.118745 0.023749 0.127892 0.071247 0.023749 0.023749 0.075101 0.0531044 0.047498 0.0335862 
0.122124 0.0244248 0.0880648 0.0546155 0.195398 0.131531 0.0546155 0.0488496 0.156395 0.109231 
0.0526635 0.0588796 0.191698 0.0949405 0.217137 0.176639 0.0949405 0.141801 0.224979 0.189881 
0.103712 0.0463814 0.103712 0.131186 0.117337 0.171046 0.132816 0.883197 0.16723 0.0927627 
0.0194138 0.0194138 0.0823658 0.0868212 0.156519 0.0549106 0.0868212 0.0800452 0.0434106 0.113201 
0.0303501 0 0.0773779 0.0479877 0.137416 0.109429 0.0678649 0.0214608 0.137416 0.0678649 
0.0694106 0.0245403 0.101182 0.0245403 0.155207 0.073621 0.0776034 0.0548739 0.186894 0.0776034 
0.179145 0.0235229 0.0525988 0.0332664 0.084813 0.0235229 0.0525988 0.0332664 0.0743859 0.105198 
0.0613969 0.0434142 0.137288 0.234798 0.185465 0.132039 0.0686439 0.0970771 0.21379 0.0895006 
0.0257984 0.057687 0.145938 0.0729689 0.0515968 0.0515968 0.0364844 0.057687 0.0930174 0.115374 
0.12771 0.0285569 0.072806 0.0638551 0.142784 0.0285569 0.172527 1.00984 0.0856706 0.108741 
0.031762 0.0710221 0.0710221 0.0809776 0.0635241 0.0502202 0.0926015 0.0635241 0.112296 0.0673775 
0.0303571 0.0773957 0.163478 0.107329 0.151785 0.0773957 0.0885054 0.154791 0.125165 0.0885054 
0.0710221 0.0809776 0.0710221 0.0926015 0.193201 0.112296 0.031762 0.031762 0.175412 0.179673 
0 0.0749532 0.106 0.0237023 0.0335201 0.0529999 0.0335201 0.0529999 0.0237023 0.0474046 
0.0610527 0.0431708 0.131299 0.068259 0.116241 0.0482664 0.0965328 0.0647562 0.0305263 0.110064 
0.030639 0.178654 0.0866601 0.137022 0.0919169 0.0685108 0.126328 0.156229 0.0685108 0.0685108 
0.0434142 0.108535 0.0970771 0.0686439 0.122794 0.0895006 0.116896 0.20013 0.0306985 0.116896 
0.0926307 0.0810032 0.0710445 0.0635441 0.0710445 0.0317721 0.0710445 0.0224662 0.0317721 0.050236 
0.0466601 0.0933202 0.0737761 0.0989811 0.125636 0.0737761 0.104335 0.0737761 0.156503 0.0329937 
0.139863 0.107085 0.197796 0.0519437 0.155831 0.16426 0.207775 0.209392 0.197796 0.129859 
0.0786702 0.109096 0.0689983 0.0487892 0.061714 0.0654576 0.111256 0 0.0786702 0.0689983 
0.0558336 0.0624238 0.111667 0.0441403 0.154176 0.0987008 0.100655 0.0197402 0.154176 0.0624238 
0.0794239 0.112322 0.12558 0.0794239 0.103556 0.0794239 0.112322 0.025116 0.0502321 0.0710389 
0.378337 0 0.0993563 0.0702555 0.111084 0.0702555 0.0888669 0.0496781 0.0993563 0.0444335 
0.0758522 0.101136 0.091163 0.107271 0.136159 0.15991 0.0799552 0.104249 0.178785 0.15991 
0.101612 0.0348525 0.157801 0.0779326 0.197156 0.0739333 0.0551067 0.069705 0.0888568 0.0779326 
0.0805323 0.0704235 0.0276224 0.0781278 0.0617655 0.0873496 0.0436748 0.0617655 0.123531 0.0585959 
0.0551737 0.0551737 0.0740233 0.088965 0.0551737 0.0551737 0.0780274 0.0740233 0.0246744 0.0551737 
0.161214 0.117504 0.142494 0.12091 0.0403034 0.0637253 0.0901212 0.102754 0.117504 0.117504 
0.0487226 0.08984 0.146168 0.130736 0.13254 0.0487226 0.127053 0.0785628 0.0689041 0.0924445 
0.0993808 0.116941 0.140546 0.0275633 0.1849 0.16538 0.0826898 0.0871627 0.174325 0.0871627 
0.112867 0.122421 0.0387129 0.122421 0.136871 0.109497 0.0612105 0.0273742 0.0865647 0.0387129 
0.0942809 0.051131 0.12314 0.0228665 0.137199 0.153393 0.0323381 0.275349 0.102262 0.0914659 
0.168571 0.0914205 0.147411 0.0867291 0.129288 0.104235 0.155684 0.918765 0.0914205 0.104235 
0.0650385 0.114973 0.139871 0.0459892 0.102835 0.0459892 0.0919783 0.0919783 0.0229946 0.0325193 
0.0300897 0.0475759 0.0767139 0.0212766 0 0.0300897 0.0300897 0.106383 0.0475759 0.0672825 
0.049218 0.0348024 0.0550274 0.155641 0.0778204 0.0348024 0.0550274 0.101465 0.049218 0.0696047 
0.65705 0.0579625 0.0259216 0.0183294 0.0819713 0.0409857 0.0518432 0.0733174 0.0366587 0.0819713 
0.905072 0.0571403 0.076187 0.0602311 0.157064 0.076187 0.0425898 0.172476 0.10257 0.137348 
0.0503537 0.0811929 0.0900755 0.0318465 0.112594 0.0450377 0.0712109 0.0503537 0.0225189 0.0503537 
0.0224027 0.050094 0.0224027 0.0448054 0.0708436 0.0672082 0.0224027 0.0708436 0.0807742 0.0708436 
0.0227141 0.0818968 0.0936525 0.0507902 0.0718282 0.0507902 0.0507902 0.0227141 0.0908563 0.0454282 
0.187482 0.0657729 0.0232542 0.0657729 0.0519981 0.0697627 0.0735364 0.0465085 0.0232542 0.0465085 
0.0302718 0.0428108 0.0676897 0.0642161 0.0882566 0.0478639 0.0478639 0.0302718 0.0957278 0.109146 
0.08 0.0565685 0.0505964 0.08 0.08 0.0357771 0.0565685 0.0252982 0.0252982 0 
0.0742781 0.0846901 0.11977 0.0525226 0.0846901 0.0469776 0.0742781 0.0704664 0.11977 0.126491 
0.0353526 0.0749941 0.111795 0.024998 0.0499961 0 0.0707052 0.0749941 0.0353526 0.0707052 
0.0491325 0 0.0878909 0.0491325 0.0621482 0.0878909 0.109864 0.0792238 0.0659181 0.0219727 
0.0544205 0.0430232 0.0962028 0.0577217 0.0693728 0.060844 0.0962028 0.1232 0.0769622 0.108841 
0.103896 0.0936507 0.0580797 0.107094 0.0580797 0.0580797 0.103896 0.0821371 0.025974 0.025974 
0.0985778 0.0492889 0.261974 0.16532 0.352855 0.0492889 0.0739333 0.0492889 0.0492889 0.069705 
0.0848306 0.0970075 0.105219 0.0470556 0.0332733 0.0235278 0.0235278 0.0526097 0.0705834 0.0235278 
0.853184 0.159872 0.113047 0.050556 0.0932207 0.071497 0.0815191 0.050556 0.121755 0.0319744 
0.0571403 0.0538724 0.0425898 0.0425898 0.0190468 0.0571403 0.0571403 0.0269362 0 0.0269362 
0.0758391 0.0665153 0.084136 0.0470334 0.0758391 0.0665153 0.127945 0.0892397 0.133031 0.0665153 
0.147043 0.0871595 0.0683736 0.10256 0.0871595 0.0341868 0.076444 0.0241737 0.0341868 0.0241737 
0.0673006 0.0237944 0.106412 0.0532058 0.0336503 0.0532058 0.100951 0.138744 0.106412 0.0752444 
0.0924424 0.114661 0.128195 0.0725178 0.128195 0.0924424 0.0810774 0.0256389 0.108777 0.102556 
0.173906 0.164982 0.192086 0.0491882 0.0983764 0.0491882 0.157479 0.0491882 0.0777733 0.0347813 
0.1074 0.104374 0.11321 0.0358 0.101258 0.0912725 0.1074 0.0800512 0.0506289 0.0566048 
0.0629878 0.028169 0.151695 0.084507 0.171345 0.039837 0.101565 0.039837 0.0890782 0.084507 
0.0806609 0.102029 0.0570359 0.0510144 0.0721453 0.0510144 0.0721453 0.0510144 0.0806609 0.0255072 
0.112867 0.0564333 0.1693 0.0564333 0.183733 0.112867 0.126189 0.0713831 0.0798087 0.0909959 
0.0931935 0.0698951 0.0960617 0 0.104194 0.0960617 0.118799 0.0329489 0.116492 0.0520968 
0.118407 0.0748875 0.0837267 0.0529534 0.0954632 0.0592037 0.0794301 0.135005 0.105907 0.0954632 
1.24337 0.0931942 0.0982353 0.0878644 0.0694629 0.0621295 0.0931942 0.0982353 0.0439322 0.0694629 
0.0974384 0.0604287 0.191092 0.0382185 0.111425 0.0854592 0.076437 0.0270246 0.0810737 0 
0.145366 0.0898863 0.0788355 0.0557451 0.0898863 0.0747899 0.0788355 0.0898863 0.102789 0.0747899 
0.111425 0.0382185 0.0604287 0.0540491 0.0540491 0.0382185 0.0810737 0.0604287 0.0270246 0.0604287 
0.121191 0.0336123 0.0531456 0.0979957 0.106291 0.0751593 0.0751593 0.0672245 0.0531456 0.0856948 
0.11713 0.0552158 0 0.0552158 0.0873038 0.0552158 0.0780869 0.0276079 0.11383 0.0276079 
0.11582 0.0507902 0.0818968 0.0818968 0.10158 0.0936525 0.0718282 0.0454282 0.138164 0.0507902 
0.0692025 0.103804 0.124757 0.0489336 0.0882162 0.0244668 0 0.0547094 0.0547094 0.0692025 
0.138469 0.0813116 0.187193 0.0813116 0.162623 0.0514259 0.106017 0.0514259 0.106017 0.025713 
0.115522 0.03204 0.0716436 0.122005 0.0453114 0.101319 0.0679671 0.0679671 0.0816863 0.113279 
0.0761111 0.0538187 0.122726 0.0761111 0.0538187 0.0538187 0.107637 0.0538187 0.0240685 0.0722054 
0.139897 0.10179 0.0865049 0.0719764 0.107296 0.0865049 0.0989221 0.053648 0.06786 0.0479843 
0.0564467 0.0357001 0.0357001 0.147195 0.0252438 0.0757313 0.0798278 0.0564467 0.0757313 0.0504875 
0.13302 0.0847837 0.20091 0.119902 0.0940591 0 0.13302 0.0743602 0.0332549 0.0525806 
0.106654 0.0578412 0.173524 0.0578412 0.222519 0.0578412 0.129337 0.0932661 0.115682 0.0776021 
0.0858952 0.0858952 0.128291 0.0476461 0.0858952 0.0476461 0.0982249 0.023823 0.075335 0.0532699 
0.108786 0.0543928 0.0688021 0.0486504 0.0486504 0.0243252 0.0877058 0.034401 0.034401 0.0543928 
0.089882 0.0810185 0.0926482 0.044941 0.0926482 0.0224705 0.0635561 0.0502455 0.0953342 0.0317781 
0.166027 0.0553425 0.105005 0.089237 0.150548 0.0553425 0.1262 0.0553425 0.102046 0.0247499 
0.161836 0.137798 0.161836 0.105504 0.204708 0.171653 0.14475 0.163846 0.127943 0.127943 
0.119106 0.110587 0.148368 0.172742 0.0442347 0.0312786 0.0911921 0.0625573 0.0312786 0.0442347 
0.116674 0.0660008 0.163344 0.0990013 0.163344 0.140009 0.0962119 0.0330004 0.116674 0.0841349 
0.0249048 0.0249048 0.105662 0.0498097 0.102685 0.0556889 0.0704415 0.0498097 0.0747145 0.0498097 
0.0556243 0.0556243 0.133961 0.12438 0.1811 0.12438 0.0786646 0.598058 0.102566 0.0896914 
0.127641 0.0749532 0.0948091 0.0749532 0.118511 0.0749532 0.118511 0.097727 0.0854598 0.0948091 
0.0997199 0.0788355 0.127118 0.02493 0.12465 0.0352563 0.11149 0.04986 0.0557451 0.0557451 
0.094483 0.0786146 0.108045 0.141118 0.117192 0.0370593 0.0828671 0.0786146 0.0585959 0.117192 
0.108884 0.0725894 0.162315 0.185067 0.149647 0.130862 0.0362947 0.128321 0.0811574 0.149647 
0.0912505 0.0506167 0.080032 0.0506167 0.147572 0.0565912 0 0.0253083 0.113182 0.147572 
0.145302 0.119438 0.0984907 0.075539 0.0861277 0.0675641 0.152955 0.0984907 0.047775 0.0675641 
0.155603 0.0843874 0.192433 0.119342 0.215147 0.106743 0.133428 0.0843874 0.168775 0.133428 
0.0838444 0.0838444 0.0838444 0.0958797 0.0986594 0.0838444 0.0519981 0.0232542 0.093017 0.116271 
0.106707 0.0578702 0.13937 0.0517607 0.129402 0.0258803 0 0.0732007 0.0366003 0.0933129 
0.151595 0.0757977 0.128831 0.107194 0.128831 0.0505318 0.0757977 0.0798978 0.0357314 0.112993 
0.172145 0.103287 0.0769857 0.0877772 0.121725 0.121725 0.024345 0.0877772 0.0769857 0.121725 
0.0595439 0.0532576 0.0266288 0 0.109793 0.0266288 0.0842077 0.0266288 0.0266288 0.0595439 
0.0612621 0.0612621 0.122524 0.116237 0.159752 0.122524 0.109589 0.0612621 0.147539 0.0866377 
0.22211 0.180889 0.0925082 0.112183 0.0448731 0.112183 0.0501696 0.141901 0.0897461 0.206855 
0.0996708 0.0241737 0.123262 0.123262 0.0540541 0.0871595 0.076444 0.0540541 0.0241737 0.120869 
0.0550065 0.073799 0.110013 0.0245997 0.0550065 0.0347892 0.0550065 0.0245997 0.0695784 0.0491993 
0.0588235 0.0263067 0.083189 0.0372033 0.117647 0.083189 0.0588235 0.0263067 0.0948501 0.0948501 
0.082161 0.038731 0.136935 0.159692 0.0612392 0.0866053 0.0612392 0.0987452 0.0612392 0.082161 
0.100556 0.0689809 0.103471 0.121942 0.0879337 0.0879337 0.0487769 0.0545342 0.077123 0.0731653 
0.0823596 0.0520888 0.132801 0.0260444 0.116474 0.0823596 0.0582371 0.0520888 0.0582371 0.0520888 
0.14566 0.134524 0.0900684 0.0353277 0.102997 0.0558581 0.0900684 0.0249805 0.0249805 0.102997 
0.151081 0.0745126 0.200247 0.18082 0.0555384 0.175628 0.144826 0.149025 0.102408 0.159038 
0.111803 0.106066 0.158114 0.134629 0.0353553 0.0353553 0.125 0.0559017 0.0901388 0.0790569 
0.0723101 0.0921777 0.16169 0.0571662 0.127827 0.137674 0.0723101 0.0255655 0.0766965 0.0766965 
0.0788382 0.0947518 0.0947518 0.0743294 0.0947518 0.108353 0.0947518 0.111494 0.0262794 0.0587626 
0.156893 0.11094 0.144898 0.0380521 0.134535 0.0761042 0.134535 0.0850871 0.0380521 0.0380521 
0.129337 0.106654 0.150831 0.0932661 0.129337 0.109746 0.0776021 0.036582 0.0776021 0.0731639 
0.141734 0.0687513 0.100221 0.100221 0.0687513 0.0243072 0.0486145 0.0486145 0.0543526 0.0243072 
0.0471143 0.0471143 0.0744942 0.166574 0.166574 0.0849365 0.137361 0.120118 0.0526754 0.0333148 
0.09208 0.0255384 0.0766152 0.0361167 0.130221 0.09208 0.0361167 0 0.0510768 0.102154 
0.142123 0.0689399 0.0243739 0.0545018 0.100496 0.0243739 0.0974957 0.0243739 0.0770772 0.100496 
0.0333148 0.0526754 0.0971286 0.141343 0.0471143 0.0971286 0.0333148 0.0971286 0.105351 0.0235571 
0.086906 0.086906 0.0241034 0.0993808 0.0538968 0.173812 0.120517 0.140546 0.0762216 0.0482068 
0.0957245 0.0928664 0.116083 0.0464332 0.155742 0.0928664 0.0984997 0.0656665 0.0957245 0.0696498 
0.0332388 0.0332388 0.096907 0.0525552 0.10511 0.0940136 0.0525552 0.0525552 0.0743243 0.0705102 
0.0531456 0.0531456 0.142605 0.0672245 0.118837 0.121191 0.0531456 0.0237675 0.106291 0.0751593 
0.0192086 0.0692575 0.0814951 0.0543301 0.0979449 0.121486 0.027165 0.0607429 0.0192086 0.103441 
0.0508164 0.0718653 0.0642783 0.0819391 0.0718653 0.0321391 0.122382 0.101633 0.0681774 0.0819391 
0.0557062 0.102717 0.0747377 0.124563 0.0898236 0.0557062 0.0704634 0.134158 0.0557062 0.124563 
0.0485071 0.145521 0.0782154 0 0.0782154 0.0306786 0.186611 0.0782154 0.0485071 0.0485071 
0.0444719 0.0667079 0.022236 0.0703163 0.14238 0.0916812 0.0889438 0.022236 0.0497211 0.0994422 
0.125842 0.0738969 0.0660954 0.052253 0.0738969 0.136259 0.0233683 0.0738969 0.104506 0.132191 
0.0744014 0.0744014 0.0235278 0.0744014 0.0848306 0.0665466 0.0848306 0 0.0848306 0.0526097 
0.0479705 0.0678405 0.0479705 0.0719557 0.0959409 0.0239852 0.0339202 0.0536326 0.075848 0.075848 
0.0731218 0.0545018 0.0487479 0.0689399 0.0878815 0.109004 0.0731218 0.0243739 0.0878815 0.0545018 
0.109548 0.0612392 0.027387 0 0.136935 0.139647 0.027387 0.147483 0.0612392 0.0774621 
0.0252982 0.0565685 0.0715542 0.0715542 0.0505964 0.0565685 0.0565685 0.0715542 0.0252982 0.0505964 
0.362156 0.034452 0.0487226 0.0770371 0.0487226 0.0243613 0.034452 0.0878358 0.034452 0.0243613 
0.0722839 0.0538772 0.0538772 0.0681499 0.1363 0.0538772 0.0868744 0 0.0681499 0.0681499 
0.070661 0.0790014 0.201415 0.111725 0.159966 0.0558624 0.0249824 0.127386 0.0558624 0.167587 
0.0332113 0.0742628 0.150371 0.0525117 0.0846726 0.0332113 0.105023 0.0469679 0.105023 0.0664226 
0.0779326 0.0779326 0.210562 0.0739333 0.296758 0.157801 0.0551067 0.0888568 0.101612 0.0779326 
0.0484274 0.0484274 0.0306282 0.0892958 0.204316 0.136973 0.0433148 0.0892958 0.126283 0.0780869 
0.0491414 0.0694964 0.0621595 0.0694964 0.118348 0.0792381 0.0932392 0.0491414 0.13186 0.0621595 
0.0464991 0.0735215 0.0986394 0.0838274 0.0986394 0.125203 0.0838274 0.0232495 0.125203 0.116248 
0.116941 0.1849 0.0942809 0.107814 0.0261488 0.03698 0.130744 0.0584705 0.0522976 0.03698 
0.480864 0.0375492 0.187746 0.095732 0.2615 0.240432 0 0.0796538 0.228403 0.109474 
0.0728357 0.141567 0.0875376 0.162866 0.0343351 0.0875376 0.103005 0.0875376 0.121393 0.0875376 
0 0.145532 0.0854592 0.0810737 0.111425 0.0810737 0.0854592 0.0810737 0.0604287 0.0974384 
0.072825 0.0542805 0.04855 0.0542805 0.13732 0.072825 0.06866 0.06866 0.0875247 0.130725 
0.0500587 0.0559673 0.0353968 0.0902446 0.175205 0.0500587 0.0559673 0.0559673 0.145945 0.127625 
0.0933939 0.0453027 0.0906054 0.0933939 0.132079 0.14326 0.1013 0.132079 0.193533 0.128135 
0.0726193 0.0649527 0.114821 0.0726193 0.102699 0.0324764 0.174891 0.0229642 0.0513496 0.0726193 
0.0725238 0.0725238 0.102564 0.0324336 0.0826898 0.0512821 0.133727 0.0512821 0.0458681 0.0648672 
0.15 0.0447214 0.141421 0.0447214 0.134164 0.05 0.111803 0.0707107 0.05 0.0447214 
0.0771058 0.073149 0.0879141 0.0689655 0.121915 0.054522 0.073149 0.048766 0.124329 0.054522 
0.112475 0.0697538 0.0623897 0.0441162 0.0882323 0.0935845 0.118786 0.0623897 0.118786 0.0493234 
0.0773302 0.0978159 0.024454 0.109361 0.0691663 0.024454 0.0733619 0.0773302 0.0691663 0.0489079 
0.109725 0.0490703 0.111898 0.0877797 0.111898 0.0693959 0.111898 0.0438898 0.133486 0.0438898 
0.151769 0.0854598 0.0474046 0.0529999 0.138207 0.0529999 0.0711068 0.0237023 0 0.0529999 
0.108561 0.06866 0.0767643 0.0542805 0.072825 0.0875247 0.108561 0.04855 0.121375 0.06866 
0.0714235 0.0532359 0.0238078 0.0336694 0 0.0532359 0.0673387 0.0673387 0.0858404 0.0476157 
0.150662 0.0332756 0.0970142 0.105227 0.166378 0.105227 0.0970142 0.0526134 0.12671 0.0970142 
0.0217276 0.0687087 0.0687087 0.0687087 0.130365 0.137417 0.0921823 0.0895851 0.0971687 0.0921823 
0.0475215 0.144531 0.159392 0.0237607 0.0531306 0.0712822 0.152143 0.0531306 0.0979681 0.0751381 
0.102305 0.0554828 0.13362 0.0248127 0.0554828 0.0496253 0.0554828 0.13362 0.0496253 0.0554828 
0.121942 0.077123 0.142208 0.263801 0.156162 0.121942 0.0879337 0.0731653 0.0545342 0.109068 
0.057687 0.0515968 0.0364844 0.109453 0.0515968 0.0815817 0.0257984 0.109453 0.0930174 0.057687 
0.143731 0.0718653 0.0937009 0.0454516 0.0321391 0.0227258 0.101633 0.0718653 0.122382 0.0227258 
0.0713097 0.0593333 0.0713097 0.0395555 0.0713097 0.0713097 0.0884488 0.100847 0.0442244 0.0593333 
0.128823 0.0720142 0.0720142 0.0509218 0.0509218 0.0455458 0.0821089 0.0509218 0.0509218 0.0322057 
0.0908856 0.0508066 0.0508066 0.0454428 0.0321329 0.0227214 0.0936828 0.0508066 0.0908856 0.0454428 
0.0539635 0.0763159 0.0763159 0.0763159 0.107927 0.0763159 0.0723996 0.0341295 0.0870135 0.107927 
0.101633 0.0508164 0.0909032 0.0227258 0.0937009 0.0508164 0.0681774 0.0508164 0.0718653 0.0642783 
0.0963855 0.0240964 0.0868808 0.0538812 0.0481928 0.0993519 0.0722892 0.0538812 0.0240964 0.0868808 
0.149458 0.0277537 0.0784993 0.0832611 0.111015 0.0277537 0.100067 0.138768 0.0877649 0.0277537 
0.124678 0.109028 0.0478119 0.0641464 0.162841 0.0676162 0.0907167 0.106911 0.0676162 0.0604778 
0.0790508 0.0901317 0.0749941 0.0790508 0.106058 0.0790508 0.0901317 0.0558973 0.0558973 0.0901317 
0.107381 0.0759299 0.0536906 0.0865734 0.0990005 0.0536906 0.0240111 0 0.101871 0.0679138 
0 0.0270048 0.0810145 0.0603847 0.0810145 0.0603847 0.0763812 0.0763812 0.111344 0.0853968 
0.0286814 0.0641335 0.0202808 0.0405616 0.0202808 0.0453493 0.0641335 0 0.0453493 0.0608424 
0.0442239 0.0494438 0.031271 0.0442239 0.290837 0.0221119 0.031271 0.031271 0.0797257 0.031271 
0.0492889 0.104558 0.0779326 0.0888568 0.0348525 0.0551067 0.0348525 0.0779326 0.0551067 0.0739333 
0.0665466 0.0470556 0.0848306 0.0526097 0.0970075 0.0848306 0.0526097 0.0705834 0.0848306 0.0332733 
0.110389 0.0889988 0.150146 0.0698164 0.156114 0.150146 0.0698164 0.0698164 0.156114 0.0889988 
0.0376588 0.0960116 0.0753177 0.0532576 0.0842077 0.0376588 0.0842077 0.0595439 0.0595439 0.0532576 
0.0842077 0.112977 0.0960116 0.0798865 0.0532576 0.0595439 0.112977 0.0532576 0.0798865 0.0376588 
0.0473481 0.0710221 0.0334801 0.11837 0.0748639 0.0334801 0.120714 0.0853579 0.0748639 0.0529367 
0.0189033 0.0534666 0.0945164 0.295279 0.320799 0.132323 0.114984 0.812841 0.101797 0.136314 
0.166401 0.112793 0.208339 0.0820687 0.112793 0.0386875 0.0273562 0.0273562 0.086508 0.0820687 
0.0586652 0.0927578 0.0293326 0.0293326 0.0586652 0.0927578 0 0.0829651 0 0.0879977 
0.0311494 0.0696522 0.022026 0.172028 0.139304 0.0908153 0.0696522 0.128432 0.0985031 0.0934482 
0.117639 0.0998199 0.0941111 0.0470556 0.0744014 0.0665466 0.0744014 0.0970075 0.0526097 0.0744014 
0.0302718 0.0771782 0.0478639 0.203069 0.107027 0.0676897 0.0882566 1.01241 0.0302718 0.0302718 
0 0.126226 0.227558 0.0564501 0.199581 0.141125 0.0399163 0.0631132 0.1129 0.119749 
0.051778 0.051778 0.103556 0.051778 0.103556 0.0654946 0.0231558 0.0231558 0.0982419 0.0327473 
0.0993447 0.0538772 0.0722839 0.0240946 0.0761939 0.0681499 0.0681499 0.0240946 0.0868744 0.0722839 
0.0246744 0.0551737 0.088965 0 0.0246744 0.0697899 0.0246744 0.0551737 0.110347 0.0246744 
0.372033 0.0744065 0.171297 0.148813 0.166378 0.166378 0.117647 0.0744065 0.0970142 0.0848365 
0.0758522 0.0799552 0.0715141 0.091163 0.0799552 0.0565369 0.0758522 0.0758522 0.091163 0.0715141 
0.0801036 0.0314192 0.0314192 0.0628384 0.0801036 0.0666502 0.0444335 0.0222167 0.0801036 0.0314192 
0.143294 0.0477648 0.240015 0.139257 0.172218 0.173867 0.0337748 0.0984697 0.168874 0.0534027 
0.122939 0.0434654 0.0896063 0.156717 0.261697 0.152129 0.139157 0.35974 0.179213 0.153673 
0.0556243 0.0896914 0.133961 0.0556243 0.12438 0.0786646 0.12438 0.0556243 0.0556243 0.0896914 
0.0321226 0.0642451 0.143656 0.10158 0.0454282 0 0.0507902 0 0.0818968 0.0963677 
0.0841406 0.0532152 0.143286 0.0376288 0.202637 0.135673 0.0532152 0.0532152 0.112887 0.0841406 
0.0950698 0.0475349 0.0979957 0.0751593 0.18563 0.144572 0.0336123 0 0.150319 0.0237675 
0.0348764 0.0986452 0.0697527 0.198826 0.210706 0.198826 0.101681 0.0493226 0.132805 0.155972 
0.0532058 0.0336503 0.0237944 0.0857918 0.0857918 0.0752444 0.0532058 0.191836 0.0237944 0.0532058 
0.0525552 0.096907 0.200813 0.12657 0.221731 0.119844 0.12657 0.212832 0.171107 0.0525552 
0.102747 0.0649827 0.0918994 0.0726529 0.0689245 0.0947277 0.0918994 0.0459497 0.0513733 0.0324913 
0.0548161 0.049029 0.122573 0.049029 0.0548161 0.0346688 0.0548161 0.0346688 0.109632 0.122573 
0.132342 0.0818335 0.0907861 0.101502 0.158876 0.113483 0.0818335 0.045393 0.0818335 0.0962932 
0.0415227 0.029361 0.0856013 0.0856013 0.0656532 0.149712 0.0748562 0.901388 0.058722 0.151145 
0.0444444 0.0993808 0.0666667 0.0916246 0.0801234 0.0666667 0.0942809 0.16178 0.125708 0.0993808 
0.072734 0.0242447 0.147474 0.0685742 0.0542127 0.0999633 0.0874153 0.0484893 0.072734 0.0874153 
0.110727 0.114135 0.201527 0.0276818 0.22827 0.114135 0.0276818 0.0875376 0.185695 0.161411 
0.850926 0.0945109 0.0528332 0.0747174 0.0668293 0.0472554 0.0668293 0.085191 0.085191 0.120478 
0.105297 0.0766152 0.130221 0.307523 0.0807595 0 0.0510768 0.0255384 0.0510768 0.155344 
0.0707107 0.111803 0.0447214 0.0707107 0.0921954 0.0894427 0.0707107 0.067082 0.111803 0.1 
0.0412174 0.0460825 0.120168 0.130341 0.241219 0.138247 0.0651704 0.0651704 0.125358 0.130341 
0.0526097 0.0470556 0.0526097 0.0526097 0.0705834 0.119969 0.0941111 0.0235278 0.0848306 0.0665466 
0.125902 0.0740741 0.0987654 0.0780809 0.101805 0.0780809 0.089026 0.0552116 0.089026 0.101805 
0.120437 0.0653162 0.0413096 0.105319 0.0653162 0.146052 0.0653162 0.0413096 0.0653162 0.184742 
0.081453 0.0257577 0.103031 0.106202 0.109281 0.081453 0.057596 0.0364269 0.081453 0.0257577 
0.0979197 0.075101 0.106209 0.0979197 0.075101 0.134345 0.0856283 0.0856283 0.100759 0.0531044 
0.0779155 0.0259718 0.0821302 0.0580748 0.0734594 0.0580748 0.0580748 0.0367297 0.0734594 0.0580748 
0.202796 0.0754612 0.202796 0.0355728 0.202796 0.128259 0.150922 0.103712 0.153004 0.128259 
0.0961694 0.0304114 0.0775343 0.0775343 0.0430083 0.068002 0.129025 0.0608229 0.0480847 0.0912343 
0.0464332 0 0.118382 0.0734174 0.0464332 0.0464332 0.0519139 0.0837087 0.0957245 0.0734174 
0.101735 0.0551737 0.156055 0.125815 0.0697899 0.123372 0.0348949 0.0780274 0.0780274 0.110347 
0.0942809 0.045733 0.116597 0.0228665 0.116597 0.0914659 0.0942809 0.051131 0.139091 0.102262 
0.0896274 0.0217378 0.0896274 0.0217378 0.0486073 0.0783769 0.108689 0.0434757 0.0783769 0.0972146 
0.028848 0.0203986 0.0203986 0.028848 0 0.0611958 0.0815944 0.0456127 0.0407972 0.0645061 
0.100396 0.0673477 0.0952441 0.0952441 0.0224492 0.0448985 0.0952441 0.0709908 0.0224492 0.0673477 
0.14477 0.0319744 0.163038 0.101112 0.0959233 0.121755 0.071497 0.0452187 0.050556 0.127898 
0.0504353 0.106989 0.213979 0.15949 0.196956 0.232495 0.103975 1.35801 0.181847 0.303661 
0.0832972 0.0745033 0.0832972 0.0745033 0.0526818 0.0372516 0.0790227 0.0372516 0 0 
0.0981414 0.0673244 0.144787 0.0532246 0.138793 0.119014 0.075271 0.0952111 0.106449 0.119014 
0.115095 0.0230189 0.130215 0.0920758 0.140019 0.082996 0.123961 0.0727923 0.0727923 0.0949095 
0.06408 0.0453114 0.132104 0.03204 0.113279 0.0816863 0.115522 0.0226557 0.101319 0.12816 
0.0748539 0.0557928 0.124757 0.102877 0.14549 0.0249513 0.078903 0.0499026 0.0557928 0.078903 
0.0553467 0.0247518 0.12621 0.0721633 0.12621 0 0.0721633 0.553467 0.0700086 0.0631049 
0.0386154 0.0610562 0.0863466 0.0772307 0.0386154 0.0273052 0.0610562 0.0273052 0.136526 0.0546104 
0.0229642 0.0459285 0.0726193 0.0827988 0.0688927 0.0324764 0.0688927 0.0513496 0.0229642 0.0324764 
1.10485 0.0246744 0.123372 0.0551737 0.0697899 0.0780274 0.0780274 0.894427 0.0740233 0.0551737 
0.0868744 0.034075 0.0481893 0.0868744 0.0761939 0.0481893 0.0538772 0 0.0681499 0.034075 
0.121604 0.158552 0.17411 0.0543828 0.115363 0.0608018 0.115363 0.0608018 0.0384544 0.0384544 
0.169828 0.136333 0.101266 0.147619 0.0506329 0.104382 0.0912798 0.0912798 0.104382 0.126582 
0.116248 0.0464991 0.0958603 0.116248 0.0735215 0.0328798 0.0958603 0.0519875 0.0328798 0.0958603 
0.0465085 0.0328865 0.0838444 0.210576 0.116271 0.116271 0.0465085 0.0697627 0.0958797 0.093017 
0.0609711 0.0862261 0.278071 0.0272671 0 0.0545342 0.146838 0.0272671 0.136335 0.0609711 
0.21666 0.0685138 0.184479 0.0342569 0.054165 0.0766008 0.153202 0.0484466 0.14534 0.054165 
0.118715 0.0287926 0.115171 0.103813 0.0575853 0.0643823 0.0287926 0.146814 0.0407189 0.0910503 
0.0866546 0.0760011 0.0866546 0.0537409 0.072101 0.0866546 0.0866546 0.0480673 0.140139 0.161223 
0.198524 0.179265 0 0.0550607 0.0348234 0.0492478 0.172367 0.0984956 0.0550607 0.0696469 
0.0740684 0.0552073 0.123447 0.15809 0.0552073 0.0698324 0.104749 0.0740684 0.101797 0.125892 
0.120517 0 0.16169 0.0340873 0.152443 0.0723102 0.107794 0.107794 0.102262 0.086906 
0.130744 0.0242786 0.108577 0.0485571 0.176751 0.0971143 0.0767756 0 0.0686702 0.0728357 
0.0761111 0.0680759 0.144411 0.0722054 0.0722054 0.140342 0.0538187 0.0538187 0.0992368 0.0722054 
0.132397 0.0734409 0.157941 0.0367204 0.0821094 0.0519305 0.0259653 0.0580601 0.107058 0.0259653 
0.0532907 0.08426 0.0595808 0.0595808 0.0266454 0.0532907 0.0532907 0.0799361 0.0960712 0.0532907 
0.133227 0.0595808 0.214822 0.0595808 0.263776 0.192142 0.0595808 0.0799361 0.193981 0.0960712 
0.0782154 0.0485071 0.195237 0.223344 0.169428 0.184072 0.131954 0.0970143 0.108465 0.126491 
0.135656 0 0.0815191 0.0226093 0.0815191 0.0815191 0.0452187 0.0226093 0.0932207 0.050556 
0.0252438 0.0252438 0.0910176 0.0910176 0.0714001 0.0757313 0.0798278 0 0.1071 0.0798278 
0.0877253 0.0544049 0.0877253 0.0544049 0.121653 0.0544049 0.0729918 0.0243306 0.0769401 0.0486612 
0.123372 0.0246744 0.0780274 0.0348949 0.0348949 0.110347 0.0493489 0.0493489 0.104685 0.0551737 
0.11266 0.0910975 0.124985 0.0441888 0.139737 0.0698686 0.154661 0.0698686 0.0494046 0.0220944 
0.0233683 0.0738969 0 0 0.177967 0.0660954 0.104506 0.116841 0.052253 0.052253 
1.19007 0.0534141 0.236474 0.0716625 0.0984907 0.047775 0.119438 0.0716625 0.0984907 0.0238875 
0.0356632 0.0252177 0.128585 0.100871 0.100871 0.0563884 0.0713263 0.0356632 0.0504353 0.0252177 
0.113074 0.0565369 0.128924 0.0565369 0.197475 0.182326 0.0565369 0.0565369 0.15991 0.136159 
0.743999 0.0612392 0.027387 0.038731 0.159692 0.0987452 0.0774621 0.082161 0.0612392 0.027387 
0.0879403 0.034493 0.097561 0.0487805 0.100564 0.121951 0.0771287 0.0771287 0.097561 0.097561 
0.0478119 0.0213821 0.0770943 0.106911 0.0478119 0.0641464 0.106911 0.0641464 0.0641464 0.0478119 
0.159086 0.159086 0.112491 2.87106 0.100615 0.20123 0.933743 0.795431 0.227777 0.383131 
0.185725 0.0205099 0.102549 0.137584 0.232043 0.0845643 0.0739493 0.0648579 0.10458 0.147899 
0.0294932 0.0466328 0.112307 0.126855 0.0659488 0.0859867 0.112307 0.0884796 0.0659488 0.150386 
0.0523491 0.0185082 0.0585281 0.0370164 0.11851 0.0413856 0.112581 0.0827712 0.0827712 0.092541 
0.0491414 0.0439534 0.109883 0.11206 0.128145 0.11206 0.181224 0.902116 0.0621595 0.19779 
0.0218465 0.0617913 0.132887 0.0488503 0.154478 0.0488503 0.127386 0.0926869 0.0308956 0.159045 
0.0758391 0.021034 0.133031 0.169581 0.126204 0.169581 0.133031 0.883428 0.0758391 0.235167 
0.038574 0.038574 0.0771481 0.0431271 0.103864 0.0795224 0.129381 0.0964351 0.0983449 0.164788 
0.085212 0.0413339 0.11691 0.0745157 0.11691 0.0620008 0.103335 0.0653546 0.0584549 0.130709 
0.0485729 0.0651674 0.110763 0.0485729 0.0217225 0.0485729 0.0971458 0.0485729 0.0783214 0.0921606 
0.0792429 0.0903508 0.0751764 0.190842 0.214102 0.226917 0.215564 0.616365 0.177192 0.30996 
0.220461 0.028824 0.128905 0.0840357 0.103926 0.0407633 0.123977 0.0203817 0.0734871 0.057648 
0.0299712 0.0473886 0.211928 0.105964 0.0873802 0.108063 0.152824 0.165521 0.108063 0.0947772 
0.13544 0.0918061 0.439159 0.934652 0.464933 0.468121 0.0918061 1.0155 0.142574 0.316463 
0.144383 0.147242 0.0866296 0.0408376 0.0913156 0.0288765 0.0577531 0 0.0866296 0.0816752 
0.119712 0.0290343 0.148047 0.0410608 0.0290343 0.0918146 0.0918146 0.148047 0.129845 0.0821215 
0.101774 0.0987353 0.192787 0.0349082 0.254136 0.110389 0.0493677 0.0780571 0.125863 0.0551947 
0.0569572 0.0900572 0.0569572 0.0900572 0.0742631 0.0649412 0.105024 0.0969946 0.0402748 0.101888 
0.111344 0.0853968 0.0603847 0.0973674 0.0853968 0.0973674 0.0810145 0.0810145 0.0973674 0.0973674 
0.076444 0.0871595 0.0341868 0.0871595 0 0.0683736 0.0966948 0.120869 0.130179 0.0540541 
0.0218792 0.0437583 0.0875167 0.0978466 0.0489233 0 0.14677 0.0902101 0.0489233 0.0618836 
0.0512383 0.0458289 0.0724619 0.0944787 0.0648119 0.0512383 0.123398 0.0512383 0.0512383 0.114572 
0.185016 0.0709505 0.112183 0.0448731 0.03173 0.03173 0.12692 0.0808961 0.0501696 0.0673096 
0.072111 0.0824621 0.0894427 0.10198 0.0824621 0.0894427 0.128062 0.0894427 0.113137 0.072111 
0.139603 0.0930686 0.151505 0.0624323 0.131619 0.0294309 0.17161 0.0208108 0.0465343 0.104054 
0.0530558 0.0530558 0.142364 0.127775 0.0855499 0.0855499 0.0855499 0.0978301 0.0335554 0.138353 
0.0500469 0.067145 0.114125 0.0316525 0.111908 0.0316525 0.136142 0.0447633 0.0447633 0.092282 
0.107521 0.136004 0.0860165 0.068002 0.0775343 0.0608229 0.182469 0.0480847 0.0430083 0.144254 
0.0711068 0.0749532 0.0711068 0.0529999 0.0474046 0.0529999 0.13408 0.0711068 0.0335201 0.0670402 
0.202698 0.0427325 0.628763 0.067566 0.191106 0.067566 0.151082 0.0955528 0.135132 0.085465 
0.121255 0.0294086 0.0929981 0.149955 0.0588172 0.106034 0.0882258 0.631429 0.15837 0.271134 
0.10994 0.037709 0.159986 0.0961395 0.0533286 0.075418 0.113127 0.037709 0.037709 0.0596232 
0.146012 0.121257 0.249977 0.0977602 0.115034 0.121257 0.111793 0 0.0766894 0.146012 
0.121503 0.0998752 0.184161 0.0631666 0.141245 0.0720211 0.0823592 0.0399501 0.0446656 0.0799002 
0.0270048 0.0540097 0.0540097 0.0270048 0.111344 0.0853968 0.0381906 0.0603847 0.0540097 0.0540097 
0.0885309 0.0303658 0.125202 0.0480126 0.128831 0.0885309 0.0885309 0.0214719 0.0607317 0.0303658 
0.154461 0.136526 0.147043 0.0863466 0.198785 0.0386154 0.0984502 0.0546104 0.0610562 0.0386154 
0.129048 0.113182 0.104349 0.147572 0.178957 0.113182 0.0912505 0.0912505 0.126542 0.101233 
0.0768492 0.034368 0 0.068736 0.103104 0.0543406 0.0543406 0.034368 0.0729056 0.0243019 
0.101404 0 0.0320668 0.0641335 0.0226746 0.0453493 0.0453493 0.0320668 0.0817545 0.0906985 
0.0538655 0.0761774 0.0993231 0.0481788 0.0963576 0.0722682 0.129725 0.175373 0.0240894 0.0340675 
0.129449 0.0496414 0.0496414 0.129449 0.0702035 0.0941879 0.111002 0.031396 0.031396 0.135039 
0.112352 0.0810185 0 0.134823 0.0635561 0.0953342 0.0926482 0.0810185 0.0710579 0.0710579 
0.100826 0.0489079 0.12227 0.0546807 0.0773302 0.0733619 0.109361 0.0345831 0.0773302 0.024454 
0.111011 0.0618425 0.0874585 0.0921894 0.0460947 0.0460947 0.0460947 0 0.0583057 0.0460947 
0.0566684 0.0506857 0.170005 0.126714 0.0506857 0.0760286 0.136476 0.0566684 0.0566684 0.0358402 
0.101233 0.0565912 0.0565912 0.126542 0.0565912 0.0253083 0.126542 0.101233 0.0253083 0.0506167 
0.194257 0.0993447 0.0993447 0.0761939 0.0538772 0.0761939 0.0868744 0.034075 0.034075 0.0240946 
0.0774258 0.0547483 0.147414 0.0986989 0.147414 0 0.0986989 0.0865647 0.0547483 0.0273742 
0.0776021 0.0731639 0.0776021 0 0.0817998 0.106654 0.0932661 0 0.0932661 0.0731639 
0.179793 0.0667734 0.166934 0.052789 0.0746549 0.137657 0.143602 0.0333867 0.0472159 0.0667734 
0.0798582 0.0376455 0.109755 0.135733 0.159716 0.0841779 0.0376455 0.0959776 0.0841779 0.133097 
0.0818408 0.0366003 0.129402 0.0258803 0.11574 0.0578702 0.103521 0.0258803 0.0517607 0.0818408 
0.0556889 0.0704415 0.0556889 0.0704415 0.078756 0.0249048 0.0556889 0.0556889 0.0498097 0.111378 
0.0841406 0.0959351 0.0798228 0.0266076 0.0594964 0.0266076 0.0594964 0.0841406 0.0798228 0.0752577 
0.145219 0.0747145 0.124524 0.0556889 0.124524 0.0556889 0.0747145 0.0704415 0.124524 0.145219 
0.12464 0.0747841 0.194694 0.024928 0.189846 0.179759 0.0352536 0.024928 0.179759 0.12464 
0.0964135 0.0340873 0.0538968 0.129801 0.0482068 0.107794 0.107794 0.175475 0.129801 0.140546 
0.0889988 0.0740515 0.0889988 0.150146 0.227574 0.0987353 0.0889988 0.0780571 0.0551947 0.14393 
0.114655 0.0604287 0.249154 0.120857 0.111425 0.0854592 0.0540491 0.0540491 0.0974384 0.111425 
0.194257 0.12664 0.0686803 0.0307148 0.110744 0.0971286 0.0614295 1.70709 0.0868744 0.0921443 
0.0981943 0.108937 0.07703 0.121795 0.0981943 0.0544684 0.0608975 0.0272342 0.0272342 0.07703 
0.10772 0.0802896 0.0915442 0.0359066 0.10772 0.0359066 0.0802896 0.0567733 0.0359066 0.0253898 
0.0608018 0.112113 0.0543828 0.0769089 0.171973 0.14643 0.0859867 0.0769089 0.0980399 0.135957 
0.0726193 0.0229642 0.094684 0.0459285 0.102699 0.0229642 0.0513496 0.0513496 0.114821 0.0324764 
0.0854598 0.0670402 0.0948091 0.0948091 0.218524 0.0529999 0.0529999 0.0749532 0.0529999 0.0474046 
0.0921307 0.0582686 0.020601 0.120124 0.0874028 0.0582686 0.0582686 0.0742781 0.0412021 0.0651462 
0.0678141 0.0428894 0.0479518 0.0678141 0.0909822 0.0428894 0.0884188 0.0479518 0.07732 0.0678141 
0.0649827 0.0324913 0.0513733 0.0513733 0.097474 0.082837 0.097474 0 0.0324913 0.123723 
0.0900755 0.0617913 0.0690847 0.043693 0.111396 0.0218465 0.0787687 0.0900755 0.087386 0.117647 
0.105198 0.0969874 0.0525988 0.084813 0.231674 0.169626 0.0665328 0.0997992 0.126675 0.0969874 
0.0702338 0.0702338 0.0222099 0.113249 0.169145 0.0702338 0.0666297 0.0222099 0.062819 0.0496628 
0.0632377 0.0316188 0.0999875 0.0999875 0.0670737 0.0806125 0.0223579 0.0499938 0.0921839 0.114003 
0.0496781 0.0444335 0.0314192 0.0444335 0.091602 0.0496781 0.0666502 0.0496781 0.0666502 0.0496781 
0.097474 0.145306 0.0513733 0.097474 0.123723 0.133965 0.147111 0.0649827 0.114874 0.165674 
0.110574 0.0216854 0.0306678 0.0306678 0.0216854 0.0216854 0.04849 0.0613356 0.0433708 0.0685752 
0 0.0421029 0.0595425 0.0210515 0.0210515 0.0665706 0.094145 0.0297713 0.0665706 0.0470725 
0.121795 0.0981943 0.136171 0.121795 0.07703 0.0608975 0.146661 0.0608975 0.038515 0.108937 
0.0441597 0.0197488 0.027929 0.0441597 0.139645 0.0197488 0.0712054 0.1007 0.0789953 0.0712054 
0.0545018 0.0770772 0.0487479 0.0243739 0.0731218 0.03447 0.0878815 0.03447 0.124283 0.12187 
0.0339569 0.0865734 0.0960446 0.0536906 0.192089 0.0339569 0.107381 0.0960446 0.0480223 0.0339569 
0.0813116 0.0813116 0.0929833 0.114992 0.151282 0.114992 0.100855 0.0813116 0.112759 0.114992 
0.133119 0.0595326 0.0631439 0.0758895 0.178598 0.0631439 0.10524 0.0297663 0.0758895 0.0595326 
0.0556889 0.105662 0.078756 0.0704415 0.0996194 0.111378 0.105662 0.102685 0.140883 0.124524 
0.105169 0.0360727 0 0.0570359 0.0360727 0.0255072 0.0570359 0 0.0360727 0.0806609 
0.0752071 0.0475652 0 0.121268 0.118913 0.0237826 0.0531795 0.0531795 0.0237826 0.0475652 
0.108777 0.105712 0.130733 0.0256389 0 0.0573304 0.0810774 0.153834 0.0769168 0.0924424 
0.21879 0.11452 0.149315 0.0768221 0.0809776 0.0923287 0.0572598 0.11452 0.128037 0.108643 
0.0935561 0.0717542 0.0818124 0.0641789 0.0818124 0.0507379 0.101476 0.0320895 0.0641789 0.0507379 
0.0539635 0.068259 0.0539635 0 0.068259 0.0241332 0.0341295 0.0995037 0.0241332 0.0341295 
0 0.0374996 0.193041 0.161292 0.0838517 0.132581 0 0.0530325 0.109329 0.118584 
0.113347 0.0470647 0.0758895 0.169694 0.179834 0.086783 0.12273 0.0470647 0.113347 0.153232 
0.069098 0.069098 0.20601 0.124035 0.138196 0.0949661 0.0728357 0.0325731 0.0515026 0.0230327 
0.0243739 0.0487479 0.0243739 0.0545018 0.17235 0.0545018 0.0545018 0 0.0731218 0.0243739 
0.101612 0.0492889 0.0551067 0.0551067 0.069705 0.0551067 0.110213 0.123222 0.0348525 0.0739333 
0.285714 0.0571429 0.258725 0.307724 0.34523 0.325764 0.0404061 0.506287 0.325764 0.180702 
0.123367 0.0762834 0.191587 0.236545 0.19506 0.161129 0.066905 0.066905 0.128694 0.123367 
0.181892 0.17966 0.172791 0.08522 0.0898298 0.0401731 0.160692 0.0635193 0.0803462 0.0803462 
0.144383 0.104116 0.210224 0.0288765 0.259889 0 0.104116 0.0645699 0.115506 0.0645699 
0.11977 0.105045 0.216556 0.290541 0.518885 0.0664364 0.11977 0.0469776 0.0234888 0.136962 
1.03635 0.0538772 0.215509 0.173749 0.60429 0.107754 0.140495 0.0538772 0.129754 0.0538772 
0.0790508 0.10307 0.111795 0.0558973 0.0558973 0.024998 0.0790508 0.0749941 0.0558973 0.0499961 
0.068002 0.115803 0.0480847 0.0608229 0.115803 0.0775343 0.0775343 0.0430083 0.0430083 0.0645124 
0.12499 0.0558973 0.106058 0.0499961 0.024998 0.0901317 0.0353526 0.12499 0.0707052 0.0558973 
0.187414 0.0819443 0.181818 0.0964236 0.152459 0.138245 0.0718699 0.0508197 0.214409 0.136364 
0.0470126 0.0420494 0.0940253 0.127888 0.153062 0.122594 0.0630741 0.0420494 0.0940253 0.107205 
0.0240807 0.0340552 0.0481613 0.0761497 0 0.072242 0.053846 0.0240807 0.0340552 0.053846 
0.128005 0.0720786 0.0632171 0.0447012 0.0282716 0.101935 0.079964 0.156135 0.107655 0.082425 
0.113762 0.0446211 0.0446211 0.113762 0.0705521 0.0705521 0.0315519 0.113762 0.113762 0.0892421 
0 0.0763159 0.0482664 0.146797 0.0995037 0.129961 0.0539635 0.0763159 0.0539635 0.107927 
0.0534141 0.033782 0.075539 0.0861277 0.075539 0.0534141 0.0238875 0.0861277 0.0534141 0.0534141 
0.0248108 0.0175439 0.0392293 0.0496215 0.0350877 0.0894565 0.0175439 0.0350877 0.0392293 0.0175439 
0.0587626 0.0587626 0.0371647 0.0947518 0.117525 0.0525588 0.0831028 0.0262794 0.0371647 0.0743294 
0.0943543 0.0298375 0.0843931 0.152142 0.321359 0.210983 0.149187 0.510735 0.27019 0.299863 
0.0795046 0.0444444 0 0.0562183 0.107036 0.0281091 0.0281091 0.0281091 0.0281091 0.0198762 
0.0564963 0.0714628 0.0252659 0.0714628 0.153686 0.128831 0.0564963 0.0564963 0.0505318 0.0357314 
0.101112 0.0452187 0.0452187 0.0319744 0.121755 0.071497 0.0319744 0.050556 0.067828 0.050556 
0.0324614 0.0827606 0.0513259 0.17481 0.123609 0.0649227 0.0649227 0.0513259 0.0725858 0.0459073 
0.0739929 0.0523209 0.0739929 0.104642 0.0701958 0.0233986 0.0523209 0.096475 0.0467972 0.0467972 
0.132042 0.0818888 0.132042 0.183109 0.208776 0.150996 0.0818888 0.129478 0.157516 0.0579042 
0.0532322 0 0.0238062 0.033667 0.0858343 0 0.0532322 0.0532322 0.033667 0.0752817 
0.198762 0.0993808 0.107794 0.183566 0.0241034 0.0681747 0.0762216 0.0762216 0.0241034 0.0681747 
0.158721 0.0748219 0.200768 0.149644 0.267691 0.137965 0.0334614 0.118304 0.0748219 0.172253 
0.0546639 0.096633 0.165127 0.104077 0.13666 0.0193266 0.0546639 0.0432156 0.0864312 0.0432156 
0.0313323 0.0221553 0.0443106 0.0913487 0.0443106 0.0443106 0.0313323 0.0221553 0.0626647 0.0626647 
0.0353526 0.111795 0.0707052 0.0707052 0.0558973 0.024998 0.0790508 0.0999922 0.0558973 0.0790508 
0.0383747 0.0429042 0.0606757 0.027135 0.0429042 0.134311 0.0191874 0.0429042 0.0191874 0.0791115 
0.0990802 0 0.113302 0.0274799 0.0614469 0.086899 0.0274799 0.0274799 0.0388624 0.086899 
0.219112 0.0905915 0.0405137 0.0572951 0.0572951 0.0640578 0.0835212 0.10329 0.0905915 0.0405137 
0.102036 0.02886 0.0456317 0.0456317 0 0.0612213 0.02886 0.0645329 0.0456317 0.02886 
0.0456245 0.0645228 0.0288555 0 0.0456245 0.0645228 0.0645228 0.0456245 0.0288555 0 
0.0580601 0.0580601 0.0580601 0.0519305 0.11612 0.0367204 0.0367204 0.0580601 0.0778958 0 
0.0532359 0.0476157 0 0.0238078 0.0238078 0.0532359 0.0238078 0.0673387 0.0532359 0.0336694 
1.03364 0.0317781 0.162037 0.0953342 0.100491 0.0502455 0.0224705 0.044941 0.0502455 0.089882 
0.0779155 0.0580748 0.0734594 0.0367297 0.110189 0.11615 0.0580748 0.0936428 0.107085 0.0734594 
0.0655385 0.0518128 0.0732743 0.0983078 0.103626 0.115857 0.0327693 0.0835456 0.0231714 0.0732743 
0.0332182 0.0525226 0.0704664 0.0846901 0.0332182 0.0846901 0.0469776 0.0704664 0.0996546 0.0525226 
0.0237273 0.0237273 0 0.0530558 0.0335554 0.0335554 0.0335554 0.0530558 0.0237273 0.0711818 
0.11062 0.136803 0.136803 0.119984 0.209544 0.0848418 0.0848418 0.0536587 0.0848418 0.0599922 
0.11079 0.0600842 0.0537409 0.0600842 0.0268705 0.0380006 0.0849719 0.0600842 0.0849719 0.0380006 
0.0780274 0.0780274 0.110347 0.0216409 0.0306049 0.156055 0.110347 0.11654 0.205304 0.252374 
0.0342997 0.0242536 0.1 0.171499 0.153393 0.0874475 0.0685994 0.0542326 0.0242536 0.0242536 
0.0828671 0.0786146 0.094483 0.0585959 0.0585959 0.152799 0.0786146 0.0262049 0.0828671 0.0262049 
0.0828671 0.0436748 0.0436748 0.0704235 0.0276224 0.0781278 0 0.11389 0.0805323 0.0976598 
0.0769231 0.0543928 0.0486504 0.0543928 0.0729756 0.0688021 0.103203 0.0688021 0.0243252 0.034401 
0.0565685 0.0252982 0.0715542 0.0357771 0.0252982 0.0758947 0.0357771 0 0.0505964 0.08 
0.0778953 0.0778953 0.0778953 0.0483086 0.0483086 0.0305531 0.0683187 0.0966172 0.0483086 0.0216043 
0.0978671 0.0692025 0.0773707 0.0882162 0.173006 0.0882162 0 0.941256 0.0773707 0.0882162 
0.0675545 0.0675545 0.0955364 0.0213626 0.0302113 0.0302113 0.0477682 0.0604225 0.0213626 0.0302113 
0.087681 0.0212658 0.0637973 0.0300743 0.0637973 0.0475517 0.0300743 0.0951034 0.0300743 0.0475517 
0.0937694 0.0822412 0.0937694 0.140052 0.130035 0.0780208 0.0260069 0.0735587 0.0367794 0.0735587 
0.0294372 0.0930887 0.0416305 0.0858236 0.104076 0.0750505 0.0624458 0.0832611 0.0624458 0.0208153 
0.0734966 0.05197 0.069725 0.0734966 0.0328687 0.0328687 0.0986061 0 0.05197 0.0837991 
0.0503793 0.0450606 0.112651 0.071247 0.071247 0.0225303 0.0503793 0.100759 0.0318627 0.0318627 
0.0420843 0.0210421 0.0420843 0.0470517 0.0758685 0.0297581 0 0.105211 0.0470517 0.0297581 
0.0456959 0.0289006 0.0736825 0.0204358 0.0646238 0.0456959 0.0289006 0.0578013 0.0289006 0.0578013 
0.0672217 0.0212574 0.0766445 0.0766445 0.0212574 0.0212574 0.0300624 0.0672217 0.0212574 0.0300624 
0.0458079 0.0647821 0.0512148 0.195691 0.252982 0.116788 0.0229039 0.0647821 0.10243 0.129564 
0.0460653 0.0460653 0.131911 0.160899 0.0618031 0.0412021 0 0.0291343 0.0291343 0.125311 
0.0750505 0.0294372 0.0750505 0.0465444 0.0658237 0.0588745 0.0294372 0.0858236 0 0.0658237 
0.0580601 0.0734409 0.0259653 0.0734409 0.0367204 0.107058 0.0821094 0.0367204 0.0580601 0.0367204 
0.0753541 0.0710445 0.0794301 0.12559 0.12559 0.050236 0.0561656 0.128077 0.0794301 0.0561656 
0 0.0357001 0.0910176 0.153552 0.0252438 0.0357001 0.0252438 0.0564467 0.0357001 0.0564467 
0 0.0898863 0.15963 0.0352563 0.02493 0.0557451 0.0352563 0.105769 0.0898863 0.0788355 
0.0775343 0.152057 0.0886638 1.08057 0.564458 0.984739 0.0480847 0.10965 0.068002 0.21288 
0.0494438 0.0221119 0.062542 0.031271 0.0494438 0.031271 0.031271 0.0797257 0.062542 0 
0.0511879 0.0511879 0.0723906 0.0228919 0.082538 0.0511879 0.0228919 0.0511879 0.0511879 0.0228919 
0.0493677 0.0349082 0.101774 0.172787 0.209449 0.246838 0.165584 0.718804 0.349082 0.281439 
0.072734 0.0342871 0.0766683 0.0242447 0.0766683 0.0242447 0.0242447 0.0542127 0.0874153 0.0342871 
0.0563213 0.0712414 0 0.0755629 0.0563213 0.0251876 0.0796503 0.0356207 0.0356207 0.0563213 
0.0325085 0.0514005 0.022987 0.0828808 0.0947778 0.123789 0.045974 0.091948 0.154201 0.134036 
0.071497 0.0319744 0.101112 0.0452187 0.050556 0.067828 0.0226093 0.0452187 0.0226093 0.0639489 
0.142024 0.100426 0.0557062 0.111412 0.124563 0.118171 0.0393902 0.0278531 0.0393902 0.100426 
0.0750322 0.0335554 0.0335554 0.0335554 0.120986 0.0474546 0.0978301 0.106112 0.0237273 0.0474546 
0.0279987 0.0279987 0.13281 0.0395962 0.0816297 0.0442699 0.0559975 0.0442699 0.120427 0.0197981 
0.116293 0.0228069 0.152994 0.0322539 0.122819 0.0940354 0.0456139 0.0456139 0.0645077 0.0322539 
0.0934539 0.0579576 0.0819645 0.0819645 0.0259194 0 0.0579576 0.0366556 0.0259194 0.0259194 
0.0692336 0.0218936 0.0489555 0.0979111 0.0218936 0.0218936 0.0489555 0.0692336 0.0309622 0.0309622 
0.0637973 0.0300743 0.0212658 0.0212658 0.0300743 0.0212658 0.0475517 0.0475517 0.0637973 0.0475517 
0.111256 0.1175 0.030857 0.0899628 0.111256 0.0786702 0.0899628 0.0654576 0.1175 0.030857 
0 0.066519 0.022173 0.022173 0.0495803 0.022173 0.066519 0.0495803 0.0495803 0.0495803 
0.0519981 0 0.118574 0.116271 0.16278 0.125228 0.0519981 0 0.0232542 0.0465085 
0.0558842 0 0 0.0749766 0.0558842 0.0353443 0.0353443 0.0499844 0.0558842 0.0558842 
0 0.0248759 0.0896914 0.0556243 0.0497519 0.0351799 0.0248759 0.0556243 0.0703598 0.0351799 
0.0481613 0.0240807 0.0481613 0.0868241 0.053846 0 0 0.053846 0.0868241 0.072242 
0.0681351 0.0481788 0.0538655 0.0538655 0.0538655 0.0240894 0.0340675 0.0681351 0.0538655 0.0722682 
0.0677285 0.071837 0.101593 0.0757228 0.101593 0.0535441 0.0535441 0.151446 0.0239457 0.0535441 
0.0935447 0.0440974 0.0794977 0.0794977 0.0697241 0.0794977 0.0623631 0.0440974 0.0311816 0 
0.0657774 0.0232558 0.116279 0.0697674 0.0520016 0.0657774 0.0328887 0.0735413 0.0735413 0.0465116 
0.0667409 0.0667409 0.217293 0.123064 0.13514 0.0667409 0.0298474 0.0298474 0.0667409 0.0211053 
0.0710221 0.0334801 0.0853579 0.0473481 0.0748639 0.023674 0.023674 0.023674 0.0529367 0.0748639 
0.106449 0.0774532 0.0774532 0.0516355 0.0258177 0.0577302 0.106449 0.106449 0.0365118 0.0258177 
0.0604287 0.0270246 0.076437 0.0270246 0.0974384 0.0604287 0.0604287 0.0270246 0.0854592 0.0604287 
0.0881607 0.0641464 0.0676162 0.0478119 0.0213821 0.106911 0.0641464 0.0478119 0.0881607 0.0478119 
0.123969 0.0924007 0.146098 0.157353 0.148992 0.146098 0.087659 0.0826457 0.0653372 0.087659 
0.226254 0.150836 0.0266643 0.10994 0.0596232 0.119246 0.0266643 0.10994 0.0596232 0.155478 
0.0538655 0.0722682 0.0761774 0.0481788 0.0681351 0.107731 0.0340675 0.0761774 0.0481788 0.0481788 
0.128965 0.151753 0.151753 0.159962 0.0252922 0.0799808 0 0.104282 0.056555 0.0505843 
0.031603 0.031603 0.130303 0 0.161144 0.141333 0.0999376 0.0706665 0 0.170188 
0.07278 0.0451363 0.0638323 0.0638323 0.0638323 0.0638323 0.0832272 0.0451363 0.0638323 0.0638323 
0.106581 0.106581 0.0376822 0.0266454 0.133227 0.0595808 0.0532907 0.0753645 0.0595808 0.0266454 
0.073363 0.115997 0.0518755 0.18704 0.0231994 0.0956537 0.0956537 0.198216 0.0956537 0.167293 
0.0551947 0.0698164 0.0698164 0.0780571 0.101774 0 0.0246838 0.0246838 0.0889988 0 
0.093884 0.023471 0.033193 0.023471 0.033193 0.0967735 0.033193 0.070413 0.0524828 0.0524828 
0 0.0487226 0.034452 0.0544735 0.0487226 0 0.0689041 0.0243613 0.0770371 0.0770371 
0.0749941 0.024998 0.0901317 0.10307 0.106058 0.12499 0.0353526 1.15803 0.024998 0.180263 
0.0475329 0.0672217 0.175293 0.0876463 0.0876463 0.0212574 0.0300624 0.0475329 0.0475329 0.0672217 
0.0219449 0.0904812 0.0490703 0.109725 0.0904812 0.109725 0.0791235 0.965577 0.0981407 0.109725 
0.0507379 0.0818124 0.0320895 0.0320895 0.0717542 0.0507379 0.0641789 0.0507379 0.0507379 0.0507379 
0.0340675 0 0.0538655 0.0481788 0.107731 0.0681351 0.0240894 0.0538655 0.0538655 0.0993231 
0.116083 0.0232166 0.103828 0.0957245 0 0.0519139 0.0519139 0.0519139 0.0232166 0.0328332 
0.0511243 0.0646677 0.0824355 0.045727 0.0723007 0.0511243 0.0685905 0.0511243 0.0323339 0.0323339 
0.0837087 0.0957245 0.0232166 0.0232166 0.0519139 0.0734174 0.0656665 0.0734174 0.0328332 0.0519139 
0.0425315 0 0.0300743 0.0475517 0.0475517 0.0300743 0.0212658 0.0475517 0.0475517 0.0475517 
0.134173 0.117678 0.351066 0.30002 0.636439 0.176516 0.0832106 0.0263135 0.212146 0.141703 
0.0328532 0.0232307 0.0328532 0.0734619 0.0734619 0.0328532 0.0734619 0.0519454 0.0464614 0.0657063 
0.0464928 0.0519805 0.083816 0.230127 0.187418 0.116232 0.0519805 0.083816 0.103961 0.131501 
0 0.0637253 0.0284988 0.0284988 0.0569976 0.0403034 0.0284988 0.0403034 0.0637253 0 
0.0939423 0.0234856 0.267777 0.0742679 0.117428 0.0742679 0.0939423 0.0704567 0.126474 0.0332136 
0.0532699 0.023823 0.0858952 0.0336909 0.023823 0.023823 0 0.0858952 0.023823 0.0532699 
0.0486037 0.0243019 0.100199 0.153698 0.0768492 0.0543406 0.0486037 0.108681 0.0768492 0.034368 
0.0252438 0.0252438 0.0564467 0.104083 0.159656 0.0504875 0.0504875 0.161639 0.0504875 0.1071 
0.0747841 0.0352536 0.200976 0.12464 0.189846 0.105761 0.0557408 0.0498561 0.0788294 0.0557408 
0.0836467 0 0.0328089 0.0328089 0.0231994 0.0463988 0.0328089 0 0.0231994 0.0231994 
0.108563 0.0572176 0.130476 0.0572176 0.0922607 0.080918 0.0767655 0.051177 0.0767655 0.0767655 
0.0493226 0.0246613 0.0986452 0.0348764 0.0779859 0.0348764 0.0493226 0.0348764 0.0779859 0.0551444 
0.163148 0.0384544 0.0608018 0.0271914 0.14643 0.0384544 0.0384544 0.0980399 0.135957 0.108766 
0.0819232 0.113607 0.0321329 0.143703 0.15242 0.0936828 0.0321329 0.0718514 0.113607 0.0718514 
0.0732743 0.0546155 0.0244248 0.0244248 0.0345418 0.0546155 0.0244248 0.0244248 0.0546155 0.0880648 
0.939596 0.0243252 0.661717 0.100295 0.217571 0.147965 0.0243252 0.0243252 0.47231 0.0973009 
0.115171 0.0575853 0.0910503 0.128765 0.146814 0.118715 0.0643823 0.0910503 0.0407189 0.0407189 
0.0255072 0.0255072 0.0360727 0.0360727 0.102029 0 0.0570359 0.0255072 0.0510144 0.0721453 
0.0797452 0.0504353 0.0797452 0.103975 0.0563884 0.147043 0.0563884 0.0356632 0.0797452 0.161472 
0.025641 0.025641 0.0573351 0.11467 0.0573351 0.025641 0.025641 0.0362619 0.025641 0.025641 
0.040404 0.02857 0.0903462 0.02857 0.0451731 0.0857099 0.020202 0.020202 0 0.020202 
0.0496904 0.0666667 0.0496904 0.0496904 0.0702728 0.0628539 0.0666667 0.0801234 0.031427 0.031427 
0.0780457 0.0484019 0.10823 0.0865839 0.021646 0.043292 0.0484019 0.15306 0.0612241 0.021646 
0.0242109 0.0242109 0.0541372 0.0242109 0.0541372 0.0342393 0.0541372 0.099824 0.0242109 0.0342393 
0.0687289 0.0307365 0.0307365 0.086936 0.061473 0.0485987 0.061473 0.24006 0.0485987 0.065202 
0.0221349 0.112867 0.0939106 0.0442699 0.0939106 0 0.0664048 0.0494952 0.0664048 0.0221349 
0.075287 0 0.075287 0.0532359 0.0476157 0.0532359 0.0476157 0.0532359 0.0238078 0.0858404 
0.167417 0.0328332 0.0464332 0.125025 0.0464332 0.0519139 0.0519139 0.256436 0.0328332 0.0519139 
0.0525552 0.0235034 0.0332388 0 0 0.0332388 0 0.0235034 0.0332388 0.0470068 
0.0673775 0.136614 0.0809776 0.0449183 0.15881 0 0.120946 0.0502202 0.0502202 0.0635241 
0.0346688 0.0346688 0.0245145 0.142943 0.122573 0.0346688 0.0245145 0.0346688 0.0548161 0.049029 
0.131265 0.114788 0.121229 0.0225117 0.136934 0.0711884 0.0675352 0.0225117 0.0225117 0.0318364 
0.143214 0.163289 0.182562 0.0452882 0.160118 0.0716069 0.128094 0.0716069 0.0506337 0.0226441 
0.0710579 0.0710579 0.112352 0.112352 0.0224705 0.0224705 0.0317781 0.044941 0.0502455 0.0502455 
0.0387456 0.0273973 0.109589 0.139699 0.122524 0.0387456 0.0387456 0.0387456 0.0612621 0.0273973 
0.0715542 0.0505964 0.143108 0.08 0.0565685 0.0252982 0.0505964 0.0565685 0.0565685 0.0715542 
0.105327 0.0263318 0.117759 0.0832683 0.248413 0.184322 0.117759 0.0832683 0.153539 0.0949405 
0.0566048 0.0506289 0.0566048 0.179 0.0506289 0 0.0716 0.126572 0.0566048 0 
0.0669228 0 0.0473215 0.0529071 0.0473215 0.0669228 0.0236608 0.0529071 0.0709823 0.0748219 
0.0256074 0.0256074 0.0768221 0.0362143 0.0809776 0.0512148 0 0.0362143 0.0572598 0.0512148 
0.0857918 0.0532058 0.106412 0.0237944 0.106412 0.128137 0.0336503 0.0532058 0.106412 0.128137 
0.0942809 0.0784465 0.152472 0.104595 0.16538 0.159057 0.0522976 0.0261488 0.0942809 0.0826898 
0.0912505 0.0565912 0.0357914 0.075925 0 0.101233 0.0253083 0.0253083 0.0565912 0.0715828 
0 0.0222099 0.0444198 0.0444198 0.135097 0.0314095 0.0314095 0.0314095 0.0444198 0 
0.0472852 0.0668713 0.0528664 0.0528664 0.167178 0.0472852 0.0334357 0.0528664 0.0236426 0.0747644 
0.0738717 0.101527 0 0.0550607 0.0348234 0.0246239 0.0696469 0.0696469 0.0492478 0.0246239 
0.352744 0.0285176 0.04033 0.0831425 0.114071 0.020165 0.04033 0.0285176 0.04033 0.0450904 
0.0704252 0.102661 0.0787377 0.126961 0.145185 0.0497981 0.0497981 0.102661 0 0.055676 
0.02493 0.0898863 0.127118 0.0997199 0.02493 0.04986 0.0352563 0.04986 0.0788355 0.02493 
0.077123 0.077123 0.0545342 0.109068 0.0731653 0.0689809 0.0344904 0.0545342 0.0731653 0.0731653 
0.0499649 0.070661 0.124912 0.0558624 0.149895 0.0353305 0.0353305 0.0353305 0.0249824 0.0900755 
0.397073 0.0401105 0.0826898 0.0401105 0.108001 0.0401105 0.0401105 0.0283624 0.0567247 0.0448449 
0.05772 0.0456317 0.0456317 0.05772 0.0645329 0.0912633 0.0456317 0.0816284 0.0456317 0.0645329 
0.0475349 0.0751593 0.0531456 0.0475349 0.0237675 0.0336123 0.0336123 0.0336123 0.0237675 0.0531456 
0.0294372 0.0465444 0.0294372 0.0416305 0.0750505 0.0416305 0.0294372 0.0465444 0.0208153 0.0208153 
0.0818598 0.0717958 0.0936103 0.0507673 0.0507673 0.0681115 0.0908153 0.143592 0.115767 0.0227038 
0.0657063 0.0831127 0.0623345 0.0749168 0.0293848 0.0657063 0 0.0657063 0.0464614 0.0293848 
0.0520579 0.046562 0.069843 0.116405 0.0839409 0.0839409 0.104116 0.098773 0.0520579 0.0658486 
0.0666297 0.113249 0.0702338 0.119604 0.0222099 0.0702338 0.0444198 0.0496628 0.0702338 0.062819 
0.0297663 0.0758895 0.12803 0.10524 0.169694 0.0665595 0.0470647 0.0665595 0.107324 0.021048 
0.0310797 0.0694964 0.0879068 0.13186 0.138993 0.159993 0.0439534 0.0310797 0.109883 0.109883 
0.188441 0.0888319 0.143237 0.112364 0.0794536 0.125627 0.502509 0.75481 0.213936 0.238361 
0.0458681 0.0324336 0.0458681 0.022934 0.0725238 0.0512821 0.0458681 0.0458681 0.0458681 0.022934 
0.0314931 0.0704208 0 0.0314931 0.22269 0.140842 0.133614 1.68068 0.0944794 0.169596 
0.0232417 0.0734966 0.177003 0.135521 0.0657374 0 0.0464834 0.0958279 0.05197 0.0328687 
0.108045 0.0741186 0.111178 0.094483 0.104819 0.0786146 0.0585959 0.094483 0 0.0585959 
0.0235229 0.0470458 0.0705687 0.15062 0.0969874 0.117615 0.0332664 0.0665328 0.0332664 0.137161 
0.072242 0 0.140413 0.194144 0.0681104 0.0992871 0.0240807 0.0340552 0.072242 0.053846 
0.0263158 0.0263158 0.0832178 0.134185 0.0789474 0.0526316 0.0948829 0.0948829 0.0372161 0.0588439 
0.077791 0.0245997 0.110013 0.0695784 0.0347892 0.0245997 0.125434 0.0245997 0.077791 0.0550065 
0.0235148 0.0743602 0.0235148 0.0235148 0.0969539 0.0743602 0.0525806 0.0235148 0.0525806 0.0235148 
0.0571662 0.0571662 0.0255655 0.105409 0.0808452 0.102262 0.0255655 0.0571662 0.0361551 0.0255655 
0.19014 0.118837 0.0751593 0.0531456 0.0950698 0.0336123 0.0713024 0.121191 0.0531456 0.0475349 
0.0573304 0.0512778 0.0573304 0.0810774 0.105712 0.0362589 0.0362589 0.0924424 0.0769168 0.105712 
0.122646 0.129528 0.0537837 0.0760616 0.168369 0.0760616 0.120264 0.0240528 0.0721583 0.122646 
0.0706225 0.0900263 0.0249688 0.102949 0.111664 0.0706225 0.111664 0.0789583 0.0789583 0.0249688 
0.0580797 0.107094 0.132442 0.157994 0.0936507 0.139874 0.025974 0.0580797 0.0821371 0.107094 
0.070661 0.0790014 0.0790014 0.070661 0.0353305 0.0249824 0.0499649 0.0499649 0 0.0249824 
0.108786 0.0834348 0.108786 0.142084 0.0527688 0 0.0263844 0.0951303 0.0589973 0.0263844 
0.0537603 0.0760286 0.0537603 0.175031 0.144254 0.152057 0.0537603 0.0760286 0.0866859 0.0866859 
0.0342569 0.0873384 0.176348 0.054165 0.274055 0.147345 0.0726699 0.0968932 0.130446 0.0726699 
0.0261332 0.0942245 0.116871 0.0942245 0.0783996 0.0783996 0.0522664 0.0584356 0.0739158 0.116871 
0.0508164 0.0321391 0.101633 0.143731 0.132513 0.160696 0.0454516 0.0454516 0 0.0642783 
1.19105 1.05735 0.139686 0.091857 0.0513496 0.0688927 0.865664 0.908467 0.261833 0.292287 
0.0707771 0.0316525 0.0500469 0.0316525 0.100094 0.100094 0 0.0223817 0.0223817 0.0223817 
0.0224027 0.0224027 0.0316822 0.0316822 0.120642 0.0633645 0.0224027 0 0.050094 0.0224027 
0.0743255 0.0291528 0.0921894 0.0849944 0.0460947 0.0460947 0.0921894 0.0743255 0.0291528 0.0291528 
0.103751 0 0.0656179 0.0927977 0.118294 0.0328089 0.0328089 0.103751 0.0518755 0.0328089 
0.0481788 0.0681351 0.0481788 0.0761774 0.0481788 0.0340675 0.0538655 0.0868555 0.0868555 0.0481788 
0.045727 0.0685905 0.0685905 0.102249 0.116581 0 0.0323339 0.0723007 0.0323339 0.0685905 
0.0527853 0.0333844 0.0944253 0.0236063 0.105571 0.0527853 0.0472126 0.0333844 0.0333844 0.0472126 
0.0470556 0.0526097 0.0470556 0.0526097 0.0744014 0.0665466 0 0.0332733 0 0.0332733 
0.10753 0.0260798 0.0583162 0.0583162 0.0583162 0.0368824 0.0583162 0.0583162 0.0824716 0 
0.0408142 0.0408142 0.0645329 0.0408142 0.0735788 0.0645329 0.0456317 0 0.0645329 0.0456317 
0.0469478 0.0296924 0.0419914 0.0757011 0.0663943 0.0209957 0.0663943 0.0663943 0.0209957 0.0209957 
0.0834143 0.0202309 0.324327 0.250243 0.364718 0.34452 0.0452378 0.0286109 0.0286109 0.0452378 
0 0.0240685 0.0340379 0.0340379 0.0481369 0.0240685 0.0340379 0.0340379 0.0340379 0.0240685 
0.19084 0.037072 0.104855 0.0786416 0.0945155 0.117232 0 0.058616 0.0524277 0 
0.0495499 0.0798968 0.0913655 0.112991 0.0221594 0.0495499 0.0495499 0 0.0313381 0.0313381 
0.0444994 0.0398015 0.0199007 0.107169 0.170032 0.0444994 0.0562878 0.0444994 0.0398015 0.0199007 
0.0719816 0.0282335 0.056467 0.0719816 0.0892822 0.0892822 0.0199641 0.0199641 0.0446411 0.0798564 
0.0232307 0.0519454 0.0734619 0.0957826 0.0519454 0.0696921 0.0464614 0.0929228 0.0519454 0.0232307 
0 0.0709773 0.114448 0.0501886 0.100377 0.022445 0.04489 0.031742 0.031742 0.0709773 
0.967597 0.0800789 0.0702338 0.0496628 0.191057 0.129505 0.0993256 0.133259 0.133259 0.0915737 
0.0429487 0.0774269 0.0774269 0.0607387 0.0480181 0.107372 0.0607387 0.0480181 0.0214744 0.0607387 
0.0895423 0.0596948 0.105527 0.0667409 0.13514 0.13514 0.0471929 0.0471929 0.0667409 0.0667409 
1.14384 0.0508197 0.203279 0.0937069 0.284772 0.165457 0.0454545 0.0321412 0.205804 0.138245 
0.068069 0.048132 0.0304414 0.0608827 0.068069 0.0913241 0.048132 0.0215253 0.0430506 0.0215253 
0.0774839 0.0273947 0.0774839 0.0273947 0.0774839 0.0821841 0.0273947 0.0273947 0.122513 0.0547894 
0.0714812 0.0443308 0.140186 0.0714812 0.142962 0.0817419 0.0198253 0.0626932 0.0817419 0.0626932 
0.033782 0.0534141 0.0716625 0.0716625 0.075539 0.0534141 0.075539 0.0238875 0.0238875 0.075539 
0.0317721 0.0449325 0.0810032 0.0317721 0.100472 0.050236 0.0317721 0.0224662 0.050236 0.0449325 
0.0407633 0.0407633 0.0840357 0.028824 0.0911495 0.109759 0.0203817 0.0203817 0.061145 0.061145 
0.0645287 0.0322644 0 0.094066 0.094066 0.0510144 0.0322644 0.0322644 0.138774 0.0822583 
0.0321391 0.0718653 0.0508164 0.113629 0.183221 0.215596 0.0454516 0.233976 0.0508164 0.194169 
0.0753079 0.0417733 0.0417733 0.0295382 0.127049 0.0295382 0.0590764 0.0590764 0.0208867 0.0208867 
0.0610562 0.0386154 0.0273052 0.0863466 0.13923 0.0863466 0.112582 0.0610562 0.0984502 0.13923 
0.0685144 0.0823441 0.094164 0.206808 0.153203 0.116452 0.0510676 0.0510676 0.0685144 0.0510676 
0.0282152 0.0199512 0.0630912 0.0199512 0.10744 0.0846457 0.0630912 0.0446122 0.0446122 0.0199512 
0.0656665 0.0519139 0.0232166 0.0519139 0.155742 0.0957245 0.0464332 0.0519139 0.0519139 0.0519139 
0.048827 0.0308809 0.0690518 0.138104 0.0655083 0.0690518 0.048827 0.048827 0.0436722 0.0308809 
0.879963 0.0738969 0.052253 0.0842554 0.215445 0.199658 0 0.052253 0.0701047 0.125842 
0.072947 0.0831724 0.0515813 0.0652458 0.0230679 0.115339 0.0515813 0.072947 0.0230679 0.0230679 
0.0810185 0.0810185 0 0.0810185 0.100491 0.0810185 0.044941 0.0224705 0.0635561 0.044941 
0.0286814 0 0.0641335 0.0731235 0.0906985 0.0811232 0 0.0202808 0 0.0286814 
0.0588617 0.0465343 0.131619 0.0294309 0.0832431 0.0832431 0.0465343 0.0294309 0.0465343 0.0588617 
0.0703598 0.0436353 0.0617096 0.0703598 0.113787 0.0551947 0.0275974 0.0617096 0.0436353 0.0617096 
0.0210515 0.0297713 0.105257 0.151804 0.141218 0.105257 0.0421029 0 0.107342 0.0867974 
0.0321412 0.0321412 0.0508197 0.0642824 0.0227273 0.0508197 0 0.0454545 0.0454545 0.0321412 
0.0473593 0.0211797 0.0473593 0.0635392 0.0763646 0.0299527 0.0211797 0.0299527 0.0211797 0.0211797 
0.0710869 0 0.0236956 0.118478 0.243961 0.0749321 0.0710869 0.149864 0.0335107 0.0749321 
0.232166 0.0734174 0.0328332 0.116083 0.176812 0.131333 0.0696498 0.0519139 0.164166 0.155742 
0.1178 0.0589 0.0949734 0.108606 0.113296 0.0372516 0.0263409 0.0767962 0.0767962 0.0558775 
0.0578013 0.0736825 0.0578013 0.0456959 0.102179 0.0913919 0.0456959 0.0204358 0.0456959 0.0408717 
0.0432237 0.0216118 0.0966511 0.0891079 0.0483255 0.0483255 0.0432237 0.0216118 0.0483255 0.0683426 
0.0224027 0.050094 0.0224027 0.050094 0.0316822 0.0672082 0.0316822 0.0448054 0.0448054 0.0224027 
0.115374 0.0657733 0.0815817 0.0657733 0.0364844 0.0912111 0.0364844 0.0752146 0.057687 0.0257984 
0.0222003 0.0222003 0.062792 0.0444006 0.0496414 0.0222003 0.031396 0 0.031396 0.0496414 
0.0439454 0.0219727 0.0792238 0.0310741 0.0310741 0.0792238 0.0439454 0.0219727 0.0219727 0.0439454 
0.0494468 0 0.0699284 0.644708 0.126065 0.179989 0.0552832 0.0741702 0.0552832 0.0552832 
0.0422648 0.0597714 0.0211324 0.0668265 0.149429 0.0597714 0.0298857 0.0298857 0.0945069 0.0597714 
0.102781 0.0513903 0.114912 0.0229824 0.0650041 0.0689473 0.0726768 0.0459649 0.0726768 0.0650041 
0.0919783 0.0650385 0.130077 0.0650385 0.0325193 0.0514175 0.0514175 0.0829081 0.0229946 0.0459892 
0.0199432 0.0630661 0.0630661 0.12131 0.0445944 0.0398865 0.0630661 0.101691 0.0199432 0.0598297 
0.132039 0.0970771 0.0686439 0.0217071 0.0434142 0.0613969 0.0613969 0.0485385 0.0485385 0.0217071 
0.0677557 0.0479105 0.0677557 0 0.0303013 0.107131 0.0303013 0.0479105 0.0214262 0.0428525 
0.0473593 0.0635392 0.0423595 0.089858 0.0947187 0.0299527 0.0635392 0.0635392 0.0211797 0.0763646 
0.0460947 0 0.0206142 0.0291528 0.0824567 0.0291528 0.0206142 0.0412284 0.0206142 0.0460947 
0.075539 0.0563034 0.0251797 0.075539 0 0.0503593 0.0563034 0.0712188 0.0356094 0.0251797 
0.250822 0.0651981 0.0824698 0 0.11663 0.130396 0.0651981 0.0412349 0.0651981 0.0922041 
0.062792 0.0444006 0.0444006 0.0800443 0.0222003 0.0222003 0.0800443 0.0222003 0.0222003 0.0222003 
0.0613572 0.0433861 0.0485071 0.021693 0.165209 0 0 0.0613572 0.0485071 0.021693 
0.0223579 0.0499938 0.0707018 0.0670737 0.111789 0.0499938 0.0223579 0.0670737 0.114003 0.0499938 
0.0788582 0.0309307 0.0788582 0 0.0927921 0.0309307 0.0218713 0.0218713 0 0.0218713 
0.0638714 0.0285641 0.0201979 0.0451639 0 0.0605937 0.0605937 0.0638714 0.0571283 0.0403958 
0.021034 0.0297466 0.0470334 0.0594931 0.122648 0.0470334 0.0470334 0.0665153 0.0470334 0.0665153 
0.067334 0.0532322 0.159697 0.0752817 0.0952246 0.1282 0.0752817 0.033667 0.0532322 0.0238062 
0 0.0207928 0.046494 0.0857308 0.0857308 0 0.0207928 0.0749694 0.0415855 0.046494 
0.0532322 0.0238062 0.0858343 0.0981553 0.0858343 0.0532322 0.121388 0.0476123 0.106464 0.0476123 
0.0557928 0.0352865 0.078903 0.0557928 0.213184 0.102877 0.0557928 0 0.0352865 0.0557928 
0 0.0307148 0.0686803 0.116958 0.0307148 0.0651558 0.0485643 0.0485643 0.0686803 0.0485643 
0.029663 0.0209749 0.0838997 0.132657 0.104875 0.0663285 0.0209749 0.0663285 0.0663285 0.059326 
0.054522 0.0771058 0.024383 0.0344828 0.024383 0.0689655 0.054522 0.0344828 0.024383 0.024383 
0.0232495 0.0958603 0.0328798 0.0735215 0.0735215 0.0519875 0.0328798 0.0464991 0.0232495 0.0519875 
0.0525906 0.0262953 0.0788859 0.105181 0.210362 0.159948 0.0371872 0.0371872 0.141605 0.0587981 
0 0.136259 0.0842554 0.104506 0.093473 0.0991431 0.0467365 0.0991431 0.052253 0.0330477 
0.0849067 0.068454 0.107399 0.0949286 0.0805496 0.068454 0.0782802 0.068454 0.0424534 0.0782802 
0.058717 0.058717 0.0742717 0.153115 0.148543 0.153115 0.052518 0.0946783 0.133895 0.0946783 
0.04701 0.0705151 0.0743294 0.258555 0.0743294 0.0664822 0.0743294 0.193827 0.0525588 0.14103 
0.0465721 0.0465721 0.0658629 0.0658629 0.0294548 0.0658629 0.0624831 0.0624831 0.0208277 0.0294548 
0.7856 0.0519139 0.0328332 0.169019 0.135375 0.146835 0.0328332 0.0232166 0.0232166 0.187178 
0.0462819 0.0206979 0.0413958 0.0746273 0.1259 0.0620937 0.0413958 0.130905 0.0292713 0.0827916 
0.0544371 0.0344291 0.100377 0.024345 0.0769857 0.0344291 0.0544371 0.0769857 0.0877772 0.0544371 
0.0300743 0.0850631 0.0475517 0.0212658 0.0850631 0.0425315 0.0300743 0.0300743 0.0475517 0.0475517 
0.0993231 0.0240894 0.0761774 0.122832 0.0868555 0.0340675 0.0240894 0.0240894 0.0240894 0 
0.137614 0.0214917 0.115736 0.115736 0.125317 0.0644751 0.0480569 0.0480569 0.0480569 0.0214917 
0.0485385 0.0217071 0.0970771 0.116896 0.078266 0.0306985 0.0613969 0.0868284 0.0970771 0.0306985 
0.0465848 0.0465848 0.0589256 0.0465848 0.0589256 0.0625 0.0294628 0.0416667 0.0833333 0.0465848 
0.0524819 0.0999225 0.0185551 0.0524819 0.0586765 0.0669015 0 0.0999225 0.0556654 0.0414906 
0.0210235 0.0594635 0.0866822 0.0297318 0.0210235 0.0420471 0.0297318 0.0470101 0.0630706 0.0420471 
0.0913711 0.03134 0.088643 0.0495529 0.03134 0.119339 0.0495529 0.0799017 0.0443215 0.088643 
0.159392 0.106261 0.0531306 0.121157 0.0712822 0.0856706 0.118804 0.0531306 0.0531306 0.0475215 
0.031271 0.031271 0.0442239 0.134502 0.112749 0.0494438 0.0221119 0.0494438 0.031271 0.031271 
0.0460947 0.0618425 0.0460947 0.0849944 0.0460947 0.0583057 0.0291528 0.0618425 0.0206142 0.0206142 
0.138555 0.027711 0.195947 0.250934 0.247855 0.177437 0.0783787 0.141299 0.149229 0.0619638 
0.0485643 0.0614295 0.0307148 0.0217186 0.0651558 0.0485643 0.0686803 0.0307148 0.0895481 0.0307148 
0.0491444 0.0659341 0.0491444 0.021978 0.21978 0.118355 0.0659341 0.0491444 0.043956 0.0491444 
0.0304414 0.0215253 0.0913241 0.0861012 0.0608827 0.0861012 0.048132 0.048132 0.068069 0.0608827 
0.140407 0.0702035 0.0496414 0.0992828 0.0800443 0.0496414 0.0915342 0.0444006 0.0222003 0 
0.0557793 0.0278896 0.0557793 0.0986048 0.132292 0.019721 0.019721 0.0557793 0.0623631 0.0711049 
0.0638262 0.0425508 0.0212754 0.0601759 0.0951464 0.0300879 0.0475732 0 0.0212754 0.0601759 
0.0212766 0.0851064 0.170213 0.0851064 0.175451 0.134565 0.0300897 0.978723 0.171537 0.0475759 
0.095474 0.0654946 0.0654946 0.051778 0.0834896 0.0231558 0.051778 0.0327473 0.0231558 0.0327473 
0.0821089 0.0322057 0.0509218 0.0720142 0.0821089 0.122636 0.101844 0.0720142 0.0227729 0.0509218 
0.0632456 0.116619 0.0565685 0.0824621 0.189737 0.10198 0.0824621 0.184391 0.02 0.1 
0.0470068 0.0525552 0.0525552 0.10511 0.0743243 0.0847427 0.0235034 0.0235034 0.0525552 0.0664777 
0.0197865 0.0442439 0.0791459 0.0625703 0.0279823 0.0197865 0.0279823 0.0395729 0.0442439 0.0442439 
0 0.0237826 0.0475652 0.0237826 0.0980581 0.0336336 0.0336336 0.0336336 0.0531795 0.0713477 
0.0336123 0.0336123 0 0.0751593 0.0531456 0.0475349 0 0.0336123 0.0336123 0.100837 
0.0226339 0.050611 0.0933221 0.14315 0.050611 0.0320092 0.0715748 0.050611 0.0452679 0.0320092 
0.0531456 0 0.0237675 0.0237675 0.0672245 0.0336123 0 0.0237675 0.0336123 0.0237675 
0.0281439 0.0444994 0.0444994 0.0889988 0.0629317 0 0.121052 0 0.0820529 0.0717532 
0.0300828 0 0.0766965 0.0902485 0.0300828 0.0475652 0.0475652 0 0.0475652 0.0425436 
0.0882162 0.0346012 0.124757 0.0244668 0.0882162 0.0773707 0.0346012 0.0244668 0.0489336 0.0244668 
0.0591506 0.0209129 0.0754026 0.0209129 0.118301 0.0209129 0.0862261 0.0661324 0.0295753 0.0467627 
0.0968468 0.0332182 0.0939552 0.189373 0.157568 0.142877 0.117444 0.620122 0.0846901 0.11977 
0.0226339 0.0320092 0.0452679 0.0226339 0.121887 0.0679018 0.0452679 0.0320092 0.0715748 0.0226339 
0.0754153 0.0533267 0.0859867 0.0859867 0.0953937 0.0754153 0.0337268 0.0337268 0.128428 0 
0.0724333 0.0512181 0.0724333 0.183243 0.0458109 0.0724333 0.0687163 0.12335 0.0229054 0.0825867 
0.043836 0.0277243 0.043836 0.0619935 0.0554487 0.0554487 0.0277243 0.0196041 0.0392081 0.0392081 
0.0223579 0.0499938 0.0499938 0.0447158 0.0499938 0.0806125 0.0223579 0.0316188 0.0670737 0.0632377 
0.0494952 0.0626071 0.0989905 0.110675 0.0989905 0.0494952 0.0664048 0.0626071 0.0221349 0 
0.067367 0.113652 0.052847 0.052847 0.074737 0.0934212 0.0560527 0.0373685 0.067367 0.0590848 
0.068259 0 0.110064 0.0482664 0.0889988 0.168587 0.0215854 0.0482664 0.0863416 0.068259 
0.0449183 0.0224592 0.11452 0.0449183 0.11452 0.0898366 0.0449183 0.0224592 0 0.0224592 
0.046562 0.0658486 0.0658486 0.046562 0.131697 0.0858561 0.093124 0.046562 0.0416463 0.0208232 
0.0290834 0.0205651 0.0650325 0.084792 0.0822603 0.0459849 0.0581668 0.0616952 0.0411302 0.0459849 
0.0475652 0.0601657 0.0850871 0.0877058 0.171499 0.0475652 0.0425436 0.0475652 0.0212718 0.0212718 
0.0217378 0.0217378 0.0687411 0.0687411 0.0783769 0.0687411 0.030742 0.0434757 0.0687411 0.0486073 
0.0950175 0.0671875 0.0766056 0.134375 0.108337 0.136044 0.0424931 0.148726 0.0950175 0.0901415 
0.100692 0.0264431 0.109028 0.0186981 0.198764 0.0418103 0.067417 0.067417 0.0373962 0.0373962 
0.0205099 0.0205099 0.0739493 0.0290053 0.123059 0.0205099 0.0205099 0.0580106 0.0290053 0.0205099 
0.0549442 0.0491436 0.0491436 0.0491436 0.0347498 0.0347498 0.0245718 0.0777029 0.0245718 0.0245718 
0.0203912 0.0611736 0.122347 0.203912 1.17811 0.1189 0.0407824 0.0203912 0.0455961 0.0407824 
0.0242447 0.0242447 0.0484893 0.0542127 0.0342871 0.0242447 0 0.0342871 0.0242447 0.0542127 
0.0501058 0.0354302 0.0751587 0.134914 0.05602 0.0903295 0.100212 0.0903295 0.0903295 0.0751587 
0.0340675 0.0538655 0.0761774 0.0481788 0.0240894 0.0538655 0.0538655 0.0240894 0.0340675 0 
0.0463117 0.0694675 0.115779 0.124698 0.130989 0.118072 0.051778 0.0231558 0.115779 0.0732252 
0.0705258 0.0315401 0.0946203 0.0223022 0.111511 0.0315401 0.0892088 0.0498693 0.0315401 0.0446044 
0.0739095 0.190236 0.0584306 0.0739095 0.107741 0.107741 0.026131 0.240916 0 0.133242 
0.040953 0.0289581 0.10441 0.0579163 0.110269 0.040953 0.0579163 0.0647524 0.0289581 0.0579163 
0.0885949 0.0245718 0.122859 0.0245718 0.0245718 0.0549442 0.0491436 0.0549442 0.0549442 0.0491436 
0.0454428 0.0508066 0.0321329 0.0936828 0.0508066 0.0681642 0.0454428 0.0227214 0.0227214 0.0454428 
0.0219767 0.0310797 0.0310797 0.0621595 0.0621595 0.0792381 0.0219767 0.0659301 0.0491414 0.0439534 
0.0208322 0.0294612 0.0465822 0.106224 0.0658772 0.0294612 0.0465822 0.0465822 0.0465822 0.0416644 
0.196116 0.192308 0.224267 0.115385 0.207122 0.196116 0.158581 0.0384615 0.0769231 0.207122 
0.11546 0.0730236 0.11546 0 0.0577302 0.0365118 0.0258177 0.0816429 0.0930872 0.0365118 
0.0297663 0.021048 0.0420959 0.0420959 0.10524 0.0470647 0.0420959 0 0.0941294 0.0631439 
0.0714691 0 0.0858952 0.0532699 0.0532699 0.0532699 0.0336909 0.0673817 0.0532699 0.0336909 
0.0427642 0 0.109028 0.136912 0.135232 0.0770943 0.0478119 0.0302389 0.0676162 0.0427642 
0.0713132 0.0279713 0.142626 0.0279713 0.083914 0.0625458 0.0279713 0.0279713 0.0713132 0.0395575 
0.0656665 0.0232166 0.0656665 0.0984997 0.0696498 0.0734174 0.0232166 0.0519139 0.0232166 0 
0 0.0380797 0.0761594 0.0571195 0.212872 0.0538528 0.0686492 0.0602093 0.0269264 0.0571195 
0.0514005 0.0726912 0.102801 0.134036 0.162543 0.137922 0.0514005 0.045974 0.0947778 0.0514005 
0.0688519 0 0.0649142 0.0459013 0.0946279 0.0324571 0.0513192 0 0.0229506 0 
0.0316822 0.0448054 0.0316822 0.0224027 0.0224027 0 0.0224027 0.050094 0.0224027 0.0316822 
0.118327 0.0491325 0.0659181 0.0792238 0 0.109864 0.0491325 0.0219727 0.0219727 0.0310741 
0.0317801 0.0810236 0.11236 0.0502487 0.11236 0.114585 0.0449438 0.0502487 0.0449438 0.0449438 
0.0238875 0.075539 0.0238875 0.0534141 0.0534141 0.033782 0.047775 0.047775 0.033782 0.047775 
0.0530558 0.0335554 0.0855499 0.0750322 0.0855499 0.0530558 0.0335554 0.0530558 0.0530558 0.0335554 
0.0723939 0.0602354 0.0200785 0.100392 0.0827856 0.0567905 0.0283952 0.0448968 0.0602354 0.0634937 
0.0587981 0.105546 0.0831531 0.138588 0.0979968 0.0706665 0.0554354 0.0438255 0.0277177 0.0438255 
0.0221594 0.0495499 0.0913655 0.0221594 0.0443188 0.0495499 0.0495499 0.0313381 0.0443188 0 
0.0720966 0.019996 0.039992 0.09998 0.0720966 0.059988 0.039992 0.0447124 0 0.0565572 
0.0232307 0.0232307 0.116154 0.0957826 0.141307 0.125101 0.0232307 0.0734619 0.0519454 0.0519454 
0.0293848 0.0464614 0.0464614 0.0657063 0.0415563 0.0464614 0.0293848 0.0464614 0.0464614 0.0415563 
0.10243 0.0825813 0.0916157 0.0512148 0.0825813 0.0458079 0.0323911 0.0229039 0 0.0229039 
0.0494438 0.062542 0.0442239 0.0221119 0.031271 0.0221119 0.0494438 0 0.0442239 0.0221119 
0.0537409 0.0240337 0.0679775 0.0339887 0.0240337 0.0339887 0.0240337 0.0760011 0.0339887 0.0537409 
0.0429487 0.0480181 0.0480181 0.0774269 0.0214744 0.0214744 0.0303693 0.0303693 0.0858975 0.0214744 
0.134619 0.10307 0.0707052 0.0999922 0.0707052 0.0353526 0.106058 0.0558973 0.024998 0.024998 
0.0621295 0 0.0491177 0.0439322 0.0694629 0.0310647 0.0621295 0.0491177 0.0491177 0.0310647 
0.0228919 0.0228919 0.0723906 0.0511879 0.102376 0.0511879 0.0228919 0.082538 0.0323741 0.0228919 
0.0466728 0.0233364 0.12567 0.0962185 0.118993 0.0841406 0.0233364 0.0330027 0.0330027 0.0660053 
0.0457839 0.0228919 0.0228919 0.0228919 0.460122 0.207295 0.0511879 0.0323741 0.0228919 0.0228919 
0.042713 0.0302027 0.202606 0.0302027 0.108897 0.154004 0.0675352 0.108897 0.128139 0.154004 
0.176913 0.067954 0.1013 0.0320338 0.0320338 0.0320338 0.05065 0.05065 0.0640677 0.0816706 
0.151915 0.055845 0.055845 0.0499493 0.0789768 0.0499493 0.0998986 0.0353195 0.0499493 0.0249746 
0.11452 0.0502202 0.0673775 0.0809776 0.0449183 0.0449183 0.031762 0.0224592 0 0.0673775 
0.0570672 0.0902312 0.0285336 0.0451156 0.0285336 0.0638031 0.0605289 0.0285336 0.0451156 0.0451156 
0.10824 0 0.0449444 0.080399 0.063561 0.0828734 0.0200997 0.0724707 0.0401995 0.063561 
0.021048 0.0297663 0.0595326 0.089299 0.126288 0.0470647 0.0470647 0.021048 0.0297663 0 
0.0222003 0.0496414 0.0666009 0.0702035 0.0702035 0.0222003 0.0444006 0.0496414 0.0800443 0.0496414 
0.0846784 0.0469711 0.0704567 0.0525153 0.0939423 0.132854 0.0234856 0.0469711 0.0234856 0.0234856 
0.842044 0.0428589 0.0958354 0.163764 0.206436 0.0766683 0.176712 1.10606 0.0857178 0.0691079 
0.0492545 0.0492545 0 0.0311513 0.0311513 0.098509 0 0.0311513 0.0311513 0.0492545 
0.134535 0.0729616 0.083189 0.154775 0.130518 0.0729616 0.046145 0.083189 0 0.0652588 
0.0741171 0.0411128 0.0919309 0.0847561 0.12504 0.0741171 0.0616692 0.0847561 0.0290711 0.0872134 
0.0308956 0.0617913 0.087386 0.0617913 0.0900755 0.0690847 0.0787687 0.0690847 0.111396 0.043693 
0.0353443 0.0558842 0.124961 0.134587 0.0790322 0.0790322 0.0249922 0.0353443 0.0249922 0.0499844 
0.170803 0.099955 0.107655 0.181026 0.227933 0.019991 0.126434 0.0282716 0.0447012 0.161173 
0.0227729 0.0509218 0.0455458 0.0720142 0.0322057 0.0910916 0 0.0509218 0.0322057 0.0227729 
0.0307692 0.0217571 0.0486504 0.0435143 0.0897069 0.0486504 0.0217571 0.0486504 0.0217571 0.0486504 
0.0489555 0.0489555 0.159388 0.109468 0.0489555 0.0928866 0.0218936 0.0218936 0.0928866 0.0218936 
0.961789 0.0412174 0.120168 0.123652 0.105084 0.0743057 0 0.125358 0.103044 0.166153 
0.053846 0.0992871 0.0240807 0.140413 0.152299 0.0992871 0.072242 0.120403 0.0681104 0.072242 
0.0214855 0.0214855 0.0480431 0.0480431 0.042971 0.0774671 0.0480431 0.088587 0.0607702 0.085942 
0.201527 0.019574 0.149071 0.039148 0.0807057 0.110727 0.0553637 0.110727 0.105409 0.0437688 
0.0454282 0.10158 0.0507902 0.0718282 0.386139 0.276329 0.0818968 0.177403 0.183127 0.11582 
0 0.0240894 0.107731 0.0722682 0.0240894 0.0761774 0.0240894 0.0340675 0.0481788 0.0538655 
0.0679079 0.0960363 0.0607387 0.091108 0.0214744 0.0774269 0.0480181 0.0679079 0.0679079 0.0303693 
0.0201364 0.0402728 0.0636768 0.0604091 0.0402728 0 0.0604091 0.0830244 0.0805455 0.0726028 
0.0630441 0.0598089 0.10736 0.0398726 0.139554 0.0199363 0.0199363 0 0.0718814 0.0199363 
1.15075 0.0638323 0.0451363 0.0201856 0.207823 0.166454 0.0638323 0.0451363 0.0638323 0.141299 
0.046562 0.0588968 0.075079 0.0208232 0.0883452 0.0416463 0.0208232 0.046562 0.0624695 0.046562 
0 0.063195 0.12796 0.107617 0.119904 0.019984 0.0446856 0.0446856 0.0823962 0.0446856 
0.0309622 0.0437872 0.0789384 0.0309622 0.0489555 0.0218936 0.0692336 0.0309622 0 0.0309622 
0.0328332 0.0232166 0.0328332 0.0464332 0.0328332 0.0519139 0.0232166 0.0519139 0.0232166 0.0232166 
0.0889717 0.074029 0.0697952 0.0551779 0.101743 0.0551779 0.0246763 0.0348976 0.0246763 0.0697952 
0.102549 0.0205099 0.0290053 0.0648579 0.0648579 0.0205099 0.0458614 0.0739493 0 0.0290053 
0.0234856 0.105031 0.0704567 0.221562 0.178861 0.117428 0.0704567 0.105031 0.0332136 0.166068 
0.0229145 0.0324059 0.0687434 0.0648119 0.0458289 0.0512383 0.0229145 0.0512383 0.0229145 0.0229145 
0.0459485 0 0.091897 0.0821952 0.226969 0.0581207 0.0410976 0.0290604 0.0205488 0.0205488 
0.0908153 0.0440519 0.112311 0.022026 0.0985031 0.0440519 0.0696522 0.0696522 0.0622988 0.0696522 
0.0558842 0.0558842 0.0558842 0.0353443 0.127436 0.0558842 0.0499844 0.0558842 0.0353443 0.0249922 
0.0693959 0.0219449 0.0490703 0.0931044 0.0219449 0.0693959 0.0219449 0.0219449 0.0219449 0.0310348 
0.0306985 0.0217071 0.0306985 0.0970771 0.0686439 0.0217071 0.0217071 0.078266 0 0.0434142 
0.0647481 0.0511879 0.0511879 0.0457839 0.0723906 0.0647481 0.0457839 0.0686758 0.0323741 0.0457839 
0.0783399 0.0217276 0 0.0921823 0.0614549 0.0217276 0.0307274 0.0485844 0.0307274 0.0307274 
0.101774 0.0246838 0.104725 0.104725 0.132927 0.0889988 0.0246838 0.0246838 0.0780571 0.0551947 
0.0212574 0.0212574 0.0475329 0.0672217 0.127544 0.0425147 0.0475329 0.0475329 0.0425147 0.0212574 
0.0537871 0.0268935 0.0190166 0.0685653 0.0784074 0.0380332 0.0190166 0.0425224 0.0380332 0.0850448 
0.0549442 0.0245718 0.0694996 0.0549442 0.178885 0.0885949 0.0737154 0.0982872 0.0347498 0.0777029 
0 0.0215253 0.0776106 0.0430506 0.198453 0.0887511 0.048132 0.048132 0.0861012 0.048132 
0.0795315 0.0697538 0.124779 0.112475 0.160585 0.160585 0.0493234 0.0441162 0.0441162 0.112475 
0.0476968 0.0533267 0.0533267 0.0238484 0.0953937 0.0674535 0.0754153 0.0754153 0.0238484 0.0337268 
0.0809776 0.0502202 0.031762 0.0502202 0.112296 0.031762 0.0449183 0.031762 0 0.0502202 
0.0226907 0.0226907 0.0226907 0.101476 0 0.0907627 0.0226907 0.0507379 0.0507379 0.0453814 
0.0781556 0.0216765 0.0781556 0.108382 0.108382 0.0781556 0.0216765 0.0893744 0.0781556 0.122621 
0.0712109 0.0225189 0.0503537 0.0318465 0.0503537 0.0712109 0.0503537 0.0225189 0 0.0225189 
0.0455961 0.0203912 0.0288375 0.0203912 0.0815647 0.0288375 0.0203912 0.0203912 0.057675 0.0455961 
0.0221989 0.0496383 0.0496383 0.129441 0.0701992 0.0443979 0.0496383 0.031394 0.031394 0.0701992 
0.928353 0.0268777 0.114033 0.102347 0.0685251 0.0380109 0.0380109 0.0760217 0.115606 0.0380109 
0.0462466 0 0.176102 0 0.0731224 0.0731224 0.0231233 0.0654026 0.0327013 0.0231233 
0.112352 0.0317781 0.121007 0.157293 0.136683 0.179764 0.0502455 0.0926482 0.0674115 0.0224705 
0.0521783 0.0737912 0.0233348 0.0521783 0.0841349 0.0466696 0.0933393 0.16988 0.116674 0.0466696 
0.0486901 0.024345 0.0344291 0.131102 0.0730351 0.024345 0.024345 0.0544371 0.024345 0.0344291 
0.0954632 0.0592037 0.132384 0.0264767 0.185337 0.109166 0.0374437 0.0529534 0.0794301 0.0374437 
0.0818124 0.0641789 0.0641789 0.0320895 0.0320895 0.152214 0.0507379 0.0453814 0.1157 0.0935561 
0.0713971 0.039604 0.0885571 0.039604 0.0280042 0.0560085 0.0442786 0.100971 0.0626194 0.0713971 
0.0464332 0 0.0232166 0.164166 0.135375 0.118382 0.0328332 0.0519139 0.0656665 0.118382 
0.0504947 0.0451639 0.0504947 0.0714104 0.095807 0.0225819 0.0225819 0.0504947 0.0225819 0.0319357 
0.0763159 0.0870135 0.0723996 0.0341295 0.107927 0.0341295 0.0539635 0.0241332 0.0539635 0.0241332 
0.0240337 0.0339887 0.0240337 0.0760011 0.0760011 0.0339887 0.0240337 0.0537409 0.0480673 0.107482 
0.0555556 0.087841 0.0277778 0.111111 0.0277778 0.0392837 0.124226 0.062113 0.0277778 0.087841 
0.0281578 0.0629629 0 0.0890429 0.0563157 0.0281578 0.112631 0.0629629 0.0629629 0.0281578 
0.0787025 0.0371007 0.131171 0.0742014 0.108166 0.157405 0.0586614 0.0787025 0.0945886 0.167981 
0.0264154 0.0264154 0.0590667 0.0417665 0.0933927 0.0560356 0.100587 0.0417665 0.0373571 0.0417665 
0.0826192 0.0826192 0.114572 0.0724619 0.116841 0.102477 0.102477 0.146724 0.114572 0.0648119 
0.022934 0.0324336 0.0725238 0.153846 0.116941 0.0648672 0.0512821 0.162168 0.0688021 0.0826898 
0.0469776 0.0469776 0.0525226 0.0332182 0 0.0332182 0.0332182 0.0846901 0.0234888 0.0234888 
0.0615393 0.0410262 0.0580198 0.0458687 0.175264 0.0820524 0.123079 0.214163 0.0580198 0.104597 
0 0.0500972 0.0224041 0.0807792 0.0923746 0.0807792 0.0316842 0.126737 0.0500972 0.0807792 
0.0208288 0.0624864 0.0465746 0.0465746 0.0750994 0.0208288 0.0589128 0.0416576 0.0294564 0.0465746 
0.0262139 0.0524277 0.0262139 0.104855 0.117232 0.133665 0.058616 0.633487 0.0945155 0.0262139 
0.0276964 0 0.0276964 0.0195843 0.0276964 0.0437919 0.0276964 0.058753 0.0276964 0.0437919 
0.0205792 0.0291034 0.0291034 0.0823169 0.0411585 0 0.0460165 0.0873103 0 0.0741995 
0.0345831 0.109361 0.08817 0.0546807 0.259949 0.15466 0.103749 0.225454 0.0773302 0.0773302 
1.30612 1.14938 0.116841 0 0.233682 0.16203 0.0229145 0.102477 0.0944787 0.0648119 
0.194694 0.0775208 0.271961 0.0304062 0.240382 0.1837 0.0679903 0.245142 0.251656 0.0775208 
0.0314192 0.0314192 0.0444335 0.091602 0.111084 0.0942576 0.0444335 0.0314192 0.0666502 0.0444335 
0.0993808 0.0666667 0.0888889 0.0666667 0.0702728 0.0628539 0.0444444 0.0496904 0.0702728 0.0496904 
0.181783 0.0440888 0.0788685 0.0881776 0.0394342 0.0394342 0.0591514 0.0440888 0.0591514 0.100538 
0.138926 0.0621295 0.0982353 0.0905685 0.0931942 0.0491177 0.0219661 0.0310647 0.0491177 0.0982353 
0.0709773 0.0501886 0.0709773 0.031742 0.0809266 0.04489 0.0634841 0.067335 0.04489 0.04489 
0.0517347 0.0517347 0.0258674 0.0578412 0.036582 0.0258674 0.115682 0.036582 0.0578412 0.0578412 
0.0532397 0.0752923 0.0532397 0.0532397 0.0336718 0.0238095 0.0336718 0.0238095 0 0.0238095 
0.0919544 0.0630802 0.0804118 0.0446044 0 0.0705258 0.0705258 0.0705258 0.0446044 0.0223022 
0.0340774 0.0240964 0.168675 0.0681549 0.228598 0.0963855 0.0481928 0.0481928 0.0963855 0.0240964 
0.0404061 0.0571429 0.0404061 0.0638877 0.0404061 0 0.0404061 0.127775 0.0285714 0.0571429 
0.0505681 0.0799552 0.0758522 0.0565369 0.0505681 0.0357571 0.0799552 0.101136 0.104249 0.0357571 
0.0642783 0.0321391 0.132513 0.0819391 0.0642783 0.0454516 0.0227258 0.0642783 0.0321391 0.0227258 
0.0709823 0.0334614 0.0709823 0.0529071 0.0473215 0.0669228 0.0236608 0.0946431 0.0236608 0.0669228 
0.024998 0.0707052 0 0.0353526 0.0558973 0.024998 0.024998 0.0499961 0.024998 0.0558973 
0.0330906 0.0233986 0.0523209 0.0701958 0.0935945 0.0843649 0.0233986 0.126005 0.0523209 0.0467972 
0.0245053 0.0735159 0.0490106 0.0883552 0.0490106 0.0774926 0.0245053 0.109591 0.0693115 0.0346557 
0.03447 0.0545018 0.0974957 0.03447 0.0243739 0.0243739 0.0243739 0.0545018 0.0689399 0.0487479 
0.173722 0.114239 0.121169 0.0285598 0.161558 0.127723 0.0903139 0.142799 0.255446 0.0856793 
0 0.0281662 0.0398331 0.0281662 0.101555 0.0796661 0.0281662 0.0629816 0.0563324 0.0890694 
0.0770371 0.034452 0.034452 0.0689041 0.0487226 0.0544735 0.0243613 0.0689041 0.0487226 0.0243613 
0.0240946 0.0681499 0.034075 0.0868744 0.0538772 0.034075 0.0240946 0.0681499 0.034075 0.0538772 
0.111574 0.0498972 0.0997944 0.126231 0.0446294 0.0223147 0.0446294 0.0498972 0.0498972 0.0223147 
0.0422106 0.0943858 0.0844213 0.0895423 0.0667409 0.0943858 0.0667409 0.0667409 0.0667409 0.0667409 
0.130869 0.0243019 0.155608 0.034368 0.100199 0.0768492 0.034368 0.0876216 0.108681 0.034368 
0.0253083 0.0506167 0.0253083 0.080032 0.177158 0 0.0253083 0.0357914 0 0.0253083 
0.0491177 0.0219661 0.0905685 0.0658983 0.0658983 0.0219661 0.0310647 0.0491177 0.0310647 0.0310647 
0.0191741 0.0606339 0.0575224 0.0606339 0.0575224 0.0606339 0.116632 0.0383483 0.0606339 0.115045 
0.0523209 0.0661813 0.0467972 0.096475 0.211883 0.136436 0.0935945 1.13187 0.0739929 0.104642 
0.0357771 0.0565685 0.169706 0.0357771 0.091214 0.0357771 0.0252982 0.0252982 0.0357771 0.08 
0.0971974 0.0971974 0.110822 0.0971974 0.10867 0.0485987 0.0687289 0.078363 0.043468 0.0307365 
0.115192 0.0364269 0.0364269 0.172788 0.081453 0.115192 0.115192 0.594663 0.0728538 0.131339 
0.118837 0.0531456 0.0336123 0.0751593 0.106291 0.0237675 0.0531456 0.0856948 0.0713024 0.0672245 
0.0672245 0 0.0475349 0.0475349 0.0237675 0.0531456 0.0475349 0.0713024 0.0336123 0.0713024 
0.0252982 0 0.091214 0.107331 0.0357771 0 0.0252982 0.0565685 0.0758947 0.113137 
0.0710579 0.0635561 0.0317781 0.0674115 0.0317781 0.044941 0.0502455 0.0674115 0.0224705 0.044941 
0.054774 0.054774 0.027387 0.054774 0.136935 0.0774621 0.054774 0.027387 0.054774 0.0612392 
0.18553 0.0243613 0.100444 0.103356 0.103356 0.100444 0.034452 0.17226 0.034452 0.0730838 
0.0793017 0.0264339 0.0186916 0.118216 0.132169 0.125387 0.0417957 0.125387 0 0.136077 
0.0243902 0.0243902 0.0545382 0.034493 0.185751 0.034493 0.0243902 0.0243902 0.0771287 0.0243902 
0.0580357 0.036705 0.0519087 0.0820748 0.0580357 0.0259543 0.0580357 0.0259543 0.0580357 0.0259543 
0.0378777 0.0757554 0 0.113633 0.0267836 0 0.0378777 0 0.0598899 0 
0.0464332 0.0328332 0.198363 0.0656665 0.164166 0.148659 0.0328332 0.0656665 0.116083 0.0837087 
0.095043 0.0336028 0.0979681 0.0237607 0.095043 0.0751381 0.0475215 0.0751381 0.0531306 0.0475215 
0.0830885 0 0.0947354 0.0525498 0.0371583 0.0525498 0.0587524 0.0587524 0.0371583 0.0525498 
0.103356 0.124219 0.0878358 0.0544735 0.034452 0.0487226 0.100444 0.100444 0.0243613 0 
0.141275 0.0524683 0.0371007 0.0586614 0.111302 0.0586614 0.104937 0.183639 0.0586614 0.117323 
0.0987452 0.0612392 0.0612392 0.0866053 0.0774621 0.0612392 0.0612392 0 0.122478 0.0774621 
0.0226907 0 0.0962684 0.0641789 0.113453 0.0226907 0.0453814 0.322495 0.1157 0.1157 
0.0670737 0 0 0.0894315 0.0447158 0.0447158 0.0670737 0.0806125 0.0223579 0.0223579 
0.100339 0.0709505 0.0709505 0.0501696 0.0808961 0.0634601 0.0808961 0.0673096 0 0.0224365 
0.058717 0.0371359 0.052518 0.105036 0.058717 0.058717 0.026259 0.026259 0.0371359 0.0946783 
0.143577 0.140789 0.0281578 0.0398212 0.168947 0.0398212 0.0398212 0.0890429 0.0281578 0.0890429 
0.0331292 0.0234259 0.0331292 0.0844632 0.0662584 0.0331292 0.0234259 0.0234259 0.0234259 0.0523819 
0.0792238 0.0694838 0.0659181 0.155371 0.0491325 0.0219727 0.0694838 0.118327 0.0694838 0.0219727 
0.049379 0.049379 0.049379 0 0.0552073 0.0349162 0.0349162 0.049379 0.049379 0.0246895 
0.0829081 0.0514175 0.0919783 0.13408 0.0689837 0.0459892 0.0229946 0.0650385 0.0325193 0.0229946 
0.0603572 0.0725403 0.0569053 0.0449876 0.108344 0.0725403 0.0201191 0.063622 0.108344 0.063622 
0.0468165 0 0.0468165 0.088828 0.0468165 0.0418739 0.0296093 0.020937 0.0662085 0.0296093 
0.0380006 0.0268705 0.0806114 0.0268705 0.0849719 0.0600842 0.0380006 0.0537409 0 0.11079 
0.03447 0.0243739 0.100496 0.100496 0.0545018 0.0878815 0.0243739 0.0243739 0 0.03447 
0.0638714 0.0225819 0.0677458 0.0319357 0.0225819 0 0.0319357 0.0319357 0.0504947 0.0319357 
0.114332 0.0323381 0.129352 0.0942809 0.153393 0.0723101 0.0646762 0.0970142 0.0723101 0 
0.0214744 0.0214744 0.0214744 0.0480181 0.0303693 0.0214744 0.0644231 0.0607387 0.0480181 0.0480181 
0.0507902 0.0321226 0.10158 0.0454282 0.0507902 0.0718282 0.0227141 0.0718282 0.0227141 0.0718282 
0.0809776 0.0502202 0.112296 0.0502202 0.127048 0.10044 0.0224592 0.0449183 0.127048 0.0224592 
0.0347053 0.073621 0.0347053 0 0.0981614 0.0347053 0.0245403 0.0776034 0.0776034 0.0347053 
0.0403896 0.0403896 0.0571195 0.0403896 0.0856793 0.145627 0.0285598 0.142799 0.0856793 0.0571195 
0.106479 0.047619 0.0336718 0.047619 0.0952381 0.0858465 0.0336718 0.0952381 0.144828 0.0981692 
0.0376822 0.0595808 0.08426 0.0266454 0 0.0266454 0.0376822 0.0266454 0.0266454 0.0753645 
0.0685339 0.0541808 0.147388 0.174728 0.121152 0.0484608 0.0541808 0.121152 0.034267 0.0999045 
0.114345 0.0474793 0.0474793 0.0300285 0.134292 0.0765581 0.0300285 0.0212334 0.0637002 0.0671459 
0.0469776 0.0830455 0.101029 0.11977 0.194404 0.132873 0.0598849 0.0830455 0.0664364 0.0968468 
0.063132 0.0446411 0.0199641 0.0598923 0.056467 0.056467 0.056467 0.0892822 0.0399282 0.0399282 
0.0438424 0.0438424 0.0706937 0.0554567 0.0438424 0.0277283 0.0438424 0.0620025 0.0620025 0.0706937 
0.0526097 0.0744014 0.0332733 0.0470556 0.0705834 0.0941111 0.0235278 0.0235278 0.0848306 0.0744014 
0.084075 0.232495 0.101956 0.203912 0.101956 0.0815647 0.144187 0.101956 0.14845 0.103975 
0.050796 0.0538772 0 0.0967126 0.025398 0.0915737 0.0179591 0.0567916 0.107754 0.0803155 
0.0991607 0.0799459 0.0914216 0.125429 0.113061 0.140234 0.0914216 0.0799459 0.022173 0.12929 
0.0626647 0.0700612 0 0.0495408 0.0443106 0.0221553 0 0.0495408 0.11297 0.0700612 
0.811232 0.0338013 0.0534446 0.0239012 0.0676027 0.0861768 0.0239012 0.0861768 0.119506 0.106889 
0.0338788 0.0757554 0.174402 0.098773 0.135515 0.0757554 0.0757554 0.0718679 0.135515 0.023956 
0.0588235 0.0588235 0.108465 0.0372033 0.0526134 0.0948501 0.0744065 0.0588235 0.0263067 0.0263067 
0.0545018 0.0878815 0.100496 0.0974957 0.124283 0.0878815 0.0545018 0.209673 0.0487479 0.0487479 
0.129175 0.0577687 0.0931493 0.288844 0.196753 0.0516699 0.0577687 0.025835 0.150642 0.0516699 
0.0838614 0.0657863 0.0520086 0.0520086 0.0958991 0.0520086 0.0520086 0.0328931 0.023259 0.0328931 
0.0380521 0.0269069 0.0380521 0.11094 0.0970142 0.0601657 0.0538138 0.0850871 0.0761042 0.0807207 
0.0266454 0.0595808 0.0595808 0.162077 0.0595808 0.0595808 0.0532907 0.0595808 0.0376822 0.08426 
0.0585959 0.0828671 0.0370593 0.0741186 0.094483 0.0828671 0.094483 0.0370593 0.0786146 0.0585959 
0.0766652 0.0571429 0.127775 0.137618 0.20444 0.0808122 0.0255551 0.105366 0.0571429 0.0766652 
0.0266288 0.0376588 0.0753177 0.0595439 0.252623 0.0842077 0.0266288 0.0376588 0.0266288 0.0842077 
0.0302718 0.0478639 0.0676897 0.0302718 0.163018 0.0478639 0.0214054 0.0478639 0.0428108 0.0478639 
0.069098 0.0460653 0.069098 0.0230327 0.0830455 0.0949661 0.0460653 0.0325731 0.0728357 0 
0.0234259 0.0523819 0.0523819 0.0331292 0.0965874 0.0523819 0.0331292 0.0740792 0.0993876 0.0523819 
0.102877 0.0352865 0.0352865 0.0998053 0.0557928 0.102877 0.0499026 0 0 0.0499026 
0.0354608 0.0250746 0.0250746 0.106382 0.0904076 0.0792927 0.0354608 0.0560684 0.0560684 0.0501491 
0.0601759 0 0.0672787 0.0638262 0.0767095 0.106377 0.0475732 0.0672787 0.0475732 0.0877207 
0.0906985 0.0320668 0.0934899 0.050702 0.122107 0.0226746 0.0320668 0.0226746 0.0320668 0 
0.0758522 0.0357571 0.0505681 0.0565369 0.143028 0.136159 0.0565369 0.0758522 0.0357571 0.104249 
0.0896274 0.0783769 0 0.0217378 0.0687411 0.0217378 0.0486073 0.030742 0.0434757 0.0652135 
0.0532246 0.0238028 0.0336622 0.0532246 0.0981414 0.0238028 0.0858221 0.0532246 0.0336622 0 
0.0321329 0.0454428 0.0227214 0.0227214 0.0227214 0.0681642 0.0227214 0.0718514 0.0321329 0.0454428 
0.0525226 0.0332182 0.0234888 0.0664364 0.0525226 0.0704664 0.0704664 0.0525226 0.0234888 0 
0.0874153 0.0542127 0.147474 0.0766683 0.257724 0.147474 0.0766683 0.121223 0.199927 0.0342871 
0.0768978 0.0512652 0.03625 0 0.03625 0.0810574 0.0573162 0.03625 0.0256326 0.0573162 
0.0249048 0.0556889 0.0249048 0.0556889 0.0249048 0.0704415 0.0352208 0.0556889 0.0498097 0.102685 
0.0243739 0.0243739 0.0487479 0.0487479 0.124283 0.0689399 0.0545018 0.03447 0.0545018 0.0731218 
0.0447158 0.0670737 0.0670737 0.0223579 0.0223579 0.0632377 0.0447158 0.0499938 0.0499938 0.0316188 
0.0328089 0.0231994 0.115997 0.0695983 0.118294 0.0984268 0.0328089 0.0328089 0.0836467 0.0463988 
0.114291 0.0602366 0.0808159 0.0269386 0.0808159 0.111071 0.0269386 0.038097 0.0761939 0.0851874 
0.0387419 0.0612564 0.0273947 0.0612564 0.0547894 0 0.0273947 0.0774839 0.0273947 0.0387419 
0.0510144 0.0570359 0.0919676 0.0765216 0.0255072 0.0721453 0.0360727 0.0360727 0.0919676 0.0765216 
0.0340158 0.0760616 0.0481056 0.0760616 0.173447 0.0537837 0.0537837 0.0680315 0.0537837 0.0340158 
0.0358 0.0358 0.0716 0.129079 0.136322 0.0358 0.0358 0.0716 0.0358 0.0253144 
0.103471 0.0487769 0.0545342 0.109068 0.100556 0.0545342 0.0731653 0.0545342 0.0243884 0.0344904 
0.95474 0.0561612 0.0355194 0.0561612 0.0753481 0.0355194 0.0794239 0.0561612 0.025116 0.0355194 
0.0251537 0.0355728 0.106718 0.0754612 0.0251537 0.0355728 0.0562455 0.0251537 0.103712 0.153004 
0.0403896 0.0285598 0.0807792 0.0285598 0.142799 0.0903139 0 0.0403896 0.0571195 0.0903139 
0.141955 0.0544371 0.024345 0.0544371 0.0544371 0.0344291 0.0769857 0.0769857 0.0877772 0.024345 
0.080032 0.080032 0 0.0506167 0.0357914 0.0253083 0.080032 0.126542 0.0357914 0.0912505 
0.0262749 0 0 0.0947354 0.0262749 0.0947354 0.0788246 0.0788246 0.131374 0.0788246 
0.125253 0.0465179 0.023259 0.0465179 0.0838614 0.0328931 0.0520086 0.0328931 0.0520086 0.023259 
0.108638 0.0783399 0 0.0217276 0.0434552 0.0434552 0.0783399 0.0783399 0.0971687 0.117007 
0.0232495 0.0232495 0 0.0232495 0.0464991 0.0328798 0.0519875 0.0328798 0.0519875 0 
0.900009 0.111898 0.0791235 0.109725 0.188777 0.109725 0.0490703 0.0693959 0.0310348 0.111898 
0 0.0689655 0.024383 0.100534 0.048766 0.0879141 0.097532 0.251038 0.0689655 0.0771058 
0.128029 0.0621033 0.0219568 0.0439136 0.0310516 0.0981939 0.0658705 0.147291 0.0621033 0.0490969 
0.0502741 0.0449665 0.114643 0.0502741 0.0502741 0.0502741 0.0449665 0.0224833 0.0710983 0.0502741 
0 0.0252438 0.0798278 0.104083 0.112893 0.0798278 0.0757313 0.0252438 0.0504875 0.0564467 
0.146562 0.0993447 0 0.107754 0.0538772 0.0240946 0.120473 0.161632 0.0481893 0.0681499 
0.03447 0.0545018 0.0243739 0.0243739 0.0487479 0.0545018 0.0243739 0.03447 0.0545018 0.03447 
0.0229506 0 0.0324571 0.0324571 0.0725763 0.117026 0 0.0324571 0.123593 0.0725763 
0.0328332 0.0232166 0.0837087 0.0464332 0.0957245 0.103828 0.0232166 0.0519139 0.0232166 0.0232166 
0.0739158 0.0739158 0.116871 0.0369579 0.10775 0.0522664 0.10775 0.0369579 0.0369579 0.0522664 
0.0481893 0.0240946 0.129754 0.0761939 0.0538772 0 0.034075 0.034075 0.034075 0.0761939 
0.0259938 0.0259938 0.107175 0.0581238 0.0821995 0.107175 0.107175 0.0779813 0.0581238 0.0259938 
0.118762 0.0531119 0.159336 0.100773 0.0979335 0.0475047 0.0712571 0.12791 0.0856404 0.0237524 
0.0749993 0.0592921 0.0265162 0 0.0374996 0.0838517 0.0592921 0.0592921 0.0956057 0.0374996 
0.0954632 0.0592037 0.0374437 0.0529534 0.0592037 0.0264767 0.0264767 0.0592037 0.0748875 0.0529534 
0.0414087 0.0828173 0.0414087 0.0740741 0.0997253 0.0763538 0.0414087 0.0414087 0.0185185 0.037037 
0.0648119 0.0512383 0.0724619 0.0944787 0.0944787 0.114572 0.0648119 0.0944787 0.0687434 0.0724619 
0.0750983 0.0375492 0.112648 0.0750983 0.095732 0.0531025 0.0839625 0.0839625 0.106205 0.118741 
0.0898863 0.0705126 0.0352563 0.0352563 0.0352563 0.02493 0.0352563 0.02493 0.0705126 0.141025 
0.0572927 0.0256221 0.0810241 0.105643 0.435575 0.0768662 0 0.0512442 0.0512442 0.0256221 
0.0488503 0.0308956 0.146551 0.117647 0.366214 0.0308956 0.0308956 0.0488503 0.0655395 0.0488503 
0.0661541 0.029585 0.0887551 0.029585 0.05917 0.179959 0.0836791 0.0887551 0.0935561 0.15932 
0.0473481 0.0473481 0.0669603 0.0710221 0.11837 0.0334801 0.0669603 0.0529367 0.0529367 0.0669603 
0.141259 0.0232229 0.148699 0.0328421 0.16256 0.0734372 0.0232229 0.0837312 0.0232229 0.141259 
0.0661813 0.0701958 0.0330906 0.0523209 0 0.0739929 0.0935945 0.0233986 0.0233986 0 
0.0620891 0.0277671 0.0878072 0.141585 0.0620891 0.0277671 0.0620891 0.0555341 0.0392686 0.0833012 
0.034075 0.0240946 0.107754 0.0481893 0.120473 0.034075 0.0240946 0.0538772 0.0868744 0.0761939 
0.0416576 0.0624864 0.0465746 0.0294564 0.0416576 0 0.0465746 0.0416576 0.0833153 0.0750994 
0.0303851 0.0214855 0.0214855 0.0774671 0.0607702 0 0.0214855 0.042971 0.0607702 0.0303851 
0.121806 0.0544735 0.108947 0 0.124219 0.121806 0.0878358 0.034452 0.0487226 0.0544735 
0.0465085 0.0838444 0.488339 0.116271 0.398049 0.0465085 0.0838444 0.0232542 0.0735364 0.0838444 
0.0223314 0.0223314 0.0223314 0.080517 0.15632 0.0223314 0.0669942 0.0499345 0.0315814 0.0499345 
0.0934539 0.0366556 0.0934539 0.0259194 0.0259194 0.0777583 0.163929 0.934539 0.0518389 0.151135 
1.06126 0.038097 0.137361 0.0851874 0.145069 0.0851874 0.0269386 0.038097 0.137361 0.038097 
0.161225 0.0499938 0.0316188 0.162768 0.0999875 0.0499938 0.0316188 0.0316188 0.0499938 0.135998 
0.0196637 0.0879386 0.139043 0.166852 0.0278086 0.0879386 0.062182 0.0278086 0.0439693 0.0196637 
0.109497 0.0273742 0.109497 0.0821225 0.136871 0.122421 0.0865647 0.159617 0.220697 0.0865647 
0.0558624 0.0249824 0 0.0558624 0.124912 0.111725 0.0558624 0.159966 0.124912 0.0790014 
0.0792705 0.0264235 0.132118 0.0590848 0.206374 0.0590848 0.0264235 0.074737 0.0264235 0.0590848 
0.0709277 0.0747644 0.0747644 0.0528664 0.0709277 0.0747644 0.0528664 0.0668713 0.0852445 0.0236426 
0.159451 0.093813 0.031271 0.0442239 0.0699241 0.0663358 0.0663358 0.093813 0.0442239 0.0797257 
0.0482664 0.0482664 0 0.177998 0.131299 0.107927 0.0482664 0.0482664 0.0431708 0.0889988 
0.0505964 0.0565685 0.104307 0.203961 0.203961 0.0565685 0.0758947 0.151789 0.0758947 0.126491 
0.0237607 0.0979681 0.0475215 0.0856706 0.0237607 0.0237607 0.0531306 0.106261 0.118804 0.0751381 
0 0.0339569 0.0240111 0.0759299 0.107381 0.0720334 0.0240111 0.0679138 0 0.0240111 
0.0839625 0.0265513 0.0839625 0.0265513 0.0593705 0.106205 0.0375492 0.0375492 0.118741 0 
0.20788 0.05197 0.18738 0.0837991 0.18738 0.0986061 0.0464834 0.0464834 0.0929667 0.05197 
0.0530325 0 0.169787 0.0795487 0.109329 0.0838517 0 0.0374996 0.0592921 0.0530325 
0.054522 0.0879141 0.0344828 0.024383 0.048766 0.054522 0.054522 0.054522 0.0771058 0 
0.118335 0.0374208 0.0836754 0.0591675 0.0836754 0.0748416 0.118335 0 0 0.052921 
0.0509218 0.0455458 0.0910916 0.0938951 0.254609 0.138522 0.0683187 0.0227729 0.145818 0.132788 
0.0625428 0.0442244 0.02797 0.02797 0.0988888 0.100847 0.0197778 0.0442244 0.0197778 0.0197778 
0.0491436 0.0491436 0.149464 0.0245718 0.0777029 0.0694996 0.0491436 0.0491436 0.0491436 0 
0.0618614 0.0309307 0.0618614 0.0874853 0.0437426 0.0691632 0.0489058 0.0656139 0.0788582 0.0788582 
0 0.121755 0.135656 0.121755 0.182282 0.14477 0.594759 0.847473 0.159872 0.193174 
0.0580797 0 0.0367328 0.0367328 0.0519481 0.0580797 0.025974 0.0936507 0.0367328 0.025974 
0.0332549 0.0743602 0.0235148 0.0332549 0.0332549 0.0235148 0.0940591 0.0743602 0.0332549 0.0332549 
0.0610562 0.0819156 0.0863466 0.122112 0.112582 0 0.0863466 0.0546104 0.0386154 0.0863466 
0.0544684 0.0272342 0.038515 0.0272342 0.0544684 0.038515 0.038515 0.038515 0.0861221 0.0272342 
0.0700092 0.0521818 0.0841406 0.0521818 0.0466728 0.0233364 0.0233364 0.0233364 0.0737962 0 
0.04 0.02 0.1 0.113137 0.02 0.04 0.0282843 0.1 0.0447214 0.0565685 
0.10307 0.0558973 0.167692 0.0749941 0.176763 0.160066 0 0.0901317 0.10307 0.0707052 
0.077123 0 0.124357 0.0545342 0.0344904 0.0545342 0.0243884 0.0689809 0.0344904 0.077123 
0.0830455 0.0276818 0.17725 0.0875376 0.0618984 0.138409 0.0875376 0.138409 0.0875376 0.0618984 
0.178401 0 0.173279 0.103967 0.0980213 0.109591 0.0245053 0.0490106 0.124953 0 
0.0232495 0.11855 0.125203 0.0519875 0.116248 0.0735215 0.103975 0.326323 0.141421 0.0735215 
0.0582371 0.0368324 0.0781332 0.147329 0.158422 0.0781332 0.0260444 0.0520888 0.0582371 0.0736647 
0.161456 0.08678 0.122726 0.08678 0.0240685 0.152222 0.0481369 0.140342 0.0722054 0.0761111 
0.0966172 0.0227729 0.193234 0.0227729 0.0966172 0.101844 0.0227729 0.0455458 0.113865 0.0821089 
0.045977 0.0650213 0.0514039 0.0828862 0.045977 0.0689655 0.045977 0.0229885 0.0514039 0.0828862 
0.0642824 0.0681818 0.0718699 0.0819443 0.0508197 0.0454545 0.0321412 0.0718699 0.0964236 0.0964236 
0.0366834 0.0366834 0.0366834 0.0935246 0.0366834 0.0518781 0.0366834 0.0733667 0.106949 0.0518781 
0.114191 0.0722205 0.193788 0.094164 0.16149 0.116452 0.0685144 0.0228381 0.0823441 0.153203 
0.023956 0.0338788 0.0479119 0.0863744 0.0535672 0 0.0338788 0.023956 0.023956 0.0338788 
0.107692 0.0340552 0.053846 0.072242 0.0240807 0.0481613 0.053846 0.053846 0.053846 0.0340552 
0.0353305 0.0749473 0.0790014 0.0499649 0.0999298 0.0790014 0.070661 0.0353305 0.0900755 0.0790014 
0.0880648 0.0345418 0.0244248 0.0690837 0.0880648 0.0488496 0.0244248 0.0546155 0.0546155 0.0976991 
0.0838614 0.0520086 0.0986794 0.0328931 0.0986794 0.0520086 0.023259 0.023259 0.0657863 0.0520086 
0.0484701 0.0484701 0.068547 0.0306552 0.0867059 0.068547 0 0.0613103 0.0867059 0.0484701 
0 0.0480875 0.0775387 0.11581 0.109656 0.0304132 0.0480875 0.0304132 0.068006 0.125397 
0.0577531 0.0288765 0.0577531 0.0913156 0.210224 0.219917 0.119061 0.0577531 0.297302 0.204188 
0.0328865 0.0519981 0.0697627 0.0958797 0.0697627 0.0232542 0.0657729 0.0232542 0.0958797 0.0697627 
0.0240685 0.0481369 0.0240685 0.0680759 0.0538187 0.0761111 0.0240685 0.0340379 0.0761111 0.0481369 
0.0236426 0.0528664 0.0668713 0.0747644 0.0236426 0.0472852 0.0472852 0.0668713 0.0236426 0.0528664 
0.077791 0.0491993 0.0347892 0.0886954 0.073799 0.0491993 0.110013 0.101427 0.0550065 0.0347892 
0.126885 0.0601869 0.116982 0.0283724 0.100311 0.0401246 0.0567447 0.100311 0.0897213 0.100311 
0 0 0.104382 0.0800577 0.147619 0.113219 0.0253165 0.0566093 0.0506329 0.0800577 
0.0568696 0.0254329 0.0762986 0.148298 0.107902 0.160852 0.0568696 0.0916995 0.107902 0.14387 
0.0319357 0.0225819 0.0504947 0.0814203 0.0714104 0.0638714 0.0504947 0.0714104 0.0931077 0.0319357 
0.0537409 0.0240337 0.0240337 0.0339887 0.0480673 0.0339887 0.0760011 0.0480673 0.0866546 0.0240337 
0.0434372 0.0614295 0.0485643 0.0614295 0.0485643 0.0217186 0.0434372 0.0307148 0.0485643 0 
0.034452 0.0770371 0.0544735 0.034452 0.0544735 0.0487226 0.0770371 0.0544735 0.0770371 0.0544735 
0.0577687 0.0775049 0.0816973 0.0577687 0.10652 0.109608 0.0577687 0.0931493 0.0365362 0.10652 
0.0365362 0 0.0816973 0.129175 0.173306 0.131733 0.0577687 0.0577687 0.222241 0.180845 
0.0842554 0.0738969 0.0330477 0.119155 0.0738969 0.125842 0.104506 0.116841 0.0701047 0.052253 
0.0558973 0.0353526 0.0558973 0.106058 0.0790508 0.0901317 0.0558973 0.0558973 0.152057 0.10307 
0.0332664 0.0665328 0.0665328 0.0470458 0.0235229 0.0525988 0.0235229 0.0235229 0.0332664 0.0525988 
0.0721219 0.0509978 0.0684208 0.0967616 0.0322539 0.0322539 0.0684208 0.0822316 0.0228069 0.0322539 
0.0743744 0.0371872 0.0831531 0.0587981 0.0371872 0.0371872 0.0587981 0.0743744 0 0.0262953 
0.351876 0.0269876 0.0381663 0.0381663 0.0973053 0.0973053 0.0269876 0.0381663 0.0539753 0.0763325 
0.0525988 0.0470458 0.0705687 0.0332664 0.0235229 0.0665328 0.0525988 0.0470458 0.119944 0.0525988 
0.0425508 0.0672787 0.0475732 0.0951464 0.0300879 0.0212754 0.106377 0.0672787 0.0638262 0.0767095 
0.0829081 0.0229946 0.0229946 0.102835 0.0459892 0.0689837 0.0650385 0.0727153 0 0.0514175 
0.0336503 0.0336503 0.0673006 0.0336503 0.0532058 0.0752444 0.0532058 0.0752444 0.0237944 0.0475887 
0.034452 0.034452 0.142049 0.0544735 0.0544735 0.0878358 0.034452 0.0243613 0.131189 0.0544735 
0.089026 0.101805 0.220846 0.125902 0.156162 0.17284 0.0493827 0.104757 0.150192 0.101805 
0.0864961 0.0593358 0.12587 0.0890037 0.0209784 0.0864961 0.0469091 0.106969 0.0593358 0.0629351 
0.0978687 0.0230679 0.0230679 0.0230679 0.0515813 0.0692036 0.0652458 0.0230679 0 0.0831724 
0.0326229 0.072947 0.130492 0.0230679 0.0515813 0.0326229 0.0230679 0.0515813 0.072947 0.0978687 
0.0263844 0.0373132 0.0527688 0.153846 0.117995 0.0834348 0.0373132 0.0951303 0.153846 0.117995 
0.0551444 0 0.132805 0.0348764 0.147968 0.143799 0.0779859 0 0.0889176 0.179537 
0.0500972 0.0448083 0.0950527 0.0807792 0.112021 0.0633684 0.0500972 0.0923746 0.0708481 0.12065 
0 0.0324059 0.116841 0.0724619 0.0229145 0.0944787 0.0229145 0.0229145 0.0512383 0.0458289 
0.613016 0.0449183 0.171044 0.031762 0.0898366 0.0952861 0.0502202 0.0673775 0.0635241 0.0635241 
0.050198 0.0224492 0.031748 0.050198 0.0224492 0.089797 0 0.050198 0.0224492 0.0709908 
0.107497 0.0942809 0.126491 0 0 0.0843274 0.0666667 0.0421637 0.0843274 0.0298142 
0.0496628 0.0222099 0.062819 0.0444198 0.0666297 0.0915737 0.0993256 0.0666297 0.0314095 0.111049 
0.0340552 0.0481613 0.053846 0.0481613 0.0761497 0 0.0340552 0.107692 0.0240807 0.0761497 
0.0362619 0 0.0512821 0.09245 0.081084 0.081084 0.0512821 0.0769231 0.025641 0.0573351 
0.0714286 0.0532397 0.0336718 0.0238095 0.0532397 0.0673435 0.0336718 0.101015 0.0532397 0.047619 
0.0776034 0.0245403 0.0490807 0.0490807 0.149273 0.0245403 0.0347053 0 0.109748 0.0884814 
0.0251398 0 0.0794991 0.0562144 0.100559 0.090643 0.0251398 0.112429 0.0754195 0.0251398 
0.0852725 0.0808966 0.120594 0.0762701 0.0269655 0.0269655 0.0762701 0.0539311 0.038135 0.0852725 
0.12436 0.0786524 0.0746162 0.0497442 0.0497442 0.0556157 0.12436 0.18942 0.0994883 0.0786524 
0 0.0509978 0.0228069 0.114035 0.101996 0.0228069 0.0228069 0.0645077 0.0456139 0.0322539 
0.100564 0.0545382 0.190494 0.0545382 0.163615 0.131345 0.034493 0.034493 0.034493 0.0487805 
0.0649142 0.0229506 0.0229506 0.0229506 0.0229506 0.0229506 0.0324571 0.0324571 0.0229506 0.0324571 
0.0549183 0.0614006 0.0776662 0.137296 0.0868335 0.0614006 0.0823775 0.0868335 0.0549183 0.0274592 
0.0396448 0.0280331 0.0280331 0.0626839 0.0280331 0.0280331 0.0626839 0.112132 0.0626839 0.140165 
0 0.0779859 0.0739839 0.0246613 0 0.0889176 0.0348764 0.0551444 0.0551444 0.0246613 
0 0.0466696 0.116674 0.0233348 0.104357 0.116674 0.0233348 0.0521783 0.0466696 0.0233348 
0.0466728 0 0.0466728 0.0330027 0.200747 0.104364 0.0521818 0.0466728 0.0521818 0.0933457 
0.0348234 0.0348234 0.0348234 0.0246239 0 0.0550607 0.0246239 0 0.0348234 0.0348234 
0.0349162 0.0349162 0.0890192 0.078075 0.0246895 0.0349162 0.0246895 0.0246895 0 0 
0.0232542 0.0519981 0.135594 0.116271 0.103996 0.0328865 0.0465085 0.0465085 0.0697627 0.0328865 
0.0243739 0 0.0487479 0.03447 0.100496 0.0243739 0.0545018 0.03447 0 0.0243739 
0.0542805 0.03433 0.072825 0.0542805 0.072825 0.072825 0.04855 0.024275 0.024275 0.0542805 
0.0258177 0.0577302 0.0816429 0.0730236 0.0577302 0.0577302 0.0516355 0.0516355 0.0365118 0.0365118 
0.0243252 0.0243252 0.0543928 0.034401 0.137604 0.0973009 0.034401 0.0243252 0.0486504 0.0486504 
0.0572176 0.0255885 0.080918 0.0361876 0.051177 0.0255885 0.0361876 0.0572176 0.0255885 0.0361876 
0.0685905 0.0228635 0.0942686 0.0723007 0.133316 0.0511243 0.0685905 0.114317 0.102249 0.0685905 
0.0370593 0.0585959 0.0585959 0.0585959 0.0786146 0.094483 0.0262049 0.0370593 0.0786146 0.0585959 
0.698249 0.0282251 0.0892555 0.0564501 0.241155 0.178511 0.0631132 0.116375 0.141125 0.126226 
0 0.0328865 0.0232542 0.0465085 0.0697627 0.0232542 0.0232542 0.0232542 0.0519981 0.0328865 
0.0303431 0.0773601 0.0773601 0.0606862 0.0884646 0.0858233 0.0479767 0.109404 0.0479767 0.0214558 
0.0489336 0.100879 0.0773707 0.100879 0.0244668 0.0692025 0.0346012 0.0244668 0.0346012 0.0773707 
0.0368324 0 0.0939044 0.0368324 0.132801 0.130222 0.0368324 0.110497 0.0260444 0.0582371 
0.0646809 0.0304909 0.125717 0.0609817 0.27015 0.0646809 0.0304909 0.0482103 0.0777367 0.0215603 
0.0460165 0.0205792 0.0650772 0.0582068 0 0.0205792 0.0291034 0.0741995 0.0291034 0.0650772 
0.850394 0.170079 0.0962111 0.107567 0.122646 0.0340158 0.0721583 0.688767 0.0867235 0.129528 
0.124216 0.126676 0.0895737 0.0993731 0.151116 0.0993731 0.0351337 0.105401 0.0895737 0.0895737 
0.202795 0.0259653 0.0519305 0.0259653 0.0936191 0.129826 0.0367204 0.0778958 0.0821094 0.11612 
0.0710221 0.023674 0.0334801 0.105873 0.0334801 0.0710221 0.0473481 0.10044 0.0710221 0.0529367 
1.09189 0.0235702 0.703167 0.233333 0.521749 0.164992 0.0666667 0.0333333 0.137437 0.120185 
0.0820265 0.0366834 0.0366834 0.025939 0.025939 0.0820265 0.0580015 0.116003 0.0366834 0.0733667 
0.0351256 0.0800986 0.0566383 0.0647684 0.0471259 0.0222154 0.0566383 0.0496751 0.0647684 0.0351256 
0.094759 0 0.0689473 0.0513903 0.0919297 0.0229824 0.0975062 0.0689473 0.0229824 0.0919297 
0.0941176 0.0470588 0.148813 0.0526134 0.0970142 0.0744065 0.0848365 0.12671 0.0470588 0.0470588 
0.105814 0.0473215 0.127417 0 0.0709823 0.0529071 0.0946431 0.0236608 0.0669228 0.0975559 
0.0779326 0.0779326 0.0348525 0.0551067 0.123222 0.0739333 0.101612 0.0779326 0.0888568 0.0888568 
0.0795487 0.0592921 0.0530325 0.0374996 0.0530325 0.0265162 0.0374996 0.0592921 0.0265162 0.0265162 
0.105686 0.145 0.0256326 0.0256326 0.0768978 0.0512652 0.114632 0.232113 0.128163 0.0573162 
0.0351337 0.0496866 0.0351337 0.0745298 0.0248433 0.0555513 0.0351337 0 0.0555513 0.0351337 
0.0960116 0.112977 0.0376588 0.0595439 0.0842077 0 0.0842077 0.0595439 0.0595439 0.0376588 
0.0246744 0.0697899 0 0.0246744 0.0246744 0.0740233 0.0493489 0.0246744 0.088965 0.0246744 
0.0842983 0.0888582 0.0397386 0.0628322 0.0280994 0.0280994 0.0628322 0.0561988 0.0280994 0.0628322 
0.0854592 0.0382185 0.0382185 0.076437 0.0540491 0.0604287 0.0270246 0.0382185 0 0.0810737 
0.0235034 0.0997165 0.0470068 0.200813 0.0847427 0.0664777 0.0664777 0.0525552 0.0235034 0.0235034 
0.0358 0.0800512 0.0566048 0.0358 0.0253144 0.0800512 0.0759433 0.0358 0.0912725 0.0759433 
0.0390994 0.0781987 0.0618215 0.0276474 0.0618215 0.0618215 0.0552948 0.0829423 0.0552948 0.0618215 
0.0766965 0.138267 0.0606339 0.0271163 0.0606339 0.135582 0.0857493 0.0271163 0.0857493 0.0766965 
0.130221 0.0807595 0.0766152 0.163525 0.105297 0.171317 0.0766152 0.605427 0.185922 0.235452 
0.0392799 0.0392799 0.0277751 0.0785598 0.0878326 0.0277751 0.0392799 0.0878326 0.0833253 0.11452 
0 0.0842733 0.0397268 0.140456 0.0397268 0.115823 0.0561822 0.0397268 0.115823 0.112364 
0.232196 0.101525 0.125926 0.119464 0.232196 0.25498 0.629629 0.653116 0.168947 0.168947 
0.0605783 0.0605783 0.0605783 0.0383131 0.111701 0.135457 0.0383131 0.0976795 0.0812743 0.0270914 
0.0475652 0.0672673 0.0336336 0.0980581 0.118913 0.118913 0.0531795 0.0531795 0.134535 0.121268 
0.132714 0.069705 0.147867 0.0779326 0.110213 0.069705 0.0779326 0.0348525 0.0551067 0.0779326 
0.0381663 0 0 0.0603462 0.0603462 0.0539753 0.0269876 0.0603462 0.0269876 0.0269876 
0.0479705 0.0239852 0.0536326 0.0536326 0.0339202 0.0536326 0.0239852 0 0.0678405 0.0239852 
0.0325731 0.0515026 0.0949661 0.0977193 0.0460653 0.0651462 0.0460653 0.115163 0.103005 0.0515026 
0.115163 0 0.134302 0.0728357 0.0728357 0.134302 0.103005 0.0949661 0.115163 0.0515026 
0.063786 0.0225518 0.031893 0.063786 0.0225518 0.0225518 0 0.0225518 0.0504273 0 
0.0754153 0.0674535 0.0337268 0.0533267 0.0859867 0.0533267 0.0238484 0.0533267 0.0337268 0.0238484 
0.362222 0.0538772 0.034075 0.0538772 0.034075 0.0240946 0.0538772 0.0481893 0.0538772 0.0722839 
0.050611 0.0452679 0.0320092 0.0320092 0.0226339 0.0452679 0.050611 0.0320092 0.0320092 0.0226339 
0.02493 0 0.0747899 0.0747899 0.11149 0.0747899 0.105769 0.0557451 0.0788355 0.0997199 
0.0221553 0.0626647 0.0990816 0.0495408 0.0886212 0.0886212 0.093997 0.0798821 0.0221553 0.0798821 
0.0636543 0.0569341 0.080517 0.0569341 0.0402585 0.0402585 0.0402585 0.0900207 0.0402585 0.0402585 
0.0723752 0.0922607 0.080918 0.0572176 0.0767655 0.0361876 0.0361876 0.0361876 0.0922607 0.0572176 
1.13284 0.133321 0.188545 0.075418 0.34147 0.214974 0.0266643 0.0266643 0.203069 0.170735 
0.0672245 0.0237675 0.0531456 0.0237675 0.118837 0.0475349 0.0336123 0.0950698 0.0856948 0.118837 
0.0263318 0.0526635 0.0744774 0.0263318 0.0526635 0.0526635 0.0588796 0.0263318 0.0832683 0.0372387 
0.0658348 0.0490703 0.133486 0.0981407 0.0219449 0.0490703 0.0438898 0.0310348 0.0693959 0.0490703 
0.0810515 0.111395 0.0270172 0.038208 0.0854358 0.0540343 0 0.0604122 0.038208 0.038208 
0.0520968 0.0520968 0.0840035 0.0658978 0.0232984 0.0465968 0.0329489 0.0465968 0.0465968 0.0232984 
0.0502202 0.0502202 0.15881 0.031762 0.0809776 0.0635241 0.031762 0.0502202 0.0809776 0.0673775 
0.0520016 0.0520016 0.0328887 0.0232558 0.0697674 0.0232558 0.0232558 0.0465116 0.0232558 0.0520016 
0.0774367 0.0967958 0.122438 0.0987128 0.0387183 0.13689 0.0967958 0.0580775 0.117757 0.0612191 
0.0211053 0.0298474 0.0667409 0.0667409 0.170156 0.0298474 0.0471929 0.0667409 0.0471929 0.0211053 
0.0257663 0.036439 0.0257663 0.150242 0.106237 0.11523 0.0515325 0 0.0257663 0.150242 
0.08385 0.0735413 0.164443 0.0735413 0.156005 0.08385 0 0.0697674 0.135604 0.0520016 
0.08574 0.111985 0.145565 0.0749775 0.221054 0.106034 0.020795 0.167655 0.08318 0.062385 
0.599263 0.166206 0.230486 0.184389 0.0743294 0.0460971 0.0583088 0.0743294 0.0824611 0.103076 
0.0449325 0.114556 0.050236 0.112331 0.0317721 0.0317721 0.050236 0.0317721 0.0710445 0.0317721 
0.863927 0.0808724 0.180836 0.0392289 0.0877185 0.055478 0.0196144 0.141442 0.0196144 0.0438592 
0.0515154 0.0257577 0.131339 0.206062 0.32986 0.162906 0.057596 0.0728538 0.180304 0.106202 
0 0.0357314 0.0910975 0.0252659 0.112993 0.126329 0 0.0798978 0.0910975 0 
0.0300472 0.0671875 0.0637397 0.161809 0.0671875 0.0424931 0.0671875 0.165941 0.0600943 0.0300472 
0.0342871 0.0542127 0.0874153 0.121223 0.0484893 0.123624 0 0.0242447 0.0685742 0.0766683 
0.0512821 0.022934 0.0725238 0.022934 0.0688021 0.0945594 0.0512821 0.0512821 0.0725238 0.0917361 
0.0998082 0.168382 0.138409 0.14115 0.255214 0.039148 0.166091 0.166091 0.039148 0.0998082 
0.0910503 0.0719816 0.173355 0.214742 0.224185 0.160956 0.0455251 0.911072 0.165714 0.173355 
0.0249513 0.0249513 0.0352865 0.0499026 0.0899632 0.0557928 0.0352865 0.0249513 0 0.127227 
0.0742781 0.0469776 0.0846901 0.0742781 0.0332182 0.0525226 0.0469776 0 0.0664364 0.0996546 
0.0626839 0.0280331 0.0396448 0.0792896 0.150963 0.101075 0.0886484 0.0886484 0.0560662 0 
0.0472535 0.0472535 0.0668265 0.0298857 0.16094 0.0472535 0.0422648 0.0211324 0.0597714 0.0211324 
0.0774258 0.0387129 0.0821225 0.0612105 0.0865647 0.0612105 0.0547483 0.0547483 0.0612105 0.0387129 
0.0258803 0.0366003 0 0.0818408 0.0578702 0 0.0517607 0.0517607 0.103521 0.0578702 
0.0850664 0.120302 0.0235932 0.100097 0.137571 0.127053 0.0667316 0.0972771 0.0943727 0.0943727 
0.0512442 0.108705 0.0512442 0.130647 0.0724702 0.0572927 0.0572927 0.0256221 0.0256221 0.0362351 
0.044376 0.022188 0.119486 0.0496139 0.066564 0.088752 0.0914835 0.044376 0.0701646 0.08 
0.044842 0.022421 0.0709015 0.022421 0.044842 0.022421 0.022421 0.022421 0.044842 0.0317081 
0.0491436 0.0245718 0.0245718 0.0885949 0.109888 0.0694996 0.0347498 0.0737154 0.0549442 0.0347498 
0.088965 0.0740233 0.0246744 0.0246744 0.0551737 0.0551737 0.0493489 0 0.0780274 0.0348949 
0.0223314 0.0223314 0.0315814 0.0631627 0.0706181 0 0.0223314 0.0315814 0.0499345 0.0499345 
0.110744 0.116958 0.0485643 0.108593 0.0485643 0.110744 0.0971286 0.130312 0.165404 0.0895481 
0.0856948 0.0336123 0.0237675 0.106291 0.168061 0.0950698 0.0336123 0.0979957 0.181008 0.0979957 
0.123285 0.0457869 0.233468 0.0323762 0.0686803 0.0457869 0.0228934 0.0825434 0.0228934 0 
0.0244248 0.0345418 0.0244248 0.0345418 0.0244248 0.0546155 0.0546155 0.0244248 0.0880648 0.0546155 
0.0290788 0.0650222 0.0290788 0.23979 0.148273 0.0459776 0.0205618 0.0411236 0.0741367 0.0290788 
0.0651462 0.0651462 0.105045 0.0412021 0.189932 0.0460653 0.0582686 0.0412021 0.0291343 0.0291343 
0.0910176 0.0504875 0.128718 0.0564467 0.182035 0.100975 0.0504875 0.0714001 0.0757313 0.0252438 
0 0.0694336 0.0658705 0.0791664 0.158333 0.0694336 0.0490969 0.0219568 0.0490969 0.0791664 
0.0255655 0.0808452 0.0361551 0.0808452 0.0808452 0.0255655 0.0255655 0.0361551 0.0723101 0.0808452 
0.023749 0.047498 0.047498 0.047498 0.0531044 0.0335862 0.023749 0.0335862 0.0671724 0 
0.142494 0.0234259 0.157146 0.163981 0.193175 0.157146 0.0523819 0.0844632 0.0523819 0.0937035 
0.0205304 0.0649227 0.0205304 0.0615911 0 0.0205304 0.0290343 0.226765 0.0290343 0.0740233 
0.0744014 0.0665466 0.0332733 0.0526097 0.171285 0.141167 0.0332733 0.126701 0.143114 0.0970075 
0.0223314 0.0315814 0.0669942 0.157907 0.0499345 0.099869 0.0499345 0.099869 0.111657 0.111657 
0.0849719 0.0268705 0.0600842 0.0537409 0.0849719 0.134352 0.0600842 0.0268705 0.0380006 0.0600842 
0.0506167 0.0715828 0.0253083 0.0357914 0 0.0565912 0.0715828 0.104349 0.0253083 0.0357914 
0.0769857 0.024345 0 0.0688581 0.0344291 0.0344291 0.0544371 0.0877772 0.0877772 0.121725 
0.08 0.0505964 0.0252982 0.0715542 0.08 0.0505964 0.0357771 0.0505964 0.104307 0.0565685 
0.0549442 0.0347498 0.0245718 0.0694996 0.122859 0.0245718 0.0245718 0.0347498 0.0885949 0.0347498 
0.0754247 0.0596285 0.143604 0.0266667 0.0377124 0.119257 0.0266667 0 0 0.0754247 
0.0561822 0.0888319 0.0561822 0.125627 0.0561822 0.140456 0.0561822 0.0888319 0.0628136 0.115823 
0.212349 0.0663267 0.0663267 0.0938001 0.104872 0.0524359 0.0469001 0.02345 0.104872 0.0741555 
0.0588439 0.0263158 0.0744323 0.0372161 0.0744323 0.0948829 0 0.0832178 0.0526316 0.0948829 
0.119261 0.046778 0.0522994 0.023389 0.0330771 0.023389 0.046778 0.0843303 0.0522994 0.0964354 
0.0904214 0.0219304 0.42184 0.478967 0.460539 0.504876 0.0219304 0.0490379 0 0.0904214 
0.10118 0.0674535 0.171973 0.0238484 0.143091 0.121604 0.0754153 0.128428 0.0754153 0.0533267 
0 0 0.0743009 0.0553806 0.110761 0.0700516 0.024767 0.0553806 0.0990679 0.0990679 
0.0470295 0.0665098 0.0743602 0.0847837 0.157742 0.0997647 0.0743602 0.0525806 0.0525806 0.0847837 
0.0534141 0.0238875 0.0861277 0 0.033782 0.0238875 0.0534141 0.0716625 0.0238875 0.0238875 
0.0260444 0.0582371 0.0260444 0.0520888 0.0260444 0.0260444 0.0939044 0.0736647 0.0520888 0.0260444 
0.034493 0.034493 0.034493 0.0243902 0.142218 0.0879403 0.0487805 0.0545382 0.0545382 0.0771287 
0.0951243 0.0808401 0.0709015 0.112105 0.0672631 0.0501349 0.0317081 0.044842 0 0.0709015 
0.120986 0.0237273 0.180702 0.180702 0.166091 0.118636 0.0237273 0.0750322 0.0855499 0.0711818 
0.0474793 0.0300285 0.0637002 0.0300285 0.0300285 0.0765581 0.0949586 0.171189 0.0212334 0.0300285 
0.0448985 0.0709908 0.0224492 0.0224492 0.0448985 0.0224492 0.089797 0.0634961 0.0809419 0.0809419 
0.0435788 0.0487226 0.0435788 0.152526 0.123259 0.08984 0.0974451 0.146168 0.154074 0.0487226 
0.0304414 0 0.0645759 0 0.0304414 0.048132 0.0215253 0.0215253 0.048132 0.048132 
0.108561 0.0542805 0.024275 0.121375 0.0767643 0.072825 0.0875247 0.130725 0.024275 0.0767643 
0.0300421 0.106215 0.0475007 0.0950014 0.0300421 0.0475007 0.114397 0.0950014 0.021243 0.021243 
0.0357001 0.0252438 0.0357001 0.112893 0.112893 0.0357001 0.0714001 0.159656 0.0564467 0.112893 
0.0706555 0.0353277 0.0558581 0.0706555 0.0558581 0.099922 0.0249805 0.0789953 0.0249805 0 
0.0777029 0.0737154 0.0885949 0.132323 0.0982872 0.222507 0.122859 0.0737154 0.0245718 0.109888 
0.0243884 0.0344904 0.0879337 0.0487769 0.0689809 0.0243884 0.0545342 0 0.0344904 0.0487769 
0.0624695 0.110432 0.0312348 0.0937043 0.069843 0.0493865 0.0624695 0.0441726 0.0312348 0.0220863 
0.118304 0.0473215 0.0669228 0.0669228 0.0946431 0.143923 0.0529071 0.0529071 0.0529071 0.0529071 
0.021194 0.063582 0.0299728 0.152832 0.0670213 0.0473912 0.0473912 0.0473912 0.0299728 0.208737 
0.0540491 0.0810737 0.0604287 0.0382185 0.162147 0.0604287 0.0382185 0.0604287 0.0382185 0.0270246 
0.0503593 0.0356094 0.0356094 0.0356094 0.125898 0.075539 0.0712188 0.0251797 0.125898 0.103818 
0.100879 0.0489336 0.0773707 0.0692025 0.0734003 0.0547094 0.0489336 0.0547094 0.0773707 0.0773707 
0.0315892 0.049947 0.0446739 0.141271 0.0315892 0.141271 0.0315892 0.0805371 0.0920976 0.111685 
0.024998 0.024998 0.0558973 0.0707052 0.0558973 0.0558973 0.0558973 0.0558973 0.0790508 0.0499961 
0 0.0307111 0.0434321 0.0868642 0.0307111 0.0307111 0.0307111 0.0307111 0.0434321 0.0434321 
0.526606 0.0536906 0.107381 0.140008 0.146054 0.120056 0.0240111 0.0339569 0.0679138 0.0865734 
0.0451524 0.0201928 0.0451524 0.0201928 0.0451524 0.0451524 0.0285569 0.0451524 0.0403855 0.0832568 
0.0812958 0.0278842 0.0278842 0.0881776 0.100538 0.0197171 0.062351 0.0591514 0.0710911 0.0591514 
0.0670967 0.0474445 0.127307 0.0636535 0.0670967 0 0.0212178 0.150033 0.0424357 0.114262 
0.0884477 0.0221119 0.0221119 0.031271 0.0494438 0.062542 0.031271 0.0494438 0.0494438 0.0442239 
0.045733 0.0323381 0.0970142 0.051131 0.275349 0.0723101 0.0228665 0.051131 0.0228665 0.0942809 
0.0794239 0.103556 0.025116 0.128067 0.0561612 0.025116 0.0502321 0.103556 0.0502321 0.0794239 
0.0218153 0.061703 0.0899468 0.0654459 0.097561 0.0899468 0.109076 0.170383 0.0899468 0.0436306 
0.0676655 0.0534943 0.086257 0.0338328 0.0756524 0.0534943 0.0338328 0.0478467 0 0.0676655 
0.0642692 0.028742 0.028742 0.0642692 0.0908903 0.0812948 0.0862261 0.028742 0.0574841 0.103631 
0.0739626 0.0661541 0.0964354 0.0661541 0.132308 0.0522994 0 0.046778 0.023389 0 
0.031762 0.0449183 0.150661 0.0224592 0.130958 0.0710221 0.0502202 0.0224592 0.0502202 0.031762 
0.11291 0.0714104 0.100989 0.0504947 0.213038 0.095807 0.0714104 0.0319357 0.0677458 0.0451639 
0.0580601 0.0519305 0.0259653 0.0778958 0.0580601 0.0367204 0.0778958 0.255728 0.0367204 0.0259653 
0.0673775 0.0710221 0.112296 0.0673775 0.0224592 0.0710221 0.120946 0.207063 0.11452 0.0898366 
0.0335862 0.0531044 0.138479 0.138479 0.071247 0.023749 0.0671724 0.0335862 0.0531044 0.0856283 
0.0235229 0.0235229 0.0235229 0.0332664 0.0470458 0.0525988 0 0.0332664 0.0525988 0.0235229 
0.0507673 0.0321081 0.0507673 0.0681115 0.0507673 0.0936103 0.0321081 0.0321081 0.0321081 0.0227038 
0.593501 0.111945 0.148375 0.0991069 0.0823038 0.0920185 0.0581976 0.265422 0.230598 0.107311 
0 0.0222003 0.0496414 0.0496414 0.0702035 0.031396 0.0496414 0.253122 0.0915342 0.0992828 
0.0534022 0.0188805 0.0534022 0.0188805 0.0188805 0 0.0597055 0.0566416 0.0566416 0.0267011 
0.0224833 0.0317961 0.0899331 0.143963 0.0899331 0.114643 0.0224833 0.0449665 0.0449665 0.202349 
0.121897 0.0344776 0.121897 0.0344776 0.229995 0.142155 0.0243794 0.0879011 0.175802 0.121897 
0.0623345 0.0623345 0.0623345 0.105948 0.0293848 0.124669 0.0207782 1.09653 0.0293848 0.0657063 
0.0773302 0.100826 0.024454 0.0345831 0.17634 0.208935 0.0691663 0 0.0345831 0.0546807 
0.107567 0.0537837 0.0721583 0.198344 0.216475 0.0680315 0.0991722 0.140251 0.0240528 0.120264 
0.0281439 0.0398015 0.0995037 0.0444994 0.0820529 0.0281439 0.0398015 0.0281439 0.0717532 0.0281439 
0.0507379 0.0453814 0.0507379 0.145291 0.0453814 0.0320895 0.0453814 0.0962684 0.0507379 0.0818124 
0.0702035 0.0702035 0.0915342 0.0666009 0.169073 0.0915342 0.0666009 0.111002 0.031396 0.0702035 
1.28536 0.0212754 0.0672787 0.0475732 0.162029 0.0475732 0.0300879 0 0.0638262 0.0672787 
0.04918 0.0311042 0.112148 0.021994 0.09836 0.0659819 0.0659819 0.0906834 0.0622083 0.0439879 
0.0229749 0.0229749 0.0324913 0.0459497 0 0.0229749 0.0229749 0.0229749 0 0.0689245 
0.0294054 0.0294054 0.0588108 0.0207928 0.117622 0 0.0294054 0.0623783 0.0207928 0 
0.11446 0.0323741 0.0457839 0.0457839 0.0228919 0.0723906 0.0323741 0.144781 0.0647481 0.0723906 
0.0717958 0.0227038 0.0321081 0.0321081 0.0454077 0.0507673 0.0454077 0.0321081 0 0.0227038 
0.0877207 0.0425508 0.0601759 0.0212754 0.0638262 0.0212754 0.0212754 0.0475732 0.0601759 0.0672787 
0.0442244 0.0625428 0.0197778 0.0395555 0.02797 0.0197778 0.02797 0.0442244 0.05594 0.0442244 
0.0684186 0.0780092 0.0305977 0.0684186 0.0432717 0.0684186 0.0611954 0.0216358 0.0305977 0.110322 
0.0327101 0.0654201 0.0953654 0.0517191 0.232449 0.0953654 0.0833946 0.0953654 0.0231295 0.0327101 
0.162052 0.0357914 0.160064 0.0565912 0.28856 0.169774 0.080032 0 0.0715828 0.104349 
0.206572 0.0362351 0.0362351 0.0572927 0.0256221 0 0.0572927 0.149401 0.0768662 0.0810241 
0.0262342 0.0262342 0.0586614 0.0787025 0.267537 0.131171 0 0.0371007 0 0.0371007 
0.0273562 0.0386875 0.0773751 0.0611704 0.086508 0 0.0611704 0 0.0386875 0.0611704 
0.0465848 0.0208333 0.0658808 0.139754 0.0751157 0.085898 0.0208333 0.0931695 0.0465848 0.0465848 
0.119046 0.119046 0.170447 0 0.188227 0.106478 0.0841779 0.0266194 0.0532388 0.109755 
0.120536 0.0476461 0.10654 0.087855 0.0673817 0.0426159 0.0476461 0.0476461 0.127848 0.021308 
0.11094 0.0496139 0.129377 0.0627572 0.11094 0.022188 0.066564 0.022188 0.022188 0.0313786 
0.0222208 0 0.031425 0.0222208 0.031425 0 0.0222208 0.031425 0.0916189 0.0702685 
0.0497211 0.0444719 0.11118 0.0314464 0.11118 0.0801729 0.0444719 0.11118 0.0444719 0.0444719 
0.103828 0.0957245 0.0734174 0.0464332 0.0232166 0.0232166 0.0656665 0.0696498 0.0328332 0.0519139 
0.173657 0.0485385 0.0485385 0.0868284 0.126573 0.0895006 0.0217071 0.0485385 0.108535 0.0686439 
0.0798821 0.0221553 0.187994 0.0313323 0.0495408 0.0495408 0.0221553 0.0886212 0.0313323 0.0443106 
0.0567733 0.0567733 0.113547 0.0359066 0.0567733 0.0761694 0.0567733 0.101559 0.0253898 0.0718132 
0.11452 0.0256074 0.184657 0.0809776 0.0809776 0.0362143 0.0362143 0.0572598 0.130573 0.0512148 
0.0229627 0.0726145 0.0946778 0.227319 0.217844 0.207936 0.117087 0.0946778 0.133895 0.154039 
0.0707018 0.0223579 0.0670737 0.111789 0.120401 0.0806125 0.114003 0.0707018 0.0447158 0.0316188 
0.105366 0.0361403 0.0511101 0.108421 0.0571429 0.0571429 0.0722806 0.0361403 0.0571429 0.0255551 
0.0689082 0.0785674 0.187451 0.0217907 0.283279 0.0974509 0.0785674 0.0871627 0.0308167 0.0974509 
0.0373815 0.0528655 0.0747631 0 0.0591054 0.177316 0.0264327 0.0591054 0.0591054 0.0264327 
0.122788 0.0761497 0.0340552 0.053846 0.053846 0.0681104 0.053846 0.0240807 0.0340552 0.0340552 
0.113137 0.02 0.14 0.113137 0.0447214 0.0824621 0.072111 0.10198 0.0632456 0.0848528 
0.0699027 0.0494287 0.141542 0.148286 0.243157 0.200171 0.0494287 0.091142 0.0884207 0.141542 
1.15573 0.108953 0.09245 0.0487254 0.146176 0.0785674 0.0616334 0.544767 0.0308167 0.165953 
0.0500469 0.0707771 0.0707771 0.0316525 0.114125 0.0806983 0 0.067145 0.0223817 0.0223817 
0.0492478 0 0.0550607 0.0550607 0.0492478 0.0348234 0.0246239 0.0246239 0.0550607 0.0492478 
0.0879337 0.0545342 0 0 0.0243884 0.077123 0.0689809 0.0689809 0.0243884 0.0487769 
0.0218713 0.0489058 0.140045 0.0978115 0.176332 0.176332 0.0489058 0.0901777 0.0656139 0.127531 
0.114973 0.0325193 0.0325193 0.0514175 0.0514175 0.0325193 0.0514175 0.0727153 0.0689837 0.0459892 
0.0943616 0.0370117 0.0585206 0.0261712 0.111035 0.0261712 0.0261712 0.0370117 0.0370117 0.0370117 
0.0520086 0.0735513 0.0735513 0.0465179 0.0465179 0.023259 0.0657863 0.0520086 0.0735513 0.0520086 
0.0722682 0.0681351 0.0538655 0.0538655 0.0681351 0 0.0240894 0.0240894 0.0481788 0.0761774 
0.0496628 0.0222099 0.140468 0.446413 0.579163 0.317997 0.0444198 0.0496628 0.0496628 0.157048 
0.0571056 0.0361167 0.205897 0.0510768 0.205897 0.180584 0.0571056 0.102154 0.0722335 0.199461 
0.0214744 0.0679079 0.156336 0.107372 0.623127 0.0885411 0.0885411 0.0303693 0.0303693 0.0214744 
0.132967 0.0349189 0.110423 0.0780809 0.101805 0.0740741 0.0698377 0.0493827 0.0740741 0.089026 
0.0361876 0.0255885 0.051177 0.0723752 0.105504 0.114435 0.0767655 0.0255885 0.0922607 0.0723752 
0.0563157 0 0.0629629 0.0281578 0.0281578 0.0281578 0.0890429 0 0.0398212 0.0629629 
0.0659301 0.0621595 0.0219767 0.0491414 0.0219767 0.0439534 0.0491414 0.0659301 0.124319 0.0982828 
0.138022 0.0453814 0.0226907 0.0818124 0.0818124 0.0907627 0.0818124 1.22193 0.160447 0.136144 
0.494437 0.663357 0.148047 0.0846489 0.0459073 0.0740233 0.866177 1.06699 0.160347 0.202201 
0.0451035 0 0.112759 0.031893 0.0225518 0.0813116 0.0225518 0.063786 0.0225518 0.0225518 
0.057675 0.0407824 0.057675 0.057675 0.0288375 0.0644826 0.0288375 0.0407824 0.0288375 0.0644826 
0.0525498 0.0525498 0.133976 0.211835 0.111475 0.133976 0.0830885 0.0525498 0.0830885 0.141495 
0.0890517 0.0629691 0.0398252 0.112643 0.0796503 0.125938 0.0281606 0.119475 0.0629691 0.0629691 
0.0631264 0.0297581 0.0941033 0.0210421 0.0470517 0.0941033 0.0595162 0.086759 0.107294 0.0841686 
0.0726193 0.0726193 0 0.0324764 0.0459285 0 0.0827988 0.0513496 0.0513496 0.0324764 
0 0.0245053 0.101038 0.0490106 0 0.0547955 0.0735159 0.0245053 0.0693115 0.103967 
0.105886 0.0726373 0.0726373 0.0256812 0.0770435 0.0513623 0.0363186 0.0812109 0.0726373 0.0256812 
0.0354608 0.0709215 0.0501491 0.0250746 0.0354608 0.0560684 0.0501491 0.0354608 0.0501491 0.0560684 
0.122794 0.0217071 0.0434142 0.0306985 0.0434142 0.078266 0.078266 0.122794 0 0.0434142 
0.115146 0.0638714 0.194257 0.0714104 0.0814203 0.095807 0.0814203 0.11291 0.0225819 0.0319357 
0.105568 0.0422271 0.0895772 0.0211135 0.1137 0.105568 0.0597181 0.0422271 0.076126 0.0472113 
0.0229749 0.0513733 0.0947277 0.0229749 0.0918994 0.0918994 0.0459497 0.0459497 0.082837 0.0689245 
0.0572927 0.0724702 0.0572927 0.0768662 0.0810241 0.0923817 0.105643 0.0572927 0.0512442 0 
0.0550649 0.0348261 0.0492515 0.104478 0.0778735 0.101535 0.0492515 0.0348261 0 0.0985031 
0.0970771 0.0485385 0.0306985 0.0434142 0 0.0434142 0.0651213 0.078266 0.108535 0.0970771 
0.0917361 0.0324336 0.0324336 0.0512821 0.11467 0.0688021 0.022934 0.133727 0.102564 0.0688021 
0.115285 0.0815191 0.050556 0.0932207 0.0639489 0.0452187 0.050556 0.0815191 0.0319744 0 
0.113373 0.0226746 0.143407 0.0320668 0.0934899 0.0226746 0 0.0320668 0.0226746 0.0320668 
0.0798278 0.0504875 0.0504875 0.100975 0.0798278 0.128718 0.0564467 0.0564467 0.0504875 0.0504875 
0.0446628 0.0223314 0.080517 0.0706181 0.473194 0.0669942 0.0223314 0.113868 0.0446628 0.080517 
0.0779326 0.0551067 0.177714 0.069705 0.0551067 0.0779326 0.104558 0.0551067 0.0779326 0.0739333 
0.0479119 0.023956 0.0535672 0.0757554 0.0757554 0.151511 0.023956 0.0757554 0.143736 0.0535672 
0.114585 0.0710624 0.0449438 0.0710624 0.185308 0.11236 0.0502487 0.0926541 0.0926541 0.0710624 
0.0216574 0.0780869 0.0306282 0.0433148 0.0968549 0.0780869 0.0216574 0.0968549 0.0484274 0.0484274 
0.0344291 0.108874 0.100377 0.0769857 0.0544371 0.100377 0.0877772 0.0544371 0.0877772 0.0877772 
0.070877 0.0250588 0.0903508 0.0501176 0.152427 0.0354385 0.0560332 0.0354385 0.0354385 0.0250588 
0.836535 0.0529071 0.292668 0.0946431 0.292668 0.120647 0.0748219 0.0946431 0.0529071 0.0748219 
0 0.0439534 0.0310797 0.0694964 0.0491414 0.0310797 0.0491414 0.0694964 0.0491414 0.0310797 
0.0858221 0.0532246 0.0858221 0.0476056 0.0858221 0.075271 0.0714083 0.0673244 0.0476056 0.0532246 
0.0330906 0.0523209 0.0233986 0.0661813 0.0523209 0.0330906 0.0330906 0.0523209 0.0233986 0.0330906 
0.0651912 0.0651912 0.0651912 0.0412305 0.0206153 0.0651912 0.0583088 0.120207 0.0651912 0.0618458 
0.0337268 0 0.0533267 0.0754153 0.0238484 0.10118 0 0.0533267 0.0754153 0.0754153 
0.0739929 0.0523209 0.0233986 0.0233986 0.0661813 0.0233986 0.0467972 0 0.0233986 0.0523209 
0.097394 0.0382011 0.0270122 0.157507 0.097394 0.0604012 0.114603 0.0810367 0 0.0270122 
0.0914835 0.0313786 0.0496139 0.0313786 0.168979 0.0941357 0.0496139 0.0627572 0.022188 0.044376 
0.071537 0.0357685 0.0911921 0.056555 0.056555 0.136202 0.0911921 0.126461 0.107306 0.0252922 
0.13715 0.0650562 0.04849 0.0867416 0.13715 0.0920033 0.04849 0.110574 0.108427 0.226402 
0.0558581 0.0249805 0.0706555 0.201399 0.0749415 0.0749415 0.0558581 0.102997 0.049961 0.099922 
0.0914216 0.066519 0.0495803 0.0799459 0.0495803 0.0914216 0.0914216 0.088692 0.0495803 0.022173 
0.0469815 0.0594274 0.0469815 0.134535 0.160013 0.0594274 0.0469815 0.107134 0.0469815 0.0469815 
0.0231002 0.0693005 0.0730492 0.0693005 0.0653372 0.0516536 0.0653372 0.0832888 0.0231002 0.0730492 
0.0531795 0.0336336 0.0237826 0.0672673 0.106359 0.0531795 0.0237826 0.100901 0.0713477 0.0475652 
0.0840431 0.0630323 0.0594274 0.0594274 0.0630323 0.0594274 0.0420215 0.0891411 0.0210108 0.105054 
1.84692 0.0779155 0.107085 0.0367297 0.11615 0.132431 0.0779155 0.107085 0.183649 0.0821302 
0.0524106 0.0331474 0.0468775 0.0741198 0.13667 0.0331474 0.0234388 0.0741198 0.0331474 0.0468775 
0.0341968 0.0341968 0.123298 0.0483616 0.0764663 0.0540699 0.0241808 0.087185 0.0683936 0.0540699 
0.0894585 0.0686115 0.0485157 0.0782292 0.0894585 0.030684 0.157956 0.0485157 0.0970314 0.0485157 
0.0912725 0.0716 0.0253144 0.0253144 0.0716 0.179 0.0716 0.0506289 0.169814 0.160102 
0.279628 0.144117 0.0494317 0.069907 0.10486 0.0781584 0.0781584 0.178229 0.0494317 0.144117 
0.183417 0.0366834 0.209127 0.0935246 0.174004 0.139686 0.0518781 0.0366834 0.155634 0.0733667 
0.120837 0.0293074 0.146537 0.046339 0.103617 0.103617 0.195505 0.956202 0.139017 0.149439 
0.031742 0.04489 0.15871 0.0634841 0.190452 0.130876 0 0.031742 0.114448 0.100377 
0.0470751 0.0470751 0.0665743 0.0941502 0.0595458 0.0297729 0.0297729 0.0470751 0.0421053 0.0595458 
0.172452 0.0487769 0.131336 0.0879337 0.17755 0.109068 0.0487769 0.0545342 0.0975537 0.0344904 
0.0412371 0.0461045 0.0850125 0.204113 0.226804 0.105134 0.092209 0.0618557 0.0743413 0.0743413 
0.0518302 0.0231792 0.0732989 0.0231792 0.140993 0.0231792 0.0231792 0.0231792 0.0463583 0.0518302 
0.0676007 0.047801 0.0676007 0.0427545 0.0676007 0.11512 0.0676007 0.0213772 0.060464 0.0881406 
0 0.0504947 0.0504947 0.0714104 0.11291 0.0677458 0.0638714 0.0451639 0.0319357 0.0451639 
0.128218 0.0858465 0.0532397 0.0981692 0.0238095 0.0336718 0.0752923 0.0336718 0.0336718 0.0336718 
0.0879337 0.0344904 0.142208 0 0.0344904 0.0545342 0 0.077123 0.077123 0.0689809 
0.0969786 0.0484893 0.0484893 0.0969786 0.0685742 0.0484893 0.0242447 0.0542127 0.0342871 0.0542127 
0.0588235 0.07892 0.0263067 0.131533 0.0526134 0.0526134 0.07892 0.083189 0 0.0263067 
0.0475088 0.0671875 0.0424931 0.0475088 0.0637397 0.0424931 0.0671875 0.0212466 0.0212466 0 
0 0.0309901 0.0309901 0.0657399 0.0489996 0.0219133 0.0790095 0.0692959 0.0489996 0.0438266 
0.104872 0.0469001 0.0703501 0.0331633 0.0845503 0.0524359 0.0524359 0.0331633 0.0741555 0.0331633 
0 0.0317781 0.044941 0.0317781 0.0224705 0.0635561 0.044941 0.0317781 0 0.0317781 
0.0507796 0.0253898 0.113547 0.0802896 0.0253898 0.0253898 0.0761694 0.0253898 0.0253898 0.0253898 
0.0855089 0.0676007 0.0881406 0 0.030232 0 0 0 0.0427545 0.047801 
0.0758765 0.071537 0.071537 0.056555 0.056555 0.056555 0.056555 0.056555 0.056555 0.0758765 
0.0728357 0.0343351 0.0343351 0.0728357 0.103005 0.0542885 0.0343351 0.0485571 0.0542885 0.0343351 
0.0577302 0.0577302 0.0816429 0.0730236 0.150542 0.0816429 0.0516355 0.165314 0.0774532 0.131645 
0.0505681 0.0252841 0.091163 0.0565369 0.0252841 0.104249 0.0505681 0.0252841 0.0715141 0.0252841 
0.0381663 0 0.170685 0.0269876 0.120692 0.0603462 0.0853424 0.0269876 0 0.0853424 
0.0239234 0.0478467 0.121986 0.0338328 0.0756524 0 0.0239234 0.0478467 0 0.0534943 
0.0802896 0.0507796 0.129463 0.0567733 0.104685 0.0567733 0.179533 0.542772 0.17032 0.126949 
0.137028 0.0342569 0.0998752 0.0873384 0.054165 0.054165 0.0242233 0.054165 0.0998752 0.0726699 
0.0871595 0.0241737 0.0683736 0.162162 0.0540541 0.0483474 0.0241737 0.0341868 0.0483474 0.0341868 
0.0556157 0.0556157 0.0994883 0.0497442 0.0556157 0.0896776 0.0351744 0.0497442 0.0497442 0.0351744 
0.0726529 0.0726529 0.0229749 0.0324913 0.0324913 0.0459497 0.0649827 0.0324913 0.0324913 0.0513733 
0.0538187 0.0538187 0.0761111 0.0680759 0.0240685 0.0761111 0.0240685 0.0538187 0.0538187 0.0240685 
0.0294118 0 0.0294118 0.0294118 0.0657667 0.0930082 0.0930082 0.0415945 0.0588235 0.0588235 
0.0327473 0.124698 0.051778 0.14827 0.163737 0.118072 0.0654946 0.0982419 0.0463117 0.0982419 
0.0517607 0 0.0578702 0.0258803 0.0818408 0.0366003 0.0517607 0.077641 0.0517607 0.109801 
0.0604122 0.0604122 0.0604122 0.0854358 0 0.038208 0.0764161 0.0764161 0.038208 0.111395 
0.133038 0.0997785 0.223112 0.0940721 0.047036 0.133038 0.0743705 0.047036 0.0997785 0.047036 
0.0324571 0.0649142 0.0725763 0.102638 0.162285 0.165499 0.0973713 0.0649142 0.0649142 0.0946279 
0.0931493 0.025835 0.025835 0.0816973 0.129175 0.0730723 0.0816973 0.0816973 0 0.10334 
0.0739839 0.0551444 0.0246613 0.0493226 0.0551444 0.0697527 0 0.0246613 0.0551444 0 
0.100759 0.0335862 0.047498 0.023749 0.071247 0.0531044 0.075101 0.047498 0.0531044 0 
0 0.0557451 0.0788355 0 0.0557451 0.102789 0.02493 0.0557451 0.02493 0.04986 
0.127164 0.148298 0.071935 0.0508657 0.071935 0.0568696 0.0804258 0.129683 0.0568696 0.0254329 
0.0264883 0.0749203 0.0592297 0.0264883 0.0749203 0.0374601 0.0264883 0.0374601 0.0264883 0.0264883 
0.0527046 0.0745356 0.0333333 0.117851 0.0745356 0.0527046 0.0707107 0.0849837 0.0333333 0.0707107 
0.0573304 0.0512778 0.0362589 0.0256389 0.0573304 0.0573304 0.0573304 0.0924424 0.0256389 0.0512778 
0.205327 0.0717035 0.0320668 0.0320668 0.0641335 0.0717035 0.0320668 0.0641335 0.132215 0.0962003 
0.111664 0.0749064 0.0249688 0 0.0249688 0.0998752 0.0249688 0.0749064 0.0353112 0.0353112 
0.0348949 0.0246744 0.0697899 0.0348949 0 0.0780274 0.0246744 0.0551737 0.0246744 0.104685 
0.0266005 0.0594806 0.0959096 0.0752377 0.0959096 0.0594806 0.0532011 0.0594806 0.0266005 0.0841183 
0.0609711 0.0545342 0.0862261 0.109068 0.112425 0.136335 0.0385615 0.0983129 0.115684 0.0609711 
0.131111 0.131111 0.131111 0.109091 0.109091 0.0514259 0.0514259 0.131111 0.221191 0.185419 
0.0754717 0.110018 0.162308 0.0266833 0.106733 0.113208 0.0266833 0.0754717 0.133416 0.0533666 
0.0491414 0.0621595 0.0879068 0.0310797 0.0621595 0.0906122 0.0219767 0.0491414 0.0694964 0.0439534 
0.0796661 0.0890694 0.0890694 0.0398331 0.0281662 0.0281662 0.0629816 0.0890694 0.0629816 0.0281662 
0.0586614 0.104937 0.0586614 0.0262342 0.0371007 0.0262342 0.0586614 0.0524683 0.0371007 0.0524683 
0.0257663 0.0257663 0.106237 0.0257663 0.0515325 0.0576151 0.0772988 0.131383 0.036439 0.0929016 
0.0554221 0.0619638 0.0391893 0.027711 0.0783787 0.0391893 0.0391893 0.138555 0.0831331 0.0391893 
0 0.0356207 0 0.0503753 0.0563213 0.0796503 0.0563213 0.0755629 0.0503753 0.0563213 
0.0246895 0.0349162 0.0349162 0.078075 0.123447 0.078075 0.0349162 0.0552073 0.0349162 0.049379 
0.0231295 0.0517191 0.0517191 0.046259 0.0517191 0.0833946 0.0231295 0.0327101 0 0.0327101 
0.0527853 0.0236063 0.0236063 0.105571 0.120369 0.0851138 0.070819 0.0851138 0.0527853 0.0236063 
0.0749064 0.111664 0.0706225 0 0.0249688 0 0.0249688 0.055832 0.0249688 0.0789583 
0.0497442 0.0248721 0.0786524 0.0896776 0.0556157 0.0351744 0.0556157 0.0497442 0.0248721 0.0556157 
0 0.0230189 0.0325537 0.0976611 0.0949095 0.115095 0.0325537 0.0690568 0.0460379 0 
0.0415004 0.0656179 0.131236 0.0293452 0.0927977 0.0293452 0.0293452 0.158029 0.0415004 0.105806 
0.0919676 0.0510144 0.0255072 0.0360727 0.0255072 0 0.0510144 0.0570359 0.105169 0.0360727 
0.0761111 0.0481369 0.102114 0.240685 0.0340379 0.0240685 0.0680759 0.0340379 0.0340379 0.0761111 
0.0519875 0.0519875 0.0464991 0.103975 0.0958603 0.0232495 0.0657596 0.0519875 0.0697486 0.0519875 
0.0261712 0.0370117 0.0523424 0.0943616 0.0827606 0.0585206 0.0370117 0.0370117 0.0261712 0.104685 
0.0821094 0.0936191 0.0259653 0.0259653 0.0367204 0.0580601 0.0580601 0.0936191 0 0 
0.109499 0.0258091 0.0774274 0.0930562 0.106414 0.057711 0.0258091 0.106414 0.0516183 0.0816157 
0.262613 0.0728357 0.185695 0 0.0515026 0.150155 0.0515026 0.150155 0.196116 0.115163 
0.0231558 0.0231558 0.115779 0.0463117 0.0732252 0.051778 0.0327473 0.051778 0.051778 0.0327473 
0.160046 0.0320092 0.181072 0.0905358 0.137677 0.151833 0.0816078 0.050611 0.208675 0.131977 
0 0.0744774 0.0949405 0.0372387 0.0744774 0.0372387 0.0372387 0.0588796 0.0263318 0.0526635 
0.0838274 0.0519875 0.0232495 0.0232495 0.0232495 0.0464991 0.0232495 0.0735215 0.0697486 0.0519875 
0.138353 0.0474546 0.0237273 0.0711818 0.0750322 0.0671109 0.0530558 0.0530558 0.0237273 0.0530558 
0.0277751 0.062107 0.0277751 0 0.0392799 0.0392799 0.0277751 0.062107 0.100145 0.0878326 
0.0777249 0.0549598 0.113302 0.0990802 0.0990802 0.0388624 0.0777249 0.167154 0.147984 0.0614469 
0.0790522 0.0693334 0.0219251 0.0693334 0.0790522 0.0903996 0.0903996 0.0219251 0.0790522 0.0657754 
0.107731 0.0868555 0.161597 0.0681351 0.0868555 0.0481788 0.0481788 0.0761774 0.0993231 0 
0.0942809 0.051131 0.0228665 0.0323381 0.051131 0.0228665 0.0228665 0 0.0323381 0 
0.127053 0.0527559 0.0527559 0.20158 0.0333658 0.143512 0.0527559 0.127053 0.0746082 0.117966 
0.0223147 0.111574 0.0892588 0.0705653 0.0631155 0.0804568 0.0498972 0.0669441 0.0315578 0.0223147 
0.0858361 0.135719 0.182086 0.0542875 0.0978682 0.0858361 0.626662 0.549619 0.135719 0.138407 
0 0.0565369 0.091163 0.0799552 0.091163 0.107271 0.0357571 0.0357571 0.101136 0.0799552 
0.0262953 0.0371872 0.0788859 0.0587981 0.0831531 0.0587981 0.0525906 0.0948091 0.0262953 0.0262953 
0.111782 0.0624878 0.115222 0 0.0883711 0.0624878 0.0279454 0.0279454 0.178938 0.124976 
0.0673006 0.0951774 0.106412 0.128137 0.138744 0.201902 0.0752444 0.121328 0.118972 0.0981066 
0.0531119 0.0839773 0.026556 0.109493 0.118762 0.026556 0.0375558 0.026556 0.0375558 0.154846 
0.0256074 0.0256074 0.0572598 0.0809776 0.0572598 0.0572598 0.0362143 0.11452 0.0256074 0.0923287 
0.0300285 0.0212334 0.0849335 0.0671459 0.0671459 0.0765581 0.0474793 0.0637002 0.0875475 0.0949586 
0.0340873 0.0340873 0.0681747 0.0482068 0.0241034 0.0241034 0.0340873 0.0538968 0.0762216 0.0538968 
0.0610562 0.0819155 0.0819155 0.0431733 0.117444 0 0.0193077 0.0772307 0.0273052 0.0193077 
0.0972074 0.034368 0.0543406 0.155608 0.0486037 0.068736 0.0486037 0.0543406 0.034368 0.123916 
0.0311513 0.0492545 0.0908208 0.0696564 0.0220273 0.098509 0.0696564 0.124605 0.0220273 0.0220273 
0.0624695 0.0279372 0.0883452 0.0279372 0.100729 0.162901 0.0279372 0.162901 0.0624695 0.0558744 
0.111824 0.0904214 0.118099 0.0657912 0.118099 0.0219304 0.0438608 0.0310143 0.0904214 0.0310143 
0.049379 0.0552073 0.123447 0.101797 0.078075 0.049379 0.0246895 0 0.0246895 0.123447 
0.174004 0.0518781 0.0366834 0.0778171 0.106949 0.025939 0.0518781 0.025939 0.0580015 0.025939 
0.0526134 0.0470588 0.0744065 0.0848365 0.0970142 0.117647 0.0665512 0.0744065 0.0744065 0.0470588 
0.0332182 0.0332182 0.0742781 0.148556 0.11977 0.0996546 0.0525226 0.0469776 0.0846901 0.0996546 
0.0273947 0.0273947 0.0387419 0.0387419 0 0.0612564 0.0387419 0 0.0547894 0.0612564 
0.0302718 0.0214054 0.0478639 0.135379 0.0605435 0.0478639 0.0771782 0.0642161 0.0856215 0.0642161 
0.0506337 0.0226441 0.0679323 0.0506337 0.0679323 0.0506337 0.0452882 0.0905764 0.0452882 0.0506337 
0.0465085 0.0697627 0.125228 0.131546 0.125228 0.093017 0.0232542 0.116271 0.0657729 0.116271 
0.113607 0.0963987 0.0642658 0.0454428 0.113607 0.0681642 0.0936828 0.0508066 0.0508066 0.0908856 
0.0439693 0.128192 0.1121 0 0.175877 0.139043 0.093273 0.186546 0.0983184 0.219847 
0.0747644 0.127319 0.0852445 0.0236426 0.118213 0.0472852 0.0334357 0 0.0334357 0.118213 
0.0749532 0.0529999 0.0335201 0.0474046 0.0237023 0.0237023 0.0711068 0.0335201 0.0335201 0 
0.155437 0.0961139 0.0596073 0.0266572 0.0533144 0.0596073 0.0266572 0.0266572 0.0596073 0.037699 
0 0.0237607 0.0672055 0.237607 0.0751381 0.0237607 0.0237607 0.0751381 0.0531306 0.0856706 
0.0564963 0.107194 0.0505318 0.0564963 0.0505318 0.0564963 0.0357314 0.0564963 0.0505318 0.0798978 
0.124214 0.0277751 0.0878326 0.0392799 0.0785598 0.186321 0.0833253 0.0555502 0.202206 0.149573 
0.075271 0.0476056 0.0952111 0.0532246 0.0858221 0.0532246 0.0336622 0.0714083 0.121371 0.0476056 
0.0378066 0.0845381 0.133666 0 0.136314 0.0378066 0.0597774 0.110224 0 0.0597774 
0.0366556 0.0819645 0.0518389 0.0518389 0.0579576 0.0777583 0.115915 0.0733112 0.0366556 0.0366556 
0.050611 0.050611 0.0640184 0.101222 0.0640184 0.050611 0.0640184 0.0320092 0.0226339 0.0960277 
0.057496 0.025713 0.0363636 0.0927094 0.025713 0.0771389 0.025713 0.0514259 0.025713 0.025713 
0.0489336 0.0244668 0.109419 0.0244668 0.122334 0.103804 0.0346012 0.0547094 0.0734003 0.0346012 
0.06866 0.0542805 0 0.0767643 0.100088 0.06866 0.03433 0.024275 0.03433 0.0767643 
0.148261 0.0731218 0.0689399 0.0545018 0.0878815 0.109004 0.0243739 0.03447 0.0731218 0.0487479 
0.0229506 0.0725763 0.0229506 0.0827497 0.0513192 0.0946279 0.0649142 0.0229506 0.0513192 0.0459013 
0.237501 0.159015 0.0623707 0.197233 0.0441027 0.132308 0.0311854 0.12858 0.0882055 0.167938 
0.150907 0.0517607 0.0258803 0.0578702 0.0258803 0.0517607 0.0258803 0.0366003 0.0933129 0.0517607 
0.0767655 0.051177 0.080918 0.114435 0.105504 0.0572176 0.0767655 0.080918 0.051177 0.0255885 
1.05331 0.492851 0.102488 0.186532 0.181175 0.162048 0.12811 0.12811 0.181175 0.236224 
0.0524106 0.0524106 0 0.0703163 0.0966405 0.0524106 0.0234388 0.117194 0.0234388 0.0234388 
0.031425 0.031425 0.031425 0.0444417 0.0496873 0.0628501 0.0222208 0.0801184 0.031425 0.0496873 
0.0348949 0.0348949 0.088965 0.0246744 0 0.0986978 0.0493489 0.0780274 0.0780274 0.0493489 
0.0246895 0.049379 0.0246895 0.0349162 0.0698324 0.0890192 0.049379 0.078075 0.0349162 0.0698324 
0.0573162 0.128163 0.03625 0.0724999 0.0256326 0.0768978 0 0.0724999 0.0256326 0 
0.211224 0.0620174 0.0877058 0.1 0.141421 0.0392232 0.027735 0.0620174 0.027735 0.0784465 
0.143372 0.0527046 0.179505 0.117851 0.143372 0.0471405 0.0707107 0.0471405 0.0971825 0.0745356 
0.0817545 0.0453493 0.0934899 0.0817545 0.0934899 0.050702 0.0934899 0.101404 0.0453493 0.050702 
0.0342871 0.072734 0.0542127 0.0542127 0.121223 0.0542127 0.0342871 0.0766683 0.0542127 0.0242447 
0.0395865 0.0395865 0.0395865 0.079173 0.0395865 0.0885181 0.0559838 0.0625918 0.0559838 0.0279919 
0.141666 0 0.105227 0.0588235 0.0948501 0.0526134 0.07892 0.0263067 0.0526134 0.0263067 
0.0530558 0.0474546 0.0237273 0.0530558 0.0335554 0.0530558 0.0474546 0.0335554 0.0335554 0.0750322 
0 0.0747631 0.0747631 0.0264327 0.0528655 0.0591054 0.0747631 0.0835877 0.0373815 0.0373815 
0.0592037 0.0837267 0.135005 0.0264767 0.132384 0.149775 0.0264767 0.0529534 0.0264767 0.132384 
0.113137 0.0252982 0.0565685 0.08 0.126491 0.0565685 0.0565685 0.0715542 0.0565685 0.0252982 
0.0249922 0.0249922 0.124961 0.0249922 0.0901106 0.134587 0.0499844 0.0749766 0.0901106 0.0499844 
0.0382325 0.0540689 0.0854904 0.0382325 0.0604508 0.0604508 0.0270344 0.0382325 0.0811033 0.0270344 
0.0617913 0.0655395 0.170627 0.0218465 0.087386 0.043693 0.0488503 0.0218465 0.139886 0.0900755 
0.0874288 0.0390994 0.0996842 0.0276474 0.0829423 0.0276474 0.0390994 0.0276474 0.0276474 0 
0.0709505 0.0634601 0.0709505 0.0634601 0.0709505 0.15865 0.100339 0.03173 0.100339 0.150509 
0 0.05772 0.0456317 0.08658 0.102036 0.0204071 0.0645329 0.14285 0.0456317 0.0204071 
0.148819 0.05197 0.0657374 0.0232417 0.0958279 0.0464834 0.0232417 0.135521 0 0.0464834 
0.925901 0.045727 0.0970016 0.0511243 0 0.129335 0.0511243 0.0824355 0.144601 0.123124 
0.466991 0.0965384 0.337194 0.0965384 0.273052 0.110071 0.0431733 0.0915844 0.125871 0.0965384 
0.0644357 0.0203764 0.101882 0.0611291 0.0611291 0.0288165 0.101882 0.101882 0.0576331 0.0611291 
0.107222 0.0199106 0.0398212 0.0199106 0.0281578 0.0398212 0.0199106 0.0445215 0.0398212 0.0199106 
0.0352208 0.0249048 0.0352208 0.0747145 0.0249048 0.0996194 0.0352208 0 0.0747145 0.078756 
0.0232166 0.0232166 0.0696498 0 0.0696498 0.0519139 0.0696498 0.0519139 0.0519139 0 
0.0281578 0.101525 0.0281578 0.0281578 0.0629629 0.0796424 0.0398212 0.101525 0.0890429 0.101525 
0.0740684 0 0.0698324 0.0246895 0.178038 0.0987579 0.0349162 0.0349162 0.132957 0.0890192 
0.0331474 0.0524106 0.0662948 0.0331474 0.104821 0.0331474 0 0.104821 0 0.0662948 
0.170218 0.0625734 0.163171 0.176984 0.100897 0.203724 0.0625734 0.150697 0.281232 0.163171 
0.0709015 0.044842 0.0317081 0.0317081 0.0501349 0.022421 0.0317081 0.022421 0.0317081 0.0317081 
0.0490379 0.0438608 0.0904214 0.06935 0.0490379 0.0877216 0.0490379 0.0790712 0.111824 0.0310143 
0.080918 0 0.0767655 0.0255885 0.127943 0.0572176 0.051177 0.102354 0.0361876 0.0361876 
0.0262794 0.0262794 0.0587626 0.131397 0.108353 0.0587626 0.0371647 0.0831028 0.0371647 0.0262794 
0.023749 0 0.0335862 0.0531044 0.172895 0.0531044 0.0335862 0.023749 0.023749 0.0335862 
0.0459497 0.0324913 0.0513733 0.0726529 0.123723 0.0947277 0.0513733 0.473081 0.0324913 0.082837 
0.285569 0.0638551 0.0903047 0.102963 0.142784 0.0638551 0.0285569 0.0638551 0.0638551 0 
0.0519454 0.0232307 0.0985595 0.0657063 0.0957826 0.0464614 0.0328532 0.0232307 0.0232307 0.0464614 
0.0696469 0.0550607 0.0550607 0.0778676 0.123119 0.0696469 0.0778676 0.550607 0.0778676 0.101527 
0.162768 0.0999875 0 0.0707018 0.0316188 0.0223579 0.0499938 0.0499938 0.0499938 0 
0.11206 0.0621595 0.0982828 0.0219767 0.0792381 0.0792381 0.0310797 0.0310797 0.0219767 0.0491414 
0.132886 0.0889717 0.132886 0.0780334 0.177943 0.125825 0.0246763 0.0780334 0.0889717 0.187929 
0.0655395 0.127386 0.0308956 0.0308956 0.0690847 0.0308956 0.0488503 0.111396 0.0488503 0.0488503 
0.0587981 0.0948091 0.117596 0.0262953 0.0371872 0 0.111562 0.0587981 0.0743744 0.0587981 
0.0907627 0.0320895 0.0507379 0.0935561 0.0717542 0.0320895 0.0226907 0.0507379 0.0453814 0.0453814 
0.0372129 0.0789405 0.052627 0.134173 0.242599 0.0744259 0.0263135 0.0588388 0.0372129 0.0832106 
0.0285452 0.0638291 0.0570905 0.040369 0.0638291 0 0.0285452 0.0570905 0.0285452 0.0285452 
0.103975 0.0328798 0.256799 0.0735215 0.389733 0.125203 0.0328798 0.0232495 0.0838274 0.0519875 
0.0227361 0.0321537 0.0227361 0.0227361 0.0909443 0.0227361 0.0909443 0.096461 0.0454722 0.0508394 
0.0916189 0.0702685 0.0628501 0.0222208 0.113305 0.031425 0.0222208 0.0801184 0.0702685 0.0496873 
0.0424931 0.0424931 0.0424931 0.0424931 0.0766056 0.0475088 0.0212466 0.0300472 0.0475088 0.0475088 
0.0238028 0.0714083 0.0336622 0.0532246 0.0238028 0.0673244 0.0532246 0 0.0532246 0.0714083 
0.0228069 0.0645077 0.0822316 0.0456139 0.0509978 0.0322539 0.0228069 0.0322539 0.0940354 0.0822316 
0.0557451 0.0747899 0.0352563 0.0557451 0.11149 0.11149 0 0 0.11149 0.102789 
0.0667409 0.0471929 0.0943858 0.0211053 0.0596948 0.0596948 0.0422106 0.105527 0.0471929 0.0471929 
0 0.0258955 0.0366218 0.0776866 0.0933677 0.10677 0.0579042 0.0579042 0.10677 0.0258955 
0.0506565 0.0226543 0.032038 0.0961139 0.163362 0.0453085 0.0453085 0.0453085 0.0226543 0.0453085 
0.0702674 0.0351337 0.0496866 0.0351337 0.0248433 0.0248433 0.0248433 0.0248433 0.0248433 0.0248433 
0.0551737 0.0551737 0.0551737 0.0246744 0.0740233 0.0348949 0.0246744 0.0246744 0.0780274 0.0780274 
0.367328 0.0936507 0.116159 0.151453 0.12987 0.107094 0.0734656 0.0936507 0.0821371 0.139874 
0.0866859 0.0240424 0.0866859 0.0240424 0.0480847 0.0866859 0 0.0240424 0.0240424 0.034001 
0.025835 0.0365362 0.0365362 0.025835 0.0577687 0.0577687 0 0.0577687 0.0577687 0 
0.0604287 0.0604287 0.076437 0.0854592 0.243221 0.282145 0.0604287 0.076437 0.205813 0.145532 
0.0818124 0.0320895 0.122193 0.0453814 0.0320895 0.068072 0.0226907 0 0.0717542 0.0641789 
0.075848 0.0239852 0.0719557 0.0719557 0.119926 0.08648 0.0479705 0.0339202 0.0239852 0.0339202 
0.0594964 0.0594964 0.143286 0.0594964 0.168281 0.0798228 0.0376288 0.10643 0.0752577 0 
0 0.0461358 0 0 0.0230679 0.0461358 0.0326229 0.0515813 0.0230679 0 
0.0606061 0.020202 0.10301 0.0606061 0.0638844 0.02857 0.02857 0.0638844 0.0638844 0.117797 
0.0207928 0.0415855 0.188286 0.0623783 0.046494 0.0207928 0.0657525 0.0657525 0.0588108 0 
0.0867235 0.0240528 0.140251 0.0340158 0.0721583 0.0537837 0.0340158 0.0991722 0.0481056 0 
0.0634601 0.0448731 0.0709505 0.03173 0.203171 0.0501696 0.0501696 0.0448731 0.0709505 0.0448731 
0.0237023 0.0529999 0.10056 0.0948091 0.0749532 0.0237023 0.0335201 0.0237023 0.0749532 0.0529999 
0.0796503 0.0503753 0.0563213 0 0.0908153 0.0503753 0.0503753 0.0712414 0.0251876 0.0251876 
0.094784 0.0650213 0.045977 0.117219 0.162553 0.0689655 0.0514039 0.123797 0.072696 0.0650213 
0.0305977 0.0649076 0.0305977 0.0216358 0.0216358 0.0432717 0.0432717 0.0216358 0.0216358 0.0216358 
0.0481613 0.0240807 0.129678 0.107692 0.0240807 0.0761497 0 0.0340552 0.0868241 0.0340552 
0.155974 0.0661742 0.0661742 0.12862 0.172279 0.220581 0.0697538 0.553214 0.0311948 0.141241 
0.0428894 0.0214447 0.0959037 0.07732 0.0959037 0.0479518 0.0214447 0.0643341 0.0214447 0.0479518 
0.0860504 0.0272115 0.115449 0.146538 0.0816345 0.136058 0.0272115 0.0272115 0.0769658 0.136058 
0.0792429 0.0354385 0.125294 0.10332 0.112066 0.10332 0.0354385 0.070877 0 0.0903508 
0.150113 0.07732 0.0479518 0.0479518 0.0643341 0.0884188 0.0909822 0.115483 0.0428894 0.0479518 
0.0328532 0.0734619 0.116154 0.0657063 0.116154 0.0957826 0.0734619 0.0464614 0.0837595 0.0232307 
0.0588796 0.0263318 0.0789953 0.0588796 0.0526635 0.0744774 0.0744774 0.0588796 0.108569 0 
0.0226907 0.0226907 0.0717542 0.0226907 0.068072 0.0507379 0.0320895 0.0226907 0.068072 0.0818124 
0.0618614 0.0489058 0.117781 0.0218713 0.0218713 0.0489058 0.0489058 0.0489058 0.0874853 0 
0.110013 0.0347892 0.122998 0.0695784 0.173946 0.125434 0.0245997 0.0550065 0.172198 0.0347892 
0.0256389 0.0573304 0.0573304 0.0573304 0.0256389 0.0924424 0.0810774 0.0362589 0.0362589 0 
0.0208232 0.0624695 0.0416463 0.0416463 0.0624695 0.0208232 0.0208232 0.0294484 0.0658486 0.046562 
0.0246838 0.0349082 0.0889988 0.0246838 0.101774 0.0551947 0.0889988 0.110389 0.0349082 0.0493677 
0.0232542 0.0465085 0.0232542 0.0519981 0.0519981 0.0232542 0.0328865 0.0328865 0.0465085 0.0657729 
0.069098 0.0515026 0.0325731 0.0977193 0.0728357 0.0515026 0.0230327 0.0515026 0.0230327 0.069098 
0.156258 0.0847427 0.113694 0.295994 0.136644 0.136644 0.053596 0.611088 0.160788 0.107192 
0.0395865 0.0559838 0.079173 0.0559838 0.163219 0.115413 0.079173 0.488857 0.142731 0.36497 
0.20203 0.146999 0.219133 0.0309901 0.153393 0.111736 0.111736 0.180702 0.232941 0.0876531 
0.0672055 0.0237607 0.142564 0.0336028 0.106261 0.0979681 0.0531306 0.0237607 0.0979681 0.0475215 
0.0322057 0.0509218 0.0683187 0.113865 0.128823 0.152765 0.0322057 0.0509218 0.0644115 0.0720142 
0 0.0341743 0.0341743 0.0996344 0.146989 0.0996344 0.0724947 0.0724947 0.0241649 0.123217 
0.0317141 0.0709148 0.0317141 0.14183 0.150433 0.0501444 0.130761 0.150433 0.0808554 0.130761 
0.105198 0.0525988 0.084813 0.0525988 0.126675 0.0997992 0.0235229 0.0525988 0.0525988 0.0332664 
0.0500469 0 0.0223817 0.0316525 0.0895267 0.0316525 0.0223817 0.0223817 0.0500469 0.0500469 
0.0508066 0.0227214 0.0321329 0.0508066 0.128532 0.0936828 0.0454428 0.0718514 0.0819232 0.0819232 
0.0713477 0.0531795 0.142695 0 0.0857493 0.128073 0.0237826 0.0857493 0.0531795 0.0857493 
0.0679775 0 0.0480673 0.120168 0.107482 0.072101 0.0961347 0.0537409 0.0339887 0.0480673 
0.0704664 0.0332182 0.0846901 0.0742781 0.0742781 0.117444 0.0234888 0.0525226 0.117444 0.0968468 
0.535598 0.0761694 0.0567733 0.0507796 0.129463 0.104685 0.0915442 0.0567733 0.104685 0.104685 
0.0713831 0.0237944 0.0336503 0.0673006 0.0532058 0 0.0336503 0.0475887 0 0 
0.0921606 0.0485729 0.0783214 0.0485729 0.0614404 0.0485729 0.0783214 0.0868898 0.0783214 0.108612 
0.0332549 0 0.0235148 0.0665098 0.119902 0.150568 0.0235148 0.0525806 0.0332549 0.143035 
0 0.0841406 0.0532152 0.0266076 0.178489 0.118993 0.0594964 0.0959351 0.0594964 0.0266076 
0.0998268 0.0744065 0.117647 0.188235 0.0665512 0.0941176 0.0332756 0.0744065 0.0470588 0.0970142 
0.367226 0.234477 0.387834 0.0644157 0.193247 0.245288 0.0910975 0.0455488 0.3316 0.0644157 
0.106707 0.0258803 0.109801 0.0578702 0.0366003 0.0818408 0.0366003 0.0258803 0.0818408 0.0258803 
0.113783 0.0498972 0.0705653 0.0892588 0.179907 0.135735 0.0997944 0.925724 0.0315578 0.0920059 
0.0234888 0.0234888 0.0525226 0.0469776 0.0968468 0.105045 0.0846901 0.0469776 0.0469776 0.0525226 
0.0234388 0.0234388 0.0845096 0.262053 0.0662948 0.0524106 0.0662948 0.0468775 0.0524106 0.0966405 
0 0.0734409 0 0.0580601 0.0367204 0.0580601 0.0580601 0.107058 0.0580601 0.0580601 
0.0697674 0.0520016 0.0520016 0.0328887 0.0930233 0.0657774 0.0735413 0.0232558 0.0328887 0.0232558 
0.676032 0.0490703 0.0310348 0.111898 0.118177 0.0877797 0.0620696 0.111898 0.0693959 0.0693959 
0.954292 0.902556 0.0237023 0.218524 0.0670402 0.0474046 0.0749532 0.0670402 0.0529999 0.151769 
0.0918361 0.043292 0.064938 0.0484019 0.0484019 0.021646 0.0892487 0.136901 0.0484019 0.0612241 
0.0665706 0.0867974 0.0210515 0.0759021 0.0595425 0.0421029 0.0665706 0.0665706 0.0210515 0.0210515 
0.101404 0.0717035 0.0934899 0.113373 0.0680239 0.0934899 0.0320668 0.0934899 0.0934899 0.128267 
0.0496781 0.0496781 0.0222167 0.0444335 0.0702555 0.0942576 0.0628384 0.0888669 0.0628384 0.0222167 
0.0202031 0.0404061 0.0606092 0.0808122 0.0451754 0.0451754 0.0638877 0.0202031 0.0202031 0.0404061 
0.0484274 0.0306282 0.0649722 0.156174 0.178592 0.194917 0.0780869 0.0433148 0.108287 0.0649722 
0.0578769 0.0289384 0.0647083 0.0578769 0.0843693 0.0289384 0.0409251 0.119316 0.0818503 0.0915114 
0.0694377 0.111965 0.0219581 0.0694377 0.0981998 0.0931605 0.0219581 0.0219581 0.0791712 0.0219581 
0.0439879 0.04918 0.0906834 0.04918 0.128246 0.0659819 0.0439879 0.0793004 0.069551 0.0311042 
0.087855 0.0476461 0.129611 0.0426159 0.0639239 0.0476461 0.0426159 0.0476461 0.0426159 0.0952921 
0.038097 0.038097 0.0269386 0.0602366 0.0602366 0.0269386 0.0538772 0.120473 0.038097 0.0269386 
0.0971458 0.0434449 0.145719 0.0217225 0.137385 0.0868898 0.0307202 0.0686924 0.0783214 0.0485729 
0.139091 0.0323381 0.196705 0.051131 0.139091 0.0942809 0.0685994 0.0646762 0.051131 0.0942809 
0.0626194 0.0713971 0.195027 0.0816457 0.106637 0.0280042 0.0816457 0.0885571 0 0.0442786 
0.024998 0.0558973 0.0558973 0 0.0707052 0.0790508 0.0353526 0.0353526 0.0558973 0.024998 
0.0407126 0.0455181 0.0733957 0.173924 0.0910361 0.0575763 0.0575763 0.0910361 0.0643723 0.146791 
0.031396 0.0702035 0.0702035 0.0496414 0.062792 0.0222003 0.0222003 0.0222003 0.0496414 0.0800443 
0.0496781 0.0444335 0.0496781 0.113284 0.0222167 0.0444335 0.0314192 0.0222167 0.0314192 0.0314192 
0.0595326 0.0595326 0.133119 0.107324 0.0758895 0.0665595 0.0595326 0.021048 0.086783 0.12803 
0.0502321 0.0561612 0.025116 0.0794239 0.0561612 0.0794239 0.0502321 0.103556 0.0561612 0.112322 
0.0769231 0.034401 0.0486504 0.0543928 0.0243252 0.0543928 0.0243252 0.0769231 0.0543928 0.0543928 
0.0928664 0.0519139 0.0328332 0.0464332 0.0232166 0.103828 0.0696498 0.0232166 0.0232166 0.0837087 
0.080566 0.040283 0.102702 0.0900755 0.0284844 0 0.040283 0.063693 0.040283 0.0284844 
0.138675 0.0877058 0.0392232 0.1 0.027735 0 0.141421 0.196116 0.0620174 0.05547 
0.0987915 0.0387492 0.0987915 0.0821995 0.0547997 0.0387492 0.0387492 0.0273998 0.0387492 0.0547997 
0.063293 0.063293 0.063293 0.161366 0.20015 0.130482 0.0707638 0.114103 0.0895099 0.0949396 
0.105658 0.0655262 0.0655262 0.0293042 0.0586084 0.0293042 0.0655262 0.0586084 0.0414424 0.0293042 
0.100088 0.0542805 0.072825 0.0542805 0.10299 0.0875247 0.024275 0.03433 0.100088 0.024275 
0.0304114 0.0961694 0.299518 0.0961694 0.221399 0.194728 0.0430083 0.10965 0.0961694 0.0912343 
0.0507265 0 0.0914484 0.0253632 0.0507265 0.0760897 0.035869 0.0567139 0.035869 0.0802056 
0.0265513 0.0265513 0.0839625 0.0839625 0.0593705 0.0531025 0.0265513 0.0265513 0.0265513 0.0593705 
0.115363 0.0271914 0.112113 0 0.0608018 0.0384544 0.0384544 0.0608018 0.108766 0.0271914 
0.0726912 0.0325085 0.189556 0.134036 0.197742 0.134036 0.0325085 0.045974 0.165762 0.065017 
0.0582371 0.0582371 0.104178 0.0368324 0.158422 0.0368324 0.0582371 0.0582371 0.132801 0.0260444 
0.082161 0.027387 0.136935 0.19749 0.159692 0.219096 0 0.038731 0.112919 0.193655 
0.0599922 0.0268293 0.0967345 0.156441 0.269631 0.119984 0.0268293 0.0268293 0.134147 0.080488 
0.0479988 0.0303571 0.163478 0.109454 0.0885054 0.137448 0.0479988 0.0959975 0.107329 0.0303571 
0.0481928 0.0722892 0.0240964 0.0240964 0.0722892 0.0240964 0.0538812 0.0340774 0.0722892 0.0240964 
0.0356094 0.0356094 0.207637 0.125898 0.135597 0.0563034 0.0563034 0.0563034 0.0503593 0.075539 
0.073799 0.0347892 0.0245997 0.101427 0.0550065 0.0550065 0.0245997 0.104368 0.0347892 0.073799 
0.0182994 0.0409187 0.0182994 0.106703 0.0517585 0.0731976 0.0659794 0.103517 0.0659794 0.093309 
0.0432085 0 0.152765 0.0432085 0.136637 0.0890767 0.0305531 0.0916592 0.0683187 0.0216043 
0.986495 0.587436 0.145057 0.0917422 0.174672 0.0917422 0.0648715 0.102571 0.259486 0.0725285 
0.0269386 0.0269386 0.0269386 0.038097 0.038097 0.0602366 0.0538772 0.038097 0.0269386 0.0602366 
0.0594386 0.0531635 0.135541 0.0594386 0.0751845 0.0840588 0.0265817 0.0594386 0.0958418 0.0375923 
1.25309 0.0655896 0.120941 0 0.131179 0.0586652 0 0.0586652 0.178423 0.0586652 
0.0338013 0 0.151164 0.0478023 0.0534446 0.0239012 0.0534446 0.119506 0.0239012 0.0755821 
0.902235 0.100103 0.0767756 0.153551 0.108577 0.0485571 0.0242786 0.0875376 0.100103 0.100103 
0.110347 0.0483906 0.0306049 0.11654 0.0780274 0.0684346 0.0684346 0.108205 0.0306049 0.0306049 
0.0952921 0.023823 0.0532699 0.121474 0.0858952 0.0476461 0.0336909 0.0858952 0.075335 0.023823 
0.025835 0.0577687 0.0365362 0.025835 0.0775049 0.0577687 0.0365362 0.0775049 0.025835 0 
0.0505964 0.0252982 0.113137 0.0252982 0.104307 0.0252982 0 0.0357771 0.0357771 0.0565685 
0.0355194 0.0355194 0.0561612 0.0502321 0.025116 0.0561612 0.0502321 0.0753481 0.0794239 0.0355194 
0.0512778 0.0256389 0.27614 0.0725178 0.162155 0.108777 0.0512778 0.0362589 0.114661 0.162155 
0 0.0505681 0.143028 0 0.14743 0.113074 0.0357571 0.0505681 0.15991 0.0505681 
0.0787687 0.0308956 0.111396 0.109233 0.176132 0.0977006 0.0218465 0.043693 0.117647 0.0926869 
0.0360229 0.0360229 0.0360229 0.0569572 0.0360229 0.0360229 0.050944 0.0918407 0.0569572 0.025472 
0.0255885 0 0.0255885 0.0572176 0.114435 0.0361876 0.051177 0.0255885 0.0723752 0.080918 
0.099008 0.0521818 0.0521818 0.149426 0.0841406 0.0233364 0.0233364 0.0330027 0.0660053 0.0233364 
0.147525 0.0612564 0.164368 0.147525 0.0387419 0.098773 0.116226 0.0273947 0.0821841 0.109579 
0.035015 0.0247594 0.0247594 0.078296 0.105045 0.0247594 0.035015 0.0742781 0.078296 0.0892712 
0.028169 0.028169 0.028169 0.140845 0.028169 0.028169 0.028169 0.028169 0.0629878 0.039837 
0.057596 0.106202 0.081453 0.103031 0.0928708 0.0515154 0.057596 0 0.081453 0.0772731 
0.0243884 0.0545342 0.103471 0.0975537 0.124357 0.0243884 0.0545342 0.0545342 0 0.0344904 
0.230327 0.103005 0.0728357 0.0651462 0.0230327 0.0515026 0.0651462 0.0728357 0.0230327 0.0460653 
0.0818598 0.0717958 0.0936103 0.0936103 0.0227038 0.0321081 0.0321081 0.0454077 0.115767 0.0717958 
0.033667 0.033667 0.171669 0.0952246 0.171669 0.101001 0.0238062 0.0532322 0.0532322 0.067334 
0.0214054 0.0214054 0.172576 0.0214054 0.0676897 0.0214054 0 0.0478639 0.0478639 0.0214054 
0.0478467 0.0239234 0.0534943 0.0756524 0.0986386 0.0756524 0.0717701 0.0338328 0.0239234 0.0478467 
0.0495499 0.0221594 0.119332 0.0443188 0.12921 0.0798968 0.0495499 0.0700741 0.0443188 0.0443188 
1.02351 0.0243072 0.087641 0.108705 0.207681 0.0543526 0.0486145 0.0486145 0.121536 0.0486145 
0.0277657 0.0439015 0.0785333 0.255233 0.177787 0.175606 0.131704 0.142933 0.119425 0.18101 
0.0227038 0.0717958 0.0227038 0.0227038 0.16054 0.0507673 0.0936103 0.0936103 0 0.0936103 
0.0296093 0.0296093 0.0628109 0.148047 0.104685 0.020937 0.0296093 0.020937 0.0662085 0.0628109 
0.0427642 0.0478119 0.0770943 0.124678 0.120956 0.0604778 0.0302389 0.0478119 0.0907167 0.0881607 
0.0800986 0.0915963 0.0993501 0.0800986 0.0800986 0.0496751 0.0915963 0.0666461 0.0496751 0.0222154 
0.0227038 0.0321081 0.0454077 0.0642161 0.0818598 0 0.0507673 0.0454077 0.0454077 0.0908153 
0.0623026 0.0660819 0.0660819 0.0623026 0.272462 0.0492545 0.0660819 0.0311513 0.0492545 0.0492545 
0.0741555 0.0663267 0.126282 0.119572 0.142641 0.0524359 0.0741555 0.0331633 0.02345 0.0703501 
0.0728431 0.0285714 0.0728431 0.0638877 0.0571429 0.0832993 0.0728431 0.0903508 0.0404061 0.0903508 
0.13281 0.1192 0 0.0494952 0.0494952 0.110675 0.110675 0.134642 0.0313035 0.0494952 
0.0480778 0.0240389 0.0991148 0 0.0339961 0.0240389 0.0339961 0.120194 0.0339961 0.0339961 
0.0205099 0 0.0458614 0.129716 0.129716 0.10458 0.0205099 0.0648579 0.0290053 0.0458614 
0.0934059 0.032038 0.032038 0.090617 0.0816811 0 0 0.0226543 0.032038 0 
0 0.0594019 0.0265653 0.109532 0.143059 0.0531306 0.135457 0.132827 0.0594019 0.079696 
0.0249688 0.055832 0.0249688 0.0249688 0.0249688 0.0998752 0.0249688 0.055832 0.0789583 0.0706225 
0.10394 0.05197 0.069725 0.0232417 0.0837991 0.0734966 0.0328687 0.05197 0.05197 0.05197 
0.0663399 0.0494468 0.0494468 0.0938187 0.0221133 0.0797306 0.128942 0.0988936 0.0911754 0.0797306 
0.0235229 0.119944 0.0743859 0.0705687 0.0743859 0.084813 0.297544 0.0470458 0.166332 0.117615 
0.0806125 0.0316188 0.0316188 0.0447158 0 0.0223579 0.0499938 0.0316188 0.0316188 0.0223579 
0.0657596 0.0657596 0.406701 0.535244 0.958603 0.930562 1.59797 1.04494 0.167655 0.90941 
0.0515026 0.0325731 0.0325731 0.0830455 0.115163 0.0515026 0.0325731 0.0651462 0.0651462 0.124035 
0.0238078 0.0238078 0 0.0238078 0.0336694 0.0336694 0.0532359 0.075287 0.0476157 0.0532359 
0.0706555 0.0353277 0.0900684 0.201399 0.0558581 0.102997 0.0789953 0.111716 0 0.105983 
0.038097 0.0761939 0.0808159 0.0602366 0.134693 0.0851874 0.0602366 0.111071 0.0851874 0.0602366 
0.10118 0.0533267 0.0983296 0.0754153 0.134907 0 0.0238484 0.0476968 0 0.0533267 
0.0537837 0.0240528 0.0240528 0.136063 0.129528 0.0760616 0.0340158 0.0340158 0.0991722 0.0537837 
0.0959409 0.0239852 0.0479705 0.0479705 0.075848 0.075848 0.0239852 0.08648 0.0536326 0.0479705 
0.023956 0.0338788 0.0479119 0.023956 0.0338788 0.0677577 0.0757554 0.0718679 0.0757554 0.023956 
0.122433 0.0536906 0.174804 0.169784 0.241309 0.0990005 0.0339569 0.0536906 0.0990005 0.0536906 
0.0316822 0.050094 0.050094 0.0224027 0.0316822 0.0672082 0.050094 0.050094 0.0708436 0.050094 
0.0723906 0.0323741 0.0511879 0.0971222 0.0943858 0.11446 0.0511879 0.0228919 0.0228919 0.0228919 
0.0819232 0.0642658 0.0227214 0.0718514 0.0908856 0.0819232 0.0508066 0.0508066 0.0227214 0.0718514 
0.08648 0.0239852 0.107265 0.122301 0.0719557 0.0339202 0.0239852 0.0339202 0.075848 0.0239852 
0.0580601 0.0259653 0.0367204 0.0367204 0.0936191 0.0580601 0.0519305 0.0580601 0.0367204 0.0259653 
0.199838 0.0837595 0.116154 0 0.0929228 0.155836 0.236908 0.813075 0.17692 0.0837595 
0.0667688 0.0472126 0.0667688 0.0746497 0.105571 0.0236063 0.0236063 0.0333844 0.0851138 0.0236063 
0.0712822 0.0237607 0.0531306 0.0336028 0.0531306 0 0.0672055 0.203012 0.0475215 0.0672055 
0.117444 0.0460653 0.140102 0.0325731 0.0515026 0.0230327 0.0325731 0.0515026 0.0230327 0.0230327 
0.0222222 0.0444444 0.0702728 0.0666667 0.0222222 0.0496904 0.0702728 0.0702728 0.0496904 0.0666667 
0.143447 0.0224027 0.126729 0.0224027 0.13627 0.0923688 0.0708436 0.0316822 0.0923688 0.0708436 
0.0519875 0.0735215 0.0519875 0.14887 0.141421 0.0232495 0 0 0.0464991 0.0958603 
0.07732 0.0678141 0.0643341 0.0214447 0.0606548 0.0428894 0.0428894 0.0678141 0.0303274 0.0678141 
0.0516699 0.0577687 0.0931493 0.109608 0.0365362 0.131733 0.0577687 0.0577687 0.0816973 0.0516699 
0.0614295 0.0307148 0.0434372 0.0485643 0.0307148 0.0307148 0.0434372 0.0485643 0.0921443 0.0614295 
0.0845503 0.0469001 0.09949 0 0.104872 0.132653 0.0524359 0.0469001 0.0938001 0.0966869 
0.0519454 0.0696921 0.0464614 0.0657063 0.0657063 0.0328532 0.0328532 0.0464614 0.0519454 0.0232307 
0.0357571 0.0357571 0.0505681 0.0715141 0.0565369 0.0357571 0.0357571 0.0505681 0.0357571 0.0565369 
0.0417893 0.0295495 0.0835786 0.0417893 0.308506 0.208946 0.059099 1.30554 0.0886484 0.0934437 
0.0246744 0.0551737 0.0780274 0.0780274 0.0246744 0.0348949 0.101735 0.0551737 0.0246744 0.0493489 
0.10881 0.0344087 0.0486612 0.0344087 0.141871 0.10881 0.0243306 0.0769401 0.0243306 0.0243306 
0.0548161 0.0883883 0.0245145 0.191464 0.245145 0.15697 0.0548161 0.0775217 0.101076 0.149116 
0.02886 0.02886 0.0408142 0.118993 0 0.0204071 0.0816284 0.959134 0.02886 0.02886 
0.0310535 0.0490999 0.0310535 0.0791712 0.062107 0.109791 0.0791712 0.0905357 0.0490999 0.0490999 
0.0647991 0.0323996 0.0229099 0.102456 0.206189 0.11455 0.102456 0.0916398 0.13746 0.082603 
0.0706886 0.0499844 0.0353443 0.0558842 0.0706886 0.106033 0.0901106 0.700227 0.0499844 0.0901106 
0.0514005 0.022987 0.0325085 0.045974 0.022987 0.0514005 0.0514005 0.022987 0.0514005 0.022987 
0.0207647 0.0415295 0.0928627 0.0464313 0.117463 0.0293658 0.0207647 0.0587315 0.0587315 0.0293658 
0.0809909 0.0256116 0.0809909 0.0724405 0.211198 0.230504 0.0572692 0.0362202 0.181101 0.181101 
0.0230327 0.0230327 0.0230327 0.103005 0.0921307 0.0325731 0.0325731 0.0230327 0.0325731 0.0515026 
0.0489058 0.0309307 0.0489058 0.0309307 0.0309307 0.0788582 0 0 0 0.0489058 
0.0448985 0.050198 0 0.0709908 0.050198 0.0448985 0.0224492 0.031748 0.0634961 0.0709908 
0.0276237 0.0276237 0.0276237 0.0805362 0.105188 0.0436769 0.0617684 0.0805362 0.0276237 0.0390658 
0.883025 0.0750322 0.127775 0.0237273 0.167777 0.167777 0 0.0237273 0.172737 0.0474546 
0.0681677 0.0482019 0.0777232 0.0862261 0.150896 0.0777232 0.0482019 0.0215565 0.0482019 0.0482019 
0.0688021 0.0486504 0.158394 0.108786 0.240315 0.0486504 0 0.0217571 0.0307692 0.0307692 
0.024345 0.0486901 0.024345 0.024345 0.024345 0.0544371 0.0486901 0.024345 0.0344291 0.0486901 
0.0621595 0 0.0694964 0.0694964 0.0439534 0.0792381 0.0439534 0.0219767 0.0694964 0.0659301 
0.0634745 0.0634745 0.100362 0.146129 0.0897665 0.0567733 0.0200724 0.165521 0.0448832 0.072372 
0.0718132 0.0915442 0.0567733 0.0802896 0.0761694 0.0359066 0.0359066 0.101559 0.0567733 0.0359066 
0.0556157 0.0248721 0.0703489 0.0351744 0.0556157 0.0497442 0.0497442 0.0786524 0.0248721 0.0351744 
0.0722806 0.0255551 0.0571429 0.0571429 0.0722806 0.0722806 0.0571429 0.0808122 0.0808122 0.0361403 
0.0225618 0.0451236 0.0813478 0.0319072 0.0713467 0.0225618 0 0.0713467 0.0225618 0.0451236 
0.0469815 0.0594274 0.0297137 0.0210108 0 0.0664419 0.0594274 0.0297137 0.0420215 0.0297137 
0.0497211 0.0667079 0.0444719 0.0497211 0.14238 0.0667079 0.0497211 0.11118 0.0497211 0.0444719 
0.056555 0.104282 0.0505843 0.126461 0 0.0505843 0.056555 0.056555 0.056555 0.128965 
0.0759906 0.0868986 0.021076 0 0.133296 0.042152 0.0759906 0.021076 0.0759906 0.029806 
0.104116 0.0548739 0.125132 0.0981614 0.0347053 0.0548739 0 0.0245403 0.0884814 0.0245403 
0.0867722 0.021693 0.0685994 0.0970143 0.156431 0.0970143 0.021693 0.0650791 0.0485071 0.0970143 
0.0931077 0.0451639 0.0677458 0.115146 0.151484 0.0903277 0.0504947 0 0.0504947 0.11291 
0.0568134 0.0635193 0.0284067 0.0284067 0.0803462 0.0635193 0.102422 0.0898298 0.102422 0.0401731 
0.0713263 0.0356632 0.100871 0.135801 0.0504353 0.0356632 0.0563884 0.075653 0 0.147043 
0.0451236 0.0225618 0.0713467 0.0638144 0.0713467 0.0504497 0.0225618 0.0813478 0.0451236 0.0319072 
0.0823596 0.0368324 0.0520888 0.214768 0.158422 0.130222 0.0582371 0.0520888 0.0781332 0.130222 
0.0339716 0.0866109 0.0960861 0.173222 0.122486 0.0480431 0.120108 0.221468 0.0339716 0.0759628 
0.0232558 0.0232558 0 0.0520016 0.0735413 0.0735413 0.0232558 0.0328887 0.0520016 0.0328887 
0.182017 0.0698005 0.0882914 0.0441457 0.0312157 0.0312157 0.11255 0.139601 0.15917 0.168102 
0.263174 0.145553 0.0570905 0.0638291 0.153721 0.0285452 0.117695 0.173634 0.171271 0.0902679 
0.027711 0.0619638 0.0999136 0.156757 0.117568 0.0619638 0.027711 0.0783787 0.193977 0.0619638 
0.0587626 0.0743294 0.0262794 0.0262794 0.0371647 0.0371647 0.0525588 0.0831028 0.0831028 0.0831028 
0.183777 0.0757313 0.0564467 0.0798278 0.0798278 0.0714001 0.104083 0.153552 0.0564467 0.0564467 
0.072101 0.0679775 0.0480673 0 0.0339887 0.0240337 0.0480673 0.0537409 0.0240337 0.0240337 
0.162115 0.0512652 0.0573162 0 0.0768978 0.0256326 0.0768978 0.149462 0.0924197 0.105686 
0.122757 0.0631579 0.0210526 0.0759063 0.0759063 0.0297729 0.0210526 0.0421053 0.0210526 0.105263 
0.167083 0.0459013 0.0513192 0.117026 0.0725763 0.189256 0.0725763 0.114753 0.0229506 0.0513192 
0.0230679 0.0326229 0.0461358 0.0326229 0.0326229 0.0230679 0.0326229 0.0230679 0.0515813 0.0652458 
0.115095 0.0727923 0.147393 0.0949095 0.0727923 0.0514719 0.0230189 0.0230189 0.0727923 0.0976611 
0.150737 0.0953342 0.131024 0.114577 0.112352 0.0710579 0.0953342 0.0635561 0.0810185 0.0926482 
0.028169 0.028169 0.171345 0.140845 0.028169 0.112676 0.039837 0.0629878 0.056338 0.119511 
0.0420983 0 0.029768 0.0841965 0.029768 0.0941346 0.029768 0 0.029768 0.0941346 
0.0943858 0.0943858 0.307298 0.107616 0.0298474 0.0895423 0.0596948 0.0667409 0 0.0596948 
0.0289825 0.0648068 0.0819748 0.104498 0.0409874 0.0579649 0.0409874 0.0289825 0.0819748 0.119498 
0.0268705 0.114002 0.15668 0.11079 0.120168 0.0600842 0.0600842 0.11079 0.0849719 0.0537409 
0.0553637 0.078296 0.039148 0.0276818 0.0553637 0.110727 0.0618984 0.039148 0.039148 0.0553637 
0.0621595 0.0439534 0.0219767 0 0.0659301 0.0439534 0.0621595 0.0491414 0.0219767 0.0491414 
0.068986 0.034493 0.770129 1.31549 1.82813 0.230097 0.034493 0.611704 0.19664 0.34493 
0.0876216 0.0243019 0.068736 0.0243019 0.130869 0.0543406 0.0243019 0.068736 0 0.0486037 
0.0765216 0.0570359 0.0721453 0.0806609 0 0.0570359 0.0255072 0.0360727 0.127536 0.0570359 
0.0470556 0.0526097 0.0332733 0.0705834 0.0744014 0.0848306 0.0470556 0.0705834 0.0235278 0.0526097 
0.0767095 0.0212754 0.0601759 0.0212754 0 0.0212754 0.0300879 0.0300879 0.0638262 0.0425508 
0.0356094 0.0907865 0.106828 0.70503 0.0907865 0.191763 0.0563034 0.764566 0.0907865 0.225214 
0.0499844 0.0249922 0.0901106 0.0249922 0.0749766 0.0249922 0.0249922 0.0353443 0.0353443 0 
0.0791664 0.0694336 0.128029 0.111958 0.397655 0.0694336 0.0658705 0.0439136 0.0981939 0.0905303 
0.0340675 0.0340675 0.327651 0.0761774 0.290075 0.161597 0.0240894 0.0240894 0.120447 0.0538655 
0.0688174 0.0243306 0.0688174 0.0544049 0.0729918 0.0688174 0.0544049 0.0486612 0.0544049 0.0243306 
0.0200351 0.0447998 0.0566678 0.0895997 0.102159 0.0283339 0.0801404 0.0850017 0.0447998 0.0601053 
0.0241737 0 0.0241737 0.0996708 0.0483474 0.0341868 0.076444 0.0483474 0.0996708 0.0871595 
0.0798821 0.0221553 0.0626647 0.125329 0.0495408 0.0495408 0 0.0798821 0.0443106 0.0626647 
0.0212574 0 0.106287 0.0212574 0.123951 0.0876463 0.0425147 0.0212574 0.0300624 0.0672217 
0.0449438 0.0502487 0.0502487 0.0317801 0 0.0449438 0.0317801 0.0710624 0.0317801 0.0449438 
0.0214608 0.0303501 0.088485 0.107304 0.088485 0.0214608 0.0214608 0.0303501 0.0303501 0.0479877 
0.0473215 0.0669228 0.0334614 0.0853101 0.0529071 0 0 0.0236608 0.0334614 0.0236608 
0.0458079 0.0323911 0.0512148 0.197027 0.123341 0.0323911 0.0458079 0.0229039 0.0458079 0.0323911 
0.0523819 0.117129 0.0740792 0.0662584 0.0662584 0.117129 0.0740792 0.132517 0.0844632 0.188866 
0.14772 0.0895682 0.0358273 0.0253337 0.0179136 0.0179136 0.0253337 0.091342 0.0537409 0.0566479 
0.0266572 0.0266572 0.037699 0.037699 0.106629 0.0596073 0.037699 0.0596073 0.0266572 0.0533144 
0.0356094 0.0563034 0.125898 0.0251797 0.103818 0.106828 0.106828 0.135597 0.0503593 0.0356094 
0.0387419 0.0866296 0.098773 0.0612564 0.0612564 0.098773 0.0866296 0.098773 0.0866296 0.0821841 
0.0355194 0.0561612 0.0753481 0 0.025116 0.0710389 0.0561612 0.0355194 0.12558 0.0502321 
0.0464991 0.0294086 0.0294086 0.0657596 0.062385 0.0657596 0.0657596 0.117634 0.0657596 0.0294086 
0.0663395 0.0296679 0.0938182 0.0756386 0.140727 0.0756386 0.0469091 0.0663395 0.0419568 0.0296679 
0.0367297 0.0259718 0.0519437 0.0367297 0.0259718 0.0519437 0.0519437 0.0519437 0.0367297 0.11615 
0.0459497 0.133965 0.0324913 0.0229749 0.0229749 0.0459497 0.117149 0.133965 0.0726529 0.0726529 
0.046942 0.0524828 0.104966 0.033193 0.033193 0.070413 0.093884 0 0.0742218 0.0967735 
0.0686439 0 0.15803 0.108535 0.175008 0.156532 0.0217071 0.132039 0.175008 0.0217071 
0.0881607 0.0427642 0.0478119 0.106911 0.0676162 0.0881607 0.0213821 0.143436 0.0478119 0.0478119 
0.0520888 0.0260444 0.0736647 0.0368324 0.0582371 0.0823596 0.0582371 0.0260444 0.0823596 0.0520888 
0.0709015 0.0317081 0.114325 0.022421 0.20054 0.192873 0.0672631 0.0317081 0.112105 0.044842 
0.150542 0.0238028 0.0336622 0.0238028 0.0532246 0.0981414 0.0858221 0.0858221 0.0981414 0.0336622 
0.0608468 0.0608468 0.054423 0.158669 0.0608468 0.0384829 0.0816345 0.163269 0.0981125 0.121694 
0.893827 0.0732252 0.0732252 0.0327473 0.124698 0.0926234 0.051778 0.0732252 0.124698 0.103556 
0.927438 1.00617 0.0500587 0.145945 0.0559673 0.0707937 0.201793 0.160266 0.127625 0.0559673 
0.0911816 0.0303939 0.0886126 0.130729 0.0961139 0.0774895 0.0303939 0.12895 0.0859669 0.0607877 
0.0552073 0.049379 0.0552073 0.123447 0.139665 0.0552073 0.0552073 0.0246895 0.0246895 0.0246895 
0.0307111 0.0307111 0.0971171 0.0307111 0.0434321 0.0868642 0.0686722 0.641267 0.0971171 0.0921334 
0.0332388 0.0470068 0.096907 0.0664777 0.0525552 0.0470068 0.0235034 0.0332388 0.0525552 0.0525552 
0.034401 0.0729756 0.130995 0.108786 0.100295 0.121626 0.0973009 0.0243252 0.103203 0.034401 
0.0638323 0.0807422 0.07278 0.08564 0.166454 0.214575 0.0403711 0.0451363 0.0403711 0.108703 
0.0531795 0.0475652 0.0752071 0.118913 0.144664 0.0336336 0.0475652 0.0531795 0.0713477 0.0336336 
0.0664419 0.0469815 0.199326 0.0297137 0.199326 0.148569 0.0866296 0.0469815 0.132884 0.0469815 
0.0702338 0.0496628 0.0222099 0.125638 0.0222099 0.0800789 0.0314095 0.0915737 0.0496628 0.0314095 
0.0571429 0.0361403 0.0571429 0.105366 0.10222 0.114286 0.0571429 0.0571429 0.0571429 0.0255551 
0.0328332 0.0232166 0.0656665 0.0928664 0.0837087 0.0519139 0.0232166 0.0957245 0.0519139 0.0656665 
0.0513496 0.0324764 0.0229642 0.0513496 0.094684 0.0229642 0.0324764 0.0324764 0.0324764 0.0229642 
0.0752055 0.0466405 0.0417165 0.0932809 0.0208582 0.088494 0.0932809 0.0932809 0.0659596 0.112325 
0.0485071 0.0685994 0.108465 0.122714 0.0613572 0.021693 0.0485071 0.0894427 0.0894427 0.0306786 
0.0675641 0.0675641 0.0238875 0.0984907 0.278574 0.173904 0.0861277 0.033782 0.0675641 0.106828 
0.0584356 0.0826404 0.116871 0.199024 0.130666 0.236646 0.0826404 0.133254 0.130666 0.236646 
0.0685994 0.0920358 0.021693 0.0306786 0.0782154 0.0485071 0.0485071 0.0782154 0.0867722 0.0306786 
0.0475517 0.0475517 0.108435 0.0212658 0.120297 0.0672483 0.106329 0.0766748 0.0637973 0.0212658 
0.097727 0.0529999 0.0474046 0.0854598 0.0670402 0.0749532 0.0474046 0.0529999 0.0474046 0.0749532 
0.0680759 0.0538187 0.0962738 0.0761111 0.0240685 0.0340379 0.0761111 0.0538187 0.0538187 0.0538187 
0 0.0498693 0.1577 0.0498693 0.0446044 0.0315401 0.0804118 0.0804118 0.0223022 0.0223022 
0.0806983 0.0223817 0.156672 0.0223817 0.136142 0.0447633 0.0223817 0.0223817 0.0500469 0.0633049 
0.0456139 0.0721219 0.0456139 0.0912277 0.0509978 0.0228069 0.0509978 0.0509978 0.0509978 0.0322539 
0 0.0229145 0 0.0826192 0.0512383 0.0648119 0.0324059 0.0458289 0.0512383 0.0229145 
0.0235229 0.0332664 0.0525988 0.0665328 0.0940916 0.0470458 0.0525988 0.0525988 0.0525988 0.0332664 
0.0304114 0 0.0775343 0.0608229 0.0215041 0.0430083 0.0215041 0.0215041 0.068002 0.0645124 
0.050611 0.0226339 0.0226339 0.0226339 0.0320092 0.0640184 0.0452679 0 0.0226339 0.0452679 
0.0887491 0.0696205 0.0887491 0.0887491 0.0887491 0.0550398 0.0348103 0.0696205 0.0492291 0.0778381 
0.0411128 0.065005 0.0411128 0.065005 0.0581422 0.0741171 0.0205564 0.0459655 0.0847561 0.0741171 
0.0929833 0.071315 0.0504273 0.0225518 0.0225518 0.0225518 0.063786 0.031893 0.0225518 0.0902071 
0.0446411 0.0598923 0.0892822 0.056467 0.0199641 0.0823141 0.056467 0.0823141 0.133923 0.145341 
0.0270048 0 0.0853968 0.0270048 0.0381906 0.0540097 0.0381906 0.0270048 0.120769 0.0270048 
0.0472852 0 0.149529 0.0236426 0.105733 0.0334357 0.0236426 0.0668713 0.118213 0.0852445 
0.076327 0.0241367 0.0870261 0.152654 0.123074 0.146818 0.0682689 0.120684 0.0341345 0.0995182 
0.0249048 0.0352208 0.0996194 0.0556889 0.0352208 0.0249048 0.0249048 0.0704415 0.0249048 0.0704415 
0.0236608 0.0334614 0.0669228 0.0709823 0.127417 0.127417 0 0.0236608 0.0473215 0.0236608 
0.73666 0.0310741 0.109864 0.0792238 0.310741 0.0932223 0.0491325 0.109864 0.0219727 0.0659181 
0.136973 0.0649722 0.145282 0.16915 0.441726 0.0484274 0.0484274 0.0649722 0.0484274 0.0306282 
1.11874 0.0289825 0.176293 0.23186 0.467328 0.19442 0.0819748 1.22174 0.104498 0.144912 
0.84331 0.0846901 0.0742781 0.0846901 0.11977 0.0968468 0.0968468 0.0968468 0.0664364 0.0525226 
0.127892 0.071247 0.121097 0.0531044 0.213741 0.118745 0.0531044 0.047498 0.0335862 0.0335862 
0.0328687 0.0328687 0.0232417 0.0232417 0.10394 0.0328687 0.0232417 0.0232417 0.069725 0.05197 
0.112429 0.0355531 0.125699 0.0754195 0.227651 0.103654 0.0562144 0.128189 0.183021 0.0754195 
0.0336694 0.0858404 0.128209 0.119039 0.0532359 0.0336694 0.0238078 0.0238078 0.075287 0.075287 
0.0519139 0.0328332 0.0328332 0.0519139 0 0.0328332 0.0232166 0.0328332 0.0519139 0.0328332 
0.0328332 0.0734174 0.0656665 0.141221 0.0957245 0.125025 0.0928664 0.0984997 0.116083 0.0837087 
0.0738969 0.0738969 0.052253 0.052253 0.0330477 0.0738969 0.052253 0 0.0701047 0.0701047 
0.0206142 0.0412284 0.130375 0.0651877 0.0460947 0.0460947 0.0651877 0.0618425 0.0412284 0.0206142 
0.0681115 0.0454077 0.122264 0.0507673 0.192648 0.115767 0.0227038 0.0717958 0.0507673 0.0454077 
0.0740515 0.0987353 0.0349082 0.0780571 0.0349082 0.0493677 0.0740515 0.0246838 0.0246838 0.0349082 
0.0371647 0.0525588 0.0788382 0.0525588 0.0831028 0.0262794 0.0371647 0.0831028 0.0587626 0.0371647 
0.073799 0.0347892 0.110013 0.125434 0.211614 0.132473 0.0245997 0.837835 0.0550065 0.122998 
0.0637002 0.0765581 0.0765581 0.171189 0.0765581 0.0949586 0.0849335 0.0637002 0.129158 0.0900856 
0.0725763 0.0649142 0.117026 0.0513192 0.0513192 0.0229506 0.0946279 0.350326 0.0229506 0.0229506 
0.0208288 0.0208288 0.0208288 0.0208288 0.0658665 0.106207 0.0750994 0.951765 0.0624864 0.0589128 
0.0203405 0.0454827 0.0733387 0.172595 0.040681 0.0203405 0.0203405 0.083866 0.0575316 0.0454827 
0 0.0246613 0.0551444 0.0551444 0.0551444 0.0551444 0.0779859 0.0739839 0.0246613 0.0246613 
0.08692 0.0409745 0.081949 0.08692 0.0289733 0.0409745 0.156026 0.210929 0.0647864 0.0289733 
0.022188 0.022188 0.08 0.022188 0.0701646 0.022188 0.066564 0.333559 0.022188 0.0313786 
0.058717 0.052518 0.108269 0.0371359 0.026259 0.0787771 0.0787771 0.058717 0.058717 0.0371359 
0.0943616 0.0943616 0.0261712 0.0370117 0.0827606 0.0585206 0.0827606 0.0585206 0.0785136 0.0785136 
0.952182 0.0555513 0.0496866 0.140535 0.140535 0.111103 0.111103 1.06682 0.102431 0.175669 
0.0820716 0.0321911 0.0719816 0.0321911 0.0508987 0.0227626 0.0227626 0.0321911 0.0719816 0.0719816 
0.0974451 0.0308148 0.0308148 0.108947 0.0871576 0.0871576 0.0487226 0.157126 0.0785628 0.108947 
0.0537409 0.0806114 0.0380006 0.0600842 0.0268705 0.0600842 0.0806114 0.0268705 0.0268705 0.0268705 
0.054522 0.0771058 0.054522 0.073149 0.024383 0.0344828 0.024383 0.0689655 0.024383 0.054522 
0.0685994 0.051131 0.0723101 0.0646762 0.0723101 0.045733 0.0323381 0.0646762 0.051131 0.0914659 
0.0438266 0.0692959 0.0309901 0.0219133 0.0219133 0.111736 0.0219133 0 0.0309901 0.0489996 
0.025 0.025 0.0707107 0.025 0.0901388 0.0353553 0.025 0.0707107 0.0353553 0.0901388 
0.0538812 0.0240964 0.0538812 0.0761995 0.0993519 0.0761995 0.0481928 0.0538812 0.0868808 0.0538812 
0.034075 0.0868744 0.0761939 0.144568 0.154281 0.0722839 0.0868744 0.0481893 0.0481893 0.0868744 
0.0735413 0.0328887 0.135604 0.0986661 0 0.0697674 0.0328887 0.0958862 0.0735413 0.0986661 
0.024998 0.0353526 0.0707052 0.10307 0.0790508 0.0790508 0.0353526 0.0558973 0.0790508 0.0499961 
0.0534141 0.075539 0.0716625 0.0238875 0.075539 0.047775 0.0238875 0.0238875 0.0238875 0.075539 
1.12702 0.0392497 0 0.0877649 0.186177 0.141517 0.0277537 0.0784993 0.0555074 0.114431 
0.0521783 0.0330004 0 0.0660008 0.0990013 0.0700045 0.0233348 0.0466696 0.0233348 0 
0.0358029 0.0759494 0.0716057 0.0506329 0.169828 0.162104 0.0566093 0.0716057 0.162104 0.0759494 
0.121191 0.0237675 0.0713024 0.0713024 0.0531456 0.0475349 0.0856948 0.134449 0.242381 0.168061 
0.177532 0.023311 0.19917 0.0521251 0.073716 0.0521251 0.0932441 0.0699331 0.149263 0.0521251 
0.0818124 0.0320895 0.1157 0.0226907 0.0962684 0.0507379 0.0507379 0 0.0226907 0.0453814 
0.115104 0.0624238 0.106304 0.0394803 0.0882806 0.0711741 0.0441403 0.0441403 0.139584 0.0558336 
0.023471 0.033193 0.046942 0.0524828 0.066386 0.023471 0.033193 0.0967735 0.046942 0.0524828 
0.0673006 0 0.0857918 0.0475887 0.0237944 0.0752444 0.0237944 0.0237944 0.0673006 0.0752444 
0.0551737 0.0348949 0.0551737 0.0246744 0.0551737 0.0246744 0.0348949 0 0.0348949 0.0348949 
0.0525117 0.0525117 0.136934 0.0742628 0.142847 0.0742628 0.11742 0.700594 0 0.099634 
0.022934 0.0512821 0.217571 0.0945594 0.406392 0.0648672 0.0324336 0.022934 0.0648672 0.0512821 
0.100145 0 0.11452 0.0555502 0.11452 0.0878326 0.1111 0.100145 0.0277751 0.0277751 
0 0.0752923 0.047619 0.0673435 0.0238095 0.0532397 0.0673435 0.047619 0.0238095 0.047619 
0.280656 0.0645759 0.0913241 0.0304414 0.0645759 0.0430506 0.068069 0.0608827 0.0430506 0.0304414 
0.0661742 0.0697538 0.0493234 0.0441162 0.11029 0.0661742 0.0697538 0 0.0623897 0.0697538 
0.0246744 0.0348949 0.0348949 0.0348949 0.0551737 0.0348949 0.0348949 0.0348949 0 0.0551737 
0.0515026 0.0515026 0.0651462 0.0515026 0.0515026 0.0325731 0.0515026 0.0515026 0.0515026 0.0230327 
0.0467365 0.0330477 0.0330477 0.052253 0.0233683 0 0.0660954 0.0233683 0.052253 0.0330477 
0 0.0536326 0.0678405 0.075848 0.0678405 0.0339202 0.0239852 0.0719557 0.0536326 0.0536326 
0.150805 0.0754026 0.0627387 0.0591506 0.159268 0.132265 0.121942 0.0209129 0.104565 0.0209129 
0.0480847 0.0304114 0.0480847 0 0.0645124 0.0215041 0.0304114 0.0645124 0.107521 0.0645124 
0.0228665 0.051131 0.0970142 0.0323381 0.0323381 0.0942809 0.0323381 0.051131 0.0323381 0.051131 
0.0230327 0.0325731 0.0460653 0.0460653 0.234888 0.0515026 0.0515026 0.0949661 0.0830455 0.0325731 
0.0452187 0.0319744 0.121755 0.0932207 0.0319744 0.0226093 0.0639489 0.067828 0.050556 0.0932207 
0.0564963 0.0252659 0.0505318 0.0252659 0.0357314 0.0910975 0 0.0714628 0.0798978 0.0505318 
0 0 0.0874153 0.0342871 0.0542127 0.0766683 0.0542127 0.0242447 0.0766683 0.0969786 
0.0687298 0.0458199 0.0512282 0.0323996 0.0944601 0.0229099 0.082603 0.0512282 0.0323996 0.0724476 
0.0702685 0.0496873 0.0496873 0.119663 0.135164 0.0222208 0.0496873 0.0942751 0.0628501 0.0702685 
0.0900755 0.102702 0.0900755 0.0569687 0.145242 0.113937 0.040283 0.0569687 0.0284844 0.063693 
0.03447 0.0243739 0.0487479 0.0243739 0.0878815 0.0545018 0.0770772 0.0689399 0.0545018 0.0243739 
0.046259 0.046259 0.092518 0.046259 0.0327101 0 0.0833946 0.0731419 0.0327101 0.0517191 
0.0243613 0.0730838 0.0544735 0.0487226 0.034452 0.0770371 0.0544735 0.034452 0.108947 0.0487226 
0.107907 0.0261712 0.140936 0.0261712 0.0740233 0.0943616 0.0370117 0.0943616 0.0827606 0.0523424 
0.0499844 0.0353443 0.0790322 0.0353443 0.0353443 0.0749766 0.0249922 0.0353443 0.0558842 0.0558842 
0.0460653 0.0830455 0.103005 0.0230327 0.069098 0.0325731 0.103005 0.0230327 0 0 
0.0999633 0.0342871 0.0999633 0.0342871 0.0766683 0 0.0542127 0.0342871 0.0342871 0.0342871 
0.0249048 0.0352208 0.145219 0.124524 0 0.0556889 0.0498097 0.0556889 0.0249048 0.0498097 
0.10538 0.063228 0.119224 0 0.107467 0.0471274 0.0596119 0.980657 0 0.029806 
0.0310741 0.0439454 0.0310741 0.0219727 0.0491325 0.0219727 0.0310741 0.0621482 0.0310741 0.0491325 
0.0673961 0.101094 0.0753511 0.0982458 0.0859134 0.0476562 0.0532813 0.134792 0.0476562 0.0753511 
0.0776662 0.0549183 0.0776662 0.0614006 0 0 0.0388331 0.0274592 0.0868335 0.0388331 
0.0266454 0.0376822 0.0376822 0.0595808 0.08426 0.0799361 0.0595808 0.0376822 0.106581 0.0266454 
0.109089 0.0862422 0.109089 0.0545443 0.0983312 0.0272722 0.109089 0.233013 0.0818165 0.0609824 
0.0850145 0.0566763 0.0896131 0.301239 0.102175 0.152606 0.0283382 0.611737 0.179226 0.206305 
0.0520139 0.0520139 0.104028 0.0260069 0.0260069 0 0.0520139 0.0520139 0.0581533 0.0260069 
0.0465085 0.0328865 0.116271 0.0328865 0.0232542 0.0465085 0.0519981 0.0232542 0.0232542 0.0232542 
0.0761774 0.0963576 0.0722682 0.0761774 0.0761774 0 0 0.0722682 0.0340675 0.0722682 
0 0.0222003 0.0702035 0.0702035 0.0496414 0.0915342 0.031396 0.031396 0.0702035 0.0800443 
0 0.0335201 0.0529999 0.0749532 0.097727 0.0335201 0.0529999 0.0237023 0.0529999 0.0237023 
0.0298857 0.0472535 0.0871311 0.0597714 0.133653 0.0761939 0.0422648 0.0845296 0.0211324 0.0298857 
0.0356632 0.0356632 0.0356632 0.0797452 0.128585 0.0504353 0 0.0252177 0.106989 0.0909235 
0.0376588 0.0266288 0.0595439 0.0532576 0.0376588 0.0266288 0 0.0532576 0.0266288 0.0532576 
0.0619638 0.08763 0.0391893 0.0619638 0.0619638 0.027711 0.0619638 0.0391893 0.0391893 0.0783787 
0.0252177 0.0252177 0.0563884 0.0563884 0.0356632 0.0563884 0 0.0356632 0.0504353 0.0563884 
0.0252438 0.0504875 0.0504875 0.0252438 0.112893 0.0714001 0.0357001 0.0504875 0.0564467 0.0252438 
0.0367204 0.0259653 0.0821094 0.0778958 0.0580601 0.107058 0.0580601 0.0259653 0.0259653 0.0367204 
0 0.0478639 0.0676897 0.0302718 0.109146 0.0882566 0.0214054 0.0642161 0.0882566 0.0605435 
0.0388624 0.0274799 0.0614469 0.14012 0.14012 0.086899 0.086899 0.14012 0.0614469 0.0614469 
0.0563884 0.0504353 0.0356632 0.0713263 0.112777 0.0504353 0.0504353 0.0797452 0.0563884 0.0356632 
1.07979 0.258169 0.477764 0.120866 0.154074 0.108947 0.124586 0.128198 0.311097 0.162721 
0.0494438 0.0494438 0.031271 0.0988876 0.0221119 0.0797257 0.031271 0.981929 0.112749 0.0663358 
0.263332 0.0344291 0.0344291 0.024345 0.0730351 0.0769857 0.0730351 0.0544371 0.0344291 0.100377 
0.0328332 0 0.0328332 0.0464332 0 0.0656665 0.0328332 0.0656665 0.0232166 0.0519139 
0.0296924 0.0629871 0 0.179387 0.122425 0.0865675 0.0419914 0.107058 0.0469478 0.14697 
0.0556243 0.0351799 0.0497519 0.0248759 0.0351799 0.0556243 0.0248759 0.0351799 0.0896914 0.0248759 
0.114431 0.0277537 0.0277537 0.141517 0.168819 0.0832611 0 0.0620592 0.0555074 0.0877649 
0.0823441 0.0722205 0.0685144 0.0456763 0.096894 0.0510676 0.0510676 0.032298 0.0510676 0.0823441 
0.0457839 0.0323741 0.0723906 0 0.102376 0.0511879 0.0228919 0.0511879 0.0323741 0.0228919 
0.0421881 0.0188671 0.120808 0.101602 0.192407 0.0266821 0.0266821 0.113203 0.0421881 0.0680262 
0.0245422 0.0736266 0.109756 0.402522 0.286209 0.245422 0.122711 0.109756 0.104124 0.157147 
0.0763812 0.0270048 0.172915 0.3521 0.190953 0 0.0810145 0.152762 0.135024 0.135024 
0.0626839 0.0626839 0.031342 0.161343 0.132973 0.0700827 0.049556 0.119347 0.0221621 0.0913767 
0.0833946 0.0693885 0.0517191 0.0693885 0.0327101 0.213243 0.0231295 0.0654201 0.092518 0.0654201 
0.0281439 0.0281439 0.0281439 0 0.0281439 0.0398015 0.0629317 0.0844317 0.0629317 0.0629317 
0.0209749 0.104875 0.029663 0.127585 0.059326 0.029663 0.0838997 0.134305 0.0756261 0.029663 
0.0340774 0.0681549 0.0993519 0.161643 0.0761995 0.0340774 0.0538812 0.0722892 0.0538812 0.102232 
0.0715542 0.147513 0.0565685 0.0252982 0.126491 0.0565685 0.0565685 0.0252982 0.0565685 0.0357771 
0.12099 0.127535 0.0901807 0.0831425 0.102822 0.142588 0.146804 0.162576 0.072706 0.0637674 
0 0.0420983 0.0420983 0.0753077 0.283031 0.0595359 0.0376538 0.0376538 0.0595359 0.0188269 
0.0645061 0.0456127 0.0407972 0.0735482 0.122392 0.0735482 0.057696 0.057696 0.0645061 0.0645061 
0.0791999 0.0439322 0.0694629 0.0491177 0.0982353 0.0791999 0.0658983 0.0694629 0.0621295 0.0491177 
0.0747145 0.0498097 0.15149 0.0747145 0.0996194 0.145219 0.0556889 0.0249048 0.0556889 0.0556889 
0.0451639 0.0504947 0.0931077 0.0638714 0.0225819 0.0504947 0.0504947 0.0451639 0.0451639 0.0225819 
0.0232307 0.0734619 0.0464614 0.0985595 0.0696921 0.0519454 0.0232307 0.0464614 0.0328532 0.0464614 
0.0792381 0.0219767 0.0439534 0.0621595 0.11206 0.155399 0.0491414 0.0982828 0.0932392 0.0659301 
0.0689655 0.123797 0.0229885 0 0.0514039 0.0689655 0.0325107 0.0514039 0 0.0514039 
0.351739 0.0923711 0.277113 0.146052 0.210639 0.148944 0.0584206 0.0826192 0.0584206 0.0826192 
0.0542127 0.0484893 0.0766683 0.0342871 0.0342871 0.0766683 0.0242447 0.072734 0.0342871 0.0542127 
0.0843199 0.0843199 0.075418 0.159986 0.278383 0.037709 0.0843199 0.075418 0.0266643 0.037709 
0.0594386 0.0751845 0.0958418 0.109599 0.106327 0.109599 0.0840588 0.0797452 0.0958418 0.0594386 
0.0512652 0.0512652 0.0256326 0.03625 0.0724999 0.03625 0.03625 0.0573162 0.0573162 0 
0.0533333 0.0266667 0.0843274 0.0596285 0.0266667 0.0533333 0.0266667 0.0377124 0.0266667 0.0843274 
0.0247234 0.0247234 0.0552832 0.104893 0.104893 0.0494468 0.0552832 0.101937 0 0.104893 
0.0240894 0.0538655 0.0538655 0.152355 0.0868555 0.140464 0.0722682 0.0681351 0.120447 0.107731 
0.0240964 0.0538812 0.0340774 0.0481928 0.0963855 0.0240964 0.0340774 0.0761995 0.0240964 0.102232 
0.153818 0.0271914 0.0384544 0 0.135957 0.0271914 0.0769089 0.0859867 0.108766 0.0769089 
0.0251101 0.0177555 0.14315 0 0.14315 0.0710221 0.0532666 0.0561479 0.0905357 0.0640184 
0.117647 0.119977 0.137199 0.0744065 0 0.0235294 0.0526134 0.150662 0.0235294 0.0470588 
0.338102 0.065202 0.0485987 0.086936 0.145796 0.065202 0.021734 0.021734 0.0485987 0.0485987 
0.14645 0.051778 0.329106 0.0926234 0.250469 0.0463117 0 0.051778 0.118072 0.0327473 
0.0340675 0.0340675 0.0722682 0.0538655 0.0240894 0.0240894 0.0481788 0.0340675 0.0481788 0.0538655 
0.0900755 0.0558624 0.0558624 0.070661 0 0.0558624 0 0.0249824 0.0790014 0.0900755 
0.126491 0.0596285 0.0266667 0.0596285 0.101544 0.0377124 0.0266667 0.114698 0.0942809 0.0188562 
0.0481893 0.0240946 0.389261 0.120473 0.034075 0.0240946 0.0538772 0 0.034075 0.0681499 
0.0566048 0.0566048 0.0358 0.104374 0.0566048 0.0506289 0.0253144 0.136322 0.0800512 0.0358 
0.0235229 0.0470458 0.119944 0.232865 0.157796 0.137161 0.0235229 0.0332664 0.0743859 0.117615 
0.0547955 0.0883552 0.0547955 0.0346557 0.0774926 0.103967 0.0346557 0.0547955 0.101038 0.0490106 
0.0896116 0.078363 0.0971974 0.086936 0.0896116 0.0896116 0.0485987 0.078363 0.0485987 0.061473 
0.14072 0.125863 0.0629317 0.164106 0.199007 0.125863 0.0629317 0.125863 0.0398015 0.11604 
0.045974 0.0325085 0.045974 0.154201 0.0325085 0.0828808 0.022987 0.0325085 0.0514005 0.0828808 
0.0440546 0.0311513 0.189486 0.0794205 0.471404 0.110136 0.0623026 0.0660819 0.098509 0.0908208 
0.0276712 0.0276712 0.0875041 0.0276712 0.0553425 0.0618747 0.0830137 0.114091 0.0875041 0.138356 
0.155757 0.100295 0.108786 0.0973009 0.0486504 0.034401 0.0769231 0.172005 0.103203 0.0543928 
0 0.027387 0.0866053 0.233994 0.082161 0.054774 0.0612392 0.0987452 0.109548 0.082161 
0.103749 0.186236 0.08817 0.0489079 0.0546807 0.0978159 0.197154 0.278818 0.195632 0.0773302 
0.272671 0.0731653 0.121942 0.154246 0.0545342 0.077123 0.0545342 0.0731653 0.100556 0.124357 
0.0603847 0.0810145 0.0381906 0.0540097 0.0763812 0.0381906 0.0853968 0.0853968 0.108019 0.114572 
0.117041 0.0307365 0.061473 0.0485987 0.0485987 0.0687289 0.0687289 0.043468 0.10867 0 
0.0246914 0 0.143974 0.0246914 0.101805 0.0987654 0.0246914 0.0246914 0.089026 0.0740741 
0.101535 0.0629691 0.116109 0.0844819 0.101535 0.0844819 0.0890517 0.159301 0.199126 0.0398252 
0.095474 0.0732252 0.103556 0.051778 0.135021 0.0231558 0.051778 0.135021 0.051778 0.0231558 
0.0528655 0.0591054 0.108985 0 0.0591054 0.0591054 0.108985 0.0835877 0.0835877 0.0528655 
0.0221349 0.0699968 0.0664048 0.332024 0.399043 0.154945 0.0221349 0.0313035 0.0313035 0.0664048 
0.0657383 0.0587981 0.0415765 0.0293991 0.131477 0.0657383 0.0657383 0.0657383 0.0293991 0.0293991 
0.0243019 0.0876216 0.243019 0.389588 0.82662 0.0543406 0.0486037 0.0486037 0.068736 0.0486037 
0.0465085 0.0519981 0.0519981 0.0657729 0.0328865 0.210576 0.093017 0.0697627 0.0986594 0.093017 
0.0779533 0 0.0275607 0.11693 0.198743 0.0871545 0.0871545 0.0616275 0.160705 0.148419 
0.0444417 0.0444417 0.0702685 0.160237 0.0993747 0.0801184 0.0496873 0.0666625 0.119663 0.140537 
0.0732252 0.0327473 0.0834896 0.0654946 0.0327473 0.0231558 0.0327473 0.051778 0.051778 0.0327473 
0.13181 0.0365575 0.12925 0.073115 0.13181 0.0517001 0.0578025 0.0365575 0.0817451 0.0578025 
0.21546 0.0909235 0.0356632 0.0797452 0.0909235 0.0713263 0.0797452 0.0797452 0.0252177 0.100871 
0.0869514 0.0687411 0.0972146 0.0783769 0.108689 0.15371 0.0434757 0.030742 0.110842 0.108689 
0.050556 0.050556 0.050556 0.0226093 0.101112 0.0319744 0.0226093 0.050556 0.0815191 0.0226093 
0.0223817 0.0500469 0.111908 0.174806 0.0223817 0.0707771 0.0447633 0.0500469 0 0.0447633 
0.143703 0.136328 0.154773 0.260257 0.23787 0.212175 0.0454428 0.0454428 0.0454428 0.109441 
0.520689 0.0641464 0.0770943 0.0676162 0.0881607 0.106911 0 0.172388 0.151194 0.0956238 
0.0981414 0.0532246 0.0981414 0.0532246 0.0532246 0.0238028 0.0981414 0.0714083 0.0673244 0.106449 
0.058616 0.058616 0.108083 0.108083 0.074144 0.104855 0.058616 0.058616 0.117232 0.0262139 
0.0451639 0.0451639 0.0451639 0.0403958 0 0.0605937 0.100989 0.0807916 0.0201979 0.0403958 
0.954637 0.0417733 0.0886146 0.112478 0.326928 0.159068 0.0886146 0.140112 0.147691 0.0590764 
0.723503 0.0222222 0.0666667 0.0222222 0.113312 0.0496904 0.0888889 0.11967 0.0666667 0.031427 
0.0959037 0.0479518 0.0959037 0.115483 0.19419 0.0643341 0.0428894 0.0884188 0.0479518 0.0479518 
0.0595439 0.0376588 0.0753177 0.0595439 0.109793 0.0595439 0.0266288 0.0266288 0.0532576 0.0266288 
0 0.0503593 0.0251797 0.125898 0.0563034 0.0356094 0.103818 0.128392 0.0712188 0.0907865 
0.0557451 0.0705126 0.0705126 0.12465 0.0997199 0.105769 0.0705126 0.102789 0.0747899 0.0898863 
0.0493677 0 0.0246838 0.0780571 0.0349082 0.0780571 0.0246838 0 0.0493677 0.0349082 
0.0516183 0.0516183 0.20808 0.0816157 0.154855 0.163231 0.0930562 0.154855 0.0816157 0.115422 
0 0.0344087 0.100318 0.0243306 0.0877253 0.0544049 0.0688174 0.0877253 0.0544049 0.0243306 
0.0480181 0.0480181 0.0480181 0.0429487 0.0480181 0.091108 0.0679079 0.0480181 0.0480181 0.0480181 
0.0219767 0.0491414 0.0659301 0.0906122 0.0310797 0.0491414 0.0439534 0.0219767 0.0792381 0.0906122 
0.0731381 0.0545139 0.0344776 0 0.0344776 0.0243794 0.0344776 0.0243794 0.0243794 0.0243794 
0.097474 0.0513733 0.0726529 0.0513733 0.165674 0.114874 0.0324913 0.0726529 0.117149 0.0324913 
0.0350258 0.0495339 0.0350258 0.0553806 0.0350258 0.0743009 0.0495339 0.0495339 0.0553806 0.024767 
0.0814328 0.0364178 0.156639 0.0575817 0.162866 0.0928477 0.0575817 0.0364178 0 0.0515026 
0 0.0531795 0.0752071 0.0752071 0.185748 0.121268 0.0237826 0.0475652 0.0237826 0.118913 
0.022188 0.0496139 0.0627572 0.0992278 0.113137 0.11094 0.0313786 0.0627572 0.044376 0.0627572 
0.467178 0.0820748 0.529367 0.0580357 0.132342 0.0935797 0.0259543 0.036705 0.139768 0.139768 
0.171949 0 0.0768978 0.03625 0.138036 0.0768978 0.03625 0.0512652 0.155917 0.0810574 
0.0239852 0.0239852 0.0678405 0.167897 0.0959409 0.08648 0.0959409 0.0479705 0.08648 0.08648 
0.0473215 0.0236608 0.120647 0.0236608 0.118304 0.0334614 0.0748219 0.118304 0.105814 0.0473215 
0.0808724 0.0438592 0.124053 0.0196144 0.0438592 0.055478 0.055478 0.0707209 0.027739 0.0438592 
0.0703598 0.0746278 0.159284 0.0786646 0.205132 0.1811 0.0351799 0.159284 0.151314 0.102566 
0.166987 0.0980581 0.0980581 0.111803 0.127852 0.124035 0.0310087 0.0310087 0.124035 0.0693375 
0.0237123 0.0530222 0.0530222 0.0854958 0.138265 0.0854958 0.0237123 0.0854958 0.0237123 0.0977682 
0.0506597 0.0816863 0.0816863 0.0506597 0.0226557 0.0506597 0.0506597 0.0506597 0.0716436 0.0226557 
0.0195581 0.0195581 0.0391162 0.138297 0.105324 0.0806401 0.0705177 0.0195581 0.0391162 0.0391162 
0.068002 0.0215041 0.0775343 0.0886638 0.0215041 0.0304114 0.0304114 0 0.0215041 0.0304114 
0.0790322 0 0.0749766 0.176721 0.0249922 0.0353443 0.0249922 0.0790322 0.0558842 0.0706886 
0.0806125 0.0223579 0.0499938 0.0948565 0.0447158 0.0499938 0.0223579 0.0223579 0.0921839 0.0223579 
1.00859 0.0722682 0.102203 0.129725 0.0993231 0.0538655 0.0240894 0.0340675 0.0681351 0.0538655 
0.0262342 0.0262342 1.02044 0.316989 0.551542 0.368214 0.0262342 0.0829597 0.0524683 0.117323 
0.038208 0 0.038208 0.181237 0.135086 0.0540343 0.038208 0.0540343 0.038208 0.111395 
0.0667409 0.0633159 0.215233 0.141579 0.368588 0.105527 0.0870194 0.149237 0.133482 0.0844213 
0.0206087 0.0206087 0.0743057 0.0460825 0.0291451 0.0582902 0.0849719 0.169944 0.0460825 0.0460825 
0.673063 0.781779 0.257663 0.365727 0.190063 0.26879 0.0624924 0.281216 0.31402 0.294776 
0.0520888 0.0260444 0.0582371 0.0736647 0.0781332 0.0260444 0.0260444 0 0.0260444 0 
0.0629317 0.0629317 0.0562878 0.0844317 0.0889988 0.0398015 0.0562878 0.0629317 0.079603 0.079603 
0.0638811 0.0451708 0 0.020201 0.0728357 0.040402 0.040402 0.0903416 0.0451708 0.020201 
0.192728 0.0708481 0 0.0708481 0.0500972 0.0500972 0.0807792 0.0923746 0.0224041 0.0224041 
0.0738717 0.0246239 0.0887827 0.0778676 0.125558 0.110121 0.0246239 0.0696469 0 0.123119 
0.066698 0.0184987 0.0554961 0.0762721 0.149141 0.0413644 0.0369974 0.107865 0.0762721 0.0943253 
0.0742781 0.0234888 0.0742781 0.0332182 0.0332182 0.0234888 0.0234888 0.0742781 0.0525226 0.0234888 
0.11946 0.0409745 0.0458109 0.0614617 0.081949 0.08692 0.0289733 0.081949 0.0647864 0.0647864 
0.0501381 0.0709059 0.0224224 0.143574 0.100276 0.0709059 0.0448449 0.09245 0.0709059 0.0448449 
0.0912505 0.0565912 0.143166 0.0506167 0.197664 0.104349 0.0565912 0.0565912 0.113182 0 
0.023471 0.0967735 0.0742218 0.0967735 0.0524828 0.0524828 0.033193 0.0524828 0.033193 0.119679 
0.996324 0.109209 0.171341 0.0957826 0.0428353 0.0605783 0.0428353 0.0677285 0.249771 0.0302891 
0.0506597 0.122005 0.0716436 0.0816863 0.0716436 0.0816863 0.0716436 0.0934119 0.0506597 0.0506597 
0.050094 0.050094 0.050094 0.0224027 0.0224027 0.050094 0.0224027 0.0448054 0.0633645 0.0448054 
0.0864227 0.0910975 0.0288076 0.0644157 0.0910975 0.0644157 0.04074 0 0.0288076 0.128831 
0.0226965 0.0226965 0.0717727 0.177265 0.0680896 0.045393 0.0935801 0.11573 0.045393 0.0320977 
0.0513623 0.0363186 0.149746 0.0363186 0.172274 0 0.0256812 0 0.0513623 0.0513623 
0.0251537 0.0754612 0.0251537 0.0355728 0.0503075 0.0754612 0.0251537 0.0503075 0.0355728 0.0355728 
0.06935 0.0219304 0.0657912 0.0490379 0.0620285 0.0490379 0.0620285 0.0490379 0.0490379 0 
0.0492478 0.0550607 0.0696469 0.0348234 0.125558 0.0492478 0.0696469 0 0.0246239 0.0348234 
0.0556243 0.12438 0.0703598 0.0786646 0.0703598 0.126843 0 0.0556243 0.14505 0.159284 
0.0239234 0.0239234 0.0478467 0.0534943 0.086257 0.0338328 0 0.0956935 0.0986386 0.0956935 
0.0340774 0.0340774 0.0240964 0.0340774 0.0681549 0.0240964 0.0340774 0.0722892 0.0240964 0.0538812 
0.0578194 0 0.0578194 0.0646441 0.0289097 0.0408845 0.0914205 0.0408845 0.147411 0.0646441 
0.0227258 0.0454516 0.101633 0.0321391 0.0454516 0.0454516 0.0227258 0.0681774 0.0454516 0.0321391 
0.0571662 0.0361551 0 0.051131 0.127827 0.051131 0.0723101 0.0361551 0.0361551 0.0766965 
0.0732252 0.051778 0.0231558 0.051778 0.0732252 0.0463117 0.103556 0.0732252 0.0732252 0.0327473 
0.433078 0.765581 0.134292 0.300285 0.300285 0.1274 0.153116 0.0424668 0.532107 0.300285 
0.0310516 0.0694336 0.0490969 0.0694336 0.0219568 0.0490969 0.0658705 0.0310516 0.0439136 0.0981939 
0.0710221 0.0710221 0.0529367 0.0334801 0.0669603 0.0473481 0.0669603 0.0334801 0.0473481 0.023674 
0.064596 0 0.096894 0.0228381 0.0823441 0.0510676 0.0456763 0.0510676 0.0510676 0.032298 
0 0 0.0459497 0.082837 0.0649827 0.082837 0.0459497 0.0459497 0.0229749 0.0513733 
1.36475 0.0883711 0.0395208 0.100759 0.0624878 0.150491 0.0883711 0.0558908 0.150491 0.100759 
0.132437 0.0698005 0.15917 0.0662186 0.0312157 0.0493564 0.0936472 0.0312157 0.11255 0.0624315 
0.111104 0.0628501 0.0496873 0.113305 0.0496873 0.0496873 0.0496873 0.0628501 0.0444417 0 
1.23241 0.0966869 0.0524359 0.0663267 0.0938001 0.0524359 0.0703501 0.0741555 0.09949 0.02345 
0 0.0246838 0.0246838 0.0493677 0.0780571 0.0246838 0.0349082 0.0551947 0.0493677 0 
0.116682 0.0368981 0.0782727 0.0521818 0.0521818 0.116682 0.0260909 0.0737962 0.116682 0.058341 
0.102488 0.0810241 0.155853 0.12811 0.232018 0.0512442 0.114585 0.102488 0.105643 0.0572927 
0.155478 0.0596232 0.0961395 0.10994 0.213314 0.133321 0.0596232 0.0533286 0.119246 0.113127 
0.420589 0.691621 0.775295 0.21243 1.1079 0.323563 0.285004 0.0950014 0.342533 0.570009 
0.0456127 0.0203986 0.0203986 0.0456127 0.0611958 0.028848 0 0.0203986 0.0407972 0.028848 
0.0366556 0.0518389 0.0518389 0.0819645 0.0777583 0 0 0 0.0518389 0.0259194 
0 0.0359066 0.0507796 0.0567733 0.104685 0 0.0567733 0.0567733 0.0567733 0.0359066 
0.0252659 0.104174 0.0252659 0.0798978 0.0505318 0 0.0564963 0.0564963 0.0910975 0.0505318 
0.0348764 0.0348764 0.0348764 0.0246613 0.165433 0.0551444 0.0246613 0.132805 0.0779859 0 
0.151082 0.0302164 0.120866 0.0427325 0.0302164 0.120866 0.0427325 0.0604329 0.108947 0.0604329 
0.0438529 0.0219264 0.127852 0.0693375 0.049029 0.109632 0.0438529 0.0980581 0.202152 0.138675 
0.0552832 0.0247234 0.0552832 0.276416 0.0988936 0.139857 0.0349642 0.0494468 0.0988936 0.150387 
0.0953402 0.0224719 0.193311 0.0635602 0.213187 0.0926541 0.0449438 0.0224719 0.11236 0.0502487 
0.128058 0.0768347 0.0809909 0.0256116 0.0512232 0.0809909 0.0572692 0.0923438 0.128058 0.0256116 
0.0563213 0.0563213 0.0503753 0.0755629 0.0503753 0.0908153 0.0796503 0.0908153 0.0563213 0.0356207 
0.0985595 0.103891 0.0734619 0.0328532 0.0519454 0.0837595 0.0232307 0.0519454 0.0696921 0.0519454 
0.0240964 0.0538812 0.0761995 0.0761995 0.0340774 0.0481928 0.0868808 0 0 0.0538812 
0.0768221 0.0923287 0.108643 0.0923287 0.108643 0.0768221 0.0809776 0.0572598 0.0724286 0.149315 
0.138417 0.0363501 0.092675 0.0406407 0.0749377 0.0406407 0.0655311 0.0908753 0.0574746 0.0655311 
0.0359066 0.0567733 0.0915442 0.0507796 0.104685 0.0253898 0.0507796 0.0253898 0.0567733 0.0253898 
0.0339569 0.0480223 0.0536906 0.0480223 0.0679138 0.0480223 0.0240111 0.0480223 0.0865734 0.0339569 
0.051131 0.0255655 0.0808452 0.0571662 0.0571662 0.0255655 0.051131 0.0361551 0.105409 0.0255655 
0 0.0249688 0.055832 0.0499376 0.0749064 0.127316 0.055832 0.0249688 0.102949 0.055832 
0.123129 0.101535 0.0246258 0.123129 0.139304 0.0348261 0.0985031 0.443947 0.0492515 0.0492515 
0.0879121 0.043956 0.0310816 0.0982887 0.0695006 0.0621632 0.043956 0.0879121 0.021978 0.0491444 
0.108777 0.0924424 0.0362589 0 0.0769168 0.0573304 0.0362589 0.0512778 0.0810774 0.128195 
0.113074 0.0565369 0.0357571 0.0505681 0.091163 0.0565369 0.0565369 0.0715141 0.0357571 0.14743 
0 0.0891415 0.0552832 0.0781823 0 0.0741702 0.0699284 0.0494468 0.0891415 0.0552832 
0.138081 0.025641 0.0573351 0.0573351 0.145048 0.0573351 0.0512821 0.0362619 0.0573351 0.09245 
0.0357571 0.0799552 0.0252841 0.091163 0.0252841 0.0565369 0.0357571 0.091163 0.0505681 0.0565369 
0.166766 0.0781332 0.107384 0.0520888 0.0520888 0.0582371 0.0582371 0 0.0368324 0.0939044 
0.15915 0.0837504 0.454452 0.120075 0.120075 0.0711741 0.0441403 0.0441403 0.126399 0.0197402 
0.264581 0.0481056 0.0537837 0.170079 0.170079 0.129528 0.0481056 0.335016 0.0481056 0.228185 
0.0519875 0.0328798 0.0697486 0.0519875 0.0232495 0.0232495 0.0958603 0.103975 0.0519875 0.0519875 
0.0465444 0.0208153 0.0588745 0.0930887 0.0658237 0.0294372 0.0658237 0.0858236 0.0208153 0.112094 
0.0732743 0 0.0837924 0.0454428 0.0574811 0.0574811 0.0287406 0.0837924 0.0908856 0 
0.0216574 0.0216574 0.0612564 0.0484274 0.126283 0.0484274 0.0433148 0.0306282 0 0.0433148 
0.0509978 0.0456139 0.116293 0.0940354 0.0940354 0.166037 0.0721219 0.101996 0.0509978 0.0509978 
0.0752817 0.0476123 0.144807 0.0476123 0.138813 0.0858343 0.0952246 0.0532322 0.0752817 0.0532322 
0.0586614 0.0787025 0.108166 0.0586614 0.131171 0.0371007 0.0262342 0.0586614 0.0787025 0.0829597 
0.025116 0.0355194 0.128067 0.341615 0.33035 0.0710389 0.0561612 0.238272 0 0.103556 
0.0237826 0.0237826 0.0475652 0.0237826 0.128073 0.0336336 0.0336336 0.0475652 0.0752071 0.0475652 
0.076444 0.0871595 0.0871595 0.0540541 0.108108 0.076444 0.0341868 0.0341868 0.0540541 0.0341868 
0.0564333 0.0713831 0.0798087 0.282166 0.104058 0.0798087 0.0504754 0.0504754 0.0757132 0.14716 
0 0.0321226 0.0321226 0.0507902 0.0718282 0.0818968 0.0454282 0.0227141 0.0818968 0.0642451 
0.03625 0.0724999 0.0924197 0.0512652 0.138036 0.0810574 0.0810574 0.0256326 0.0512652 0.105686 
0.0701298 0.0701298 0.151913 0.0550143 0.110029 0.0434927 0.038901 0.0701298 0.0972525 0.038901 
0 0.0689245 0.0649827 0.0324913 0 0.0513733 0.0513733 0.0324913 0.0324913 0.0229749 
0.0668601 0.0598015 0.0945545 0.123284 0.227717 0.0668601 0.0945545 0.123284 0.0634291 0.119603 
0.0510601 0.057087 0.0510601 0.0807332 0.036105 0.0765902 0.0510601 0.0510601 0.036105 0.057087 
0.204539 0.0646809 0.0431206 0.0482103 0.0777367 0.0482103 0.0431206 0.155473 0.0777367 0.0609817 
0.160976 0.0379424 0 0.0599922 0.0967345 0.0379424 0.0967345 0.189712 0.0268293 0 
0.111716 0.0558581 0.124902 0.102997 0.0558581 0.0706555 0.0249805 0.0249805 0.14566 0.0353277 
0.065428 0.157571 0.0877809 0.157571 0.0877809 0.0925292 0.157571 0.146301 0.0877809 0.0925292 
0.0252177 0 0.075653 0.126088 0.142653 0.0563884 0.0563884 0.103975 0.0356632 0.112777 
0.0648355 0.0216118 0.0683426 0.0966511 0.193302 0.0864473 0.110199 0.13146 0.110199 0.0916912 
0.0545139 0.0545139 0.121897 0.512547 0.218056 0.254528 0.0243794 1.02335 0.185668 0.455444 
0.0663267 0 0.0938001 0.0741555 0.0966869 0.0524359 0.0331633 0.02345 0.0741555 0.0741555 
1.2299 0.0350258 0.0495339 0.0553806 0.0700516 0.0990679 0.024767 1.34062 0.0495339 0.0350258 
0.086783 0.0665595 0.0297663 0.0665595 0.0595326 0.0665595 0.0595326 0.086783 0.0470647 0.0470647 
0.118199 0.0327825 0.0463614 0.465927 0.295042 0.207335 0.13113 0.196695 0.13113 0.167158 
0.0266076 0.0266076 0.0841406 0.0532152 0.0594964 0.0959351 0.0532152 0.0266076 0.0752577 0.0752577 
0.632318 0.0340675 0.0538655 0.0761774 0.140464 0.0538655 0.0868555 0.0240894 0.0722682 0.0538655 
0.0266572 0.0533144 0.0596073 0.037699 0.133286 0.188495 0.0596073 0.037699 0.0842974 0.0596073 
0.349494 0.0592638 0.0279372 0.0712262 0.0279372 0 0.0441726 0.0441726 0.0814503 0.0441726 
0.0515916 0.083189 0.0729616 0.115362 0 0.0652588 0.0692175 0.0729616 0.046145 0.0515916 
0.0789405 0.0263135 0.108493 0.131568 0.176516 0.153433 0.0588388 1.14244 0.108493 0.186065 
0.0493489 0.0551737 0.110347 0.150089 0.110347 0.101735 0 0.0348949 0.0493489 0.0780274 
0.110865 0.0701172 0 0.066519 0.0495803 0.119405 0.0495803 0.0495803 0.088692 0.0495803 
0.0328798 0.0519875 0.0519875 0.0986394 0 0.0657596 0.0838274 0.0232495 0.0958603 0.0657596 
0.0463428 0.0983078 0.0695141 0.16869 0.118151 0.0518128 0.0732743 0.0518128 0.0327693 0.0695141 
0.0746263 0.0589973 0.158306 0.186566 0.0834348 0.0373132 0.0373132 0.108786 0.0589973 0.0589973 
0.0729756 0.0243252 0.263117 0.0729756 0.271964 0.224267 0.0486504 0.0243252 0.155757 0.0769231 
0.0510676 0.0228381 0.0510676 0.032298 0.195129 0.0510676 0.032298 0.0228381 0.0722205 0.0456763 
0 0.0758391 0.021034 0.0297466 0.0940669 0.0470334 0.0665153 0.0470334 0.0297466 0.0297466 
0 0.0232558 0.0958862 0.0657774 0.0465116 0.0232558 0.0328887 0.0520016 0.0465116 0.0520016 
0.0448985 0.031748 0.0634961 0.0224492 0.0673477 0.0224492 0 0.0673477 0.0448985 0.031748 
0.0232166 0.0519139 0.103828 0.0837087 0.0837087 0.116083 0.0464332 0.0328332 0.116083 0.0519139 
0.0210235 0.0470101 0.0664823 0.0664823 0.0630706 0.0866822 0.0664823 0 0.0470101 0.0470101 
0.0336718 0.0238095 0.0238095 0 0.0673435 0.0858465 0 0.047619 0.0858465 0.0532397 
0.101488 0.0348103 0.0984583 0.0550398 0.0246146 0.0696205 0.0778381 0.0550398 0.0492291 0.0246146 
0.155207 0.0776034 0.0694106 0.0245403 0.0548739 0.0347053 0.0245403 0.073621 0.0347053 0.0548739 
0.122702 0.109748 0.0347053 0.0245403 0.0548739 0 0.0347053 0.073621 0.0981614 0.0884814 
0 0.0256074 0.0809776 0.108643 0.0572598 0.0724286 0.0572598 0.0768221 0.10243 0.0923287 
0.0680239 0.0320668 0.0641335 0.0717035 0.0717035 0.101404 0.0717035 0.0320668 0.0717035 0.0717035 
0.087651 0.0277177 0.0706665 0.123957 0.0391987 0.0619786 0.0195994 0.0619786 0.0619786 0.105546 
0.075 0.0353553 0.0353553 0.0559017 0.0901388 0.0559017 0.05 0.05 0.025 0.05 
0 0.0254329 0.0508657 0.113739 0.113739 0 0.0568696 0.0804258 0.0568696 0.0254329 
0.0998268 0.0235294 0.0470588 0.0941176 0.0848365 0.0526134 0.0705882 0.0705882 0.0235294 0.0526134 
0.0249688 0.0706225 0.055832 0.0749064 0.124844 0.0749064 0.055832 0.0706225 0.0900263 0.0789583 
0.0543928 0.034401 0.108786 0.0243252 0.0769231 0 0.034401 0.0243252 0.0243252 0.0486504 
0.0506289 0.0716 0.0800512 0.0253144 0.104374 0.104374 0.0506289 0.0253144 0.0566048 0.0358 
0.0604778 0.0427642 0.0676162 0.0907167 0.115146 0.0478119 0.0302389 0.0478119 0.0302389 0.0770943 
0.0423595 0.0423595 0.189437 0.0299527 0.084719 0.0763646 0 0.0669762 0.0599053 0.0473593 
0.0944853 0.0222704 0.135466 0.0918232 0.0497981 0.0890816 0 0.129858 0.14085 0.0497981 
0.0264616 0.0529233 0.0418395 0.134928 0.0418395 0.0264616 0.0935561 0.0561336 0.0836791 0.109104 
0.0484274 0.0484274 0.0484274 0.0433148 0.0684867 0.0306282 0.0216574 0 0.0433148 0.0216574 
0 0.0459013 0.0827497 0.0459013 0.0324571 0.0229506 0.0513192 0.0324571 0.0513192 0.0725763 
0.0496628 0.0444198 0.0702338 0.0915737 0.062819 0.201119 0.0314095 0.0702338 0.0666297 0.062819 
0 0.0243613 0.0243613 0.0487226 0.217894 0.131189 0 0.0544735 0.0974451 0.19489 
0.0529766 0.0592297 0.0837634 0.0592297 0.0837634 0.0374601 0.0264883 0.095505 0.079465 0.0264883 
0.0635706 0.117218 0.0899024 0.0899024 0.102505 0.113719 0.0635706 0.117218 0.0635706 0.0284296 
0.0924197 0.03625 0 0.0573162 0.0573162 0.0924197 0.105686 0.0724999 0.0512652 0.03625 
0.0529766 0.0749203 0.0592297 0.142644 0.0374601 0.0592297 0.0374601 0.0837634 0.0837634 0.0264883 
0.051131 0.0361551 0.0255655 0.0571662 0.0808452 0.051131 0 0.0766965 0.0571662 0.0255655 
0.0824716 0.0368824 0.0260798 0.15207 0.0368824 0.0583162 0.0737648 0.0260798 0.0368824 0.0583162 
0.0353305 0.0790014 0.0249824 0.0249824 0.0558624 0.0249824 0.0353305 0.0353305 0.0499649 0.0249824 
0.0434188 0.0194175 0.202724 0.311286 0.213592 0.113222 0.038835 0.0776699 0.0549209 0.253173 
0.0919698 0.0411302 0.0290834 0.104862 0.137955 0.130065 0.0205651 0 0.0616952 0.12339 
1.24075 0.0556889 0.0747145 0.0897957 0.0704415 0.0704415 0.0556889 0.0996194 0.0249048 0.0897957 
0.0357001 0.0252438 0.0714001 0.1071 0.0252438 0.0757313 0.0910176 0.0564467 0.0714001 0.0357001 
0.0912505 0.0565912 0.080032 0.0357914 0.0565912 0.0565912 0.104349 0.0253083 0.0357914 0.0253083 
0.0578412 0.0517347 0.0731639 0.0776021 0.0517347 0 0.0731639 0.0578412 0.036582 0.0517347 
0.0879141 0.073149 0 0.148316 0.124329 0.024383 0.0689655 0.054522 0.054522 0.0689655 
0.0673244 0.100987 0.0532246 0.191904 0.075271 0.0981414 0.075271 0.0981414 0.0673244 0.100987 
0.0478467 0.0478467 0.106989 0.0534943 0.106989 0.0534943 0 0.0338328 0.0956935 0.0478467 
0.112993 0.112993 0.0252659 0.0357314 0 0.0357314 0.0564963 0.0357314 0.0505318 0.0505318 
0.0924197 0.128163 0 0.114632 0.219005 0.138036 0.0810574 0.03625 0.114632 0.162115 
0.0851874 0.0602366 0.0851874 0.0851874 0.0971286 0.0602366 0.038097 0.0602366 0.0602366 0.0602366 
0.15889 0.0710579 0.432229 0.301473 0.381337 0.256203 0.0635561 0.0317781 0.292979 0.131024 
0.0249048 0 0.078756 0.0249048 0.179591 0.12699 0.0556889 0.0352208 0.078756 0.0352208 
0.109548 0.027387 0.0987452 0.038731 0.0612392 0.0774621 0.027387 0.082161 0.0612392 0.027387 
0.182282 0.071497 0.0226093 0.0815191 0.050556 0.0815191 0.0452187 0.0226093 0.0815191 0.113047 
0.044842 0.022421 0.0317081 0 0.0501349 0.022421 0.022421 0.022421 0.0672631 0.0709015 
0.03204 0.03204 0.0506597 0.0453114 0.0716436 0.0506597 0.0226557 0.0226557 0.03204 0.0226557 
0.0633972 0.0211324 0.0472535 0.0472535 0.0211324 0.107754 0.0298857 0.0298857 0.0422648 0.0298857 
0.0487805 0.0243902 0.0545382 0.0771287 0.0487805 0.0243902 0.0243902 0 0.034493 0.034493 
0.0645968 0.0645968 0.0913537 0.115554 0.147303 0.0913537 0.0408546 0.452178 0.144443 0.104159 
0.11612 0.0821094 0.0580601 0.0580601 0.0936191 0.0778958 0.0367204 0.0580601 0.0936191 0.103861 
0.0440546 0.0311513 0.0696564 0.0696564 0.0794205 0.0440546 0.0311513 0.0696564 0.0440546 0.0311513 
0.050751 0.050751 0.0320977 0.0717727 0.045393 0.0226965 0.0320977 0.0818335 0.0641954 0.045393 
0.0446628 0.0893256 0.0947441 0.080517 0.111657 0.0223314 0.0223314 0.0499345 0.0631627 0.0446628 
0.288468 2.89709 0.23956 3.37813 2.88468 2.67836 1.83384 4.13336 0.482104 4.19503 
0.0310797 0.0219767 0.0694964 0.0621595 0.155399 0.0792381 0.0219767 0.0310797 0.0621595 0.0491414 
0.0573162 0.0512652 0.0924197 0.128163 0.0256326 0.0256326 0.0512652 0.10253 0.0573162 0.0512652 
0.0303851 0.042971 0.0679432 0.0303851 0.0480431 0.042971 0.0303851 0.0214855 0.0679432 0.085942 
0.155521 0.10997 0.0622083 0.634784 0.10997 0.0311042 0.0793004 0.112148 0.0659819 0.167501 
0 0.0663285 0.112953 0.0419498 0.0864818 0 0.088989 0.029663 0.106952 0.0756261 
0.153971 0.0877772 0.0544371 0.0344291 0.108874 0.0730351 0.0344291 0.100377 0.0344291 0.024345 
0.0515026 0.0460653 0.0921307 0.117444 0.0977193 0.069098 0.0230327 0.0325731 0.0921307 0 
0.0545018 0.0243739 0.0243739 0.03447 0.03447 0.0545018 0.0243739 0.0243739 0.0545018 0.03447 
0.123596 0.0390844 0.11395 0.117253 0.0829106 0.0873954 0.0552737 0.0552737 0.0617979 0.0829106 
0.0232307 0.0464614 0.0232307 0.0696921 0 0.0696921 0.0328532 0.0519454 0.0464614 0.0232307 
0.0230189 0.082996 0.115095 0.123961 0.0514719 0.123961 0.0727923 0.0651074 0.0949095 0.0514719 
0.0336622 0.0238028 0.0532246 0.0714083 0.0336622 0.0714083 0.0238028 0.0714083 0.0238028 0.0476056 
0.0650669 0.0823038 0.22161 0.104917 0.145494 0.164608 0.0650669 0.0920185 0.119977 0.0920185 
0.0890429 0 0.119464 0.0398212 0.0281578 0.0281578 0.0629629 0.0796424 0.0629629 0.0629629 
0.062107 0.0277751 0.0785598 0.0277751 0.0785598 0.062107 0.0277751 0.0277751 0.0392799 0.0555502 
0.0512652 0.0256326 0.0573162 0.0810574 0.105686 0.0512652 0.0256326 0.0256326 0.0573162 0.0256326 
0.752351 0.740926 0.32089 0.14393 0.139633 0.262393 0.0246838 0.0780571 0.355995 0.419625 
0.0246613 0.0246613 0.0551444 0.0889176 0.0551444 0.0739839 0.0246613 0.0246613 0.0493226 0.0246613 
0.0251797 0.0356094 0.216604 0.0356094 0.15925 0.075539 0.0907865 0.0712188 0.0712188 0.0503593 
0.0717958 0.0454077 0.0507673 0.0717958 0.101535 0.0818598 0.0818598 0.0321081 0.0227038 0.0227038 
0.0526134 0.0665512 0.0332756 0.133102 0.0235294 0.0526134 0.0744065 0.0744065 0.0970142 0.0526134 
0 0.0344828 0.048766 0.0689655 0.137931 0.097532 0.054522 0.0689655 0.048766 0.073149 
0.142483 0.0563213 0.0503753 0.0796503 0.0251876 0.0563213 0.0503753 0.0251876 0.0503753 0.0712414 
0.0742781 0.0332182 0.105045 0.202058 0.171001 0.132873 0.0234888 0 0.0469776 0.18791 
0.0226093 0 0.0319744 0.0452187 0.135656 0.0452187 0.0226093 0.0319744 0.071497 0.0319744 
0.0523819 0.0702777 0.0993876 0.0234259 0.0468518 0.0523819 0.0702777 0.0740792 0.0468518 0.0662584 
0.0309418 0.0309418 0.0218792 0.0656375 0.0437583 0.0902101 0.069188 0.0656375 0.0489233 0.0978466 
0.0656665 0.0734174 0.0232166 0.0232166 0.0328332 0.0957245 0.0328332 0.0696498 0.0734174 0.103828 
0.0245053 0.0547955 0.138623 0.0774926 0.0346557 0.0245053 0.0693115 0.124953 0.0245053 0.0245053 
0.0218936 0.0218936 0.109468 0.0489555 0.109468 0.0656807 0.0309622 0.0789384 0.0489555 0.0979111 
0.0937035 0.0965874 0.0702777 0.0844632 0.0331292 0.0702777 0.0523819 0.104764 0.0234259 0.0965874 
0.0264154 0.0186785 0.0590667 0.0528309 0.0770136 0.0186785 0.0560356 0.0952423 0.0770136 0.0264154 
0.0520016 0.0328887 0.0520016 0.0328887 0.0232558 0.0328887 0.0232558 0.0465116 0.0232558 0.0520016 
0.0672673 0.0752071 0.0475652 0.0857493 0.0237826 0.0980581 0.0531795 0.0857493 0.0336336 0.0237826 
0.324242 0.125973 0.157466 0.0704208 0.11355 0.140842 0.12985 0.157466 0.0704208 0.133614 
0.0526097 0.0235278 0.0526097 0.119969 0.0665466 0.0526097 0.0332733 0.0235278 0.0470556 0.0332733 
0.0272722 0.0545443 0.0818165 0.0818165 0.136361 0.0983312 0.0385687 0.16589 0.0862422 0.0545443 
0.062107 0.0277751 0.141626 0.22393 0.141626 0.138875 0.0555502 0.0785598 0.062107 0.0833253 
0.0798016 0.0376188 0.0752377 0 0.21446 0.0841183 0.0266005 0.0798016 0.0266005 0.106402 
0.098773 0 0.0441726 0 0.0220863 0.069843 0.0441726 0.0662589 0.0441726 0.0910642 
0.0324571 0.0918025 0.0229506 0.167083 0.0649142 0.0649142 0.0459013 0.0324571 0.102638 0.0459013 
0.0221119 0.0221119 0.0911698 0.0911698 0.225498 0.031271 0 0.0221119 0.0494438 0.0699241 
0.0246744 0.0246744 0.0246744 0.0780274 0.088965 0.0986978 0.0246744 0.0246744 0.0697899 0.0551737 
0.734912 0.105816 0.102657 0.0256642 0.162315 0.145179 0.057387 0.0513285 0.206912 0.128321 
0.0726193 0.0229642 0.0513496 0.0688927 0.091857 0.094684 0.097429 0.091857 0.0827988 0.0649527 
0.0523819 0.0468518 0.0234259 0.170543 0.140555 0.0937035 0.0234259 0.0662584 0.0468518 0.0523819 
0.0470101 0.0210235 0.148659 0.107199 0.0470101 0.0758014 0.0210235 0.0420471 0.0664823 0.0420471 
0 0.108098 0.0604287 0.217879 0.135123 0.145532 0.0604287 1.31785 0.0604287 0.282145 
0 0.0371007 0.0586614 0.0829597 0.0829597 0.0371007 0.0262342 0.0524683 0.0262342 0.0262342 
0.0779155 0 0.132431 0.0821302 0 0.0367297 0.0367297 0.0259718 0.0367297 0.0367297 
0.0513733 0.0918994 0.244226 0.162457 0.165674 0.082837 0 0.0513733 0.0918994 0.0459497 
0.0260444 0.0260444 0.110497 0.132801 0.0582371 0.0260444 0.0520888 0.0736647 0.0736647 0.0260444 
0.0778676 0.0696469 0.101527 0.101527 0.0348234 0.0246239 0.0348234 0.0246239 0.0550607 0.0348234 
0.0238028 0.0336622 0.0673244 0.0476056 0.0336622 0.0238028 0.0238028 0.0532246 0.0238028 0.0238028 
0.0900684 0.111716 0.0706555 0.124902 0.049961 0.0706555 0.0706555 0.0558581 0.0789953 0.0789953 
0.700718 0.0989221 0.107296 0.03393 0.0719764 0.053648 0.0239921 0.06786 0.0239921 0.0865049 
0.0246914 0.0349189 0.0987654 0.123457 0.0552116 0.0349189 0.0246914 0.0246914 0.0349189 0.0349189 
0.0956935 0.086257 0.086257 0.0956935 0.0534943 0.0239234 0.0239234 0.0338328 0.0956935 0.0478467 
0.0252982 0.0252982 0.126491 0.143108 0.0565685 0.153883 0.0715542 0.0565685 0.08 0.08 
0 0.043693 0.152926 0.0926869 0.0488503 0.0218465 0.0218465 0.0218465 0.043693 0.0218465 
0.0264883 0.0529766 0.302013 0.0374601 0.239862 0.095505 0.0264883 0.0264883 0.109214 0.0837634 
0.0820265 0.0733667 0.132264 0.166091 0.0733667 0.0518781 0.0935246 0.0580015 0.0820265 0.106949 
0.0381663 0.0763325 0.0269876 0.196473 0.0539753 0.0269876 0.0381663 0.0853424 0.0269876 0.0269876 
0.0252438 0.104083 0.126219 0.0564467 0.112893 0.0564467 0.0504875 0.0252438 0.0564467 0.0504875 
0.0862261 0.0646696 0.0681677 0.138029 0.0215565 0.0777232 0.129339 0.724633 0.0482019 0.0914566 
0.107409 0.0566093 0.0253165 0.0759494 0.0800577 0.0253165 0 0.0800577 0.113219 0.0358029 
0.0633343 0.0633343 0.0801122 0.102123 0.0400561 0.0633343 0 0.927799 0 0.116783 
0 0.0367607 0.0937218 0.0519875 0.183804 0.132543 0.0779813 0.0581238 0.110282 0.0581238 
0.103751 0.0463988 0.0328089 0 0.0836467 0 0.0463988 0.0956537 0.073363 0.0231994 
0.0540541 0.076444 0.0871595 0.076444 0.0540541 0.0540541 0 0.0341868 0.0341868 0.0341868 
0 0.0531044 0.0949961 0.0531044 0.0671724 0.0671724 0.047498 0.0531044 0.047498 0.047498 
0.0217071 0.078266 0.0306985 0.116896 0.0651213 0.0306985 0.0434142 0.0485385 0.0306985 0.0306985 
0.0806983 0.0316525 0.0316525 0.114125 0.0500469 0.0447633 0.0316525 0.0806983 0.0707771 0.0223817 
0.0269876 0.0539753 0.0381663 0.0763325 0.0603462 0.13761 0.0853424 0.111273 0.0973053 0.0269876 
0.0588235 0 0.083189 0.083189 0.0372033 0.0372033 0 0.0588235 0.0588235 0.0744065 
0.0529534 0.0264767 0.112331 0.0592037 0.0374437 0.0748875 0.0264767 0.0748875 0.0374437 0.0837267 
0.0226093 0.0452187 0.050556 0.101112 0.113047 0.101112 0.0226093 0.0319744 0.0639489 0.113047 
0.0460379 0.0325537 0.0514719 0.102944 0.134222 0.082996 0.0514719 0.102944 0.0460379 0.0727923 
0.0566048 0.0358 0.0566048 0.1074 0.0358 0.0566048 0.104374 0.0566048 0.0506289 0.0253144 
0 0.0384544 0.0980399 0.0384544 0.0769089 0.0859867 0.0271914 0.0271914 0.0271914 0.0384544 
0.049379 0.0552073 0.0246895 0.0246895 0.049379 0 0.0552073 0.0890192 0.0246895 0.0246895 
0 0.0243794 0.0770943 0.0243794 0.0545139 0.0545139 0.0689553 0.0689553 0.0487587 0.0770943 
0.057687 0.057687 0.0930174 0.0257984 0.0815817 0.057687 0.0257984 0.057687 0.10637 0.0729689 
0.0271914 0.0271914 0.0769089 0.0815742 0.0543828 0.0608018 0 0.0384544 0.0271914 0.0608018 
0.0838274 0.0328798 0.0328798 0.0232495 0.0838274 0.0464991 0.0328798 0.0519875 0.11855 0.0232495 
0.038208 0.0270172 0.0764161 0.0810515 0.0604122 0.038208 0.0604122 0.0270172 0.0540343 0.0540343 
0.0519305 0.0519305 0.0367204 0.0580601 0.0367204 0 0 0.0821094 0 0.0580601 
0.0524683 0.0371007 0.108166 0.0586614 0 0.0371007 0 0.0524683 0.0524683 0.0262342 
0.0558624 0.070661 0.0749473 0.0558624 0.134535 0.070661 0.0558624 0.070661 0.0353305 0.0353305 
0.13958 0.0366556 0.0819645 0.0819645 0.0579576 0.0819645 0.0518389 0.0518389 0.0733112 0.0579576 
0.050944 0.0360229 0.101888 0 0.050944 0.0918407 0.0569572 0.0360229 0.101888 0.025472 
0.0329243 0.023281 0.116405 0.023281 0.073621 0 0.0520579 0.0959901 0.0959901 0.104116 
0.0246744 0.0348949 0.0551737 0.101735 0.0246744 0.101735 0.088965 0.0348949 0.0551737 0.0551737 
0.0528664 0.0472852 0.0709277 0.100307 0.0236426 0.0472852 0.0709277 0.0472852 0.118213 0.0334357 
0.0562878 0.0398015 0.0629317 0.0562878 0.0889988 0.0889988 0.0281439 0.0281439 0.0629317 0.101474 
0.123987 0.0495948 0.102242 0.0495948 0.0554487 0.123987 0.0701377 0.0554487 0.188851 0.105207 
0.0349082 0.0551947 0.0493677 0.0551947 0.0889988 0.0780571 0.0349082 0.0246838 0.0780571 0 
0.0252841 0.0252841 0.0505681 0.101136 0.0252841 0.0357571 0 0.0252841 0 0.0565369 
0.0559017 0.0353553 0.025 0.1 0.075 0.075 0.0559017 0.0353553 0.025 0.0559017 
0.074144 0.058616 0.058616 0.0524277 0.058616 0.0828955 0.074144 0.037072 0.0945155 0.0786416 
0.0604508 0.0811033 0.0764649 0.0540689 0.0604508 0.0604508 0.0382325 0.0270344 0.0382325 0 
0.0481788 0 0.362143 0.120447 0.170338 0.183459 0.0868555 0.107731 0.140464 0.0681351 
0.0266288 0.0842077 0.161977 0.0960116 0.0798865 0.159773 0.0595439 0 0.0595439 0.0532576 
0.0377291 0.0533571 0.059655 0.0961908 0.150917 0.0961908 0.059655 0.0266785 0.0533571 0.0377291 
0.0542805 0.024275 0.108561 0.072825 0.024275 0.04855 0.024275 0.024275 0.0767643 0.0542805 
0.0256221 0.0512442 0.12811 0.130647 0.0768662 0.0923817 0.0256221 0.0362351 0.102488 0.0362351 
0.0943543 0.0421965 0.0843931 0.133437 0.0943543 0.0667186 0.0667186 0.123023 0.0298375 0.0667186 
0.0606061 0.0677596 0.0606061 0.030303 0.154516 0.030303 0.0606061 0.0606061 0.0677596 0.0909091 
0.0812043 0.0574201 0.195566 0.0574201 0.0363156 0.105877 0.0574201 0.0363156 0.130938 0 
0.115188 0.0624695 0.17669 0.100729 0.197546 0.111749 0.0279372 0.0395092 0.0279372 0.0624695 
0.0366834 0.025939 0.0366834 0.0733667 0.0518781 0.0366834 0.0580015 0.0366834 0.0518781 0 
0.0785598 0.062107 0.062107 0.0392799 0.0555502 0.0555502 0.062107 0.138875 0.062107 0 
0.0581238 0.0367607 0.0581238 0.0519875 0.261234 0.0519875 0.0367607 0.0367607 0 0.0367607 
0.0899115 0.056865 0.254308 0.063577 0.0899115 0.063577 0.056865 0.0284325 0.120629 0.0284325 
0.0240894 0 0.0240894 0.107731 0.0963576 0.0722682 0.0240894 0.0868555 0.122832 0.0681351 
0.0240807 0.0240807 0.129678 0.0240807 0.0340552 0.216726 0.0481613 0.107692 0.0963226 0.120403 
0.0567139 0.035869 0.143476 0.147892 0.0253632 0.035869 0.0253632 0.035869 0.0717381 0.0567139 
0.0525552 0.0525552 0.0525552 0.096907 0.0743243 0.0332388 0.0235034 0.0332388 0.0470068 0.0525552 
0.0622814 0.0557062 0.0557062 0.0557062 0.0278531 0.0622814 0.0393902 0.0393902 0.100426 0.118171 
0 0.0767655 0.0922607 0.080918 0.0572176 0.0572176 0.0361876 0.0572176 0.0572176 0.0572176 
0.080575 0.0849335 0.0379834 0.134292 0.0759669 0.11074 0.080575 0.0968391 0 0.0600571 
0.0556889 0.0249048 0.0352208 0.0556889 0.0556889 0.0556889 0.0556889 0.0352208 0 0.0747145 
0.025974 0.0519481 0.0367328 0.0734656 0.0519481 0.0519481 0.0779221 0.0580797 0.025974 0.0367328 
0.0252922 0.071537 0.0911921 0.143074 0.0252922 0.0758765 0.071537 0.143074 0.0357685 0 
0.120517 0.0602585 0.13741 0.0538968 0.114332 0 0.0852183 0.0852183 0.0852183 0.120517 
0.0536326 0.0479705 0.08648 0.0536326 0.0479705 0 0.0536326 0.0239852 0.0239852 0 
0.0506289 0.0253144 0.0800512 0.0800512 0.0506289 0.0759433 0.0358 0.0759433 0.136322 0.0800512 
0.0267836 0.133918 0.0598899 0.0267836 0.11978 0.0803507 0.0535672 0.110432 0.0267836 0.11978 
0.0241332 0.0341295 0.0763159 0.123056 0.0482664 0.0763159 0.107927 0.120666 0.0539635 0.0241332 
0.027027 0.085467 0.0974473 0.0604343 0.027027 0.027027 0.0540541 0.038222 0 0.038222 
0.0707107 0.0353553 0.0707107 0.1 0.025 0.0353553 0.103078 0.0353553 0.0559017 0.0559017 
0.107306 0.0505843 0.107306 0.0911921 0.0799808 0.0758765 0.0357685 0.0252922 0.0357685 0.0505843 
0.0275137 0.0870059 0.116731 0.0615225 0.099202 0.099202 0.0275137 0 0.0389102 0.0550274 
0.0259064 0.0579284 0 0.183186 0.0366372 0.103626 0.0366372 0.103626 0 0.0819232 
0.034493 0.0487805 0.034493 0.190494 0.097561 0.0545382 0.0487805 0.0731707 0.0545382 0.0243902 
0.0384544 0.0271914 0.0543828 0.0271914 0.0543828 0.0543828 0.0271914 0.0271914 0.0859867 0.0271914 
0.0323996 0.0229099 0.082603 0.139356 0.133587 0.0971987 0.0229099 0.0724476 0.0916398 0.0512282 
0 0.132579 0.111138 0.265158 0.0898666 0.137849 0.255114 0.296456 0.186224 0.146211 
0.0239852 0.0339202 0.0959409 0.107265 0.075848 0.0959409 0.0239852 0.0339202 0.0339202 0.0959409 
0 0.0715828 0.080032 0.107374 0.0506167 0.0565912 0.0565912 0.0506167 0.0357914 0.0253083 
0.0512442 0.0572927 0.130647 0.102488 0.0768662 0.0768662 0.0572927 0.0362351 0.105643 0.0724702 
0.0367297 0.0367297 0.0779155 0.0821302 0.0367297 0.0821302 0.0580748 0.0580748 0.0367297 0.0259718 
0.570047 0.0612564 0.0612564 0.139686 0.175412 0.139686 0.109579 0.0612564 0.0821841 0.19371 
0.105733 0.0528664 0.0945703 0.133743 0 0.0852445 0.0528664 0 0.0236426 0.0334357 
0.0558908 0.0395208 0.0624878 0.111782 0.0395208 0.0279454 0 0.0624878 0 0.0883711 
0.0246895 0.0740684 0.0246895 0.0740684 0.0552073 0.049379 0.049379 0.078075 0 0.0552073 
0.038222 0.0604343 0.0540541 0 0.085467 0.0604343 0.0810811 0.0604343 0.038222 0 
0.0965384 0.068263 0.276444 0.345386 0.341315 0.305281 0.068263 0.12952 0.215866 0.220141 
1.41033 0.372218 0.117121 0.152708 0.225288 0.152708 0.037037 0.0740741 0.152708 0.152708 
0.0667316 0.0471863 0.0850664 0.0527559 0.0850664 0.0235932 0.100097 0.100097 0.0943727 0.0746082 
0.0546155 0.0690837 0.0244248 0.0488496 0.0690837 0.0345418 0.0244248 0.0345418 0.109231 0.0488496 
0.0331292 0.0937035 0.0468518 0.0662584 0.0331292 0.0844632 0.0331292 0.0331292 0.0965874 0.0468518 
0.0534446 0.0239012 0.119506 0.0755821 0.160334 0.0717035 0.0478023 0.0478023 0.0239012 0.119506 
0 0.125664 0.0842983 0.0628322 0.15132 0.0628322 0.0397386 0.0397386 0.0842983 0.0561988 
0.0276079 0.0390434 0.0617331 0.165647 0.0873038 0.210255 0.0617331 0.0617331 0.0390434 0.0390434 
0.0358402 0.0358402 0.107521 0 0.0506857 0.0801412 0.0358402 0.0506857 0.0566684 0.104491 
0.0328798 0.0232495 0.0328798 0.0328798 0.0328798 0.0657596 0.0232495 0.0328798 0.0697486 0 
0.0773707 0 0.0882162 0.0773707 0.302637 0.37025 0.0547094 0.0346012 0.0489336 0.0489336 
0.0841257 0.31024 0.112867 0.0376222 0.0752444 0.15512 0.0376222 0.0532058 0.266029 0.188111 
0.071497 0.0639489 0.14477 0.121755 0.137527 0.113047 0.0319744 0.071497 0.0319744 0.0815191 
0.0243019 0.0876216 0.0729056 0.17184 0.0243019 0.100199 0.0768492 0.0768492 0.0543406 0.0543406 
0.0506597 0.06408 0.03204 0.06408 0.0816863 0.113279 0.0453114 0 0.0816863 0.0816863 
0.0556243 0.0556243 0.0786646 0.133961 0.126843 0 0.0556243 0.0556243 0 0.0786646 
0.0286858 0 0.0907125 0 0.14627 0.0405679 0.0405679 0.0907125 0.0405679 0 
0.0733667 0.0366834 0.116003 0.0935246 0.0580015 0.106949 0.0366834 0.0580015 0.0366834 0.0518781 
0.0323381 0.0228665 0.0685994 0.0228665 0.146417 0.0824463 0 0.0685994 0.102262 0.116597 
0.0718653 0.0227258 0.0508164 0.0508164 0.0681774 0.0454516 0.0321391 0.0454516 0.0227258 0 
0.039148 0.0276818 0.0618984 0.0875376 0.0618984 0.0875376 0.039148 0.0998082 0.0830455 0.039148 
0 0.0601657 0.120331 0.0601657 0.0380521 0.0601657 0.0601657 0.0380521 0 0.0269069 
0.0777029 0.0245718 0.0245718 0.0777029 0.0347498 0.101312 0.0347498 0.0694996 0.0491436 0.0491436 
0.0576151 0.0576151 0.187581 0.16296 0.0814801 0.243078 0.036439 0.0772988 0.0929016 0.0576151 
0.0243252 0.034401 0.0243252 0.121626 0.0769231 0.0543928 0.0243252 0.0769231 0.0486504 0.034401 
0.0248433 0.0555513 0.0351337 0.0702674 0.0745298 0.0702674 0.0785614 0.0555513 0.0351337 0.0351337 
0.0358 0.0566048 0.0759433 0.0566048 0.0506289 0.0566048 0.0358 0.0566048 0.0253144 0 
0.0465848 0.0208333 0.104167 0.0658808 0.0208333 0 0.0294628 0.0416667 0.0658808 0.0625 
0.026259 0.026259 0.052518 0.108269 0.0742717 0.117434 0.026259 0.026259 0.052518 0.058717 
0.103867 0.0576151 0.103867 0.0910975 0.04074 0.0644157 0.0814801 0.0288076 0.0644157 0.103867 
0.0256074 0.0572598 0.0256074 0.155764 0.0256074 0 0.0256074 0.0572598 0.0362143 0.0362143 
0.0556889 0.078756 0.176104 0.159469 0.124524 0.0747145 0.0556889 0.0498097 0.0352208 0.0249048 
0.0261332 0.0261332 0.140732 0.188449 0.152381 0.0584356 0.0584356 0.104533 0.0942245 0.0783996 
0.062107 0 0.0878326 0.11784 0.062107 0.0277751 0.0392799 0.062107 0.11452 0.0277751 
0.0649227 0.123182 0.211373 0.0821215 0.156355 0.087103 0 0.104685 0.0649227 0 
0.0266643 0.075418 0.135962 0.0961395 0.0843199 0.10994 0.075418 0.0596232 0.037709 0.037709 
0.0506329 0.0566093 0.104382 0.0358029 0.0253165 0.0759494 0.0566093 0.0253165 0.0912798 0.136333 
0.038731 0.027387 0.0612392 0.0866053 0.054774 0.027387 0.027387 0.0612392 0.038731 0.027387 
0.0240894 0.0481788 0.0538655 0.0761774 0.120447 0.0538655 0.0761774 0.120447 0.0963576 0.0240894 
0 0.0586614 0 0.0371007 0.0262342 0.0586614 0.0586614 0 0.0524683 0.0371007 
0.0378777 0.0965696 0.110432 0.0598899 0.133918 0.110432 0.110432 0.0378777 0.13657 0.0267836 
0.0277537 0.0877649 0.0620592 0.0620592 0.0555074 0.0832611 0.0277537 0.0620592 0.0555074 0.0620592 
0.0633661 0 0.116841 0.0566763 0.113353 0.0283382 0.0400762 0.0283382 0.0283382 0.0400762 
0.0352208 0.0249048 0.0996194 0.105662 0.0996194 0.0352208 0.0249048 0.0498097 0.0556889 0 
0 0.0397386 0.0280994 0.0397386 0.0628322 0.0842983 0.0280994 0.0280994 0.0561988 0.0397386 
0.0367297 0.0580748 0.0580748 0.0936428 0.0367297 0.0779155 0.0580748 0.0519437 0.0367297 0.0519437 
0.0596232 0.0843199 0.113127 0.0843199 0.0596232 0.037709 0.0533286 0.0961395 0.037709 0.037709 
0.0552073 0.0552073 0.078075 0.123447 0.0246895 0.049379 0.0349162 0.0740684 0.0740684 0.0246895 
0.10198 0 0.205913 0.04 0.0565685 0.0282843 0.04 0.10198 0.0632456 0 
0.0257984 0.0364844 0.0930174 0.0773952 0.0257984 0.0515968 0.0364844 0.115374 0.0257984 0.0773952 
0.103556 0.103556 0 0.103556 0.14645 0.14645 0.14645 0.426973 0.0463117 0.103556 
0.0512778 0.0573304 0.0256389 0.0769168 0.105712 0.0512778 0.0256389 0.0512778 0.0573304 0.0573304 
0.0350258 0.0350258 0.024767 0.126287 0.024767 0.102117 0.0350258 0.0892986 0 0.0553806 
0.113453 0.0717542 0.223477 0.0818124 0.0453814 0.0717542 0.0717542 0.0453814 0.0717542 0.0320895 
0.0243739 0.0243739 0.0878815 0.10341 0.0243739 0.0974957 0 0.0243739 0.0770772 0.0243739 
0.0815817 0.0257984 0.0930174 0.0257984 0.15479 0.128992 0 0.0257984 0.0515968 0.0257984 
0.0241332 0.0482664 0.0995037 0.0341295 0.0482664 0.068259 0.0539635 0.0241332 0.0482664 0.0723996 
0.0259718 0.0821302 0.0734594 0.0580748 0.103887 0.0821302 0.0367297 0.0367297 0.0259718 0.0367297 
0.0588439 0.0263158 0.0832178 0.0832178 0.0263158 0.0789474 0.0263158 0.0789474 0.0263158 0.0526316 
0.0504353 0.0356632 0.0713263 0.112777 0.0713263 0.0563884 0.0356632 0.075653 0.0252177 0 
0.0349189 0.0246914 0.0493827 0.0349189 0.0246914 0.0493827 0.0349189 0.0246914 0 0.0552116 
0.0360229 0.050944 0 0.105024 0.101888 0.0569572 0.025472 0.0918407 0.0569572 0.0360229 
0.0839625 0.0531025 0.150197 0.0593705 0.0839625 0.112648 0.095732 0.0593705 0.0593705 0.0265513 
0.124757 0.0748539 0.0557928 0.157806 0.455319 0.105859 0.134367 0.0557928 0.0899632 0.211719 
0.0742717 0.058717 0.026259 0.0946783 0.052518 0.058717 0.105036 0.0946783 0.058717 0.0371359 
0.0427325 0.0604329 0.135132 0.162721 0.191106 0.0955528 0.0302164 0.0302164 0.0427325 0.067566 
0.0555513 0.0496866 0 0.14486 0.0745298 0.0555513 0.0785614 0.0555513 0.0496866 0.0248433 
0.0253083 0.0565912 0.075925 0.0357914 0.0357914 0.080032 0 0.0253083 0.0253083 0.080032 
0.0466811 0.0208764 0.192471 0.230588 0.274586 0.280087 0 0.066017 0.0466811 0.198051 
0.0386154 0.0386154 0.0610562 0.0610562 0.0273052 0.0610562 0.0546104 0.0386154 0.0273052 0.0386154 
0.0832611 0.0372355 0.168591 0.0789884 0.0372355 0.0588745 0.0588745 0.0263295 0.0789884 0.0832611 
0.0381454 0.0269729 0.0269729 0.137535 0.0762909 0.111212 0.0603132 0.0852958 0.0539458 0.0381454 
0.0262749 0.0525498 0.0262749 0.0371583 0.0788246 0.0743166 0.0587524 0.0371583 0.0587524 0.0587524 
0.0249824 0.0249824 0.0499649 0.124912 0.0353305 0.0558624 0.0249824 0.124912 0.0558624 0.0499649 
0.0742679 0.0234856 0.0234856 0.157546 0.132854 0.0234856 0.0846784 0.0704567 0.0664272 0.0332136 
0.0516699 0 0.0577687 0.129175 0.10334 0.131733 0.0577687 0.0577687 0.182681 0.0730723 
0.0252177 0.0356632 0.0797452 0.126088 0.100871 0.0713263 0.0252177 0.075653 0.0909235 0.0252177 
0.0506329 0.0566093 0.113219 0.104382 0.0566093 0.0566093 0.0358029 0.0253165 0.0506329 0.0506329 
0.112498 0.101404 0.0397739 0.11596 0.0628881 0.101404 0.0843733 0.0628881 0.0562488 0.0628881 
0.0496866 0.0555513 0.159075 0.0555513 0.124216 0.0785614 0.0496866 0.0351337 0.0555513 0.0351337 
0.129338 0.0253653 0.143488 0.0567185 0.104584 0.0358719 0.0253653 0.0567185 0.0567185 0.0358719 
0.0317721 0.0673987 0.136657 0.181129 0.089865 0.162006 0.0710445 0.114556 0.0673987 0.0710445 
0.0616334 0.0275633 0 0.0779607 0.0551266 0.0871627 0.0275633 0.0871627 0.0826898 0.0616334 
0.0981414 0 0.0673244 0.075271 0.0238028 0.0714083 0.0238028 0.0532246 0 0.0476056 
0.0513581 0.102716 0.149733 0.102716 0.105877 0.0363156 0.0363156 0.025679 0.0770371 0.138286 
0.0766965 0.108465 0.0542326 0.383482 0.291043 0.261219 0.0242536 0.123669 0.0542326 0.293057 
0.0267333 0.0378066 0.0534666 0 0.0597774 0.0963882 0.0597774 0.0597774 0.0963882 0.0756131 
0.08 0.08 0.0715542 0.107331 0.0357771 0.136235 0.0252982 0.091214 0.0565685 0.091214 
0.489885 0.0760958 0.204501 0.136596 0.0253653 0.126826 0.080212 0.0358719 0.152192 0.101461 
0.0335862 0 0.100759 0.0531044 0.0531044 0.047498 0.0335862 0.023749 0.071247 0.0335862 
0.0261779 0.0523558 0.111064 0.0585356 0.111064 0.0523558 0.0370212 0.0261779 0.0785338 0.0785338 
0.0831724 0.0515813 0.145894 0.072947 0.103163 0.115339 0.0515813 0.161475 0.072947 0.0515813 
0.0348976 0.0246763 0.0780334 0.0246763 0.101743 0.0551779 0.0348976 0.0246763 0.0551779 0.0348976 
0.140329 0.0992278 0.11094 0.0914835 0.0914835 0.0496139 0.08 0.022188 0.044376 0.0701646 
0.0667079 0.0444719 0.125786 0.0994422 0.0994422 0.11118 0.0497211 0.0497211 0.133416 0.0801729 
0.0463583 0.0231792 0.0463583 0.0732989 0.10366 0.115896 0.0463583 0.10366 0.0695375 0.124824 
0.0346557 0.0735159 0.0980213 0.0883552 0 0.0346557 0.0245053 0.0490106 0.0245053 0.0490106 
0.033667 0.033667 0.0532322 0.0238062 0.067334 0.0238062 0.0752817 0.033667 0.0238062 0.0476123 
0.0262953 0.0587981 0.0262953 0.117596 0.0831531 0.0587981 0.0831531 0.0587981 0.0262953 0.0371872 
0.0618747 0.110685 0.123749 0.0618747 0.114091 0.0276712 0.039133 0.0276712 0.039133 0.0276712 
0.0993714 0.0275607 0.176474 0.0389767 0.110243 0.0871545 0.0275607 0.0993714 0.0275607 0.0275607 
0.0704634 0.0898236 0.199301 0.0249126 0.0352317 0.12703 0.0249126 0.0352317 0.111412 0.0352317 
0.061703 0.0872612 0.0654459 0.201127 0.0436306 0.0487805 0.097561 0.175881 0.0308515 0.061703 
0.179147 0.0555513 0.0351337 0.0785614 0.0555513 0.0785614 0.0555513 0.0745298 0.105401 0.0248433 
0.025713 0.0927094 0.0927094 0.025713 0.057496 0.0813116 0.0813116 0.0363636 0.0363636 0.025713 
0.0742781 0.0234888 0.0742781 0.164422 0.0742781 0.0234888 0.0234888 0.117444 0 0.0234888 
0.0741555 0.0331633 0.0845503 0.0469001 0.0741555 0.0331633 0.0741555 0 0.0741555 0.02345 
0.0266572 0.037699 0.0596073 0.0753979 0.037699 0.0266572 0 0.037699 0.0266572 0.0266572 
0.952445 0.0645077 0.536811 0.0456139 0.196193 0.101996 0.0721218 0 0.265972 0.196193 
0.0266288 0.0266288 0.0532576 0.133144 0.0266288 0.135781 0.0376588 0.0595439 0.0266288 0.0266288 
0.0492478 0.0348234 0.0984956 0.0492478 0.0348234 0.0492478 0.0246239 0.0492478 0.0887827 0.0738717 
0.0279919 0.0885181 0.0395865 0.0395865 0.0625918 0.0839757 0.0885181 0.142731 0.0279919 0.0279919 
0.0258674 0.036582 0.0517347 0.103469 0.0258674 0.0578412 0 0.0517347 0.0731639 0.036582 
0.0266288 0.0595439 0.0595439 0.0842077 0.0960116 0.0960116 0.0266288 0.0266288 0.0376588 0.0376588 
0.0821371 0.0734656 0.0779221 0.0734656 0.0367328 0.025974 0.025974 0.0734656 0.0779221 0 
0.0749415 0.0353277 0.0558581 0.105983 0.049961 0.0789953 0.0353277 0.0353277 0.15195 0.0249805 
0.0241649 0.0683486 0 0.120824 0.108069 0.0683486 0 0.0540343 0.0683486 0.0871277 
0.0566093 0.0566093 0.0716057 0.0759494 0.0506329 0.0253165 0.0759494 0.0566093 0.0358029 0.0358029 
0.0535672 0 0.0598899 0.133918 0.322517 0.27314 0.0803507 0.203978 0.0965696 0.275754 
0 0 0.0675496 0.145271 0.0337748 0.0675496 0.0337748 0.119412 0.0477648 0.0477648 
0.0272342 0.0272342 0.0981943 0.0272342 0.0608975 0.0272342 0.0272342 0.0272342 0.0272342 0.217874 
0.0810774 0.0725178 0.0725178 0.0769168 0 0.0512778 0.0362589 0.0810774 0.0256389 0.0573304 
0.0529367 0.023674 0.0669603 0.0473481 0.0473481 0.0473481 0.0334801 0.0529367 0 0.0334801 
0.0362143 0.0809776 0 0.181072 0.155764 0.1379 0.0256074 0.0809776 0 0.105582 
0.0592037 0.0264767 0.132384 0.0954632 0 0.0264767 0.0592037 0.0592037 0.0592037 0.0374437 
0.0348234 0.0348234 0.0696469 0.174117 0.110121 0.123119 0.0550607 0.0348234 0.0246239 0.123119 
0 0.0423999 0.0948091 0.0423999 0.0299813 0.0670402 0.108099 0.0212 0.0874097 0.0764375 
0.0461358 0.0515813 0.145894 0.0951113 0.0692036 0.0692036 0.0230679 0.0515813 0.0515813 0.0692036 
0 0.0637253 0.0225303 0.192499 0.114882 0.0318627 0.0503793 0.0928948 0.0318627 0.0503793 
0.079603 0.079603 0.125863 0.0281439 0.0629317 0.079603 0.0629317 0.0629317 0.0281439 0.0398015 
0.0273947 0.0821841 0.0866296 0.112951 0.0273947 0.0774839 0.0273947 0.0612564 0.0387419 0.0866296 
0.0810774 0.0362589 0.0725178 0.0810774 0.0362589 0.0725178 0.0512778 0.0256389 0.0256389 0 
0.0688673 0.0307984 0.0307984 0.111045 0.087111 0.0923952 0.0307984 0.0435555 0.087111 0 
0.0486468 0.0343985 0.414213 0.467238 0.0543888 0.207819 0.0343985 0.0486468 0.147954 0.153835 
0.0773707 0.0547094 0.0978671 0.0489336 0.0773707 0.0773707 0.0734003 0.0773707 0.0547094 0.0773707 
0.0583162 0.0583162 0.0737648 0.0368824 0.0583162 0.0521596 0.0521596 0 0.0824716 0.0824716 
0.0371391 0.0787839 0.058722 0.0525226 0.0830455 0.0830455 0.0262613 0.117444 0.058722 0.058722 
0.0588235 0.0588235 0.07892 0.0588235 0.0372033 0.117647 0.0263067 0 0.0588235 0.0263067 
0.0767869 0.10302 0.108593 0.276859 0.137361 0.283176 0.587809 0.607539 0.153574 0.194257 
0.0353443 0.0249922 0.0558842 0.0706886 0.0749766 0.0749766 0 0.0558842 0.0249922 0 
0 0.0273742 0.0865647 0.109497 0.122421 0.0774258 0.0273742 0.0547483 0.0273742 0.0273742 
0.0496139 0.0784465 0.0784465 0.05547 0.05547 0.0894427 0.0496139 0.0496139 0.05547 0.0744208 
0.0275633 0.0616334 0.0389804 0.0616334 0.0993808 0.0616334 0.0779607 0.0616334 0.0616334 0.0551266 
0.0335201 0.0237023 0.0749532 0.0529999 0.0237023 0.0711068 0.0529999 0.0237023 0.0474046 0.0474046 
0.0661813 0.0661813 0.0992719 0.0701958 0.0233986 0.0935945 0.0330906 0.0523209 0.0661813 0.0523209 
0.0348764 0.0348764 0.0889176 0.0779859 0.0739839 0.0348764 0.0348764 0.0493226 0.0493226 0.0493226 
0.0610207 0.122041 0.0305104 0.238294 0.152552 0.0682232 0.0682232 0.110007 0.0682232 0.0431482 
0.0618984 0.0830455 0.0618984 0.14115 0.0618984 0.138409 0.0553637 0.0830455 0.0618984 0.161411 
0.102488 0.0724702 0.108705 0.0572927 0.0572927 0.0362351 0.0724702 0.0768662 0.0362351 0 
0.0275633 0.0275633 0.0779607 0.0616334 0.0389804 0.0616334 0.0389804 0.0275633 0.0389804 0.0616334 
0.0560684 0.0709215 0.103385 0.0250746 0.0250746 0.0501491 0.0354608 0 0.112137 0.0792927 
0.0983474 0.0733039 0.176539 0.163912 0.146608 0.146608 0.0327825 0.0327825 0.103667 0.135166 
0.0264327 0.0528655 0.0953046 0.0373815 0.0528655 0.0264327 0.0373815 0.0591054 0.0264327 0.0264327 
0 0.0334357 0.0528664 0.0236426 0.0852445 0.0852445 0.0528664 0.0334357 0.0472852 0.0528664 
0.0556738 0.0556738 0.0393673 0.0787347 0.0278369 0.0556738 0 0.0393673 0.114775 0.0278369 
0.0732252 0.0327473 0.0834896 0.051778 0.135021 0.051778 0.0231558 0.0231558 0.0694675 0.095474 
0.113953 0.143098 0.220103 0.0706709 0.158025 0.120348 0.0499719 0.120348 0.161155 0.031605 
0.0799808 0.0252922 0.147477 0.0357685 0.0357685 0.056555 0.071537 0.0357685 0.0252922 0.0505843 
0.0353968 0.0559673 0.0707937 0.0902446 0.0902446 0.0250293 0 0.0500587 0.0353968 0.0902446 
0.0327363 0.0654727 0.095442 0.0834616 0.0732007 0.0231481 0.0517607 0.0327363 0.218379 0.14822 
0.0565369 0.0252841 0.0357571 0.0758522 0.0799552 0.0565369 0.0505681 0.0505681 0 0.091163 
0.0896776 0.0248721 0.13394 0.0351744 0.0497442 0.0351744 0.0248721 0.0248721 0.10255 0.0497442 
0.0332388 0.0525552 0.0235034 0.0664777 0.0332388 0 0.0664777 0.0525552 0.0997165 0.0332388 
0.0713477 0.0475652 0.0531795 0.106359 0.0336336 0 0.0336336 0.0531795 0.0713477 0.0336336 
0.159392 0.0336028 0.121157 0.0531306 0.0336028 0.0237607 0.0475215 0.0336028 0.0475215 0.0751381 
0.0634202 0.0224224 0.241497 0.0709059 0.0634202 0.114332 0.0501381 0.0501381 0.0672673 0.09245 
0.0538812 0.0868808 0.0481928 0.0722892 0.0722892 0.0761995 0.0868808 0.0240964 0.0681549 0.0681549 
0.0253632 0.0507265 0.152179 0.0567139 0.0802056 0.0567139 0.0914484 0 0.0253632 0.0253632 
0.0585959 0.0370593 0 0.0585959 0.0370593 0.0370593 0.117192 0.0585959 0.104819 0.0585959 
0 0.0256389 0.0256389 0.0725178 0.0256389 0.0725178 0.0362589 0.0362589 0 0.0512778 
0.0361876 0.051177 0.080918 0.080918 0.102354 0.0361876 0.051177 0.0255885 0.105504 0.0767655 
0.0364178 0.0364178 0.0364178 0.128757 0.0928477 0.0928477 0 0.0575817 0 0.0575817 
0.0512821 0.261488 0.0648672 0.0973008 0.139502 0.022934 0.139502 0.022934 0.162168 0.0512821 
0.134535 0.0729616 0.0326294 0.206367 0.046145 0.103183 0.0652588 0.0729616 0.0978883 0.0729616 
0.0564333 0.0356915 0.107075 0.0798087 0.0909959 0.112867 0.0252377 0.0504754 0.0564333 0.0252377 
0.0382185 0.0604287 0.0270246 0.0604287 0.0854592 0 0.0382185 0.0270246 0.0270246 0.0382185 
0 0.0255072 0.0765216 0.0919676 0.0765216 0.108218 0.0570359 0.0570359 0.0806609 0 
0 0.038097 0.0269386 0 0.0269386 0.0269386 0.038097 0.0602366 0.0538772 0.0269386 
0 0.051131 0.0571662 0.0921777 0.0361551 0.102262 0.0361551 0.0255655 0.0361551 0.0255655 
0.0692025 0.100879 0.220201 0.176432 0.270244 0.218838 0.0244668 0.109419 0.186333 0.0978671 
0.0294118 0.0415945 0.0882353 0.106046 0.0294118 0.0415945 0.0930082 0.0294118 0.121268 0.0294118 
0.0539753 0.0809629 0.0853424 0.0809629 0.0381663 0.0603462 0.120692 0.0809629 0.145333 0.0269876 
0.152765 0.0683187 0.152765 0.0611061 0.0966172 0.178153 0.0864171 0.0864171 0.185847 0.155791 
0.0348234 0 0.0492478 0.0738717 0.165182 0.0887827 0.0246239 0.0492478 0.0348234 0.0492478 
0.0536326 0.0239852 0.139857 0.145896 0.119926 0.0536326 0.0239852 0.0239852 0.0678405 0.0479705 
0.0269876 0 0.0603462 0.0603462 0.0853424 0.0809629 0.0381663 0.0603462 0.0763325 0.0539753 
0.0546664 0.038655 0.122238 0.122238 0.0611189 0.109333 0.0611189 0.0273332 0.0611189 0 
0.0524828 0.0524828 0.066386 0.0846259 0.046942 0.046942 0.023471 0.023471 0.033193 0.023471 
0.070819 0.105571 0.105571 0.0527853 0.19032 0.0333844 0.0851138 0.0333844 0.0472126 0.0236063 
0.0359646 0.0762924 0.127154 0.284325 0.22746 0.0254308 0.0508616 0.0762924 0.0762924 0.0508616 
0.948798 0.501164 0.883658 0.0498677 0.157696 0.0352618 0.0997354 0 0.723512 0.145388 
0.097429 0.0513496 0.094684 0.0827988 0.0827988 0.0513496 0.0459285 0.0688927 0.0459285 0.0324764 
0.114274 0.057137 0.0857055 0.223127 0.0638811 0.127762 0.040402 0.171411 0.103005 0.0903416 
0.0889176 0.0246613 0.104629 0.101681 0.0551444 0.110289 0.0348764 0.0551444 0.0493226 0.0739839 
0 0 0.13261 0 0.0520139 0.0735587 0.0367794 0.0367794 0.0260069 0.0260069 
0.0780274 0.0551737 0.110347 0.0986978 0.088965 0.0493489 0.0493489 0.0493489 0.0246744 0.0246744 
0.0521596 0.0583162 0.0368824 0.15207 0.0583162 0.110647 0.0521596 0.10753 0.0368824 0.0521596 
0.143074 0.0911921 0.252922 0.214611 0.239942 0.178843 0.056555 0.0357685 0.128965 0.0252922 
0.0285249 0.0285249 0.102848 0.0902036 0.0902036 0.102848 0.0570498 0.0285249 0.0570498 0.0403403 
0.0339569 0.0339569 0.0536906 0.0339569 0 0.0960446 0.0240111 0.0536906 0.0339569 0.0865734 
0 0.0350823 0.0248069 0.158842 0.05547 0.0701646 0.0248069 0.0784465 0.05547 0 
0.0558624 0.0353305 0.0900755 0.070661 0.111725 0.134535 0.0353305 0.0499649 0.145671 0.0558624 
0.0794772 0.0280994 0 0.0842983 0.0888582 0.0561988 0.0561988 0.0794772 0.125664 0.0628322 
0.0263158 0.0526316 0.0263158 0.0588439 0.0372161 0 0.0372161 0.0263158 0.0948829 0.0263158 
0.0569572 0.0360229 0.0764161 0.050944 0.050944 0.0569572 0.025472 0.0805496 0.050944 0 
0.0348976 0.0246763 0.143886 0.0551779 0.125825 0.0697952 0.0551779 0.0348976 0.0697952 0.0551779 
0.024383 0.024383 0.103448 0.073149 0.0344828 0.048766 0.0344828 0.0344828 0.0344828 0.0344828 
0.0373815 0.0953046 0.0528655 0.132164 0.0747631 0.108985 0.0591054 0.0591054 0.0591054 0.0747631 
0.0892712 0.0553637 0.22827 0.156592 0.148556 0.144371 0.078296 0.035015 0.0742781 0.0553637 
0.078756 0.0556889 0.0556889 0.0352208 0.0352208 0.078756 0.0352208 0.078756 0 0.0498097 
0.0540689 0.0270344 0.097474 0.0604508 0.0604508 0.0270344 0.0604508 0.0540689 0.0270344 0.0270344 
0.0416644 0.104161 0.197632 0.171787 0.188644 0.0294612 0.106224 0.0833288 0.0294612 0.0416644 
0.0269876 0.0269876 0.0763325 0.0539753 0.164159 0.0381663 0.0381663 0.0269876 0.0603462 0.0853424 
0.027387 0.0612392 0.109548 0.0774621 0.027387 0.112919 0.027387 0.082161 0.0612392 0.0866053 
0.0264166 0.0747174 0.132083 0.0590693 0.160686 0.0835366 0.0528332 0.0264166 0.0590693 0.0373587 
0.0512652 0.0512652 0 0.0573162 0.0573162 0.0256326 0.03625 0.0256326 0.0573162 0.0256326 
0.0249922 0.0558842 0.0558842 0.0558842 0.0499844 0.111768 0.0353443 0.0558842 0.0249922 0.0353443 
0.0513285 0.0256642 0.0362947 0.057387 0.0811574 0.0725894 0.057387 0 0.0725894 0.0256642 
0.0298507 0.0422153 0.0422153 0.0844307 0.0844307 0.107628 0.0667483 0.0597015 0.107628 0.133497 
0.074029 0.0246763 0.104693 0.0493526 0.104693 0.0551779 0 0.0348976 0.0551779 0 
0.0356632 0.0356632 0.128585 0.103975 0.075653 0.0356632 0.0252177 0.0563884 0.0356632 0.075653 
0.0525988 0.0235229 0.119944 0.0940916 0.0743859 0.119944 0.0470458 0.0332664 0.18372 0.0235229 
0.0266572 0.037699 0.0266572 0.162149 0.0266572 0.143553 0.0266572 0.0596073 0.0596073 0.0533144 
0.0229824 0.0513903 0.139797 0.139797 0.102781 0.130008 0.0325021 0.0975062 0.0828643 0.0229824 
0.141585 0.141585 0.0221119 0.0988876 0 0.0494438 0.0699241 0.0494438 0.0988876 0.0221119 
0.0242786 0.0686702 0.103005 0.103005 0.189622 0.121393 0.0485571 0.0542885 0.0242786 0.0542885 
0.122238 0.07731 0.0864352 0.0546664 0.0273332 0.0864352 0.0611189 0.0611189 0.0611189 0 
0.026556 0.0839773 0.0593809 0.0593809 0.0375558 0.0375558 0.0531119 0.026556 0.0531119 0.026556 
0.0657374 0.0657374 0.05197 0.13945 0.141374 0.05197 0.069725 0.146993 0.0734966 0.0232417 
0.0888799 0.0888799 0.184179 0.152428 0.0888799 0.0215565 0.0777232 0.0482019 0.0482019 0.0215565 
0.0266288 0.0842077 0.119088 0.119088 0.106515 0.0842077 0.135781 0 0.0842077 0.0266288 
0.0970142 0.0380521 0.172288 0.137199 0.194028 0.0970142 0.0380521 0.0761042 0.120331 0.0601657 
0.0705882 0.0235294 0.0848365 0.21693 0.22322 0.194028 0.0332756 0.0941176 0.0744065 0.0526134 
0.116063 0.0386875 0.0773751 0.0611704 0.0611704 0.0611704 0.0273562 0.0273562 0.0273562 0.0386875 
0.0421731 0.0666815 0.0843461 0.0421731 0.0421731 0.0943019 0.0421731 0.0421731 0.0943019 0.0943019 
0 0 0.0735215 0.0464991 0.0519875 0.103975 0.0232495 0.0657596 0.0464991 0.0697486 
0.0635241 0.0710221 0.031762 0.15881 0.0898366 0.0635241 0 0.0635241 0.0710221 0.0952861 
1.00099 0.119031 0.173311 0.0981553 0.0532322 0.0714184 0.0238062 0.0238062 0 0.033667 
0.0536906 0.0480223 0.0480223 0.0865734 0.0240111 0.0240111 0 0.0536906 0.0480223 0.0536906 
0.0392232 0.05547 0.027735 0.0392232 0.0620174 0.027735 0.027735 0.1 0 0.0392232 
0.034452 0.0243613 0.0243613 0.108947 0.0243613 0.0544735 0.034452 0.0544735 0.0730838 0.034452 
0.0807207 0.0269069 0.0970142 0.11094 0.0538138 0.0601657 0.0538138 0.0538138 0.0269069 0.0850871 
0.0934119 0.101319 0.1602 0.0679671 0.12816 0.0906228 0.0816863 0.0816863 0.0506597 0.0716436 
0.0539458 0.0809187 0.0381454 0.134864 0.0852958 0.0269729 0.0269729 0.0762909 0.0603132 0.0603132 
0.0566048 0.0253144 0.0912725 0.0566048 0.104374 0.0800512 0.0716 0.0566048 0.0253144 0.0253144 
0.0612564 0.0821841 0.0387419 0.0612564 0.0612564 0.0612564 0.0273947 0.0547894 0.0387419 0.0273947 
0.154852 0.0612105 0.159617 0.147414 0.159617 0.220697 0.0612105 0.0774258 0.136871 0.116139 
0.0465848 0.0589256 0.0625 0.104167 0.0658808 0.0589256 0.0465848 0.380173 0.0416667 0.0208333 
0.0273332 0.0611189 0.0273332 0.0546664 0.247513 0.038655 0.0273332 0 0 0.0273332 
0.0371872 0.0587981 0.0262953 0.108418 0.0371872 0.0525906 0.0525906 0.0587981 0.0371872 0.0262953 
0.102997 0.0249805 0.0249805 0.0558581 0.0749415 0.0789953 0.0249805 0.0249805 0.0249805 0.0749415 
0.0620891 0.0392686 0.0277671 0.0555341 0.0785371 0.0277671 0.0392686 0.0833012 0.0277671 0.0392686 
0.0620592 0.0784993 0.141517 0 0 0.0620592 0.0620592 0.0555074 0.0784993 0.114431 
0.034401 0.034401 0.130995 0.034401 0.0543928 0.0543928 0.0543928 0.100295 0.0877058 0.0486504 
0.0534666 0.0597774 0.0267333 0.11342 0.0597774 0.0963882 0.0378066 0 0.0378066 0.0963882 
0.0739626 0.023389 0.281641 0.0739626 0.0739626 0.13638 0.0935561 0.104599 0.104599 0.0964354 
0.105118 0.0297318 0.0630706 0.0891953 0.132965 0.0297318 0.0470101 0.0940201 0.0866822 0.0664823 
0.0609711 0.0385615 0.174595 0.0545342 0.136335 0.0609711 0.0545342 0.0609711 0.165859 0.0862261 
0.0259543 0 0.036705 0.110115 0.0580357 0.0580357 0.0259543 0.0935797 0 0.0259543 
0.0883711 0 0.0883711 0.0883711 0.0624878 0.0790415 0.0395208 0.124976 0.0624878 0 
0.0887827 0.0246239 0.0738717 0.198524 0.0778676 0.0246239 0.0738717 0.0738717 0.0696469 0.0246239 
0.0371872 0.0525906 0.131477 0.0525906 0.141605 0.0525906 0.0371872 0.0948091 0.0587981 0.0371872 
0.0360551 0.105118 0.281599 0.379007 0.715673 0.101979 0.0764843 0.0570081 0.0721101 0.105118 
0.083189 0.0744065 0.083189 0.117647 0.141666 0.0588235 0.0588235 0.07892 0.0263067 0.0588235 
0.0629691 0.0281606 0.0890517 0.0281606 0.0629691 0.0281606 0.0281606 0.0844819 0 0.0281606 
0.110685 0.0494998 0.178474 0.110685 0.123749 0.078266 0.0494998 0.0553425 0.0247499 0.0247499 
0.0541372 0.0242109 0.099824 0.0872936 0.0872936 0.0541372 0.0684787 0 0.0684787 0.0541372 
0.0268705 0.0760011 0.0380006 0.0268705 0 0 0.0600842 0.0268705 0.107482 0.134352 
0.0249513 0 0.078903 0.102877 0.0249513 0.0352865 0.078903 0.078903 0.0557928 0.0557928 
0.0595808 0 0.0376822 0.133227 0.170614 0.106581 0.08426 0.0376822 0.106581 0.0753645 
0.0340379 0.0481369 0.0761111 0.08678 0.0538187 0.08678 0.0481369 0.0538187 0.0538187 0.0538187 
0.0790014 0.0558624 0.0790014 0.0558624 0.0790014 0.0249824 0.0353305 0.0499649 0.0249824 0.0353305 
0.083189 0.0526134 0.131533 0.0372033 0.083189 0.0588235 0.0372033 0.0263067 0.0948501 0.0588235 
0.0810774 0.0256389 0.0924424 0.145036 0 0.0512778 0.0573304 0.0769168 0.0256389 0.0362589 
0.0821995 0.0387492 0.0612679 0.154997 0.122536 0.112972 0.0273998 0.109599 0.0866459 0.0774984 
0.116629 0.0684867 0.0892958 0.0866296 0.0780869 0.0484274 0.0612564 0.0649722 0.0216574 0.0216574 
0.0486504 0.0486504 0.0688021 0.0877058 0.0543928 0.0688021 0.0486504 0.0243252 0.0543928 0.0243252 
0.0252377 0.0356915 0.104058 0.126189 0.126189 0.126189 0.0504754 0.112867 0.135909 0.0504754 
0.0246914 0 0 0.089026 0.0493827 0.0740741 0.0552116 0.0246914 0.0349189 0.0780809 
0.935458 0.0255072 0.148731 0.127536 0.161322 0.148731 0.0570359 0.0721453 0.114072 0.0806609 
0.0498097 0 0.105662 0.0556889 0.0996194 0.0498097 0.0352208 0.0249048 0.0249048 0.0556889 
0.127775 0.0354385 0.0792429 0.0501176 0 0 0.0792429 0.0792429 0 0.0501176 
0.0887491 0.0246146 0.15761 0.0738437 0.0778381 0.0492291 0.0738437 0.0246146 0.0778381 0.0550398 
0 0.0558973 0.024998 0.0353526 0.0558973 0.024998 0.0558973 0.0499961 0.0353526 0.0353526 
0.0573304 0 0.114661 0.13807 0.181295 0.0725178 0 0.0573304 0.0362589 0.0362589 
0.864705 0.139469 0.487143 0.521097 0.366884 0.509012 0.0278937 0.115009 0.406138 0.419334 
0.0596232 0.0266643 0.075418 0.133321 0.135962 0.0596232 0.0799929 0.0799929 0.0596232 0.0266643 
0.0525988 0.0332664 0.0525988 0.0525988 0.0525988 0.0705687 0.0332664 0.0332664 0.084813 0.084813 
0.081453 0.081453 0.106202 0.115192 0.0515154 0.0257577 0.081453 0.0728538 0.0364269 0.0364269 
0.0361403 0.0808122 0.0808122 0.0571429 0.0255551 0.0766652 0.0571429 0 0.0511101 0.0255551 
0.0550607 0.0492478 0.0887827 0.0550607 0.0696469 0.0246239 0.0492478 0.0778676 0.0246239 0 
0.0572176 0.0361876 0.080918 0.0255885 0.0723752 0.137798 0.0255885 0.0572176 0.0361876 0.0255885 
0.0360727 0.0570359 0.137361 0.130062 0.0570359 0.105169 0.0255072 0.0765216 0.0806609 0.0570359 
0.0283866 0.0283866 0.0897665 0.0634745 0.0851599 0.0283866 0.0283866 0.0283866 0.0401448 0.0802896 
0.0542885 0.0767756 0.242786 0.155459 0.0686702 0.123797 0.0242786 0.0767756 0.123797 0.0875376 
0.0798325 0.0399163 0.116375 0.0631132 0.0846752 0.0892555 0.0631132 0.0564501 0.0892555 0.0282251 
0.0561656 0.0355222 0.106567 0.135265 0.103564 0.0710445 0.0561656 0.103564 0.12559 0.050236 
0.0863466 0.0610562 0.0610562 0.109221 0.0819156 0.0610562 0.0546104 0.147043 0.0546104 0.0386154 
0.0538187 0.0538187 0.0761111 0.0538187 0.0538187 0.0761111 0.0680759 0.0240685 0.0481369 0.0240685 
0.0572598 0.0724286 0.0923287 0.2 0.11452 0.171779 0.0923287 0.0362143 0.130573 0.0572598 
0.0421403 0.0297977 0.0942286 0.0942286 0.0421403 0.0421403 0.0421403 0.0297977 0.0421403 0.0595954 
0.091163 0.0565369 0.101136 0.104249 0.136159 0.151704 0.0565369 0.0715141 0.0565369 0.0252841 
0.0246763 0.0493526 0.0246763 0.0987053 0.074029 0.125825 0.0780334 0.0551779 0.0246763 0.0246763 
0 0.0547483 0.0547483 0.0865647 0.0273742 0.0387129 0.0387129 0.0865647 0.0612105 0.0273742 
0.112416 0.0810646 0.114643 0.0635923 0.0502741 0.0502741 0.0449665 0.0502741 0.0224833 0.0674498 
0.0573304 0 0.0512778 0.0573304 0.0256389 0.0810774 0.0256389 0.0512778 0.0362589 0.0362589 
0.0245403 0.0245403 0.0776034 0.0776034 0.0347053 0.0694106 0.0548739 0.0884814 0.0245403 0.0245403 
0.0409745 0.0579467 0.0579467 0.0916217 0.210929 0.129573 0.081949 0.0289733 0.122923 0 
0 0.0259718 0.0580748 0.0734594 0.0821302 0.129859 0 0.0734594 0.0259718 0.0367297 
0.0536906 0.0759299 0.0759299 0.107381 0.0960446 0.0339569 0.0679138 0.0536906 0.101871 0.0536906 
0 0.0525988 0.0969874 0.119944 0.0997992 0.0743859 0.0525988 0.0525988 0.0332664 0 
0.122955 0.0298209 0.0298209 0.122955 0.0666815 0.0666815 0.0298209 0.0421731 0.0596417 0.0596417 
0.0287926 0.0575853 0.0287926 0.118715 0.0575853 0.0643823 0.0287926 0 0.162876 0.0643823 
0.0788953 0.0557874 0.335885 0.187117 0.150212 0.162647 0 0.118343 0.335885 0.0788953 
0.0736759 0.0465968 0.0840035 0.0698951 0.0736759 0.0329489 0.0465968 0.0520968 0.0520968 0.0465968 
0.038135 0.0269655 0.0539311 0.0602968 0.0852725 0.038135 0.038135 0.038135 0 0.0602968 
0.0265653 0.0751381 0.0751381 0.226974 0.0594019 0.0751381 0.118804 0.191565 0.0531306 0.0594019 
0.0373815 0.0264327 0.0953046 0.0747631 0.0591054 0.112145 0.0264327 0.0528655 0 0.0373815 
0.03625 0 0.0810574 0.0573162 0.03625 0.0810574 0 0.0573162 0.03625 0.0512652 
0 0.0586614 0.0829597 0.0524683 0.0371007 0.0371007 0.0262342 0.0262342 0.0262342 0 
0.0348976 0.0246763 0.0246763 0.123382 0.0493526 0.0780334 0.0246763 0.074029 0.0348976 0.0348976 
0.0487587 0.0243794 0.0689553 0.0545139 0.0243794 0.0487587 0.0545139 0.0243794 0 0.0879011 
0.196323 0.122702 0.0548739 0.0245403 0.0245403 0.0776034 0.0694106 0.0884814 0.122702 0.0776034 
0.0566763 0.0896131 0.0283382 0.120229 0.0633661 0.0400762 0.0801524 0.0633661 0.0400762 0.0283382 
0.0246444 0.0551067 0.101612 0.0551067 0.0246444 0.0779326 0 0.0246444 0.0779326 0.0739333 
0.0498097 0.0498097 0.0249048 0.0249048 0.0556889 0.102685 0 0.0352208 0 0.0249048 
0.0588388 0.0789405 0.0948747 0.0832106 0.052627 0.0744259 0.0588388 0.0263135 0.0744259 0.0588388 
0.0317721 0.0635441 0.0224662 0.0710445 0.112331 0.0673987 0.0224662 0.0224662 0.0449325 0.0926307 
0.0381663 0.111273 0.0603462 0.0603462 0.0269876 0.0809629 0.0269876 0.0381663 0.0269876 0.0269876 
0.0361551 0.0571662 0.051131 0.0921777 0.114332 0.0571662 0.0571662 0.0361551 0.0571662 0.0255655 
0.036582 0.109746 0.0776021 0.0578412 0.036582 0.0517347 0.0817998 0.0517347 0.106654 0.0258674 
0.024767 0.024767 0.0350258 0.0892986 0.102117 0.0350258 0.0700516 0.07832 0.07832 0.024767 
0.0262953 0 0.0587981 0.0831531 0.0587981 0.185936 0.0262953 0.0587981 0.0831531 0.0525906 
0.0526818 0.0949734 0.131704 0.0263409 0.0832972 0.0745033 0.0263409 0 0 0.0745033 
0.0372033 0.0263067 0.0744065 0.11161 0.0526134 0.0588235 0.0263067 0.0526134 0.0263067 0.0263067 
0.0564467 0.0910176 0.0910176 0.0504875 0.0564467 0.0798278 0.0564467 0.0757313 0.0357001 0.0504875 
0.0408546 0 0.0408546 0.104159 0.0408546 0.0288886 0.0408546 0.0288886 0.0408546 0.104159 
0.0229506 0.0229506 0.0459013 0.0725763 0.0725763 0.0946279 0.0229506 0.0725763 0.0725763 0.0918025 
0.0259718 0 0.0936428 0.139863 0.0779155 0.0779155 0.0367297 0.0821302 0.0821302 0.0821302 
0.0593809 0.0593809 0.0751116 0.109493 0.0839773 0.0957488 0.0593809 0.0375558 0.109493 0.135409 
0.0769089 0.0271914 0.0271914 0.108766 0.14643 0.0815742 0.0815742 0.0608018 0.0271914 0.0608018 
0.127694 0.120909 0.0749848 0.134137 0.0977682 0.127694 0.0530222 0.0237123 0.0237123 0.0530222 
0.0731218 0.0545018 0.0770772 0.0770772 0.0878815 0.0487479 0.124283 0.0243739 0.0770772 0.0545018 
0.0629816 0.0398331 0.0563324 0.0398331 0.0398331 0.0563324 0.0281662 0.0398331 0.0629816 0.0281662 
0.0672673 0.0425436 0.0300828 0.0601657 0.0300828 0.0672673 0.0475652 0.0212718 0.0672673 0.0475652 
0.0514259 0.057496 0.0927094 0.057496 0.0727273 0.025713 0.025713 0.0363636 0.057496 0.025713 
0.0387419 0.0547894 0.122513 0.109579 0.116226 0.098773 0.0612564 0.0821841 0.0547894 0.0612564 
0.376491 0.0572481 0.244564 0.0404805 0.0640053 0.183283 0.080961 0.0640053 0.166905 0.0572481 
0.0255551 0.0255551 0.0571429 0 0.0511101 0.0361403 0.0571429 0.0571429 0.0571429 0.0722806 
0.0376822 0.0753645 0.119162 0.0799361 0 0.0960712 0 0.0595808 0 0.188411 
0.0558973 0.0353526 0.0707052 0.106058 0.176763 0.10307 0.0558973 0.0749941 0.0353526 0.0749941 
0.0561612 0.0710389 0.0794239 0.0905572 0.0753481 0.103556 0.025116 0.103556 0.0794239 0.0561612 
0.0246895 0.0349162 0.104749 0.0698324 0.0987579 0.049379 0.049379 0 0.0349162 0.0246895 
0.0276079 0 0.0276079 0.11383 0.0276079 0.110432 0.0617331 0.0390434 0.0390434 0.0552158 
0.076444 0.0341868 0.108108 0.0241737 0.0540541 0.0871595 0.0241737 0.0540541 0.0483474 0.0241737 
0.28926 0.0584393 0.0653372 0.0413228 0.0826457 0.146098 0.0413228 0.0292197 0.105353 0.184801 
0.0241737 0.0683736 0.0540541 0.229332 0.0871595 0.0683736 0.120869 0.0725211 0.0966948 0.0540541 
0.0220273 0.12844 0.110136 0.0696564 0.0492545 0.0220273 0.0660819 0.0440546 0.0492545 0.0908208 
0.0481056 0.0240528 0.0721583 0.0680315 0.0991722 0.102047 0.0240528 0.0240528 0.0240528 0.0481056 
0.0488496 0.0345418 0.122124 0.14242 0.156395 0.0690837 0.0488496 0.0772379 0.0546155 0.0244248 
0.135184 0.0983607 0.163934 0.0733137 0.139103 0.0327869 0.0463677 0.0463677 0 0.0327869 
0.0422106 0 0.0667409 0.123064 0.0298474 0.0667409 0.0596948 0.0422106 0.0298474 0.0667409 
0.0307111 0.0307111 0.0307111 0.110731 0.0971171 0.130296 0.0307111 0.0686722 0.0686722 0.0868642 
0.0740233 0.0370117 0.130856 0.0827606 0.0585206 0.0585206 0.0785136 0.0370117 0.0585206 0.0370117 
0.0735159 0.0735159 0.0490106 0.124953 0.0346557 0.0693115 0.0547955 0.0245053 0.0245053 0.0245053 
0.0266572 0 0.0961139 0.133286 0.0266572 0.037699 0 0.037699 0.0266572 0.037699 
0.0352865 0.0557928 0.078903 0.0557928 0 0.0499026 0.0249513 0.0249513 0.070573 0.070573 
0 0.0568696 0.0568696 0.0568696 0.0804258 0.0508657 0.0254329 0.071935 0.0359675 0.0254329 
0 0.036582 0.0578412 0.0932661 0 0.0517347 0.0578412 0.036582 0.0517347 0.0578412 
0.0270246 0.0974384 0.076437 0.0270246 0.0540491 0.0540491 0.0270246 0.0604287 0.0270246 0.0270246 
0.0664823 0.0594635 0.0940201 0.148659 0.0840941 0.0664823 0.151603 0.107199 0.0664823 0.0840941 
0.0970142 0 0.144898 0 0.11094 0.0601657 0 0 0.0601657 0.0269069 
0.0256389 0.0362589 0.13807 0.0810774 0.130733 0.0725178 0.0769168 0.0769168 0.0512778 0.0573304 
0 0.0784465 0.159057 0.340939 0.167434 0.204229 0.07396 0.467764 0.07396 0.167434 
0.0595808 0.0960712 0.0595808 0.0960712 0.0266454 0.0595808 0.0376822 0.106581 0.0376822 0.0595808 
0.0316842 0.112021 0.0923746 0.0224041 0.0633684 0.0500972 0.0500972 0.191421 0.100194 0.130637 
0.141666 0.0588235 0.0263067 0.083189 0.117647 0.108465 0.0588235 0.07892 0.160017 0.131533 
0.0262953 0.0262953 0.0587981 0.131477 0.108418 0.0262953 0 0.0525906 0.0587981 0.0525906 
0.0252659 0.0357314 0.0564963 0.0252659 0.0505318 0.0357314 0.0564963 0.0357314 0.0910975 0.0252659 
0.0524828 0.0742218 0.148444 0.033193 0.0742218 0.0967735 0.0524828 0.046942 0.046942 0.093884 
0.0348764 0.0779859 0.0551444 0.0889176 0.0779859 0.104629 0.0697527 0.110289 0.0551444 0.0889176 
0.0353443 0.0249922 0.0353443 0.0558842 0.0249922 0.0353443 0.0249922 0.0249922 0 0.0353443 
0.026259 0 0.058717 0.108269 0.105036 0.183813 0.052518 0.058717 0.131295 0.0742717 
0.057687 0.0364844 0.103194 0.201492 0.128992 0.057687 0.0257984 0.103194 0.0257984 0.0364844 
0 0.0526134 0.0588235 0.105227 0.0263067 0.0588235 0.0372033 0.083189 0.0372033 0 
0.0280994 0.0628322 0.0842983 0.0561988 0.0280994 0.0888582 0.0397386 0.0628322 0.0888582 0.0397386 
0.0228919 0.0323741 0.0511879 0.123277 0.0457839 0.0323741 0.0686758 0.0686758 0.0323741 0.0323741 
0.025939 0.025939 0.116003 0.132264 0.0733667 0.11005 0.0580015 0.025939 0.0935246 0.0733667 
0.0340675 0.0681351 0.0481788 0.122832 0.0993231 0.0340675 0.102203 0.0993231 0.0868555 0.0868555 
0 0.0387419 0.0387419 0.136973 0.0547894 0.0547894 0.0612564 0.147525 0.0866296 0.098773 
0.0388331 0.0549183 0.0868335 0.295744 0.137296 0.140015 0.0868335 0.0388331 0.0868335 0.0990054 
0.0546104 0.0273052 0.0386154 0.0863466 0.0610562 0.0546104 0.0610562 0.0386154 0.0273052 0.0273052 
0.0832106 0.0832106 0.052627 0.117678 0.108493 0.131568 0 0.131568 0.0744259 0.134173 
0 0 0.0277671 0.0878072 0.0392686 0.0620891 0.0277671 0.0833012 0.0620891 0.0620891 
0 0.0744065 0.0744065 0.352941 0.239954 0.0526134 0.117647 0.171297 0 0.0970142 
0.0499026 0.0557928 0.0499026 0.0899632 0.0249513 0.0998053 0.0249513 0.0557928 0.0899632 0.0557928 
0.0487587 0.0487587 0.0545139 0.163542 0.0689553 0.0975175 0.0243794 0.0545139 0.0545139 0.0545139 
0.0245403 0.109748 0.104116 0.0548739 0.0347053 0.0884814 0.0347053 0.0548739 0.0245403 0.0884814 
0.0778204 0.0615225 0.0615225 0.0389102 0.0870059 0.0550274 0.082541 0.0615225 0.0615225 0.137568 
0.0241332 0.0539635 0.0539635 0.275161 0.107927 0.14072 0.0870135 0.0341295 0.0763159 0.068259 
0.0361403 0.105366 0.0571429 0.0571429 0.0808122 0.0255551 0.0722806 0.0255551 0.161624 0.0921401 
0 0.0246914 0.0780809 0.0552116 0.0349189 0.089026 0.0246914 0.0698377 0 0 
0.0540343 0.111395 0.0604122 0.0604122 0.0604122 0.0604122 0.0540343 0.0270172 0.0854358 0.0604122 
0.0380521 0.0380521 0.0601657 0.0807207 0.134535 0.0601657 0 0.0850871 0.0538138 0 
0.0527046 0.0333333 0.0527046 0.0235702 0.0527046 0.0333333 0.0471405 0.0527046 0.0527046 0.0745356 
0.0596417 0.0843461 0.0666815 0.0666815 0.0421731 0.0894626 0.0596417 0.0666815 0 0.0421731 
0.0495339 0.0495339 0.123835 0.123835 0.0990679 0.123835 0.0553806 0.0553806 0.07832 0.0700516 
0 0.0363186 0.272994 0.0363186 0.195582 0.162422 0.138297 0.0256812 0.242276 0.105886 
0.0262953 0.0587981 0.0831531 0.0587981 0.0262953 0.0371872 0.0587981 0.0831531 0.0525906 0.0371872 
0.034493 0.0771287 0.100564 0.131345 0.068986 0.121951 0.097561 0.0243902 0.0771287 0.100564 
0.0248759 0 0.0786646 0.0896914 0.0746278 0.0248759 0.0351799 0.0556243 0.0556243 0.0497519 
0.0367607 0.0581238 0.0779813 0.129969 0.0581238 0.0937218 0.0937218 0.0259938 0.0937218 0.116248 
0.0689399 0.0770772 0.0878815 0.100496 0.100496 0.0545018 0.0689399 0.0770772 0 0.03447 
0.0390994 0 0.0276474 0.0276474 0.0996842 0.0996842 0.0829423 0.0390994 0.0390994 0.0390994 
0.085467 0.085467 0.0974473 0.085467 0.038222 0.0604343 0.038222 0.0540541 0.038222 0.0604343 
0.301404 0.0532813 0.16849 0.0532813 0.238281 0.213125 0.119141 0.0376755 0.266406 0.252735 
0.046942 0.023471 0.119679 0.066386 0.0742218 0.170872 0.023471 0.0524828 0.126395 0.104966 
0.0246895 0.0246895 0.0246895 0.101797 0.0740684 0.110415 0.0246895 0.0349162 0.0552073 0.0246895 
0.0546155 0 0.0244248 0.0732743 0.109231 0.0732743 0.0244248 0.100706 0.0488496 0.0546155 
0.0348234 0.0738717 0.0348234 0.125558 0.0887827 0.0550607 0 0.0348234 0.0492478 0.0778676 
0.0814801 0.0576151 0.185803 0.138756 0.0814801 0.0929016 0.0257663 0.0257663 0.0772988 0.128831 
0.0362143 0.0362143 0 0.0362143 0.0256074 0.0256074 0.0362143 0 0.0256074 0.0256074 
0.058717 0.026259 0.026259 0.133895 0.052518 0.117434 0.058717 0.052518 0.052518 0.0830383 
0.0535672 0.023956 0.11978 0.0958238 0.0535672 0.0757554 0.023956 0.023956 0.0479119 0.0677577 
0.0265162 0.0592921 0.187498 0.142794 0.167703 0.0956057 0.0592921 0.109329 0.0530325 0.0374996 
0.138053 0.0888953 0.129362 0.0431206 0.0482103 0.0482103 0.0964205 0.107801 0.0964205 0.0431206 
0.0580797 0.025974 0.0580797 0.0821371 0.181818 0.0821371 0.0580797 0.0580797 0.025974 0.0367328 
0.0942809 0.0522976 0.0826898 0.175412 0.175412 0.0826898 0.0522976 0.104595 0.107814 0.03698 
0.0353305 0 0.0558624 0.124912 0.0499649 0.145671 0.201415 0.0499649 0.0790014 0.0900755 
0 0.0243613 0.0689041 0.103356 0.124219 0.0487226 0.034452 0.0487226 0.0544735 0.0243613 
0.052627 0.0372129 0.0588388 0.052627 0.0588388 0.0588388 0.0263135 0.052627 0 0.0588388 
0.0340675 0.0240894 0.0868555 0.0761774 0.0481788 0.0240894 0.0240894 0.0340675 0.0481788 0.0681351 
0.0448985 0.0224492 0.859252 0.727092 0.845058 0.612745 0.050198 0.050198 0.0925606 0.031748 
0.0518781 0.0580015 0.0580015 0.0366834 0.0366834 0.0580015 0.0580015 0.0820265 0.0580015 0.0518781 
0.126461 0 0.136202 0.0357685 0.128965 0.0357685 0 0.0357685 0.0357685 0.0505843 
0.0579576 0.0259194 0.0579576 0 0.0579576 0.0366556 0.0579576 0.0259194 0.0733112 0.0366556 
0.0252177 0 0.0356632 0.0797452 0.0252177 0.075653 0.0563884 0.0356632 0.0252177 0.0504353 
0.0784465 0 0.0744208 0.05547 0.0350823 0.0744208 0.0248069 0.0248069 0 0.0248069 
0.0268293 0.163196 0.080488 0.15177 0.0848418 0.113827 0.0758848 0.193469 0.163196 0.169684 
0.0921401 0.0571429 0.18428 0.0808122 0.0361403 0.0808122 0.0255551 0.0511101 0.0571429 0.0571429 
0.131758 0.100879 0.0773707 0.0547094 0.100879 0.0547094 0.103804 0.0244668 0.0547094 0.0346012 
0.0518781 0.103756 0 0.0935246 0.0820265 0.0580015 0.0366834 0.0733667 0.0366834 0 
0.0719764 0.053648 0.119961 0.0865049 0.0989221 0.06786 0.053648 0.0239921 0.03393 0.0239921 
0.023608 0.052789 0.166934 0.105578 0.0851197 0.120377 0.023608 0.052789 0.158367 0.0973381 
0.0569572 0.025472 0.459203 0.382928 0.332115 0.382928 0.025472 0.0360229 0.025472 0.025472 
0.0265817 0.0797452 0.0265817 0.0958418 0.0958418 0.143147 0.0531635 0.0594386 0.109599 0.0375923 
0.0256074 0.0256074 0.0256074 0.128037 0.0572598 0.0512148 0.0362143 0.0809776 0.0572598 0.0256074 
0.0447633 0 0.0949574 0.0707771 0 0.120529 0.0223817 0.0316525 0.0223817 0.0223817 
0.0273562 0.0273562 0.0773751 0.0986343 0.0273562 0.0386875 0.0273562 0 0.0273562 0.0547124 
0 0.10652 0.129175 0.165424 0.10334 0.139126 0.15501 0.0365362 0.0931493 0.131733 
0.0249688 0.055832 0.0706225 0.055832 0.0249688 0.0499376 0.055832 0.0353112 0.0353112 0.0353112 
0.0281244 0.0889372 0.0795479 0.0628881 0.0795479 0.0795479 0.101404 0.143407 0.0562488 0.0281244 
0.0910176 0.0798278 0.0714001 0.0798278 0.104083 0.0910176 0.0357001 0.0357001 0.0252438 0.100975 
0.0634745 0.0401448 0.141933 0.0401448 0 0.0401448 0.0283866 0.0634745 0.0283866 0.0283866 
0.0586614 0.0371007 0.0586614 0.117323 0.0787025 0.0371007 0.0787025 0.0586614 0.0262342 0.0371007 
0.0916578 0.0648119 0.0512383 0.0512383 0.174511 0.153715 0.0512383 0.0512383 0.0324059 0.0826192 
0.0487769 0.0487769 0.0689809 0.0545342 0.0689809 0.0344904 0.0243884 0.0487769 0.0243884 0.0243884 
0.0999136 0.027711 0.08763 0.0619638 0.08763 0.027711 0.0554221 0.0391893 0.0619638 0.027711 
0.0529071 0.0236608 0.0529071 0 0.149644 0.0975559 0.0236608 0 0.0236608 0.0748219 
0.0304255 0.0680335 0.0680335 0.0430282 0.060851 0.125448 0.0430282 0.060851 0.129084 0.152128 
0.0929981 0.0657596 0.0882258 0.0929981 0.0929981 0.0657596 0.147043 0.04159 0.08318 0.0294086 
0.0595808 0.0376822 0.0266454 0.0799361 0.0376822 0.0266454 0.0532907 0.0376822 0.0960712 0.0595808 
0.112137 0.0250746 0.0250746 0.214237 0.0792927 0.103385 0.135031 0.127856 0.103385 0.20677 
0 0.034075 0.0761939 0.0538772 0.0240946 0.034075 0.0240946 0.0240946 0.0868744 0.0481893 
0 0.0259718 0.0936428 0.0259718 0.0519437 0.0259718 0.0367297 0.0259718 0.0734594 0.0821302 
0.0875247 0.024275 0.024275 0.06866 0.024275 0.0542805 0 0.04855 0.024275 0 
0.0332733 0.0332733 0.0526097 0.0235278 0.0332733 0.0332733 0.0470556 0.0848306 0.0744014 0.0848306 
0 0.0231792 0.0835736 0.0327803 0.0983408 0.0463583 0.0231792 0.0518302 0.0463583 0.0231792 
0.075848 0.0719557 0.0959409 0.0719557 0.0959409 0.0988936 0.0239852 0.0536326 0.107265 0.129164 
0.107229 0.0735587 0.0822412 0.0780208 0.0937694 0.260069 0 0.0735587 0.0937694 0.130035 
0.0631132 0.0399163 0.0892555 0.0399163 0.0798325 0.151997 0.0399163 0.0846752 0.0798325 0.0399163 
0.0778171 0.025939 0.0518781 0.025939 0.0820265 0.164053 0.106949 0.116003 0.0935246 0.0518781 
0.0222208 0.0222208 0.0801184 0.0942751 0.356227 0.0801184 0.031425 0.0444417 0.0496873 0.0702685 
0.0219199 0.0219199 0.0438397 0.140356 0.0490143 0.0309994 0.0438397 0.0438397 0.11177 0.0438397 
0.0310741 0.0310741 0.0792238 0.124296 0.440003 0.0621482 0.098265 0.901149 0.0491325 0.0219727 
0.0307692 0.0217571 0.0615385 0.117166 0.0435143 0.0217571 0.0688021 0.0897069 0.0217571 0 
0.0232417 0 0 0.0734966 0.116208 0.0232417 0.0232417 0.0232417 0.05197 0.05197 
0.0752259 0.125184 0.0625918 0.26391 0.16821 0.106386 0.0590121 0.10432 0.0860241 0.133594 
0.0961139 0.0753979 0.119215 0.0961139 0.133286 0.119215 0.0266572 0.0842974 0.0799716 0.0596073 
0.0596073 0.0842974 0.0753979 0.037699 0.0753979 0.0596073 0 0.037699 0.143553 0.037699 
0.0630802 0.0223022 0.111511 0 0.0705258 0.0223022 0.0630802 0.0669066 0.0919544 0.0498693 
0.0519087 0.0935797 0.0519087 0.0259543 0.139768 0.0580357 0.0519087 0.110115 0.0580357 0.0580357 
0.0780334 0.0348976 0.0551779 0.0246763 0.074029 0.0551779 0.0246763 0.0780334 0.132886 0.0348976 
0.0507902 0.0227141 0.0321226 0.0507902 0 0.0227141 0.0321226 0.0681422 0.0642451 0.10158 
0.0339887 0.0339887 0.0866546 0.0339887 0.0866546 0.0990934 0.0339887 0.0537409 0.0760011 0.072101 
0.0465085 0.0465085 0.0465085 0.0232542 0.0735364 0.0328865 0 0.0735364 0.0519981 0.0328865 
0.0945886 0.0945886 0.0829597 0.165919 0.104937 0.0371007 0.0829597 0.108166 0.0586614 0.0586614 
0.0241051 0.0340898 0.0539007 0.120526 0.146626 0.0762271 0.0869123 0.0869123 0.0241051 0.0241051 
0.0637002 0.0300285 0.0300285 0.0765581 0.0765581 0.0474793 0.0765581 0.0212334 0.0474793 0.0949586 
0.0499026 0.0557928 0.0352865 0.0249513 0.0499026 0.0249513 0.078903 0 0.0249513 0.0249513 
0.0657374 0.0328687 0.05197 0.0232417 0.0837991 0.0464834 0.0232417 0.0232417 0.05197 0.05197 
0.05197 0.0328687 0.0958279 0.0986061 0.0232417 0.0232417 0 0.10394 0.12516 0.0837991 
0.0790508 0.0749941 0.0353526 0.0499961 0 0.0499961 0.0499961 0.024998 0.0499961 0.0558973 
0.0662584 0 0.0523819 0.136595 0.0740792 0.0844632 0.0468518 0.0523819 0.0523819 0.0331292 
0.0448054 0.0448054 0.0672082 0.0224027 0.0807742 0.0224027 0.0224027 0.0448054 0.050094 0.050094 
0.024383 0.0689655 0.024383 0.0344828 0.0344828 0.0344828 0.0879141 0.048766 0.0689655 0 
0.0734619 0.0985595 0.0328532 0.0519454 0.0957826 0.199838 0.0696921 0 0.0232307 0.0232307 
0.0759299 0.0759299 0.0339569 0.0536906 0.0480223 0.0240111 0.0480223 0.0536906 0.0339569 0.0480223 
0.0725763 0.0229506 0.0324571 0.0229506 0.0229506 0.0324571 0.0513192 0.0513192 0.0688519 0.102638 
0.0573304 0.0256389 0.0924424 0.0512778 0.0512778 0.0924424 0.0362589 0.0810774 0.0810774 0.13807 
0.0531635 0.0531635 0.109599 0.0375923 0.109599 0.0594386 0.0594386 0.0265817 0.0797452 0 
0.0557451 0.02493 0.0557451 0.102789 0.0557451 0.12465 0.0352563 0.0705126 0.0898863 0.0705126 
0.0493677 0.101774 0.0246838 0.0551947 0.0493677 0.0493677 0 0.0349082 0.0551947 0.0349082 
0.105031 0.0846784 0.0234856 0.0525153 0.105031 0.0525153 0.0332136 0.0332136 0.0469711 0.0846784 
0.0519875 0.0328798 0.0232495 0.0464991 0.0735215 0.0735215 0.0328798 0.0464991 0.0657596 0.0519875 
0.0903996 0.0980522 0.0620136 0.0980522 0.109626 0.0490261 0.0310068 0 0.0310068 0.0693334 
0.0702728 0.0496904 0.0702728 0.031427 0.0496904 0.0496904 0.0702728 0.0444444 0.0666667 0.0666667 
0.0532359 0.128209 0.0336694 0.23448 0.191945 0.128209 0.0673387 1.09749 0.0858404 0.203414 
0.0240807 0.0340552 0.0340552 0.0240807 0.107692 0.053846 0.0481613 0.053846 0.072242 0.107692 
0.124357 0.0243884 0.0975537 0.0243884 0.0731653 0.077123 0.0243884 0.0879337 0.0545342 0.0487769 
0.0224027 0.0923688 0.0923688 0.0708436 0.0448054 0.0672082 0.0448054 0.0316822 0.0633645 0.050094 
0.0531306 0.0856706 0.0751381 0.0856706 0.0751381 0.0712822 0.0751381 0.0336028 0.0979681 0.0751381 
0.0720142 0.0938951 0.0322057 0.0509218 0.234461 0.101844 0.0322057 0.0644115 0.101844 0.0683187 
0.0478858 0.0605713 0.0957716 0.0772136 0.0677208 0.0856608 0.0677208 0.0478858 0.0428304 0.115324 
0.0605713 0.0478858 0.0214152 0.0856608 0.0772136 0.0214152 0.0642456 0.0478858 0 0.0677208 
0.0353333 0.0249844 0 0.0790076 0.0790076 0.0249844 0.0558668 0.127396 0 0.0558668 
0.0601759 0.0300879 0.0425508 0.0638262 0.0638262 0.0425508 0.0212754 0.0672787 0.0638262 0.0601759 
0.0406453 0.136328 0.0454428 0.0203226 0.0406453 0.0287406 0.0732743 0.0908856 0.0454428 0.0203226 
0.0527046 0 0.0527046 0.0707107 0.0235702 0 0.0745356 0.0235702 0.117851 0.1 
0.0349162 0.0246895 0.0552073 0.0246895 0 0.0246895 0.0552073 0.0349162 0.101797 0.049379 
0.0491436 0.0347498 0.0491436 0.109888 0.0694996 0.109888 0.0245718 0.0885949 0.0549442 0.0347498 
0.0266643 0.0596232 0.0266643 0.0799929 0.113127 0.075418 0.0596232 0.0266643 0.075418 0.0596232 
0.102047 0.0240528 0.0537837 0.0537837 0.0240528 0.0721583 0.0340158 0.0680315 0.0340158 0.0481056 
0 0.0223314 0.0446628 0.0669942 0.0499345 0.0631627 0.0315814 0.080517 0.0446628 0.0499345 
0.0839089 0 0.180453 0.0663358 0.0296663 0.151269 0.132672 0.61945 0.199007 0.180453 
0.0336503 0 0.0532058 0.0475887 0.0237944 0.0532058 0.0237944 0 0 0.0475887 
0.353333 0.113946 0.0999376 0.340375 0.254792 0.202358 0 0.0999376 0.202358 0.170188 
0.119246 0.0266643 0.075418 0.10994 0.0799929 0.0533286 0.075418 0.037709 0.0799929 0.0843199 
0.111002 0.0702035 0.0496414 0.031396 0.0496414 0.031396 0 0.0800443 0.031396 0.0496414 
0.033193 0.023471 0.0846259 0.033193 0.104966 0.0524828 0.023471 0.023471 0.023471 0.0524828 
0.0566093 0.0759494 0.0912798 0.113219 0.107409 0.0800577 0.0759494 0.0800577 0.0506329 0.0800577 
0.0728357 0.0460653 0.0515026 0.0460653 0.0325731 0.0515026 0.0230327 0.0230327 0.0515026 0.0460653 
0.130002 0.130002 0.18385 0.03677 0.0581386 0.164441 0.0581386 0.0735401 0.182002 0.03677 
0.0570585 0 0.100866 0.0637933 0.127587 0.108636 0.122709 0.383822 0.102864 0.0902174 
0.0934539 0.0579576 0.0259194 0.0366556 0.0366556 0.0259194 0.0259194 0.0259194 0.109967 0.0819645 
0.0307274 0.0434552 0.0921823 0.0614549 0.132164 0.0485844 0.0217276 0.0651827 0.117007 0.0434552 
0.222762 0.0818888 0.129478 0.0579042 0.10677 0.0776866 0.0933677 0.0517911 0.139452 0.0517911 
0.0485987 0.0485987 0.0307365 0.0485987 0.0485987 0.021734 0.0485987 0.043468 0.0307365 0.0485987 
0.0532058 0.0475887 0.0475887 0.0336503 0.0237944 0.0237944 0.0336503 0.0532058 0 0 
0.113047 0.025278 0.0565233 0.215975 0.159872 0.147395 0.0911411 0.113047 0.0911411 0.15376 
0.0439322 0.0310647 0.0310647 0.0791999 0.0219661 0.0694629 0.0310647 0.0694629 0.0621295 0.0439322 
0.0559673 0.0559673 0.0250293 0.103199 0.103199 0.0559673 0.0500587 0.0559673 0.0707937 0.0353968 
0.0963882 0.0378066 0.0267333 0.0597774 0.0845381 0.0845381 0 0.0845381 0.133666 0.11342 
0.0787687 0.0926869 0.0308956 0.0488503 0.0655395 0.0787687 0.0690847 0.0218465 0.0690847 0.0787687 
0.113739 0.0762986 0.127164 0.0359675 0.198637 0.170609 0.0254329 0.113739 0.16285 0.17803 
0.0557928 0.0352865 0.0557928 0 0.0249513 0.0352865 0.0557928 0.0557928 0.070573 0.0249513 
0.0932392 0.0906122 0.0310797 0.0491414 0.0219767 0.0659301 0 0.0932392 0.0491414 0.0906122 
0.0705443 0.0525806 0.141089 0.0705443 0.0847837 0.0665098 0.0332549 0.0525806 0.0665098 0.0235148 
0.0246146 0.0492291 0.0550398 0.101488 0.0550398 0.0246146 0 0.0778381 0.0550398 0.0246146 
0.0224705 0.0674115 0.0317781 0.0502455 0.0710579 0.0502455 0.089882 0.0674115 0.0224705 0.044941 
0.0853101 0.120647 0.0946431 0.0975559 0.0473215 0.0748219 0.0334614 0.0236608 0.0529071 0.0529071 
0.0632456 0.0282843 0.0632456 0.0282843 0.0565685 0 0.0632456 0.04 0.10198 0.0894427 
0.0982353 0.0491177 0.0905685 0.0219661 0.0694629 0.10983 0.0219661 0.0310647 0.0491177 0.0694629 
0.0476056 0.0532246 0.0238028 0.0981414 0.144787 0.0714083 0.0714083 0.0336622 0.0238028 0.0476056 
0.389019 0.544974 0 0.092264 0.465403 0.410319 0.0687695 0.0307547 0.206309 0.19451 
0.902806 0.08 0.0867722 0.069958 0.08 0.0970142 0.0433861 0.069958 0.124239 0.130158 
0.0695006 0.0695006 0.043956 0.0932448 0.10989 0.112066 0.0310816 0.160002 0.139001 0.160002 
0.0237273 0.100666 0.0237273 0.118636 0.0978301 0.0530558 0.0237273 0.0335554 0.0474546 0.0750322 
0.0446628 0.0223314 0.0223314 0.0315814 0.0315814 0.0223314 0.0315814 0.0499345 0.113868 0.0706181 
0.0679903 0.0304062 0.0961527 0.0679903 0.0645012 0.0480764 0.0430008 0.0679903 0.0886484 0.0215004 
0.0544735 0.0544735 0.034452 0.0770371 0.0243613 0.0243613 0.0243613 0.0770371 0.0730838 0.0544735 
0.0331292 0.0234259 0.0331292 0.0523819 0.0844632 0.0844632 0.0468518 0.0993876 0.0662584 0.0523819 
0.0981066 0.0475887 0.0713831 0.100951 0.0673006 0.0336503 0.0532058 0.0981066 0 0.0237944 
0.0909039 0.0303013 0.0958211 0.0642787 0.0479105 0.0606026 0.0303013 0.0214262 0 0 
0.104382 0.101266 0.104382 0.0759494 0.0800577 0.0566093 0.101266 0.126582 0 0.0358029 
0.0476968 0.0476968 0 0.0674535 0.0238484 0.0337268 0.0533267 0.0754153 0.0238484 0.0674535 
0.0982419 0.0231558 0.0327473 0.051778 0.0327473 0.051778 0 0.0231558 0.0231558 0.0327473 
0.058717 0.058717 0.052518 0.0371359 0.0830383 0.058717 0.0946783 0.052518 0.0946783 0.0946783 
0.0256642 0.0256642 0.057387 0.0256642 0.0925337 0.0513285 0.057387 0.0362947 0.0256642 0.0725894 
0.101774 0.0780571 0.0780571 0.0493677 0.104725 0.0780571 0 0.0780571 0 0.0349082 
0.0364269 0.0364269 0.0364269 0.128789 0.16493 0.0772731 0.081453 0.0515154 0.057596 0.0364269 
0 0.104194 0.149182 0.210976 0.15629 0.147352 0.0658978 0.0736759 0.0988467 0.0840035 
0.0871277 0.0540343 0.169154 0.0540343 0.0540343 0.0540343 0.0341743 0.0483298 0.0683486 0.0764161 
0.0947778 0.0514005 0.0726912 0.123789 0.0947778 0.0975255 0 0.0828808 0.0947778 0.065017 
0.0800443 0.0702035 0.0496414 0.031396 0.0992828 0.0666009 0.031396 0.0496414 0.125584 0.0992828 
0.0716472 0 0.0477648 0.119412 0.106805 0.0716472 0.0675496 0.0238824 0 0.0337748 
0.0232984 0.0520968 0.0960617 0.104194 0.0736759 0.0840035 0.0232984 0.0329489 0.0329489 0.104194 
0.0531795 0.0237826 0.0531795 0.0531795 0.128073 0.0531795 0 0.0713477 0.0531795 0.0531795 
0.042713 0.108897 0.0477546 0.077002 0.0302027 0.0477546 0.0675352 0.0604053 0.0213565 0.0640695 
0.180263 0 0.106058 0 0.152057 0.024998 0.0353526 0 0.024998 0.0707052 
0.0808401 0.0317081 0 0.0501349 0.0501349 0.0317081 0.0501349 0.10027 0.0501349 0.0709015 
0.0751593 0.0336123 0.0237675 0.159437 0.121191 0.118837 0.0531456 0.0856948 0.0751593 0.152186 
0.0534943 0.0239234 0.0534943 0.0534943 0.0239234 0.0478467 0.0338328 0.0338328 0.0239234 0 
0.0332756 0 0.133102 0.0705882 0.12671 0.0848365 0.0235294 0.0705882 0.0665512 0.0526134 
0.0463117 0.0463117 0.0463117 0.0926234 0.0231558 0.0694675 0.051778 0.115779 0 0.051778 
0.0561612 0 0.025116 0.025116 0.025116 0 0.0355194 0.0355194 0.025116 0.0561612 
0.273456 0.126949 0.0359066 0.104685 0.0718132 0.0567733 0.0567733 0.113547 0.126949 0.0915442 
0.0509978 0.0228069 0.0645077 0.0721219 0.0228069 0.0456139 0.0322539 0.0322539 0.0721219 0.0228069 
0.0227038 0.0227038 0.0818598 0.0321081 0.0717958 0.0681115 0 0.0321081 0.0227038 0 
0.0257513 0.0515026 0.0928477 0.0575817 0.0575817 0.0575817 0.0364178 0.115163 0.0364178 0.0257513 
0.0943858 0.0723906 0.0323741 0.0647481 0.0511879 0.0457839 0.0323741 0.0723906 0.0228919 0.0323741 
0.0441457 0.0220729 0.0910087 0.0493564 0.110364 0.172394 0.0662186 0.110364 0.128706 0.0662186 
0.0912505 0.075925 0.0253083 0.0253083 0.0565912 0.080032 0.0506167 0.0253083 0.162052 0.113182 
0.361975 0 0.11118 0.0314464 0.0497211 0.0801729 0.0444719 0.0497211 0.125786 0.0703163 
0.0263844 0.0263844 0.0527688 0.0373132 0.108786 0.134535 0.0746263 0.793728 0.108786 0.186566 
0.0742218 0.0524828 0.023471 0.0524828 0.023471 0.0524828 0.033193 0.023471 0.023471 0.0742218 
0.0677285 0.0302891 0.0957826 0.0856706 0.184242 0.0677285 0.0302891 0.121157 0.0428353 0 
0.0692448 0.02716 0.0543201 0.111984 0.0543201 0.019205 0.0692448 0.019205 0.019205 0.0692448 
0.0701808 0.0350904 0.074438 0.0554828 0.0554828 0.102305 0.0248127 0 0.0350904 0.0248127 
0.0923287 0 0.0572598 0.229039 0.153644 0.0256074 0.0256074 0.0362143 0.0923287 0.105582 
0.0727607 0 0.162698 0.323583 0.584103 0.0685994 0.0342997 0.0685994 0.0342997 0.0727607 
0.0491993 0.0347892 0.0550065 0.0886954 0.077791 0.0347892 0.0550065 0.0347892 0.0347892 0.0245997 
0.0224365 0.03173 0.283802 0.112183 0.0224365 0.150509 0.0448731 0.150509 0.0808961 0.0634601 
0.024767 0.0892986 0.024767 0.180306 0.0495339 0.0553806 0.0990679 0.180306 0.15664 0.0743009 
0.104956 0.0205836 0.131799 0.125205 0.184105 0.065091 0.120022 0.0291096 0.0920526 0.0582192 
0.0532322 0.0532322 0.159697 0.0981553 0.2034 0.0476123 0.0532322 0.033667 0.067334 0.067334 
0.115076 0.0813714 0.153435 0.146066 0.0383588 0.0977962 0.0606506 0.135619 0.0271238 0.181952 
0.0996708 0.0241737 0.10256 0.0241737 0.0540541 0.076444 0.0683736 0.0241737 0.0483474 0.0725211 
0.0349189 0.0493827 0 0.0552116 0.0246914 0.0246914 0 0.0246914 0 0.0780809 
0.119464 0.0398212 0.101525 0.0844735 0.0629629 0.125926 0 0.0281578 0.0796424 0.0563157 
0.0525552 0.0664777 0.0235034 0.0235034 0.0705102 0.0743243 0.0743243 0.0525552 0.0664777 0.0332388 
0.0720329 0.0966423 0.050935 0.10187 0.145856 0.0322141 0.0720329 0.0455576 0.0227788 0.10187 
0.0860504 0.0384829 0.108846 0.219386 0.115449 0.0860504 0 0.054423 0.121694 0.146538 
0.0259194 0.0579576 0.0579576 0.0579576 0.115915 0.0579576 0.0579576 0.0259194 0.0819645 0.0819645 
0.102376 0.0323741 0.129496 0.16187 0.144781 0.137352 0.0943858 0.0511879 0.0511879 0.0971222 
0.0349189 0.0780809 0.0349189 0.0552116 0.0493827 0.0349189 0.0552116 0.0246914 0.0552116 0.0246914 
0.0782727 0.0260909 0.0260909 0.0260909 0.104364 0 0.0737962 0.0521818 0.0260909 0.0825067 
0.0365362 0.025835 0.0577687 0.0931493 0.196753 0.180845 0.0365362 0.0516699 0.163395 0.139126 
0.0392232 0.0350823 0.0784465 0.0784465 0.0392232 0.05547 0.0175412 0.105247 0.0632456 0.0632456 
0.0235148 0.0332549 0.0525806 0.0525806 0.150568 0.0525806 0.0665098 0.137113 0.0470295 0.0235148 
0.0760616 0.0537837 0 0.144317 0.107567 0.0537837 0.0537837 0.0760616 0.0537837 0.146307 
0.132104 0.151979 0.151979 0.202639 0.34059 0.308151 0.213734 0.98702 0.181246 0.182656 
0.142857 0.0808122 0.0857143 0.117803 0.0404061 0.0638877 0.0857143 0.114286 0.0903508 0.103016 
0.356227 0.133043 0.15214 0.133043 0.0700116 0.105664 0.0495057 0.0825095 0.0233372 0.116686 
0.128491 0.0957716 0.0214152 0.0642456 0.0677208 0.0882971 0.0214152 0 0.0772136 0.0428304 
0.0439322 0.0219661 0.171561 0.128083 0.128083 0.0982353 0 0.0491177 0.140652 0.0791999 
0.0507379 0.0818124 0.0935561 0 0.0717542 0.0818124 0.0320895 0.0226907 0.068072 0.0320895 
0.0203817 0.057648 0.101908 0.0407633 0.0644524 0 0.057648 0.0407633 0.0407633 0.0455748 
0.264405 0.0687289 0.139165 0.132203 0.206187 0.179223 0.043468 0.043468 0.0971974 0.0896116 
0.0672217 0.0672217 0.0766445 0.0425147 0.0766445 0.0766445 0.0672217 0.0475329 0.0950658 0.0300624 
0.0640695 0.0213565 0.042713 0.106783 0.0880551 0.0640695 0.0477546 0.0213565 0.0675352 0.0640695 
0.0212983 0.0476245 0.0767921 0.171712 0.0673511 0.0673511 0.0476245 0.0212983 0.0952489 0.0878151 
0.0787771 0.026259 0.153115 0.176151 0.0371359 0.157554 0.108269 0.117434 0 0.105036 
0.0951464 0.0767095 0.106377 0.0672787 0.0672787 0.0672787 0.0672787 0.106377 0.0851016 0.0638262 
0.0871311 0.0597714 0.0422648 0.287432 0.14176 0.191362 0.0845296 0.0597714 0.0668265 0.215509 
0.342238 0.0840941 0.0470101 0 0.0594635 0.0210235 0.0470101 0.0297318 0.0420471 0.105118 
0.964087 0.0538772 0.0722839 0.0481893 0.034075 0.0481893 0.0868744 0.0240946 0.0868744 0.102225 
0.138993 0.0659301 0.0219767 0.0439534 0.0219767 0.0879068 0.0439534 0.14072 0.0792381 0.0659301 
0.162468 0.0450606 0.0901212 0.0201517 0.190111 0.0637253 0.0450606 0.0201517 0.0569976 0.0284988 
0.0348764 0.0551444 0.139505 0.0551444 0.198826 0.101681 0.0246613 0.0246613 0.0348764 0.0348764 
0.238149 0.0252438 0.225787 0.176706 0.0564467 0.0564467 0.0504875 0.0504875 0.0714001 0.0564467 
0.0224705 0.0502455 0.0502455 0.0224705 0.0317781 0.0224705 0.0953342 0.0224705 0.0502455 0.044941 
0.150594 0.050198 0.031748 0.031748 0.031748 0.0224492 0.0224492 0.0634961 0.0224492 0.0448985 
0.0666297 0.0496628 0.0666297 0.0222099 0.0222099 0.0314095 0.0496628 0.0496628 0.0496628 0.0314095 
0.0231558 0.0327473 0.0982419 0 0.130989 0.0654946 0.0732252 0.0654946 0.0327473 0.095474 
0.107754 0.113583 0.148094 0.0567916 0.0915737 0.0718363 0 0.0567916 0.0803155 0.0567916 
0.0777583 0.0819645 0.0579576 0.0819645 0.0579576 0.0819645 0.0934539 0.0777583 0.0579576 0.0259194 
0.0353112 0.0749064 0.0789583 0.0249688 0.127316 0.055832 0.0789583 0.055832 0.102949 0.0900263 
0.0796503 0 0.146868 0.0563213 0.0563213 0.0712414 0.0563213 0.0251876 0.112643 0.112643 
0.0317721 0.0810032 0.0710445 0.127088 0.0224662 0.0224662 0.050236 0.0710445 0.050236 0.0449325 
0.0261332 0.0369579 0.0522664 0.0826404 0.0783996 0.0369579 0.0261332 0.0783996 0.0261332 0.0369579 
0.029498 0.0466405 0.0932809 0.0417165 0.0417165 0.0860007 0.0659596 0.0659596 0.0466405 0.0466405 
0.0429215 0.0643823 0.0303501 0.085843 0.0303501 0.0479877 0.0910503 0.0773779 0.0678649 0.0214608 
0.0465217 0.075014 0.104026 0.0208051 0.075014 0.131583 0.0294229 0.0465217 0.0465217 0.0465217 
0.0455181 0.0287882 0.109622 0.0863645 0.0910361 0.0287882 0.101782 0.0910361 0.0910361 0.0839312 
0.0270246 0.0854592 0.181286 0.0974384 0 0.0382185 0.0810737 0.0604287 0.0604287 0.0270246 
0.0968468 0.0525226 0.222834 0.117444 0.241832 0.0742781 0.0525226 0.0234888 0.0332182 0.0525226 
0.112951 0.0612564 0.0387419 0.0273947 0.0547894 0.0273947 0.0273947 0.109579 0.0273947 0.0866296 
0.0931493 0.0833153 0.0931493 0.121452 0.0931493 0.179176 0.0416576 0.0658665 0.121452 0.0931493 
0.0474045 0.0847998 0.128954 0.0212 0.255281 0.135746 0.0635999 0.0423999 0.135746 0.0299813 
0.0525988 0.0235229 0.0470458 0.0705687 0.157796 0.0525988 0.0665328 0.0332664 0 0.0332664 
0 0.0328332 0.0232166 0.0519139 0.116083 0.0519139 0.0232166 0.0519139 0.0984997 0.0232166 
0.0459892 0.0459892 0.0829081 0.0514175 0.0689837 0.0459892 0.0650385 0.0514175 0.0727153 0.0229946 
0.039602 0.0713936 0.0713936 0.0280029 0.182556 0.0280029 0.0990051 0.0885528 0 0.0626163 
0.0513259 0.0229537 0.123609 0.0725858 0.0827606 0.0459073 0.0459073 0.0513259 0.0324614 0.0229537 
0.057087 0.057087 0.09205 0.0510601 0.12765 0 0.036105 0.057087 0.057087 0.0510601 
0.0475652 0.0336336 0.0752071 0.17314 0.0951303 0.106359 0.0336336 0.0237826 0.0237826 0.121268 
0.0875376 0.0485571 0.0343351 0.0485571 0.0485571 0.0343351 0.0343351 0.0485571 0.0485571 0.0242786 
0.0227273 0.0227273 0 0.0681818 0.0227273 0.0508197 0 0 0.0321412 0.0454545 
0.066564 0 0.0496139 0.0701646 0.022188 0.0496139 0.022188 0.0313786 0.0313786 0.0496139 
0.0306552 0.0306552 0.0484701 0.0306552 0.0781556 0.151735 0.0893744 0.0484701 0.0306552 0.0306552 
0.0493865 0.0312348 0.0796333 0.112619 0.0883452 0.0796333 0.0220863 0.0220863 0.0441726 0 
0.0837924 0.0908856 0.0454428 0.121936 0.0642658 0.103626 0.0642658 0.0203226 0.0454428 0.0454428 
0.061714 0.0487892 0.0487892 0.030857 0 0.0436384 0 0.0487892 0.0436384 0.0689983 
0.0456763 0.0510676 0.0722205 0.0228381 0.032298 0.0228381 0.0228381 0.0228381 0.0228381 0.032298 
0.0214744 0.0303693 0.0679079 0.0644231 0.0429487 0.0480181 0.0214744 0.0214744 0.0303693 0.0480181 
0.0673096 0.0501696 0.112183 0.0925082 0.0501696 0.0634601 0 0.0501696 0.0634601 0.03173 
0.0781878 0.0781878 0.110574 0.0685752 0.0685752 0.0685752 0.0216854 0.0781878 0.0781878 0.0685752 
0.0452187 0.0452187 0.0932207 0.0226093 0.0639489 0.0639489 0.0319744 0.0452187 0 0.0319744 
0 0.0314951 0.0497981 0.0995962 0.0918232 0.0222704 0.0668112 0.0314951 0.0222704 0.0497981 
0.0221119 0.0494438 0.031271 0.0494438 0 0.11056 0.031271 0.031271 0.0494438 0.0494438 
0.117041 0.065202 0.139165 0.132203 0.078363 0.0687289 0.0485987 0.043468 0.12673 0.061473 
0.0200997 0.0401995 0.0401995 0.0200997 0.0401995 0 0.0449444 0.0568507 0.0284253 0.0449444 
0.0324764 0.0324764 0.114821 0.137785 0.0513496 0.0649527 0.0649527 0.0229642 0.0649527 0.097429 
0.0205099 0.0205099 0.0458614 0.0290053 0.0739493 0.0458614 0.0739493 0 0.0205099 0.0410197 
0 0.0664364 0.0525226 0.0525226 0.0332182 0.0525226 0.0525226 0.0525226 0.0525226 0.0469776 
0.123609 0.0513259 0.0459073 0.0229537 0.0946404 0.068861 0.0513259 0 0.0513259 0.0973841 
0.0641335 0.050702 0.0680239 0.0320668 0.0320668 0.113373 0.0934899 0.0320668 0.0226746 0.0320668 
0 0.046942 0.093884 0.0742218 0.046942 0.033193 0.023471 0.033193 0.033193 0.023471 
0.030742 0.0434757 0.0869514 0.0434757 0.0486073 0.0486073 0.0486073 0.030742 0.0434757 0.0614839 
0.0934899 0.0320668 0.172685 0.050702 0.158722 0.137924 0.050702 0.0962003 0.122107 0.0817545 
0 0.0314095 0.0444198 0.0444198 0.0496628 0.0314095 0.0222099 0.0496628 0.0314095 0.062819 
0 0 0.141245 0.127316 0.127316 0.0900263 0.0353112 0.055832 0.0353112 0.0249688 
0.043468 0.043468 0.0307365 0.043468 0.0687289 0.021734 0.0485987 0.043468 0.078363 0.0485987 
0.0789384 0.0489555 0.0489555 0.0692336 0.0692336 0.0489555 0.0309622 0.0218936 0.0218936 0.0309622 
0.078266 0.0217071 0.0485385 0.0485385 0.0217071 0.0434142 0.0434142 0.0485385 0.0306985 0.0306985 
0.127775 0.070877 0.106315 0.150353 0.231031 0.134946 0.0560332 0.0354385 0.0560332 0.134946 
0.0212766 0.0300897 0.10849 0.0212766 0.0475759 0.0951518 0.0851064 0.0212766 0.0475759 0.0475759 
0.0229824 0.0459649 0.0828643 0.0828643 0.0919297 0.0919297 0.0459649 0.0229824 0.0975062 0.0459649 
0.232307 0.0232307 0.0837595 0.0837595 0.0734619 0.0657063 0.0232307 0 0.0985595 0.0519454 
0.022188 0.044376 0.0701646 0 0.0496139 0.0701646 0.0313786 0.0496139 0.022188 0.022188 
0.0628345 0.0702512 0.0496751 0.0444307 0.0496751 0.0222154 0.0496751 0.129537 0.0444307 0.0800986 
0.0526097 0.0470556 0.166367 0.0332733 0.0526097 0.117639 0.0848306 0 0.117639 0.0970075 
0.0303693 0.0429487 0.0480181 0.0214744 0.091108 0.0303693 0.0214744 0.0429487 0.0214744 0.0303693 
0.0338788 0.0757554 0.151511 0.0535672 0.0958238 0.0863744 0.0535672 0.0479119 0.0338788 0.0338788 
0.111522 0.0489058 0.0218713 0.0691632 0.0218713 0.0309307 0.0489058 0.0309307 0.0309307 0.0788582 
0.0469478 0 0.0757011 0.0419914 0.0663943 0.0663943 0.0296924 0.0209957 0.0296924 0.0629871 
0.0347053 0.0548739 0.0981614 0.0490807 0.0347053 0.101182 0.0245403 0.0548739 0.0347053 0.0548739 
0.0336503 0.0475887 0.0475887 0.171584 0.121328 0.121328 0.0752444 0.0673006 0.0752444 0.0237944 
0.0756261 0.029663 0.0663285 0.0629248 0.0419498 0.059326 0.0209749 0.0663285 0.0469013 0.0663285 
0.0194505 0 0.038901 0.0615079 0.038901 0.0434927 0.077802 0.0615079 0.0701298 0.0434927 
0.0520579 0.0520579 0.098773 0.0329243 0.069843 0.046562 0.046562 0.023281 0.0329243 0.046562 
0.124219 0.0770371 0.0689041 0.108947 0.0243613 0.0243613 0.034452 0.0730838 0.0730838 0.0544735 
0.126249 0.035015 0.188562 0.0553637 0.148556 0.110727 0.0553637 0.0742781 0.0700301 0.0247594 
0.12907 0 0.228536 0.0600165 0.181296 0.0424381 0.0474472 0.0765063 0.114268 0 
0.55839 0.0462127 0.138638 0.11782 0.0980319 0.0730687 0.0924253 0.231063 0.0980319 0.19054 
0.826609 0.0306678 0.122671 0.0613356 0.157872 0.0894112 0.0685752 0.308207 0.0433708 0.0433708 
0.784212 0.0681422 0.0642451 0.0642451 0.0963677 0.0936525 0.0227141 0.145441 0.0227141 0.0454282 
0.0728246 0.0451639 0.100989 0.0638714 0.0638714 0.0285641 0.0638714 0.12933 0.0571283 0.0201979 
0.243418 0.0301923 0.0675121 0.136702 0.150962 0.129862 0.0603847 0.72493 0.136702 0.0769757 
0.0747877 0.0622271 0.0414848 0.0747877 0.0622271 0.0880025 0.0414848 0.117337 0.0414848 0.0207424 
0.0328887 0.0735413 0.0328887 0.0465116 0.0520016 0.0657774 0.0697674 0.0328887 0.0735413 0.0232558 
0.0990013 0.0521783 0.0233348 0.0841349 0.0521783 0.0466696 0.0330004 0.0521783 0.0841349 0.0330004 
0.101535 0.0550649 0.155747 0.123129 0.143592 0.0985031 0 0.0246258 0.0550649 0.0550649 
0.0512148 0.0724286 0.155764 0 0.0256074 0.0724286 0.0923287 0.0572598 0.11452 0.0256074 
0.0503537 0.0318465 0.063693 0.112594 0.0225189 0.0675566 0.121268 0.0955395 0.0675566 0.0811929 
0.0795431 0.0795431 0.0503075 0.0251537 0.0355728 0.0562455 0.0754612 0.0562455 0.0355728 0.0754612 
0.0709908 0.0224492 0.0634961 0.0448985 0.089797 0.031748 0.0448985 0.114469 0.050198 0.0224492 
0.087587 0.0671762 0.0600842 0.087587 0.123867 0.087587 0.021243 0.120168 0.021243 0.0765926 
0.732059 0.0243884 0.0731653 0.077123 0.163603 0.131336 0 0.0344904 0.172452 0.131336 
0.0485385 0.0217071 0.0686439 0 0.0686439 0.0217071 0.0485385 0.0485385 0.0485385 0.0895006 
0.0767756 0.0767756 0.0686702 0.153551 0.0242786 0.0343351 0.0542885 0.147681 0.0728357 0.0343351 
0.069188 0.0656375 0.069188 0.0618836 0.0788865 0.0618836 0.0309418 0.0489233 0 0.0218792 
0.0246914 0.0349189 0.0349189 0 0.0740741 0.0552116 0.0349189 0.0349189 0.0780809 0.0552116 
0.0958211 0.0883427 0.155985 0.0772534 0.563637 0.107131 0.0303013 0.0772534 0.0428525 0.0428525 
0.0740792 0 0.117129 0.0662584 0.0468518 0.0740792 0.0234259 0.0234259 0.0234259 0.0234259 
0.0275137 0.0389102 0.0389102 0.099202 0.137568 0.0389102 0.0275137 0.0275137 0.0870059 0.0275137 
0.0628384 0.0496781 0.0444335 0.0444335 0.0496781 0 0.0222167 0.0444335 0.0496781 0.0702555 
0.0702555 0.0314192 0.0496781 0.0496781 0.0444335 0.0666502 0 0.0444335 0.0496781 0.0496781 
0.076444 0.0241737 0.0683736 0.076444 0.0341868 0.0341868 0 0.0241737 0.0540541 0.0483474 
0.0370117 0.0585206 0 0.0740233 0.0585206 0.0740233 0.0261712 0.0370117 0.0370117 0.0585206 
0.0803507 0.0378777 0.0267836 0.0535672 0.0267836 0.0378777 0.0598899 0.0378777 0.0846971 0.0535672 
0.0464332 0.0696498 0.118382 0.0519139 0.0957245 0.0928664 0.0656665 0 0.141221 0.0232166 
0.0593705 0.0531025 0.0593705 0.0796538 0.095732 0.0593705 0 0.0593705 0.0531025 0.118741 
0.0214744 0 0.156336 0 0.137503 0.0858975 0.0480181 0.0214744 0.0607387 0.0480181 
0.0377291 0 0.0533571 0.160071 0.0266785 0.059655 0.0266785 0 0.0800356 0.0266785 
0.050236 0.050236 0.025118 0.103564 0.0753541 0.103564 0.025118 0 0.050236 0.0355222 
0.0425436 0.0672673 0.150414 0.108465 0.0951303 0.0601657 0.0672673 0.0300828 0.0672673 0.0672673 
0.027711 0 0.114256 0.0554221 0.0619638 0.027711 0.0391893 0.027711 0.027711 0 
0.0810774 0.0362589 0.0256389 0.0256389 0.0725178 0.0362589 0.0573304 0 0.0725178 0.0924424 
0.0238095 0.047619 0.0238095 0.144828 0.106479 0.047619 0.0336718 0.0752923 0.0532397 0.0981692 
0.0919676 0.105169 0.0510144 0.0255072 0.0255072 0.0255072 0.0510144 0.0255072 0.0360727 0.180363 
0.0720458 0.0569572 0.050944 0.0569572 0.0918407 0.0720458 0.0569572 0.0360229 0.0569572 0.050944 
0.0259543 0.0519087 0.036705 0.0734099 0.0820748 0.0820748 0.0519087 0.0580357 0.0580357 0 
0.0495408 0.0313323 0.0626647 0.0700612 0.0221553 0.0443106 0.0495408 0.0626647 0.0443106 0.0221553 
0.0467365 0.0330477 0.0467365 0.0233683 0.0467365 0.119155 0.052253 0 0.0701047 0.0233683 
0.0704664 0.0525226 0.105045 0.117444 0.0939552 0.117444 0.0525226 0.0968468 0.0469776 0.0525226 
0.093473 0.0233683 0.116841 0.0467365 0.0963498 0.0660954 0.0467365 0.0330477 0.0701047 0.0330477 
0.0357571 0.0252841 0.0357571 0.0357571 0.0758522 0.0565369 0.0252841 0.0715141 0.0357571 0.0357571 
0.0323381 0 0.0228665 0.0646762 0.0723101 0.0228665 0.0228665 0.0228665 0.0914659 0.0646762 
0 0.0750322 0.0335554 0.0855499 0.0530558 0.0474546 0.0474546 0.0671109 0.0474546 0.0750322 
0.0269069 0.0380521 0.0601657 0.0601657 0.0850871 0.0601657 0.0761042 0.0601657 0.0269069 0.114156 
0.0952261 0 0.114448 0.08978 0.0709773 0.022445 0.022445 0.0501886 0.0809266 0.04489 
0.0687434 0.0512383 0.0458289 0.0324059 0.0648119 0.0229145 0.0512383 0.0229145 0.0512383 0.0324059 
0.0693334 0.0490261 0.171241 0.0310068 0.0438503 0.0310068 0.0903996 0.0438503 0.0490261 0.0693334 
0.0365362 0.0516699 0.0516699 0.025835 0.025835 0.0577687 0.0577687 0.0577687 0.0365362 0.0365362 
0.0463117 0.0231558 0.0732252 0.0463117 0.095474 0.0694675 0.051778 0.095474 0.0834896 0.0327473 
0.075088 0.0559673 0.0559673 0.0500587 0.0902446 0.0707937 0.0353968 0.0250293 0.127625 0.0791497 
0.0883655 0.0479229 0.227318 0.128591 0.0624839 0.0624839 0.0151546 0.0454637 0.110327 0.0546405 
1.28511 0.0563884 0.126088 0.0504353 0.135801 0.103975 0.0252177 0.632456 0.181847 0.0504353 
0.0294628 0.0589256 0.0416667 0.0751157 0.0208333 0 0.0465848 0.0465848 0.0416667 0.0465848 
0.0270048 0.0603847 0.108019 0.162029 0.0270048 0.0540097 0.0540097 0 0.114572 0.170794 
0 0.0259543 0.103817 0.0519087 0.132342 0.0935797 0.036705 0 0.0935797 0.036705 
0.0514719 0 0.102944 0.0230189 0.147393 0.0325537 0.0514719 0.0460379 0.0514719 0.0460379 
0.0532058 0 0.152358 0.0713831 0.0857918 0.0237944 0.0336503 0.0475887 0.0752444 0.0336503 
0.0349082 0.0780571 0.156114 0.0551947 0.0493677 0.0349082 0.0246838 0.101774 0.0740515 0.0780571 
0.0628881 0.0562488 0.112498 0.140622 0.0795479 0.0843733 0.0628881 0.125776 0.0843733 0.125776 
0.0681499 0.034075 0.0538772 0.0538772 0.034075 0.0963785 0.034075 0.0761939 0 0.0481893 
0 0.0685144 0.094164 0.0913525 0.0510676 0.0510676 0.0823441 0.0228381 0.0228381 0 
0.0837991 0.0464834 0.251397 0.169202 0.0929667 0.12516 0.05197 0.0328687 0.0929667 0.0837991 
0.0845503 0.0663267 0.0331633 0.0663267 0.0966869 0.0663267 0.0524359 0.0469001 0 0.0524359 
0.076444 0.0604343 0.076444 0.137811 0.135135 0.0540541 0.027027 0.0540541 0.027027 0.0604343 
0.0734174 0.0656665 0.512872 0.507058 0.906637 0.199717 0.0232166 0 0.0984997 0.0696498 
0.0470458 0.0235229 0.0332664 0.0470458 0.0525988 0.0940916 0.0235229 0.0235229 0.0525988 0.0525988 
0.0775343 0.0480847 0.0304114 0.107521 0.0961694 0.068002 0.0215041 0.0961694 0.130805 0.0304114 
0.135157 0.0927166 0 0.0983408 0.139075 0.0231792 0.135157 0.140993 0.0518302 0.0835736 
0.0433861 0.0485071 0.116821 0.108465 0.0650791 0.0433861 0.0306786 0.0685994 0.0433861 0.0306786 
0.025835 0.025835 0.0365362 0.0931493 0.0730723 0.025835 0.025835 0.0516699 0.0516699 0.0516699 
0.0810774 0.105712 0.0512778 0.0573304 0.114661 0.0725178 0.0769168 0.0810774 0.0810774 0.0512778 
0.023956 0.0338788 0.0338788 0.101637 0.160701 0.0535672 0.0535672 0.101637 0.0718679 0.0535672 
0.0766683 0.0999633 0.130561 0.102861 0.0685742 0.0874153 0 0.0484893 0.0874153 0.0685742 
0.107372 0.0607387 0.0214744 0.0214744 0.0774269 0.144054 0.0644231 0.0214744 0.0214744 0.0774269 
0.0774926 0.0547955 0.0490106 0.0346557 0.0774926 0.0774926 0 0.0346557 0.0980213 0.0547955 
0.0532397 0.0238095 0.0752923 0.0532397 0.152455 0.119048 0.0336718 0.0336718 0.144828 0 
0.0825067 0.0260909 0 0.0368981 0.0260909 0.058341 0.0521818 0.058341 0.0737962 0.0940721 
0.0537409 0.0537409 0.0268705 0.0380006 0.0600842 0.0537409 0.0380006 0.0600842 0.0600842 0.0380006 
0.0947277 0.0726529 0.082837 0.102747 0.0947277 0.0513733 0.0649827 0.0324913 0.0324913 0.0513733 
0.0541828 0.0270914 0.157969 0.0605783 0.162549 0.0812743 0.0270914 0.0383131 0.0270914 0.0383131 
0.0818165 0.0609824 0.0862422 0.115706 0.0272722 0.0862422 0.0272722 0.112446 0.0609824 0.0609824 
0.0247234 0.0349642 0.101937 0.0247234 0.0781823 0.0781823 0.0781823 0.0699284 0.104893 0.0699284 
0.19532 0.14448 0.136803 0.0379424 0.179977 0.156441 0.0848418 0.136803 0.254525 0.11062 
0.0567139 0.035869 0.0717381 0.0567139 0.0717381 0.035869 0.0253632 0.101453 0.0507265 0.0760897 
0.0521818 0.0233364 0.0660053 0.0737962 0.116682 0.0466728 0 0.0330027 0.0660053 0.0466728 
0.0721166 0.0339961 0.0537526 0.0537526 0.0991148 0.0866734 0.0339961 0.0866734 0.0679922 0.0866734 
0.0835877 0.0373815 0.0591054 0.0792982 0.0373815 0.0264327 0.0591054 0.0264327 0.0835877 0.0591054 
0.0833946 0.0231295 0.0833946 0.092518 0.115648 0.0981302 0.0327101 0 0.0833946 0.0517191 
0 0.0234888 0.0234888 0.0234888 0.0469776 0.0704664 0.0525226 0.0234888 0.0469776 0.0234888 
0.0761774 0.0538655 0.0481788 0.0240894 0.0340675 0 0.0340675 0.0240894 0.0240894 0.0340675 
0.0525988 0.0665328 0.0525988 0.0235229 0.084813 0.0470458 0.0525988 0.0525988 0.0743859 0.0525988 
0.0470588 0.0235294 0.0526134 0.0526134 0.119977 0.0235294 0.0848365 0.0941176 0.0332756 0.0332756 
0.025278 0.104224 0.101112 0.0799361 0.075834 0.15376 0.113047 0.178742 0.050556 0.0357485 
0.0563034 0.0563034 0 0.112607 0.103818 0.0251797 0.0503593 0.125898 0.0563034 0.0356094 
0 0.0269069 0 0.0850871 0.0850871 0.0601657 0.0601657 0.0269069 0.0850871 0.0601657 
0.0618261 0.0206087 0.0651704 0.0206087 0.123652 0.0412174 0.0291451 0.0743057 0.0206087 0.0412174 
0.0797257 0.031271 0 0.0911698 0.11056 0.031271 0.0221119 0.0494438 0.0221119 0.0221119 
0.050236 0.0926307 0.0926307 0.0710445 0.0224662 0.0224662 0.0953162 0.0224662 0.050236 0.050236 
0.0267644 0.0267644 0.179541 0.0757011 0.189253 0.110352 0.059847 0.107058 0.110352 0.0846364 
0.0263318 0.0372387 0.0263318 0.0372387 0.0588796 0.0588796 0.0588796 0.0263318 0.0372387 0 
0.0264327 0.0591054 0.0835877 0.132164 0.112145 0.0792982 0.0373815 0.0953046 0.0747631 0.0528655 
0.0586614 0.0371007 0.342052 0.159576 0.267537 0.0787025 0.0262342 0.0586614 0.0945886 0.0586614 
0.034075 0.0240946 0.0868744 0.0722839 0.034075 0.0481893 0.034075 0.0481893 0.0240946 0.0868744 
0.0302475 0 0.0302475 0.124714 0.0855529 0.176372 0 0.0604951 0.0676355 0.12099 
0.147086 0.0683936 0.184155 0.170984 0.295164 0.0341968 0.0341968 0.0241808 0.0341968 0.0483616 
0.030639 0.0685108 0.030639 0.0433301 0.0968889 0.12999 0.030639 0.0968889 0.153195 0.0968889 
0.0528664 0.0334357 0.0334357 0.0472852 0.0236426 0.0334357 0.0334357 0.0236426 0.0709277 0.0852445 
0.105409 0 0.137437 0.133333 0.0471405 0.0333333 0.0333333 0.406885 0.0745356 0.0333333 
0 0.0253083 0.0253083 0.0253083 0.080032 0 0.0253083 0.0357914 0.080032 0.0253083 
0.033193 0.033193 0.023471 0.070413 0.023471 0.093884 0.033193 0.0524828 0.023471 0.033193 
0.107085 0.107085 0.0821302 0.0259718 0.0936428 0.0519437 0.107085 0.103887 0.0779155 0.0936428 
0.166847 0.111231 0.105523 0.0994883 0.0703489 0.0497442 0.0896776 0.105523 0.0351744 0.0497442 
0.0387129 0.0821225 0.0547483 0.0774258 0.0273742 0.109497 0.0865647 0.0387129 0.112867 0.0865647 
0.125769 0.0711455 0.135457 0.159086 0.216381 0.183122 0.0503075 0.0906931 0.0355728 0.100615 
0.0498693 0.0315401 0.0223022 0.0997385 0.0892088 0.0498693 0.0223022 0.0498693 0.0498693 0.0498693 
0.0416644 0 0.0931644 0 0.0833288 0.0883835 0.106224 0.0294612 0.0858934 0.0465822 
0.0577531 0.144383 0.259889 0.0577531 0.318952 0.144383 0.0577531 0.0645699 0.119061 0.0913156 
0.0630943 0.0282166 0.101737 0.0564333 0.143877 0.141083 0.112867 0.11634 0.171635 0.20542 
0.0236063 0.070819 0.0527853 0.118032 0.0746497 0.0236063 0.0851138 0.0472126 0.0746497 0.0527853 
0.101633 0.0227258 0.0508164 0.0321391 0.113629 0.0819391 0.0321391 0.101633 0.0937009 0.0642783 
0.0240111 0.0759299 0.0720334 0.120056 0.140008 0.0960446 0.0679138 0 0.0759299 0.144067 
0.0895006 0.0434142 0.0434142 0.0613969 0.0434142 0.0613969 0.0895006 0.0485385 0.0970771 0.0485385 
0.0827497 0.0324571 0.0324571 0.0513192 0.114753 0.0649142 0.0725763 0.0513192 0.0229506 0 
0.0865434 0 0.0216358 0.0483792 0.0216358 0.0305977 0.0216358 0.0483792 0.0684186 0.0305977 
0.0360229 0.0569572 0.0569572 0.25087 0.25087 0.180114 0.0569572 0.0805496 0.0720458 0.185439 
0.0336336 0.0237826 0.0237826 0.0475652 0.0336336 0.0980581 0.0713477 0.0531795 0.128073 0.0531795 
0.107996 0.0763646 0.0947187 0.0299527 0.084719 0.0763646 0.0669762 0.128831 0.0211797 0.0669762 
0.0324614 0.0324614 0.0229537 0.0229537 0.0725858 0.0459073 0.0229537 0.0459073 0.0725858 0.0513259 
0.025641 0.0512821 0.0573351 0.155968 0.025641 0.0362619 0.025641 0.025641 0.0362619 0 
0.0561612 0.0355194 0.0502321 0.226044 0.12558 0.0355194 0.0561612 0.0561612 0.0561612 0.0905572 
0.0501696 0.0501696 0.0808961 0.0224365 0.120824 0.0634601 0.0709505 0.0501696 0.100339 0.0448731 
0.0238078 0.0238078 0.0476157 0.0532359 0.119039 0.075287 0.0532359 0.0532359 0.0532359 0.075287 
0.0852445 0.0709277 0.0236426 0.118213 0.0945703 0.0236426 0.0528664 0.0528664 0.0472852 0.0747644 
0 0.0519981 0.0519981 0 0.0958797 0.0519981 0.0657729 0.0232542 0.0958797 0.0735364 
0.0347053 0.0548739 0.0245403 0.132154 0.0548739 0.0347053 0.0548739 0.0884814 0.0548739 0.0245403 
0.038135 0.0269655 0.038135 0.111182 0.157235 0.0852725 0 0.0762701 0.0269655 0.038135 
0.0532058 0.0237944 0.0336503 0.0951774 0.118972 0.0981066 0.0237944 0.0713831 0.0981066 0.0532058 
0.0596073 0.0842974 0.0753979 0.0842974 0.0596073 0 0.0842974 0.0596073 0.037699 0.037699 
0.0325085 0.0514005 0.0726912 0.0726912 0.0947778 0.130034 0.0514005 0.102801 0.165762 0.145382 
0.0428108 0.0676897 0.0676897 0.0908153 0.0676897 0.0214054 0.0428108 0.0428108 0.0957278 0.107027 
0.0791497 0.0559673 0.0791497 0.0559673 0.0353968 0.075088 0.0559673 0.0559673 0.0902446 0.125147 
0.0592921 0.0530325 0.191211 0.0592921 0.161292 0.0265162 0.0956057 0.0592921 0.0265162 0 
0.0239852 0.0479705 0.0339202 0.139857 0.139857 0.119926 0.0239852 0.0239852 0.0536326 0.0536326 
0.0507796 0.0915442 0.0915442 0.193363 0.198301 0.129463 0.0802896 0.162574 0.0802896 0.0915442 
0.0263067 0.0588235 0.07892 0.0526134 0.0372033 0.0744065 0.0588235 0.0372033 0.0372033 0.0372033 
0.0558842 0.0249922 0.0353443 0.0249922 0.0790322 0.0901106 0.0249922 0.0249922 0.152022 0.0353443 
0.0845503 0.0741555 0.0524359 0.0331633 0.0741555 0.0938001 0.0966869 0.0741555 0.0741555 0.0845503 
0.13278 0.0593809 0.0593809 0.143008 0.0531119 0.112667 0.0796679 0.0839773 0.178143 0.13278 
0.0604343 0.0540541 0.038222 0.0540541 0.038222 0.0540541 0.111435 0.085467 0.027027 0.027027 
0.0588439 0.0832178 0.0263158 0.105263 0.0832178 0 0.105263 0.131579 0.0588439 0.0372161 
0.0474546 0.0474546 0.0855499 0.0855499 0.100666 0.0335554 0.0671109 0.0711818 0.0530558 0.0711818 
0.0260069 0.0581533 0.0520139 0.209675 0.13261 0.104028 0.130035 0.116307 0.0937694 0.0367794 
0.0328865 0.0519981 0.493297 0.372794 0.884884 0.209288 0.0232542 0.0465085 0.0958797 0.118574 
0.031396 0.0888012 0.0444006 0.133202 0.0444006 0.0222003 0.0888012 0.031396 0.0666009 0.0222003 
0.0634601 0.0224365 0.203171 0.03173 0.130826 0.0897461 0.03173 0.0501696 0.114404 0.0634601 
0.100676 0.100676 0.136934 0.343627 0.37467 0.19234 0.0636728 0.0711884 0.0811672 0.171444 
0.0828643 0.0919297 0.0726768 0 0.0726768 0.0828643 0.094759 0.0919297 0.102781 0.147159 
0.025 0.05 0.0707107 0.0901388 0.0559017 0 0.0559017 0.05 0.05 0.0559017 
0.0481613 0.0240807 0.0992871 0.122788 0.120403 0.129678 0.053846 0 0.168565 0.053846 
0.0350823 0.0992278 0 0.126491 0.0784465 0.0350823 0.124035 0.406864 0.0248069 0.05547 
0.0817545 0.0226746 0.0817545 0.0906985 0.115618 0.0717035 0.0680239 0.0962003 0.160334 0.0817545 
0.0479119 0.0338788 0.0535672 0.0479119 0.0535672 0 0.0535672 0.098773 0.0757554 0.139686 
0.0791497 0.0791497 0.075088 0.0250293 0.160266 0.106191 0.0559673 0 0.0250293 0.0250293 
0.103996 0.0328865 0.118574 0.0838444 0.103996 0.0958797 0.0328865 0.0328865 0.0838444 0.0697627 
0.0249688 0.0900263 0.111664 0.141245 0.055832 0.055832 0.055832 0.0789583 0.0499376 0.0706225 
0.023749 0.0335862 0.023749 0.0856283 0.047498 0.100759 0.075101 0.0949961 0.071247 0.047498 
0.025939 0.0366834 0 0.0580015 0.0820265 0.0518781 0.0820265 0.0580015 0.0820265 0.0518781 
0.0629317 0.101474 0.204891 0.119404 0.0562878 0.0562878 0.0562878 0.0398015 0.0281439 0.14072 
0.0998082 0.0553637 0.078296 0.078296 0.039148 0.0276818 0.117444 0.123797 0.0618984 0.0618984 
0.0378472 0.026762 0.0756943 0.026762 0.0846288 0.0598416 0 0.0846288 0.0598416 0.080286 
0.087841 0.087841 0.062113 0.149588 0 0.062113 0.117851 0.0833333 0.0277778 0.062113 
0.055832 0.055832 0.0789583 0.180053 0.055832 0.0499376 0.0789583 0.0353112 0.0499376 0.0353112 
0.0612392 0.038731 0.027387 0.136935 0.0774621 0 0.027387 0.038731 0.038731 0.027387 
0.0370593 0.0370593 0.0828671 0.0786146 0.0262049 0.133619 0.0370593 0.0262049 0.0524097 0.0370593 
0.0515813 0.072947 0.0951113 0.0326229 0.0692036 0.0326229 0.103163 0.0692036 0.0515813 0.0515813 
0.0323381 0 0.0323381 0.051131 0.102262 0.102262 0 0.0824463 0 0.102262 
0.0688021 0.034401 0.0243252 0.034401 0.0543928 0.0243252 0.0769231 0.0769231 0.0486504 0.034401 
0.0518302 0.0231792 0.0463583 0.0835736 0.0655606 0.115896 0 0.0518302 0.0732989 0.0732989 
0.0615225 0.0389102 0.0275137 0.165082 0.137568 0.160431 0 0.0615225 0.0275137 0.099202 
0.0761694 0.0253898 0.0718132 0.10772 0.160579 0.0253898 0.104685 0.0718132 0.0567733 0.0567733 
0.0745298 0.0496866 0.0555513 0.124216 0.0496866 0.0248433 0.0496866 0.0248433 0.0351337 0.0555513 
0.0251797 0.0251797 0.106828 0.0251797 0.103818 0.0356094 0.0356094 0.0251797 0.0563034 0.0251797 
0.0545018 0.03447 0.0689399 0.03447 0 0.0545018 0.03447 0.0487479 0.12187 0.0689399 
0.0429993 0.0859986 0.0271952 0.0792868 0.261555 0.12162 0.0429993 0.0961494 0.0693343 0.0576896 
0.0442786 0.0792079 0.0713971 0.0840127 0.0713971 0.0442786 0.0816457 0.120451 0.019802 0.0442786 
0.0705102 0.0525552 0.0525552 0.0235034 0.0664777 0.0705102 0.0470068 0.0525552 0.0525552 0.0525552 
0.0856283 0.075101 0.0531044 0.0531044 0.202912 0.0335862 0.047498 0.0531044 0.023749 0.047498 
0.0835877 0.0373815 0.206446 0.0591054 0.275966 0.0264327 0.0528655 0 0.0835877 0.0835877 
0.0231994 0.0518755 0.0463988 0.0518755 0.073363 0.0656179 0.0328089 0.0463988 0.0656179 0.0328089 
0 0 0.0578702 0.183002 0.173611 0.11574 0.0366003 0.0818408 0.155282 0.129402 
0.134138 0.166378 0.0948501 0.148813 0.205462 0.166378 0.083189 0.200346 0.212091 0.290567 
0.0252982 0.0565685 0.0715542 0.0565685 0.113137 0.091214 0.0505964 0.0565685 0.0715542 0.091214 
0.0545342 0.121942 0.0243884 0.0545342 0.0545342 0.0243884 0.0975537 0.0545342 0 0.0545342 
0.0470295 0.0743602 0.646977 0.610479 0.892323 0.773489 0.0743602 0.0847837 0.447399 0.371801 
0.0588235 0.0588235 0.0588235 0.0526134 0.0744065 0.0372033 0.0526134 0.105227 0.0372033 0.0263067 
0.0238028 0.0336622 0 0.0336622 0.0532246 0.0476056 0.0238028 0.0238028 0.0532246 0.0336622 
0 0.0357571 0.0357571 0 0.0252841 0.0357571 0 0.0357571 0 0.0505681 
0.0996708 0.0341868 0.0540541 0.0483474 0.0871595 0.0540541 0.0241737 0.0241737 0.0241737 0.0483474 
0.134302 0.0230327 0.198135 0.0460653 0.20857 0.140102 0.0515026 0.0515026 0.140102 0.069098 
0.135938 0.0893924 0.272793 0.031605 0.206039 0.161155 0.0921436 0.0499719 0.120348 0.06321 
0.0355194 0.025116 0.0561612 0.12558 0.106558 0.158848 0.0561612 0.0794239 0.103556 0.12558 
0 0.0903508 0.0903508 0.0489996 0.0619801 0.0219133 0.0489996 0.0657399 0.0692959 0.0219133 
0.111664 0.127316 0.0353112 0.0499376 0.176556 0.0900263 0.0998752 0.055832 0.055832 0.102949 
0.0734966 0.0464834 0.0232417 0.0734966 0.10394 0.0657374 0.0734966 0.05197 0.0657374 0.069725 
0.0303693 0 0.0885411 0.135816 0.130623 0.091108 0.0429487 0.0480181 0.0480181 0.0429487 
0.0316525 0.0806983 0.100094 0.12661 0.100094 0.0806983 0.100094 0.092282 0.0500469 0.0500469 
0.0741484 0.0290834 0.160618 0.119914 0.222445 0.148297 0.0459849 0.0741484 0.0459849 0.0650325 
0.0658665 0.0658665 0.0750994 0.126697 0.151636 0.104144 0.0465746 0.0294564 0.0858794 0.0931493 
0.024767 0.0700516 0.0553806 0.0495339 0.102117 0.0743009 0.07832 0.105077 0.0553806 0.0350258 
0.051778 0.051778 0.115779 0.0327473 0.051778 0.0231558 0.14827 0.0732252 0.051778 0.0231558 
0.0725858 0.0229537 0.0459073 0.068861 0.0513259 0.0513259 0.0459073 0.0459073 0.0649227 0.0324614 
0.0995701 0.113863 0.0276158 0.222646 0.0390546 0.0276158 0.234328 0.0828473 0.140813 0.0276158 
0.025118 0.112331 0.025118 0.12559 0.0710445 0.0794301 0.0905643 0.103564 0.025118 0.0753541 
0.0866658 0.0645968 0.0577772 0.15557 0.0408546 0.0288886 0.0817093 0.0645968 0.0288886 0.0288886 
0.0246838 0 0.0780571 0.0551947 0.158054 0.101774 0.0349082 0.0551947 0.0551947 0.0740515 
0.0336503 0.0752444 0.0475887 0.0336503 0.0475887 0.0237944 0.0237944 0.0237944 0 0.0237944 
0.305206 0.133447 0.107907 0.0827606 0.0523424 0.0370117 0.104685 0.133447 0.0585206 0.0261712 
0.0995791 0.023471 0.070413 0.070413 0.0742218 0.0524828 0.0524828 0.0846259 0.0846259 0.033193 
0.116492 0.0520968 0.104194 0.0232984 0.221028 0.232984 0.0232984 0.0736759 0.147352 0.0520968 
0.0203986 0.0456127 0.0611958 0.0912253 0.0456127 0.0203986 0.0456127 0.0815944 0.0407972 0.0203986 
0.0731224 0.0517053 0.197566 0.0231233 0.184987 0.148061 0.0517053 0.103411 0.0981039 0.146245 
0.097561 0.0218153 0.157312 0.0487805 0.127204 0.061703 0.0786562 0.0308515 0.0654459 0.0487805 
0.0407633 0.0455748 0.0203817 0.0455748 0.057648 0.0203817 0.057648 0.0455748 0.0203817 0.0455748 
0.033193 0.0742218 0.0524828 0.0967735 0.140826 0.157448 0.0967735 0.104966 0.023471 0.0524828 
0.0425147 0.0300624 0.0475329 0.0300624 0.0876463 0.0475329 0.0475329 0.0300624 0.0425147 0.0300624 
0.0321391 0.0819391 0.0227258 0.0909032 0.113629 0.152449 0.0964174 0.0964174 0.145516 0.101633 
0.0465217 0.0294229 0.0465217 0.0624154 0.0208051 0.0465217 0.0416103 0.0465217 0.0416103 0.0416103 
0.0207614 0.0464238 0.0464238 0.0464238 0.195862 0.131306 0.0622841 0.0464238 0.124568 0.111803 
0.0489996 0.0309901 0.0489996 0.0979992 0.0979992 0.0219133 0.0219133 0.0309901 0.0309901 0.0657399 
0.0300624 0.0672217 0.0212574 0.0475329 0.12025 0.0901873 0.0637721 0.0425147 0.108392 0.0425147 
0.0269533 0.0971815 0.0571766 0.0952943 0.163951 0.0687177 0.0190589 0.0426169 0.0687177 0.0269533 
0.0219568 0.0490969 0.0219568 0.0310516 0.0310516 0.0621033 0.0490969 0.0439136 0.0658705 0.0658705 
0.0340158 0.0481056 0.0721583 0.0537837 0.0481056 0.0721583 0.0537837 0.0240528 0.0760616 0.0991722 
0.0307365 0.0485987 0.021734 0.0307365 0.110822 0.0485987 0.0307365 0.061473 0.065202 0 
0.0224365 0.0224365 0.0501696 0.03173 0.03173 0.03173 0.0224365 0.0224365 0.0224365 0.0501696 
0.0205912 0.0651152 0.0920867 0.0291204 0.0742427 0.0742427 0.0742427 0.0617737 0.0873611 0.0617737 
1.01462 0.0745356 0.133333 0.0235702 0.0849837 0.105409 0.0235702 0.980363 0.0235702 0.12693 
0.0646441 0.0289097 0 0.0578194 0.0646441 0.0408845 0.0578194 0.0914205 0.0289097 0 
0.0357771 0.0252982 0.104307 0.0715542 0.153883 0.0565685 0.0252982 0.0565685 0.08 0.0565685 
0.0986989 0.0387129 0.0273742 0.0273742 0.0986989 0.0865647 0.0387129 0.0387129 0.0865647 0.0273742 
0.0769231 0.0543928 0.0543928 0 0.0543928 0.0729756 0.0486504 0.0543928 0.0543928 0.0243252 
0.0262953 0.0371872 0.0525906 0 0.0831531 0 0.0371872 0.0262953 0.0371872 0.0587981 
0 0.0320895 0.0641789 0.160447 0.0453814 0.0641789 0.0507379 0.0507379 0.0453814 0.113453 
0.0249048 0.0498097 0.0556889 0.0704415 0 0.0352208 0.0498097 0.0897957 0.0556889 0.0352208 
0.114935 0.0514005 0.0947778 0.102801 0.114935 0.0514005 0.045974 0.091948 0 0.0325085 
0.0232166 0.0519139 0.26471 0.0656665 0.965655 0.0232166 0.0519139 0.125025 0.0656665 0.125025 
0.0701646 0.0496139 0.0313786 0.113137 0.066564 0.0496139 0.0313786 0.022188 0.022188 0.022188 
0.0303974 0.0214942 0.0429884 0 0.0303974 0.0429884 0.0429884 0.0480625 0.0480625 0.0303974 
0.025835 0.0577687 0.245092 0.0516699 0.109608 0.109608 0.0365362 0 0.146145 0.10652 
0 0.022421 0.0317081 0.0709015 0.0924442 0.0317081 0.022421 0.0501349 0.044842 0.0501349 
0.0374996 0.0374996 0.0956057 0.0956057 0.0374996 0.0374996 0 0.0530325 0.0530325 0.0749993 
0.071497 0.0319744 0.163038 0.0452187 0.0319744 0.0226093 0.050556 0.050556 0.071497 0.0452187 
0.088028 0.162316 0.423999 0.405312 0.679586 0.176056 0.757246 0.622452 0.275571 0.324631 
0.0234888 0.0332182 0.0234888 0.0525226 0.0742781 0.0939552 0.0846901 0.0525226 0.0525226 0.0234888 
0.0973313 0.0527853 0.118032 0.0851138 0.0944253 0.070819 0 0.0236063 0.0851138 0.0236063 
0.0243252 0.0243252 0.034401 0.108786 0.130995 0.108786 0.0243252 0.147965 0.0486504 0.034401 
0.111412 0 0.0557062 0.105695 0.124563 0 0.102717 1.15273 0.0898236 0.0557062 
0.0737962 0.0330027 0.149426 0.0521818 0.116682 0.0700092 0.0233364 0.0521818 0.0233364 0.0233364 
0.223059 0.0903139 0.0403896 0.102974 0.127723 0.0403896 0.0571195 0.102974 0.0403896 0.0285598 
0.0552116 0.0493827 0.0698377 0.110423 0.104757 0.132967 0.0493827 0.0552116 0.0780809 0.0246914 
0.0228381 0.032298 0.0823441 0.0722205 0.064596 0.0685144 0.0510676 0.0228381 0.114191 0.0722205 
0.0904787 0 0.146324 0.150566 0.0354887 0.0561125 0.0250943 0.0561125 0.127956 0.0561125 
0.0951303 0.0752071 0.0752071 0.0857493 0.0237826 0.0237826 0.0752071 0.0752071 0.0336336 0.0237826 
0.0692336 0.0656807 0.0619244 0.0489555 0.0218936 0.0789384 0.0218936 0.0218936 0.0218936 0.0218936 
0.0237826 0.0237826 0.356739 0.0752071 0.0857493 0.0752071 0.0713477 0.0713477 0 0.0752071 
0.0618614 0.0309307 0.0489058 0.0489058 0.0489058 0.0901777 0.0309307 0.0309307 0.0437426 0.0437426 
0.0513903 0.0229824 0.0975062 0.102781 0.0229824 0 0.0513903 0.0229824 0.0325021 0.0459649 
0.141333 0.119218 0.219128 0.201788 0.0277177 0.0587981 0.0999376 0.0808103 0.105546 0.167457 
0.114035 0.0360609 0.185635 0.0919377 0.155104 0.114035 0.0919377 0.0721218 0.163273 0.127495 
0.0331292 0.0331292 0.0523819 0.117129 0.0844632 0.0523819 0.0523819 0.0234259 0 0.0234259 
0.0266667 0.0533333 0.109949 0.0377124 0.0843274 0.08 0.0754247 0.0266667 0.143604 0.0596285 
0.134873 0.0799459 0.022173 0.044346 0.110865 0.022173 0.022173 0.0799459 0.0495803 0.044346 
0.0780274 0.0493489 0.0348949 0.0697899 0.110347 0.0780274 0.0551737 0.0551737 0.0348949 0.0551737 
0.036439 0.0257663 0.109317 0.036439 0.0257663 0.0772988 0.0772988 0.109317 0.0515325 0.0515325 
0.0240946 0.0240946 0.0538772 0.107754 0.034075 0.0481893 0.0240946 0.0538772 0 0.0240946 
0.0318465 0.0503537 0.0928477 0.0318465 0.0503537 0.0503537 0.0225189 0 0.0318465 0.063693 
0.0525806 0.0847837 0.0665098 0.0847837 0.141089 0.0969539 0.0470295 0.0332549 0.0470295 0.0525806 
0.0232307 0 0 0.0519454 0 0.0519454 0.0232307 0 0.0232307 0.0328532 
0.105001 0.102962 0.0411846 0.22274 0.0873658 0.14561 0.130237 0.260474 0.123554 0.0823692 
0.0785614 0.0496866 0.464111 0.398268 0.300183 0.458087 0.0496866 0.0785614 0.416449 0.373476 
0.195594 0.0412349 0.105129 0.105129 0.0922041 0.0824698 0.0651981 0.058315 0.0651981 0.0651981 
0.100491 0.0502455 0.0224705 0.0317781 0.0502455 0.0224705 0.0224705 0.0502455 0.044941 0.044941 
0.0421029 0.0631544 0.0210515 0.0665706 0.0297713 0.0210515 0.0470725 0.0470725 0.0470725 0.0470725 
0.338111 0.0963576 0.0761774 0.0681351 0.0340675 0.0538655 0.0868555 0.0538655 0.120447 0.0538655 
0.0817998 0.036582 0.0258674 0.0258674 0.0817998 0.036582 0.0517347 0.0932661 0.0578412 0.036582 
0.143592 0.120369 0.127124 0.0472126 0.0333844 0.070819 0.0851138 0.201692 0.0527853 0.133538 
0.105733 0.0528664 0.0334357 0.0334357 0.105733 0.0747644 0.0747644 0.100307 0.0236426 0.0852445 
0.137979 0.108705 0.0512442 0.0256221 0.0724702 0.0362351 0.0572927 0.0572927 0.0512442 0.0810241 
0.193766 0.0849719 0.0806114 0.0537409 0.11079 0.0968828 0.0537409 0.0968828 0.134352 0.134352 
0.0243794 0.0344776 0.0975175 0.0243794 0.0344776 0.0344776 0.0545139 0.103433 0.0344776 0.0243794 
0.107862 0.0972257 0.0808966 0.0269655 0.0602968 0.0602968 0 0.0762701 0.0762701 0.0808966 
0.181286 0.0754195 0.0251398 0.0355531 0 0.0562144 0.0502797 0.125699 0.0502797 0.0355531 
0.105686 0.03625 0.0573162 0.0256326 0.03625 0.0810574 0.0256326 0.0768978 0.0573162 0.0512652 
0.0837595 0 0.0519454 0.0519454 0.0837595 0 0.0519454 0.0734619 0.0328532 0.0837595 
0.163525 0.0722335 0.0255384 0.0766152 0.0361167 0.0807595 0.137528 0.155344 0.0361167 0.0571056 
0.13788 0.0878815 0.0731218 0.0243739 0.0487479 0.0770772 0.0545018 0.0770772 0.03447 0 
0.0264166 0.0590693 0.0747174 0.0264166 0.132083 0.0373587 0.0747174 0.0835366 0.0264166 0.0590693 
0.0695375 0.0518302 0.0463583 0.0463583 0.0655606 0.0231792 0.124824 0.0927166 0.163901 0.0518302 
0.0519305 0.132397 0.0367204 0.0367204 0.129826 0.0580601 0.0821094 0.0367204 0.0580601 0.0778958 
0.0600571 0.0900856 0.0875475 0.0671459 0.0474793 0.0637002 0.0637002 0.0474793 0.0300285 0.0474793 
0.0728357 0.0728357 0.060603 0.0451708 0.020201 0.020201 0.0285685 0.0451708 0.0451708 0.0285685 
0.0809776 0.0724286 0.0572598 0.0362143 0.0362143 0.0572598 0.0362143 0.0512148 0.0768221 0.0512148 
0.0546155 0.109231 0.0345418 0.154476 0.0345418 0.138167 0.0546155 0.0732743 0.0546155 0.190764 
0.12685 0.0870182 0.0870182 0.0307656 0.0972893 0.0870182 0.068794 0.0972893 0.110927 0.068794 
0.274262 0.144549 0.0914205 0.0646441 0.0914205 0 0.32322 0.129288 0.0646441 0.0578194 
0.185016 0.0224365 0.0224365 0.0709505 0.0673096 0.0673096 0.03173 0.0501696 0.0808961 0.0673096 
0.0488496 0.0244248 0.0772379 0.0546155 0.0880648 0.0488496 0.0488496 0.0244248 0.109231 0.100706 
0.0633049 0.0500469 0.0223817 0.0707771 0.100094 0 0.0500469 0.162941 0.0223817 0.0895267 
0.06408 0.03204 0.0226557 0 0.0506597 0.0716436 0.0453114 0.0934119 0.03204 0.0506597 
0.0444417 0.031425 0.0801184 0.0993747 0.0444417 0.0702685 0.0916189 0.0222208 0.0496873 0.0496873 
0.174488 0.0780334 0.0493526 0.123382 0.0780334 0.123382 0.0697952 0.123382 0.110356 0.0551779 
0.0695006 0.0491444 0.0310816 0.021978 0.0310816 0.0792429 0.0621632 0.0792429 0.0621632 0.0792429 
0.0405679 0.0286858 0.0811357 0.0573716 0.0286858 0.0286858 0.0286858 0.14627 0 0.0405679 
0.0734619 0.0957826 0.0328532 0.0464614 0.0734619 0.0657063 0.0328532 0.0734619 0.0519454 0.0957826 
0.0810774 0.0256389 0.0810774 0.0573304 0.0810774 0.0769168 0.0256389 0.0924424 0.0725178 0.0362589 
0.08678 0.0538187 0.0722054 0.0538187 0.0340379 0.0340379 0.0722054 0 0.0240685 0.0340379 
0.159301 0.0796503 0.103851 0.125938 0.0563213 0.0796503 0 0.125938 0.0908153 0.0251876 
0.0266785 0.0377291 0.0377291 0.059655 0.059655 0.059655 0.0377291 0.0843649 0.0266785 0.0266785 
0.153552 0.0564467 0 0.0564467 0.0252438 0.0564467 0.0564467 0.0504875 0.0252438 0.0357001 
0.231411 0.0766652 0.127775 0.127775 0.171429 0.0571429 0.0571429 0.0255551 0.0511101 0.130306 
0.0847427 0.0525552 0.0525552 0.0332388 0 0.0470068 0.0743243 0.150495 0.0525552 0.0743243 
0.0418258 0.0467627 0.104565 0.0591506 0.0295753 0.0295753 0.0754026 0.0418258 0.0295753 0.0295753 
0.0472159 0.0667734 0.0746549 0.105578 0.0746549 0.052789 0.023608 0.052789 0.0746549 0.0708239 
0.0678405 0 0 0.0536326 0.0678405 0.0678405 0.0536326 0.0339202 0.0536326 0.0239852 
0.0234856 0.0234856 0.0846784 0.0664272 0.0846784 0.0469711 0.0234856 0.0525153 0.0846784 0.0332136 
0.039992 0.0565572 0.0848358 0.0894248 0.0824456 0.019996 0.0720966 0.0720966 0.0565572 0.0447124 
0.0493526 0.0348976 0.0348976 0.101743 0.0780334 0.0551779 0.0780334 0.0551779 0.0348976 0.0493526 
0.0542127 0.0242447 0.0542127 0.0484893 0.0685742 0.0484893 0.0542127 0.0542127 0.0542127 0.0242447 
0.0243884 0 0.0545342 0.121942 0.0731653 0.100556 0.0344904 0.0344904 0.0545342 0.0243884 
0.0351799 0.0556243 0.0746278 0.10554 0.0248759 0.0556243 0.0248759 0.0248759 0.0703598 0.0786646 
0.0807792 0.0316842 0.112021 0.0950527 0.0316842 0.0500972 0.0708481 0.12065 0.0708481 0.0500972 
0.167827 0.0296679 0.0839135 0.0469091 0.0209784 0.0663395 0.0469091 0.0593358 0.0419568 0.0419568 
0.062792 0.0496414 0.0496414 0.0992828 0.0702035 0.111002 0.0444006 0.0444006 0.0222003 0.177602 
0.0215054 0.0608264 0.068006 0.0430108 0.0304132 0.0480875 0.068006 0.0886689 0.0608264 0.068006 
0.0681351 0.0538655 0 0.0481788 0.0761774 0.0681351 0.0538655 0.0722682 0.0340675 0.0340675 
0.0615425 0.110472 0.202041 0.0648715 0.0290114 0.0205142 0.0410283 0.0458711 0.131355 0.104602 
0.0673244 0.0532246 0.0238028 0.0476056 0.0238028 0.0476056 0.0673244 0 0.0476056 0.0981414 
0.0266454 0.0266454 0.0376822 0.0595808 0.133227 0.178742 0.08426 0.0960712 0.14349 0.227658 
0.964278 0.125638 0.0942286 0.16169 0.135097 0.111049 0.0314095 0.0314095 0.119604 0.113249 
0.070167 0.0661541 0.0739626 0.0522994 0.046778 0.116945 0.0843303 0.0522994 0 0.070167 
0 0.0364844 0.0515968 0.182422 0.0930174 0.0515968 0.0515968 0.10637 0.0364844 0.057687 
0.0235148 0.0235148 0.0525806 0.0705443 0.0969539 0.0969539 0.0235148 0.0332549 0.0940591 0.105161 
0.0886228 0.0679706 0.221296 0.0886228 0.198167 0.0607948 0.0774984 0.0480625 0.194638 0.096125 
0.110356 0.0780334 0.123382 0.0780334 0.101743 0.0780334 0.0551779 0.0780334 0.0780334 0.0551779 
0.0474739 0.021231 0.0474739 0.042462 0.063693 0.108257 0.0474739 0.021231 0.0949479 0.063693 
0.0658772 0.0931644 0.0658772 0.0294612 0.0294612 0.0208322 0.0208322 0.0208322 0.0465822 0.0465822 
0.101525 0.0398212 0.0890429 0.0629629 0.139374 0.227016 0.0563157 0.0281578 0.0563157 0.0398212 
0.0515325 0.0515325 0.036439 0.138756 0.0929016 0.0515325 0.0929016 0.0814801 0.0576151 0.036439 
0.0866546 0.0480673 0.129425 0.107482 0.0537409 0.0339887 0.120168 0.0866546 0.0537409 0.0240337 
0.0235294 0.0235294 0.0526134 0.0332756 0.0470588 0.0332756 0.0705882 0.0332756 0 0.0665512 
0 0.0240528 0.0537837 0.0867235 0.0760616 0.0240528 0.0240528 0.0240528 0.0240528 0.0240528 
0.136569 0.0426571 0.27809 0.143076 0.248732 0.171956 0.0213286 0.124366 0.0769012 0.0953842 
0.083533 0.0660386 0.46227 0.0295334 0.0933927 0.172208 0.106484 0.0886001 0.250599 0.0933927 
0.115643 0.0774269 0.0679079 0.0303693 0.0480181 0.107372 0.0214744 0.0679079 0.0480181 0.0214744 
0.0526097 0.0470556 0.0526097 0.242233 0.137189 0.117639 0.0332733 0.0526097 0 0.105219 
0.0459485 0.0740897 0.0205488 0.0290604 0.0205488 0.0581207 0.0581207 0.0459485 0.0740897 0.0459485 
0.0325021 0.0513903 0.0459649 0.0975062 0.0726768 0.0325021 0.0459649 0.0229824 0.0513903 0 
0.0219767 0.0621595 0.0310797 0.0491414 0.0439534 0.0219767 0.0879068 0.0659301 0.0219767 0.0439534 
0.10983 0.0219661 0.0905685 0.198911 0.202517 0.133614 0.0491177 0.0491177 0.112006 0.112006 
0 0.025641 0.0362619 0.0362619 0.307692 0.025641 0.0573351 0.025641 0.0362619 0.0512821 
0.0766683 0.0542127 0.0342871 0.0342871 0.0242447 0.0685742 0 0 0.0242447 0.0484893 
0.0734594 0.0580748 0 0.0519437 0.103887 0.189078 0.0580748 0.0734594 0.16426 0.146919 
0.119405 0.0495803 0.0701172 0.0627147 0.0914216 0.0495803 0.0701172 0.044346 0.0313574 0.044346 
0.0366218 0.0258955 0.0517911 0.10677 0.155373 0.0933677 0.0366218 0.0517911 0.10677 0.0366218 
0.0491325 0.0219727 0.0219727 0.0310741 0.112039 0.0491325 0.0219727 0.0491325 0.0694838 0.0905958 
0.0538655 0.0722682 0.0240894 0.152355 0.0681351 0.0538655 0.0538655 0.0538655 0.0240894 0.107731 
0.144285 0.0340084 0.1295 0.0240476 0.0760451 0.053772 0.0991507 0.053772 0.0480951 0.0340084 
0.0630323 0.0210108 0.105054 0.113146 0.105054 0.0594274 0.152961 0.273947 0.118855 0.134535 
0 0.0340158 0.0537837 0.0481056 0.0537837 0.0240528 0 0.0481056 0.0760616 0.0340158 
0.0348764 0.0348764 0.0493226 0.104629 0.0551444 0.0246613 0.0246613 0.0348764 0.0246613 0.0246613 
0.116132 0.101555 0.0281662 0.0629816 0.0796661 0.116132 0.0398331 0.0398331 0.0629816 0.0398331 
0.0246444 0.0246444 0.0492889 0.0348525 0.0888568 0.101612 0 0.0492889 0.0246444 0.0348525 
0.237148 0.0519981 0.0519981 0.0465085 0.0519981 0.0958797 0.155994 0.400081 0.0519981 0.093017 
0.050751 0.0320977 0.0717727 0.0935801 0.0717727 0.0680896 0.0226965 0.0320977 0.0226965 0.0641954 
0 0.0532246 0.0476056 0.0673244 0.0476056 0.0532246 0.0238028 0.0532246 0 0.0238028 
0.0501349 0.0501349 0.0501349 0.0634162 0.0501349 0.022421 0.044842 0.0672631 0.0672631 0.022421 
0.0681351 0.0340675 0 0.0481788 0.107731 0.0538655 0.0240894 0.0722682 0.0993231 0.0993231 
0.0556243 0.0351799 0.0703598 0 0 0.0248759 0.0703598 0.0556243 0.0248759 0.0248759 
0.151194 0.0676162 0.0676162 0.0213821 0.0907167 0.0302389 0.0213821 0.0478119 0 0.0604778 
0.0341295 0 0 0.120666 0.0870135 0.0539635 0 0.0482664 0.0241332 0.0539635 
0.0257577 0.0772731 0.057596 0.277419 0.13871 0.0928708 0.081453 1.05229 0.0928708 0.106202 
0.0246838 0.0349082 0.0246838 0 0.0740515 0.0246838 0.0551947 0.0246838 0.0551947 0 
0.083041 0.0622808 0.0748522 0.0293594 0.0748522 0.0207603 0.0207603 0.0880783 0.0207603 0.0207603 
0.0264339 0.0417957 0.0186916 0.0186916 0.100657 0.0373832 0.0417957 0.0417957 0.0560748 0.0417957 
0.0531044 0.0979197 0.121097 0.0856283 0.071247 0.0335862 0.075101 0.023749 0.071247 0.0671724 
0.0722682 0.0340675 0.0761774 0.0481788 0.0681351 0.0538655 0 0.0240894 0.129725 0.0993231 
0.0502487 0 0.0635602 0.0449438 0.0674157 0.0317801 0.0449438 0.0635602 0.0810236 0.0710624 
0 0.052627 0.0372129 0.0588388 0.111639 0.0948747 0.052627 0.052627 0.0588388 0.052627 
0.03433 0.024275 0.121375 0.0875247 0.06866 0.03433 0.03433 0.06866 0.024275 0.024275 
0.0925082 0.3173 0.0501696 0.0501696 0.0897461 0.0501696 0.100339 0.623397 0 0.0709505 
0.0934411 0.0934411 0 0.119115 0.119115 0.0467206 0.0233603 0.0330364 0.0738717 0.0842267 
0.107951 0.0539753 0.0973053 0.0603462 0.0603462 0.0269876 0.107951 0.0381663 0.0973053 0.0269876 
0.0942809 0.0471405 0.0333333 0.0745356 0.120185 0.0235702 0.0235702 0.0971825 0.0707107 0.0849837 
0.584184 0.184101 0.0241737 0.0241737 0.273494 0.145042 0.19339 0.942775 0 0.170934 
0.301016 0.024998 0.0558973 0.0707052 0.152057 0.024998 0.0353526 0.0353526 0.024998 0.024998 
0.119926 0.0719557 0.0239852 0.122301 0.107265 0.0479705 0.0719557 0.0239852 0.107265 0.0479705 
0.0692959 0.0438266 0.0979992 0.0438266 0.0619801 0.0438266 0.0438266 0.0219133 0 0.0438266 
0.0527046 0.0235702 0.137437 0.0471405 0.1 0.0235702 0.0333333 0.0333333 0 0.0235702 
0.0357001 0.0798278 0.0564467 0.112893 0.0252438 0.0357001 0.0757313 0.0564467 0.0357001 0.0564467 
0.0976611 0.0325537 0.0727923 0.0651074 0.0230189 0.0514719 0.0514719 0.0651074 0.0651074 0.0460379 
0.122819 0.0684208 0.0822316 0.0456139 0.0684208 0.0684208 0.0456139 0.0509978 0.0228069 0.0509978 
0.103385 0.0752237 0.168205 0.237878 0.237878 0.202157 0.127856 1.28493 0.146208 0.103385 
0.023749 0.0531044 0.047498 0.0335862 0.121097 0.106209 0.0531044 0.075101 0.0531044 0.0531044 
0.0479705 0.0959409 0.0479705 0.075848 0.0536326 0.0239852 0.0239852 0.0339202 0.0536326 0.0536326 
0.0780571 0.0551947 0.101774 0.0349082 0.0698164 0.0551947 0.0246838 0 0.0493677 0.0349082 
0.0709215 0.0250746 0.146208 0.106382 0.251996 0.146208 0.0354608 0.0752237 0.0709215 0.0501491 
0.0798278 0.0357001 0.0798278 0.135942 0.100975 0.0798278 0.0252438 0.0504875 0.0798278 0.0252438 
0.205888 0.0460379 0.0949095 0.0514719 0.0920758 0.0325537 0.0325537 0.0230189 0.0230189 0.0230189 
0.0992368 0.0538187 0.0722054 0.0538187 0.0481369 0.0240685 0 0.0481369 0.0340379 0.0240685 
0.168108 0.0390844 0.0781688 0.0617979 0.0552737 0.0390844 0.0390844 0.0617979 0.0390844 0.0829106 
0.0739929 0.0233986 0.0992719 0.0843649 0.0233986 0.0739929 0.0330906 0.096475 0.0233986 0.0467972 
0.102515 0.0284325 0.142163 0.142163 0.102515 0.120629 0.0852975 0.063577 0.0899115 0 
0.134147 0.0316188 0.0447158 0.0316188 0.0223579 0 0.0223579 0.0316188 0.0707018 0.0806125 
0.105643 0.0256221 0.0572927 0.0572927 0 0.0572927 0.0362351 0.0572927 0.0512442 0.0256221 
0.0417097 0 0.0466328 0.104274 0.147466 0.0466328 0.0589864 0.0859867 0.0625645 0.0466328 
0.0221594 0.0495499 0.0221594 0.0798968 0.0940143 0.0700741 0.0495499 0.0495499 0.0798968 0.0700741 
0.023389 0.0739626 0.0843303 0.0739626 0.125954 0.0522994 0.0739626 0.0522994 0.0522994 0.0522994 
0 0.0482068 0.205939 0.0538968 0.183566 0.0964135 0.086906 0.0993808 0.0762216 0.0538968 
0.0926015 0.0449183 0.150661 0.0502202 0.0449183 0.0224592 0.031762 0.0502202 0.0224592 0.0502202 
0.0531456 0.0237675 0.0531456 0.0713024 0.0672245 0.0713024 0.0531456 0.0713024 0.0336123 0.0237675 
0.0628928 0.0497211 0.0444719 0.0703163 0.119744 0.0444719 0.0497211 0.0444719 0.11118 0.0444719 
0.0212718 0.0425436 0.0475652 0.0672673 0.0475652 0.0212718 0.0766965 0.0212718 0.0672673 0.0212718 
0.0537167 0.0379834 0.107433 0.169867 0.15661 0.0268583 0.0379834 0.136951 0.107433 0.107433 
0.0351799 0.0786646 0.126843 0.175899 0.0786646 0.0248759 0.0248759 0.111249 0.0497519 0 
0.0774926 0.0774926 0.0245053 0.0245053 0.0547955 0.0346557 0.0490106 0.0245053 0.0346557 0.0547955 
0.077791 0.0695784 0.0245997 0.0550065 0.0550065 0.0550065 0.0550065 0.0886954 0.077791 0.143439 
0.104083 0.0252438 0.1071 0.0357001 0.0357001 0.0564467 0.0504875 0.0357001 0.0564467 0.0357001 
0.0483906 0.0483906 0.0649227 0.0483906 0.0306049 0.0483906 0.0865637 0.0967811 0.0306049 0.0612097 
0.0872936 0.0484218 0.108274 0.102718 0.0242109 0 0.0242109 0.0541372 0.0484218 0.0765615 
0.0507673 0.0227038 0.0681115 0.0454077 0.0321081 0.101535 0.0321081 0.0507673 0.101535 0.0681115 
0.105733 0 0.251324 0.0236426 0.137859 0.0528664 0.0472852 0.0709277 0.0747644 0.0852445 
0.0229145 0.0512383 0.0229145 0.114572 0.0687434 0.0512383 0.0512383 0.102477 0.0324059 0.0458289 
0.101797 0.049379 0.078075 0.0987579 0.078075 0.0552073 0.0890192 0.049379 0.123447 0.110415 
0.0531044 0.0531044 0.0531044 0.023749 0.0335862 0.0335862 0.023749 0.023749 0.047498 0.047498 
0.159394 0.0273358 0.0864433 0.0864433 0.0773172 0.122249 0.0864433 0.0273358 0.0864433 0.0864433 
0 0.0451731 0.10101 0.10101 0.14285 0.0571399 0.02857 0.0451731 0.0606061 0.0903462 
0.0353277 0.0558581 0.0249805 0.105983 0.099922 0.049961 0.0353277 0.0249805 0.141311 0.111716 
0.0635999 0.0423999 0.0212 0.0670402 0.0670402 0 0.0599625 0.0423999 0.0874097 0.0474045 
0.0516536 0.0730492 0.0653372 0.0730492 0.0231002 0.0231002 0.0516536 0.0924007 0.0832888 0.0516536 
0.0664823 0.0840941 0.118927 0.0420471 0.0594635 0.0891953 0.0940201 0.0420471 0.122587 0.0420471 
0.0849335 0.0268583 0.289273 0.0849335 0.247622 0.0268583 0.0379834 0.0849335 0.0537167 0.0537167 
0.0266076 0.0266076 0.0594964 0.0266076 0.240942 0.10643 0.0376288 0.0841406 0.0266076 0 
0 0.0332917 0.0998752 0.0744426 0.137265 0.0470816 0 0.0332917 0.0744426 0.148885 
0.0663267 0.0663267 0.0741555 0 0.0524359 0.0524359 0.0469001 0.0331633 0.0524359 0.0663267 
0.0827988 0.0229642 0.0726193 0.0513496 0.0324764 0.0513496 0 0.091857 0.097429 0.0513496 
0.0338788 0.0863744 0.0677577 0.0757554 0.0338788 0.0718679 0.0677577 0.0479119 0.023956 0.0718679 
0.0430083 0.0304114 0.0430083 0.0775343 0.0480847 0.0304114 0.0480847 0.0304114 0.0304114 0 
0.0332664 0.0525988 0.0235229 0.0525988 0.0743859 0.0525988 0.0743859 0.0525988 0.0470458 0.084813 
0.0391743 0.0783486 0.110802 0.0979357 0.0437982 0.0391743 0.761887 0.928687 0.114212 0.0391743 
0.0866296 0.0420215 0.0297137 0.0757554 0.160013 0.0210108 0 0.0664419 0.0594274 0.0297137 
0.0444006 0.031396 0.0444006 0.062792 0.0444006 0.0444006 0.0444006 0.161621 0 0.0496414 
0.0224365 0.0224365 0.0501696 0.0808961 0.130826 0.100339 0.0501696 0.0224365 0.0501696 0.0709505 
0.0454077 0.0227038 0.0227038 0.0818598 0.0642161 0.101535 0.0507673 0.101535 0.0454077 0.0818598 
0.670402 1.89688 3.04059 0.154252 1.09073 3.40755 2.26762 0.162596 3.4465 0.257087 
0.0665466 0.0665466 0 0.0235278 0.0470556 0.0332733 0.0705834 0.0744014 0.0470556 0.0235278 
0.0273332 0.038655 0.0611189 0.0985513 0.0864352 0.0985513 0.0546664 0 0.0273332 0.0864352 
0.054165 0.0242233 0.0873384 0.0484466 0.0242233 0.0242233 0.0484466 0.10833 0.0342569 0.0766008 
0.136061 0.0757977 0.0910975 0.151595 0.0505318 0.0564963 0.0798978 0.0357314 0.0357314 0.0564963 
0.08426 0.0376822 0.0960712 0.119162 0.0266454 0.0753645 0.0960712 0.0799361 0.0532907 0.0753645 
0.069843 0.0441726 0.0493865 0.0796333 0.0624695 0 0.0624695 0.0220863 0.0220863 0.0312348 
0.0235278 0.0665466 0.0470556 0.0705834 0.0744014 0.0235278 0.0744014 0.0744014 0.0526097 0.0744014 
0.0807742 0.0807742 0.050094 0.0633645 0.0807742 0.0316822 0.0708436 0.0672082 0.050094 0.0224027 
0.0382325 0.0604508 0.0854904 0.137849 0.0540689 0.0854904 0.0270344 0.0382325 0.097474 0.0270344 
0.0512442 0.0572927 0.0362351 0.12811 0.0362351 0.102488 0.0768662 0.0256221 0.0256221 0.0256221 
0 0.0332917 0 0.235408 0.327886 0.24007 0.0332917 1.14989 0.0470816 0.148885 
0.108696 0.0307438 0.0972203 0.0614875 0.0217391 0.0217391 0.0217391 0.0486102 0.0783815 0.0652174 
0.195454 0.0670402 0.182369 0.0599625 0.106 0.0474045 0.0599625 0.0764375 0.0423999 0 
0.0757977 0.0564963 0.0910975 0.0564963 0.0505318 0.0252659 0.0798978 0.0357314 0.0252659 0.0357314 
0.161505 0.132756 0.0750983 0.0265513 0.187746 0.159308 0.0839625 0.207372 0.118741 0.0839625 
0.0744065 0.0744065 0.0470588 0 0.12671 0.12671 0.0332756 0.0526134 0.0705882 0.0332756 
0.0818757 0.0321143 0.11579 0.0507771 0.136249 0.0507771 0.0321143 0.0321143 0.101554 0.0227082 
0.0425966 0.0425966 0.0767921 0 0.0301203 0.0301203 0.0212983 0.1086 0.0476245 0.0301203 
0.045184 0.0505173 0.0319499 0.0958498 0.142884 0.0814567 0.0714422 0.121662 0.0903681 0.137422 
0.0687289 0.0307365 0.0971974 0.0485987 0.065202 0.0971974 0.0485987 0.0485987 0.0307365 0.065202 
0.0227038 0.0321081 0.0681115 0.0321081 0.0507673 0.0454077 0.0321081 0.0681115 0.0321081 0.0454077 
0.0229749 0.0459497 0.0513733 0.147111 0.0513733 0.0459497 0.0459497 0.0324913 0.097474 0.0513733 
0.0336622 0.0336622 0.0858221 0.173287 0.191904 0.0981414 0.0714083 0.0858221 0.100987 0.106449 
0.0314951 0.0222704 0.0314951 0.111352 0.080297 0 0.0314951 0.0497981 0.111352 0.0629902 
0.0321081 0.0642161 0.0507673 0.0717958 0.0507673 0.0681115 0.0227038 0.0227038 0.0227038 0.0321081 
0.0687087 0.0434552 0.0651827 0.0687087 0.0307274 0.0307274 0.0614549 0.0485844 0.0614549 0.0614549 
0.0226746 0.0641335 0.128267 0.0641335 0.0453493 0.0226746 0.0320668 0.050702 0.050702 0.0320668 
0.1215 0.0238281 0.1215 0.0532813 0.138941 0.119141 0.0238281 0.0859134 0.0714843 0.0673961 
0.0243902 0 0.0243902 0.0545382 0 0.034493 0.034493 0.034493 0.0487805 0.0545382 
0.0339202 0.0479705 0.0339202 0.0719557 0.0339202 0.075848 0.0339202 0.0239852 0.0339202 0.0479705 
0.0961923 0.0466601 0.11665 0.0233301 0.0521676 0.0659874 0.0659874 0.0521676 0.0659874 0 
0.031425 0 0.0942751 0.0666625 0.0702685 0.0888834 0.0222208 0.031425 0.0496873 0.0496873 
1.03441 0.0264235 0.067367 0.0952713 0.150637 0.192366 0.811206 0.99097 0.067367 0.285203 
0.0235148 0.0235148 0.0705443 0.0705443 0.0847837 0.0743602 0.0235148 0.0743602 0.0705443 0.0525806 
0.0219727 0 0.0219727 0.0694838 0.0219727 0.0694838 0 0.0219727 0.0219727 0.0219727 
0.022173 0 0.0313574 0.0799459 0 0.0313574 0.022173 0.022173 0.0313574 0 
0.0210421 0.0297581 0.086759 0.0758685 0.105211 0.086759 0.0631264 0.0631264 0.0470517 0.0631264 
0.0705443 0 0.105161 0.0969539 0.117574 0.0332549 0.0525806 0.0235148 0.0235148 0.0470295 
0.0956057 0.0530325 0.109329 0.0838517 0.0838517 0.0749993 0.0374996 0.0530325 0.0795487 0.0530325 
0 0.0662948 0.0524106 0.0468775 0.0662948 0.0703163 0.0703163 0.0468775 0.0468775 0.0524106 
0.0479119 0.0338788 0.0338788 0.0757554 0.0757554 0.0535672 0.0535672 0.0718679 0.023956 0.0479119 
0.0891079 0.0216118 0.0648355 0.108059 0.241628 0.0648355 0.0966511 0.17424 0.0648355 0.0483255 
0 0.0532322 0.0714184 0.0752817 0.033667 0.0714184 0.0532322 0.0532322 0.067334 0.0532322 
0.075271 0.0336622 0.0476056 0.0532246 0.0714083 0.0532246 0.0476056 0 0.0336622 0 
0.0362947 0.0362947 0.0513285 0 0.0362947 0.057387 0.0513285 0.0362947 0.0362947 0.0256642 
0.136999 0.0387492 0.258489 0.0387492 0.245072 0.193746 0.0821995 0.0821995 0.214 0.147553 
0.105643 0.0572927 0.0362351 0.105643 0.0362351 0.0572927 0.0512442 0.0256221 0.0362351 0.0572927 
0.0553637 0.0875376 0.0553637 0.0618984 0.149071 0.123797 0.0276818 0.0875376 0.110727 0.0553637 
0.0531044 0.0531044 0.0335862 0.023749 0.0531044 0.023749 0.0335862 0.047498 0.0531044 0.0335862 
0.0826898 0.0512821 0.022934 0 0.0826898 0.0512821 0.022934 0.0458681 0.0512821 0.0458681 
0.239861 0.169138 0.13578 0.0534862 0.0504273 0.103959 0.100855 0.14374 0.100855 0.0797326 
0.81386 0.0484218 0.0726326 0.0541372 0.0765615 0.0765615 0.0342393 0.0342393 0.0541372 0.099824 
0.0332756 0.0526134 0.0332756 0.0998268 0.0848365 0.0332756 0.0235294 0.0526134 0.0941176 0.0332756 
0.0434449 0.0307202 0.0217225 0.110763 0.0485729 0.0485729 0.0485729 0.0217225 0.089564 0.0921606 
0.0970142 0.0761042 0.0269069 0.0269069 0.134535 0.0807207 0 0.0538138 0.0601657 0.0761042 
0.0381454 0.0603132 0.0381454 0.0603132 0.0539458 0.0539458 0.0762909 0.0603132 0.0269729 0.0381454 
0.106449 0.0673244 0.106449 0.0532246 0.142817 0.106449 0.0532246 0.0238028 0.121371 0.0858221 
0.0499938 0.0316188 0.0894315 0.0632377 0.120401 0.0948565 0 0.0806125 0.0806125 0.130368 
0.0886484 0.0215004 0.125368 0.0608123 0.0886484 0.0304062 0.0304062 0.0215004 0.0886484 0.0645012 
0.0222222 0 0.0222222 0.031427 0.0222222 0.0222222 0.0496904 0.0496904 0.031427 0.0222222 
0.046562 0.11871 0.560681 0.0658486 0.324267 0.375395 0.164622 0.770739 0.303547 0.131697 
0.0508164 0.0508164 0.159081 0.0508164 0.122382 0.138236 0.0681774 0.0508164 0.0909032 0.0718653 
0.150146 0.0493677 0.0780571 0.0493677 0.0551947 0.0740515 0.0349082 0.110389 0.0551947 0.0780571 
0.075925 0.0253083 0.178957 0.101233 0.113182 0.129048 0.0357914 0.0506167 0.113182 0.0565912 
0.0710983 0.0502741 0.0502741 0.112416 0.0899331 0.0317961 0.0502741 0.0899331 0.0449665 0.0224833 
0.126985 0.0307984 0.0688673 0.126985 0.165854 0.153992 0.0688673 0.0307984 0.137735 0.187339 
0.142784 0.0638551 0.153783 0.0903047 0.0638551 0.080771 0.0638551 0.0285569 0.080771 0.0285569 
0.137878 0.0747748 0.283751 0.0668807 0.141875 0.133761 0.0334403 0.105748 0.167202 0.20341 
0.0751381 0.037569 0.0751381 0.0594019 0.0531306 0.037569 0 0.079696 0.037569 0.0840069 
0.0232417 0.0464834 0.0464834 0.0657374 0 0.0464834 0.0232417 0.0328687 0.0657374 0.0464834 
0.0808122 0.0766652 0.0722806 0.0361403 0.0511101 0.105366 0.114286 0.0571429 0.0255551 0.0571429 
0.0332664 0.0525988 0.0235229 0.0525988 0 0.0525988 0.0525988 0.0525988 0 0.0525988 
0.0470556 0.0526097 0.0526097 0.126701 0.117639 0.137189 0.0470556 0.0970075 0.0998199 0.166367 
0.0640184 0.050611 0.0933221 0.050611 0.101222 0.0226339 0.0226339 0.050611 0.0640184 0.0320092 
0.0313574 0 0.0495803 0.022173 0.044346 0.0495803 0.044346 0.0313574 0.0313574 0.044346 
0.076348 0.0359908 0.107972 0.0508987 0.0359908 0.0359908 0.0359908 0.0254493 0.0359908 0.0569064 
0.700689 0.132774 0.066387 0.0938853 0.237513 0.244823 0.0419868 0.0839736 0.253664 0.122411 
0.0227258 0.0227258 0.0321391 0.0227258 0.0321391 0.0508164 0 0.0454516 0.0321391 0.0642783 
0.119984 0.0599922 0.0599922 0.0848418 0.0536587 0.0758848 0.0268293 0.0599922 0.156441 0.0536587 
0.0344087 0.0243306 0.100318 0.0688174 0.131024 0.0544049 0.0688174 0.100318 0.0344087 0.0544049 
0.0525906 0.0262953 0.0948091 0.0262953 0 0.0371872 0 0.0262953 0.0743744 0.0831531 
0.0779607 0.0551266 0.113646 0.167661 0.0616334 0.0616334 0.0389804 0.0275633 0.0826898 0.0389804 
0.0564467 0.0504875 0.0564467 0.0564467 0.0252438 0.0357001 0.0564467 0.126219 0.0564467 0.0564467 
0.0583162 0.0583162 0.0260798 0.0824716 0.0260798 0.0521596 0.0368824 0.0583162 0.0521596 0.0824716 
0.11244 0.0697326 0.0311854 0.0935561 0.0441027 0.0623707 0.0441027 0.0623707 0.0311854 0.139465 
0.026556 0.0839773 0.118762 0.0531119 0.106224 0.0839773 0.0957488 0.0593809 0.0531119 0.0593809 
0.051131 0.0942809 0.0323381 0.0323381 0.0685994 0.114332 0.045733 0.051131 0.0942809 0.0685994 
0.137296 0.0776662 0.0388331 0.0388331 0.0614006 0.0274592 0.0388331 0 0.0614006 0.0990054 
0.0842554 0.0233683 0.052253 0.0330477 0.0330477 0.052253 0.0330477 0.0330477 0.0842554 0.0701047 
0.0720937 0.0911921 0.0644826 0.0455961 0.0322413 0.0455961 0.0322413 0.0911921 0.0720937 0.132934 
0.0356207 0.0356207 0.0251876 0.0908153 0.0908153 0.0796503 0.0503753 0.0503753 0.0251876 0 
0.0517191 0.0517191 0.138777 0.0517191 0.0517191 0.0654201 0.0231295 0.092518 0.0327101 0.0517191 
0 0.0259543 0.0580357 0.0820748 0.151338 0.0580357 0.0259543 0.0580357 0.116071 0.0820748 
0.0856706 0.0605783 0.0856706 0.0270914 0.135457 0.0270914 0.0976795 0.0605783 0.0383131 0 
0.0511879 0.082538 0.0457839 0.0971222 0.0228919 0.0228919 0.0647481 0.0228919 0.0323741 0.0511879 
0.0810899 0.0202725 0.118208 0.0835855 0.114678 0.109171 0.0730934 1.14409 0.0835855 0.0453306 
0.155649 0.102354 0.127943 0.080918 0.0572176 0.105504 0.102354 0.0922607 0.0723752 0.0723752 
0.0697486 0.0232495 0.0464991 0.0519875 0.14887 0.116248 0.0328798 0.0328798 0.0735215 0.0232495 
0.147773 0.0566684 0.0566684 0.0566684 0.091375 0.162274 0.0358402 0.0253429 0.0566684 0.0716804 
0.105712 0.0924424 0.0725178 0.114661 0.0512778 0.0810774 0.0810774 0.0810774 0 0.0362589 
0.118993 0.0376288 0.0376288 0.0594964 0.0532152 0.0266076 0 0.0959351 0.0532152 0.0532152 
0.107381 0.0536906 0.0339569 0.0720334 0.0679138 0.0536906 0.0720334 0.0960446 0.0480223 0.0339569 
0.0883552 0.0547955 0.0774926 0.0346557 0.0245053 0.0245053 0.0245053 0.0547955 0.0547955 0.0346557 
0.18903 0.0519305 0.0936191 0.0519305 0.0367204 0.0259653 0.0367204 0.129826 0 0.0519305 
0.081084 0.0573351 0.0362619 0.081084 0.0573351 0.0362619 0.0573351 0.0573351 0.0362619 0.0573351 
0.057675 0.057675 0.0203912 0.0407824 0.101956 0.101956 0.0455961 0.0735215 0.0735215 0.0644826 
0.0789583 0.0706225 0.0706225 0.111664 0.0900263 0.055832 0.055832 0.134461 0.0249688 0.102949 
0.0493226 0.0697527 0.0348764 0.174382 0.0697527 0.0697527 0.0348764 0.139505 0.0348764 0.0551444 
0.0566093 0.0253165 0.0506329 0.0506329 0.0253165 0 0.0912798 0.113219 0.0253165 0.0253165 
0.0742781 0 0.0234888 0.0742781 0.0742781 0.0742781 0.0332182 0.0332182 0.0525226 0.0742781 
0.131336 0.0731653 0.0344904 0.100556 0.0545342 0.0344904 0.0879337 0.109068 0.0731653 0.0545342 
0.0283382 0.0566763 0.0283382 0.126732 0.0283382 0.0633661 0.0801524 0.144497 0.0283382 0.0283382 
0.0916812 0.0497211 0.022236 0.022236 0.0497211 0.0497211 0 0.0444719 0.0801729 0.022236 
0.0943616 0.0261712 0.0370117 0.0827606 0.0261712 0.0261712 0.0261712 0.0943616 0.0827606 0.0261712 
0.075848 0.0959409 0.0239852 0.0239852 0.0719557 0.0239852 0.0988936 0.145896 0.0239852 0.0536326 
0.261036 0.209409 0.0367328 0.183664 0.0779221 0.116159 0.223437 0.155844 0.0936507 0.0936507 
0.0734619 0.0464614 0.103891 0.0734619 0.0464614 0.0519454 0.0328532 0.0519454 0.0929228 0.0734619 
0.544106 0.220548 0.0547955 0.0346557 0.0245053 0 0.124953 0.173279 0.0245053 0 
0.0730351 0.024345 0.0973801 0.0544371 0.0544371 0.185406 0.024345 0.024345 0.0877772 0.121725 
0.0815817 0.0364844 0.0257984 0.057687 0.103194 0.0515968 0.0515968 0.115374 0.0364844 0.0257984 
0.075 0.05 0.0559017 0.0559017 0.0901388 0.103078 0 0.025 0.075 0.0559017 
0.0226557 0.03204 0.0506597 0.0506597 0.03204 0.03204 0 0.0506597 0.06408 0.0716436 
0.0820265 0.0778171 0.132264 0.11005 0.151249 0.166091 0.0820265 0.98773 0.11005 0.260684 
0.09977 0.039133 0.138356 0.114091 0.110685 0.156532 0.138356 1.00725 0.0875041 0.216119 
0.0249844 0.0353333 0.0249844 0.0558668 0.0749532 0.0353333 0.0558668 0.103013 0.127396 0.0790076 
0 0.0649527 0.097429 0.0459285 0.0726193 0.0688927 0.0459285 0 0.102699 0.0688927 
0.022987 0.0726912 0.068961 0.0325085 0.0514005 0.022987 0.065017 0.068961 0.0726912 0.045974 
0.766041 0.115682 0.155204 0.103469 0.1636 0.0776021 0.0817998 0.106654 0.103469 0.1393 
0.0463117 0.0327473 0.0327473 0.0463117 0.0327473 0.0327473 0.0231558 0.0463117 0.0327473 0.095474 
0.0327803 0.0655606 0.0518302 0.0231792 0.0695375 0 0.0463583 0.0655606 0.0463583 0.0518302 
0.0243019 0.0486037 0.0243019 0.0768492 0.0876216 0.0876216 0.0768492 0.0768492 0 0.0486037 
0.0520086 0.0328931 0.023259 0.104017 0.023259 0.023259 0.0520086 0.0465179 0.0465179 0.023259 
0.050611 0.0226339 0.0320092 0.172375 0.0905358 0.0715748 0.0226339 0.0320092 0.0679018 0.137677 
0.107202 0.0260004 0.281237 0.166483 0.0822203 0.0520007 0.0822203 0.130002 0.0822203 0.132576 
0.133613 0.0512383 0.0724619 0.16203 0.133613 0.0826192 0.0687434 0.0229145 0.0648119 0.0826192 
0.0744014 0.0526097 0.0470556 0.0848306 0.0332733 0.119969 0.0526097 0.0470556 0.0470556 0.0235278 
0.0531795 0.0336336 0.0752071 0.0752071 0.248297 0.0237826 0.0713477 0.0531795 0.0237826 0.0237826 
0.0469001 0.0524359 0.02345 0.0469001 0.0524359 0.104872 0.02345 0.16415 0.02345 0.0331633 
0.0967585 0 0.0305977 0.0216358 0.110322 0.110322 0.0305977 0.0611954 0.0432717 0.0432717 
0.0550065 0.0245997 0.0550065 0.073799 0.196797 0.077791 0.0550065 0 0.077791 0.0347892 
0.0314095 0.0222099 0.0222099 0.0222099 0 0.111049 0.0314095 0.0915737 0.0444198 0.0314095 
0.0480535 0.0679579 0.0537254 0.161176 0.129388 0.0537254 0.0537254 0.0866296 0.0866296 0.0240267 
0.108928 0.0302113 0.0770239 0.0213626 0.0477682 0.0477682 0.0213626 0.0427252 0.0213626 0.0213626 
0.0569572 0.025472 0.101888 0.025472 0.148526 0.0764161 0.0360229 0.0918407 0.0569572 0.050944 
0.0824463 0.0228665 0.0914659 0.0942809 0.045733 0.045733 0.0228665 0.0723101 0.0323381 0.045733 
0.048835 0.0244175 0.0545992 0.103595 0.124505 0.0345316 0.0345316 0.124505 0.0732525 0.0880385 
0.0465217 0.0208051 0.0208051 0.0832205 0.0857818 0.0882687 0.0208051 0.0416103 0.0294229 0.106086 
0.0673244 0.0476056 0.0336622 0.0532246 0.075271 0.0532246 0.0532246 0.0673244 0.0532246 0.0673244 
0.117781 0.0309307 0.0218713 0.111522 0.0489058 0.0489058 0.0218713 0.0437426 0.0309307 0.0874853 
0.0801729 0.022236 0.149163 0.0497211 0.11118 0.0497211 0.0444719 0.0916812 0.0889438 0.0801729 
0.0310348 0.0310348 0.0310348 0.0310348 0.0981407 0.0310348 0.0438898 0.0310348 0.0219449 0.0620696 
0.0706181 0 0.0669942 0.0893256 0.0315814 0.0223314 0.0223314 0.0631627 0.0223314 0.0499345 
0.0758044 0.0339007 0.0479429 0.0339007 0.0339007 0.12909 0.0678015 0.0536018 0.0339007 0.107204 
0.0545342 0.0879337 0.0731653 0.131336 0.154246 0.0975537 0.0975537 0.0975537 0 0.142208 
0.0914216 0.0799459 0.022173 0.0313574 0.0991607 0 0.0701172 0.022173 0.022173 0.0701172 
0.096907 0.0525552 0.119844 0.0525552 0.12657 0.10511 0.0743243 0.0847427 0.0743243 0.0664777 
0.0772379 0.0345418 0.0345418 0.0880648 0.0345418 0.0546155 0.0546155 0.14242 0.0488496 0.0345418 
0.0558973 0.0558973 0.024998 0.0749941 0.0790508 0.10307 0.0558973 0.0707052 0.024998 0.0499961 
0.0662948 0.0234388 0.0524106 0.0331474 0.0468775 0.13667 0 0.0331474 0.0524106 0.0331474 
0.0563034 0.0251797 0.0356094 0.0796251 0.128392 0.0356094 0.0251797 0 0.0712188 0.0712188 
0 0.0256074 0.0512148 0.0923287 0.0572598 0.0768221 0.0572598 0.0512148 0.0512148 0.0572598 
0.164424 0.0245108 0.15502 0.171576 0.131995 0.124981 0.0980433 0.109616 0.0490217 0.15502 
0.069843 0.0220863 0.0441726 0.069843 0.0662589 0.0493865 0.0220863 0.118938 0.0624695 0 
0.0252177 0.0252177 0.0797452 0.147043 0.0252177 0.0252177 0.0252177 0.0504353 0.0797452 0.0356632 
0.0494559 0.0312786 0.0442347 0.0221173 0.112777 0.0699412 0.0938359 0.0699412 0.0494559 0.112777 
0.0805722 0.0805722 0.0921379 0.111734 0.130303 0.0670402 0.0805722 0.0999376 0.0499688 0.0499688 
0.0642161 0.0507673 0.0321081 0.0681115 0.0507673 0.0717958 0.0507673 0.0717958 0.0227038 0.0321081 
0.0459013 0.0513192 0.0229506 0.0324571 0.0324571 0 0.0459013 0.0324571 0 0.0649142 
0.075539 0.0238875 0.119438 0.0984907 0.0238875 0.0955501 0.075539 0 0.047775 0.0238875 
0.0863744 0.0479119 0.129007 0 0.098773 0.0479119 0.0757554 0.122152 0.0338788 0.0757554 
0.0550607 0.0550607 0.0738717 0.123119 0.101527 0.0778676 0.0348234 0.0348234 0.0348234 0.0738717 
0.239388 0.122425 0.375583 0.0839828 0.326617 0.255424 0.0593848 0.148462 0.315635 0.268876 
0.0305263 0.0482664 0.0431708 0.091579 0.091579 0.0482664 0.0215854 0.157144 0.0482664 0.0215854 
0.0871595 0.0540541 0.218902 0.0725211 0.136747 0.0683736 0 0.0341868 0.123262 0.0483474 
0.126519 0.0298209 0.119283 0.119283 0.227109 0.210865 0.0666815 0.0596417 0.190947 0.152057 
0.0229145 0.0324059 0.195781 0.0724619 0.0687434 0.133613 0.0648119 0.123398 0.165238 0.0724619 
0.0264767 0.0264767 0.0592037 0.0374437 0.132384 0.105907 0 0.0592037 0.0529534 0.0264767 
0.0990051 0.019801 0.0280029 0.118806 0.0560057 0.132829 0.0280029 0.0840086 0.059403 0.0626163 
0.0239852 0.0339202 0.0239852 0.0678405 0.0988936 0.0959409 0.075848 0.0479705 0.101761 0.0339202 
0.0324571 0.0513192 0.0324571 0.0459013 0.0725763 0.0513192 0.0513192 0.0229506 0.0229506 0.0229506 
0.0476056 0.0476056 0.0238028 0.0238028 0.0532246 0.0238028 0.0858221 0.0476056 0.0238028 0.0336622 
0.027739 0.0196144 0.117687 0.0196144 0.11931 0.0438592 0.027739 0.0808724 0.0438592 0.0196144 
0.034075 0.0240946 0.102225 0.0868744 0.120473 0.0538772 0.0538772 0.107754 0.0538772 0.0538772 
0.0344828 0.024383 0.0344828 0.0771058 0.054522 0.0879141 0.0344828 0.0344828 0.024383 0.024383 
0.0989118 0.0911921 0.132704 0.0884694 0.312786 0.0494559 0.066352 0.0494559 0.0442347 0.110587 
0.0705882 0.0332756 0.0235294 0.105227 0.0526134 0.0705882 0.0235294 0.0705882 0.0332756 0.0470588 
0.883072 0.0328532 0.0929228 0.0929228 0.0957826 0.0957826 0.0232307 0.0464614 0.0837595 0.0519454 
0.044941 0.0502455 0.0502455 0.0635561 0.0635561 0.0635561 0.0224705 0.0502455 0.0674115 0.0674115 
0.034452 0.0544735 0.103356 0.0730838 0.100444 0.034452 0.0544735 0.0878358 0.0243613 0.0243613 
0.0437583 0.0218792 0.069188 0.069188 0.109396 0.0788865 0.0309418 0.069188 0.069188 0.0656375 
0.0780274 0.0246744 0.088965 0.0551737 0.088965 0.0697899 0.0246744 0.0348949 0.0697899 0.0740233 
0.03173 0.0501696 0.0224365 0.0501696 0.0673096 0.0501696 0 0.03173 0.03173 0.03173 
0.0481788 0.0240894 0.0481788 0.0722682 0.0993231 0.0240894 0.0240894 0.0240894 0.0340675 0.0240894 
0.0732743 0.0546155 0.0546155 0 0.0244248 0 0.0690837 0.0244248 0.0546155 0.0880648 
0.0300472 0.0600943 0.108337 0.0475088 0.0300472 0.0475088 0.0671875 0.0600943 0.0475088 0.0475088 
0.0229099 0.0229099 0.082603 0.0323996 0.0724476 0.0512282 0.0724476 0.0687298 0.0971987 0.0512282 
0.0326229 0.072947 0.0230679 0.257907 0.0515813 0.0461358 0.0831724 0.0515813 0.0230679 0.103163 
0.0752444 0 0.0475887 0.0336503 0.106412 0.0532058 0.0532058 0.0532058 0.0951774 0.0857918 
0 0.034001 0.0480847 0.14019 0.107521 0.034001 0.0480847 0.0961694 0.0537603 0.0240424 
0.0321226 0.0227141 0.0507902 0.0321226 0.0321226 0.0321226 0.0454282 0.0642451 0.0454282 0.0718282 
0.0328931 0.023259 0.0958991 0.0520086 0.164466 0.0520086 0.023259 0.0328931 0.023259 0.0520086 
0.228613 0.0508657 0.321703 0.0937918 0.187584 0.113739 0.0227478 0.0820185 0.165607 0.0820185 
0.0240894 0.102203 0.14653 0.0340675 0.0481788 0.0722682 0.102203 0.0722682 0.0761774 0.0868555 
0.0356915 0.0356915 0.112867 0.135909 0.0356915 0.0564333 0.0909959 0.100951 0.0564333 0.128688 
0.0451639 0.0931077 0.0504947 0.0677458 0 0 0.0504947 0.0225819 0.0319357 0.0225819 
0.0784103 0.099182 0.099182 0.156821 0.140265 0.148773 0.534112 1.61647 0.213299 0.204469 
0.132909 0.0375923 0.0751845 0.109599 0.0958418 0.0594386 0.0265817 0.0751845 0.0594386 0.118877 
0.0679018 0.0960277 0.0715748 0.14315 0.194705 0.137677 0.0679018 0.0320092 0.0715748 0.0960277 
0.0211797 0.0211797 0.0947187 0.149763 0.174653 0.169438 0.128831 0.0763646 0.0763646 0.0873263 
0.0640184 0.050611 0.0226339 0.0933221 0.14315 0.0816078 0.050611 0.0452679 0.0320092 0.050611 
0.137177 0.0676553 0.151282 0.031893 0.100855 0.0225518 0.0225518 0.0225518 0.0504273 0.0956791 
0.0758044 0 0.0536018 0.0988368 0.119857 0.0758044 0.0479429 0.0758044 0.0758044 0.0758044 
0.871277 0.023471 0.093884 0.0524828 0.0967735 0.070413 0.023471 0.033193 0.0846259 0.0742218 
0.0671724 0.0335862 0.023749 0.0335862 0.14446 0.071247 0.0335862 0.023749 0.023749 0.0671724 
0.027027 0.027027 0.0604343 0.0810811 0.108108 0.0810811 0 0.027027 0.0974473 0.111435 
0.075 0.103078 0.152069 0.125 0 0.05 0.0790569 0.111803 0.0901388 0.05 
0.176474 0.0993714 0.184883 0.0389767 0.11693 0.0993714 0.0616275 0.110243 0.137803 0.0616275 
0.0219727 0.0491325 0.0694838 0.0310741 0.0491325 0.0439454 0.0219727 0.0659181 0.0439454 0.0694838 
0.0258955 0.0818888 0.0579042 0.0732436 0.115808 0.0818888 0.0258955 0.0818888 0.0732436 0.0732436 
0.0987353 0.0551947 0.0246838 0 0.0349082 0.0551947 0.0780571 0.14393 0.110389 0.0698164 
0.0737962 0.116682 0.169892 0.116682 0.215151 0.192437 0.0330027 0.0330027 0.0521818 0.188144 
0.0328887 0.0520016 0.0232558 0.0657774 0.0232558 0.0328887 0.0520016 0.0465116 0.0232558 0.0520016 
0.0228919 0.0723906 0.133482 0.0323741 0.0228919 0.0647481 0.123277 0.14658 0.0686758 0.0457839 
0.0889372 0.0397739 0.0889372 0.0628881 0.0795479 0.0281244 0.0562488 0.0397739 0.0889372 0.0397739 
0.0799552 0.0357571 0.128924 0.0252841 0.104249 0.113074 0.0565369 0.0565369 0.136159 0.0357571 
0.0239852 0.0536326 0.075848 0.08648 0.0239852 0.0339202 0.0479705 0.075848 0.0339202 0.0339202 
0.146916 0.0831082 0.0415541 0.0657028 0.0929178 0.117533 0.0293832 0.0415541 0.0587664 0.0657028 
0.0525226 0.0664364 0.0469776 0.0234888 0 0.0525226 0.0234888 0.0742781 0.0525226 0.0846901 
0.0296093 0.020937 0.0296093 0.0592187 0 0.0592187 0.0662085 0.020937 0.0418739 0.020937 
0.0656375 0.154709 0.111562 0.0902101 0.0489233 0.0656375 0.0618836 0.940804 0.0788865 0.154709 
0.072696 0.045977 0.0828862 0.0514039 0.072696 0.117219 0.0229885 0.0514039 0.117219 0.0689655 
0.0511879 0.0323741 0.0323741 0.0511879 0.0647481 0 0 0 0.0323741 0.0511879 
0.128965 0.0494559 0.0911921 0.125115 0.134535 0.148368 0.0442347 0.0797452 0.0312786 0.225554 
0.0269386 0.038097 0.0602366 0.134693 0.0851874 0.0602366 0.111071 0.038097 0.038097 0.038097 
0.0275633 0.0389804 0.113646 0.0993808 0.0993808 0.0826898 0.0551266 0.0616334 0.113646 0.0275633 
0.0673775 0.0449183 0.0673775 0.0449183 0.136614 0.134755 0.0502202 0.0449183 0.0502202 0.0502202 
0.0592297 0.0264883 0.0374601 0.105953 0.109214 0.11238 0.0749203 0.0749203 0.11238 0.142644 
0.0222167 0.0444335 0.0496781 0.0942576 0.111084 0.111084 0.0222167 0.0444335 0.177734 0.0314192 
0 0.0336622 0.075271 0.119014 0.075271 0.0532246 0.0238028 0.0238028 0.0532246 0.0238028 
0.0557408 0.024928 0.189846 0.0705072 0.200976 0.0498561 0.0498561 0.024928 0.0352536 0.0747841 
0.0328089 0.0463988 0.0984268 0.0231994 0.0231994 0.0231994 0.0328089 0.0328089 0.073363 0.0956537 
0.0739839 0.0246613 0.0551444 0.104629 0.0551444 0.0551444 0.0551444 0.0493226 0.0889176 0.0889176 
0.0328532 0.0519454 0.0837595 0.0519454 0.0985595 0.0696921 0.0464614 0.0696921 0.0232307 0.0734619 
0.0629317 0.0281439 0.0562878 0.0629317 0.125863 0.164106 0.0398015 0.0629317 0.14072 0.0844317 
0.024275 0.0542805 0.024275 0.024275 0.03433 0.03433 0.03433 0 0.024275 0.03433 
0.105054 0.127804 0.0664419 0.0297137 0.0210108 0.0210108 0.0210108 0.0630323 0.0757554 0.093963 
0 0.0326229 0.0831724 0.154744 0.134508 0.0230679 0 0.0461358 0.0831724 0.0230679 
0.0501058 0.0250529 0.0792242 0.0501058 0.0354302 0.0751587 0.0501058 0.100212 0.05602 0.0250529 
0.0728538 0.0515154 0.106202 0.0257577 0.109281 0.0728538 0.0364269 0.081453 0.057596 0.057596 
0.0252438 0.0564467 0 0.0564467 0.0757313 0.0252438 0.0357001 0.112893 0.0357001 0.0910176 
0.0542805 0.06866 0.0542805 0.17165 0.155436 0.147659 0.0542805 0.04855 0.072825 0.14565 
0 0.0321081 0.0681115 0.0818598 0.0681115 0.0818598 0.0507673 0.0454077 0.0642161 0.0963242 
0 0.0550649 0.0348261 0.101535 0.0887894 0.0778735 0.123129 0.916131 0.0348261 0.0246258 
0.0831724 0.0831724 0.0692036 0.124224 0.072947 0.0461358 0.0515813 0.0515813 0.0461358 0.0230679 
0.0972525 0.0194505 0.0972525 0 0.0701298 0.0194505 0.077802 0.455325 0.0434927 0.137536 
0.0897069 0.0217571 0.0615385 0.0615385 0 0.0435143 0.0973008 0.0435143 0.0688021 0.0307692 
0.0905358 0.042679 0.124429 0.10881 0.0954331 0.150893 0.0674814 0.183569 0.10881 0.170716 
0.0236426 0.0528664 0.0528664 0.0852445 0.0709277 0.0747644 0.0236426 0.0528664 0.0528664 0.0236426 
0.0497211 0.0703163 0.0628928 0.0314464 0.0801729 0.0703163 0.0801729 0.022236 0.0943392 0.0667079 
0.034493 0.0545382 0.034493 0.0545382 0.0879403 0.034493 0.034493 0.0487805 0.034493 0.034493 
0.0759433 0.0358 0.0253144 0.0759433 0.0566048 0.0716 0.0358 0.0506289 0.0912725 0.0358 
0.0526134 0.0235294 0.0235294 0.0848365 0.0332756 0.0235294 0.0332756 0.0470588 0.0665512 0.0526134 
0.0289581 0 0.0647524 0.122859 0.233468 0.129505 0.0647524 0.985003 0.0915737 0.0647524 
0.0697538 0.0493234 0.11029 0.0220581 0.124779 0.0795315 0.0220581 0.132348 0.0986467 0.0493234 
0.0679432 0.0214855 0.085942 0.088587 0.0480431 0 0.0214855 0.042971 0.0303851 0.0214855 
0.0586614 0.0524683 0.0262342 0.0586614 0.141275 0.0787025 0.0586614 0.0371007 0.0371007 0.0829597 
0 0.0340774 0.0538812 0.0240964 0.0761995 0.0538812 0.0240964 0.0538812 0.0681549 0.0722892 
0.0566684 0.0716804 0.0760286 0.0716804 0.0566684 0.0506857 0.0760286 0.104491 0.0358402 0.091375 
0.0342871 0 0.0542127 0.147474 0.0242447 0.0242447 0.0542127 0.0484893 0.0242447 0.0542127 
0.0250293 0.0250293 0.0791497 0.0559673 0.0791497 0.0353968 0.0250293 0.0353968 0.0559673 0.0250293 
0.0563884 0.0563884 0.126088 0.199363 0.15949 0.180531 0.140971 0.143763 0.169165 0.242536 
0.0439136 0.0490969 0.0490969 0.0694336 0.0219568 0.0981939 0.0490969 0.0791664 0.0490969 0.111958 
0.0701646 0.022188 0.0496139 0.0496139 0.066564 0.0496139 0.0627572 0.0496139 0.0627572 0.0496139 
0.027027 0.0810811 0.038222 0.108108 0.0974473 0.0604343 0.027027 0.0974473 0.038222 0.114666 
0.0382185 0 0.0382185 0.0810737 0.157579 0.0854592 0.0382185 0.0604287 0.0540491 0.0382185 
0.0344904 0.0545342 0 0.0344904 0.0344904 0.0731653 0.0344904 0.0731653 0.0545342 0.0879337 
0.0294086 0.0657596 0.0588172 0.0929981 0.106034 0.0294086 0 0.0294086 0.0657596 0.117634 
0.0234888 0.0525226 0.105045 0.0469776 0.0525226 0.0996546 0.0704664 0.193694 0.0742781 0.0742781 
0.123298 0.0483616 0.188858 0.0764663 0.188858 0.120904 0.120904 0 0.140997 0.0540699 
0.0305959 0 0.0684146 0.0780046 0.0780046 0.0917878 0.0216346 0.0432692 0.0780046 0.0432692 
0.0338328 0.101498 0.0239234 0.0478467 0.0478467 0.0676655 0.0534943 0.0534943 0.0534943 0.0338328 
0.124844 0.0706225 0.124844 0.176556 0.176556 0.205898 0.0789583 0.0706225 0.127316 0.176556 
0.0250746 0.0709215 0.100298 0.103385 0.0560684 0.0560684 0.0501491 0.112137 0.0752237 0.0354608 
0.101204 0.028069 0.0627641 0.112276 0.115731 0.0887619 0.0396955 0.0887619 0.0561379 0.0627641 
0.169706 0.0252982 0.0357771 0.08 0.0565685 0.091214 0.0357771 0.0565685 0.0357771 0.126491 
0.124922 0.103013 0.0900825 0.0499688 0.0900825 0.0706665 0.0706665 0.0249844 0.0749532 0.0558668 
0.0351799 0.0497519 0.0351799 0.0746278 0.0248759 0 0.0248759 0.0497519 0.0248759 0 
0.0459013 0.0324571 0.0725763 0.0918025 0.102638 0.0513192 0.0459013 0.0827497 0.0688519 0.0725763 
0.0491177 0 0.186388 0.0658983 0.0219661 0.0439322 0 0.0491177 0.0439322 0.0491177 
0.075101 0.047498 0.0979197 0 0.0856283 0.0856283 0.023749 0.0856283 0.071247 0.047498 
0.068072 0.0507379 0.068072 0.0226907 0.0641789 0.0226907 0.0320895 0 0.0453814 0.0320895 
0.226172 0.0827988 0.0324764 0.0649527 0.0827988 0.0726193 0.0649527 0.0513496 0.0229642 0.0649527 
0.0948747 0.0263135 0.0372129 0.0948747 0.157881 0.134173 0.0372129 0.268346 0.131568 0.157881 
0.121168 0.067501 0.121168 0.0225003 0.121168 0.0225003 0.100625 0.0318203 0.0900013 0.0225003 
0.0276448 0.138224 0.0586434 0.0276448 0.0276448 0.0195478 0.0704806 0.0586434 0.0390956 0 
0.105582 0.0362143 0.130573 0.0923287 0.0572598 0.128037 0.0362143 0.0362143 0.0572598 0.1379 
0.159097 0.0592921 0.191211 0.0592921 0.0838517 0.118584 0.0592921 0.0838517 0.0795487 0.0374996 
0.137132 0.0940721 0.179108 0.047036 0.119919 0.0332595 0.105176 0.0332595 0.066519 0.0743705 
0.0883452 0.0658486 0.0858561 0.0294484 0.0832927 0.0588968 0.046562 0.0588968 0.0416463 0.0294484 
0.0439879 0.0311042 0.0311042 0.069551 0.04918 0.0311042 0.021994 0.069551 0.0439879 0.04918 
0.14443 0.0304484 0.0962864 0.0215303 0.0680847 0.0304484 0.0304484 0.0304484 0 0.0680847 
0.128688 0.0252377 0.0252377 0.1616 0.100951 0.0252377 0.0564333 0.126189 0.0252377 0.0356915 
0.265527 0.198637 1.23997 0.557786 1.31982 1.27113 0.0916995 0.0916995 0.154702 0.170609 
0.0442764 0.039602 0.0626163 0.217811 0.039602 0.059403 0.0280029 0.154651 0.0626163 0.0560057 
0.050198 0.0224492 0.0709908 0.050198 0.100396 0.0809419 0.0673477 0 0.0634961 0.0709908 
0.0565912 0.0253083 0.0357914 0.0506167 0.0565912 0.0253083 0.0565912 0 0.0357914 0.0565912 
0.0961139 0.0266572 0.168595 0.037699 0.037699 0.0533144 0.0266572 0.0799716 0.0799716 0 
0.102989 0.0201979 0.0451639 0.0605937 0.0638714 0.0403958 0.0451639 0.0285641 0.0451639 0.102989 
0.0486612 0.0243306 0.147997 0.0243306 0.0344087 0.0769401 0.0243306 0.0344087 0.0973224 0.0769401 
0.0523209 0.0523209 0.0233986 0.0523209 0.0992719 0.0467972 0 0.0935945 0.0467972 0.0233986 
0.0960363 0.107372 0.137503 0.197984 0.107372 0.125216 0.0429487 0.0429487 0.0679079 0.0885411 
0.131568 0.0588388 0.0372129 0.131568 0.0832106 0.0372129 0.0372129 0.0832106 0.0948747 0.052627 
0.135457 0.170556 0.141911 0.0634645 0.0897524 0.0946073 0.0211548 0.0299175 0.0423097 0.0473037 
0.0682877 0 0.0508987 0.0508987 0.0682877 0.0227626 0.0227626 0.0508987 0.0938525 0.0719816 
0.031762 0.0502202 0.11452 0.130958 0.031762 0 0.0224592 0.0635241 0.0502202 0.0502202 
0.0491325 0.0310741 0.0439454 0.109864 0.0621482 0.0694838 0.0310741 0.0439454 0.109864 0.0219727 
0.0748154 0.0591468 0.169371 0.0953713 0.0953713 0.0836461 0 0.0793537 0.118294 0.0264512 
0.0698377 0.0552116 0.0698377 0.0246914 0.0246914 0.0493827 0.0246914 0.0349189 0.0246914 0.0349189 
0.1074 0.0253144 0.0566048 0.0716 0.11321 0.0566048 0.0912725 0 0.0566048 0.0566048 
0.0216765 0.0613103 0.0484701 0.185204 0.481296 0.223173 0.0484701 0.068547 0.0867059 0.131853 
0.12855 0.52973 0.353154 0.22125 0.353595 0.0882884 0.0706307 0.0636657 0.0353154 0.0882884 
0.0249805 0 0.124902 0.0558581 0.0558581 0.127376 0.0353277 0.102997 0.0353277 0.0249805 
0.0976795 0.0270914 0.0270914 0.153252 0.0383131 0.0605783 0.0856706 0.0605783 0.0541828 0.0856706 
0.0459255 0.0324742 0.0229627 0.117087 0.0726145 0.0726145 0.0827933 0.0513462 0.0229627 0.0649484 
0.0307692 0.0307692 0.0615385 0.0973008 0.0307692 0.0486504 0 0.0307692 0.0784465 0.0435143 
0.0249824 0.0558624 0.0249824 0.0900755 0.0900755 0.070661 0.0249824 0.0558624 0.0790014 0.0249824 
0.0870059 0.0275137 0.0870059 0.0870059 0.0870059 0.0615225 0.0870059 0.0870059 0.123045 0.148166 
0.265207 0.0348234 0.0887827 0.0492478 0.0246239 0.0550607 0.0348234 1.36213 0.0348234 0.0492478 
0.0558336 0.0441403 0.162781 0.0987008 0.0813907 0.0279168 0.0558336 0.0441403 0.0197402 0.0279168 
0.0373815 0.0747631 0.0373815 0.0747631 0.118211 0.142345 0.0591054 0.0264327 0.105731 0.0528655 
0.0532397 0.0752923 0.0532397 0.0336718 0.0981692 0.0532397 0.047619 0.0336718 0.0238095 0 
0.065017 0.0514005 0.0514005 0.0726912 0.0947778 0.091948 0.0828808 0.0325085 0.022987 0.0828808 
0.104629 0.0348764 0.0246613 0.0551444 0.101681 0 0.0779859 0.0246613 0.0697527 0.0348764 
0.828699 0.0465444 0.106137 0.0858236 0.131647 0.150101 0.0208153 0.0658237 0.104076 0.0930887 
0.0808966 0.0602968 0.0539311 0.134828 0.0972257 0.0852725 0 0.0852725 0.0972257 0.0539311 
0.0896131 0.0566763 0.0566763 0.0400762 0.341237 0.116841 0.0283382 0 0.0400762 0.0896131 
0.0273319 0.0386532 0.0546639 0.0796856 0.212593 0.0864312 0.096633 0.0796856 0.0432156 0.122232 
0.0353553 0.0353553 0.025 0 0.226385 0.125 0.0901388 0.0790569 0.111803 0.0353553 
0.0347498 0.0549442 0.0885949 0.243248 0.109888 0.109888 0.0885949 0.640754 0.0694996 0.0737154 
0.0906177 0.0906177 0.0491444 0.0621632 0.021978 0.043956 0.0792429 0.10989 0.0621632 0.021978 
0.0245718 0.0491436 0.0347498 0.0694996 0.0549442 0.0347498 0.0347498 0.0245718 0.0245718 0.0245718 
0.0221553 0.0495408 0.0495408 0.156662 0.11931 0.125329 0.0221553 0.132932 0.0913487 0.0990816 
0.033782 0.047775 0.0534141 0.139287 0.075539 0.0534141 0.033782 0.033782 0.0716625 0 
0 0.0212718 0.0300828 0.0877058 0.0475652 0.0475652 0.0475652 0.0425436 0.0212718 0.0475652 
0.0752923 0.0532397 0.0336718 0.119048 0.0858465 0.047619 0.0238095 0.0238095 0.0238095 0.047619 
0.0459892 0.0325193 0.11725 0.0829081 0.0650385 0.162596 0.0229946 0.0325193 0.0229946 0.0514175 
0.0716436 0.101319 0.0506597 0.101319 0.132104 0.03204 0.0716436 0.194892 0.06408 0.0453114 
0.0237023 0.0335201 0.0670402 0.0335201 0.0749532 0.0474046 0.0237023 0.0854598 0.0237023 0.0237023 
0.0327803 0 0.0327803 0.0327803 0 0.0327803 0.0231792 0.0655606 0.0231792 0.0231792 
0.057387 0.057387 0.0725894 0.0513285 0.0811574 0.0513285 0.0256642 0.0256642 0.0362947 0.0362947 
0.0542885 0.0542885 0.0242786 0 0.0728357 0.0686702 0.100103 0.39148 0.0542885 0.0542885 
0.0350258 0.024767 0.0892986 0.0495339 0.123835 0.0350258 0.024767 0.07832 0.024767 0.0350258 
0.0273052 0.0273052 0.0772307 0.112582 0.0772307 0.0984502 0.0386154 0.0386154 0.0546104 0.0386154 
0.321037 0.0519087 0.036705 0.0259543 0.0580357 0.116071 0.036705 0.0935797 0.0259543 0.0259543 
0.0672787 0.0877207 0.0638262 0.154887 0.106377 0.0767095 0.0672787 0.0672787 0.0212754 0.0951464 
0.0816706 0.0226514 0.0320338 0.113257 0.0933939 0.0453027 0.0906054 0.0716299 0.05065 0.0453027 
0.034401 0.0243252 0 0.034401 0.0486504 0.034401 0.0543928 0.034401 0.0486504 0 
0.075335 0.0858952 0.075335 0.075335 0.0532699 0.023823 0.10654 0.0982249 0.0336909 0.075335 
0.0713467 0.0225618 0.0813478 0.232288 0.137238 0.162696 0.0813478 0.131557 0.0957217 0.131557 
0.0262953 0.0948091 0.153327 0.191433 0.274531 0.258979 0.0371872 0.108418 0.105181 0.184067 
0.239346 0.0243019 0.0729056 0.0486037 0.103104 0.0768492 0.0543406 0.0876216 0.0972074 0.034368 
0.0454164 0.0642285 0.0642285 0.0454164 0.0321143 0.0227082 0.0227082 0.0507771 0.0818757 0.0642285 
0.32035 0.0970314 0.108484 0.195272 0.174926 0.204688 0.030684 0.110633 0.216969 0.138928 
0.0853968 0.0270048 0.0540097 0.0540097 0.111344 0.0540097 0.0853968 0.0603847 0.157464 0.164264 
0.1429 0.131975 0.156922 0.0245072 0.0735215 0.0547997 0.103975 0.0490143 0.0245072 0.0245072 
0.124214 0.0392799 0.138875 0.0392799 0.100145 0.0277751 0.062107 0.0555502 0.0878326 0.100145 
0.094483 0.0262049 0.0262049 0.0585959 0.104819 0.0262049 0.0262049 0.117192 0.117192 0.0585959 
0.0405679 0.0573716 0.118275 0.128287 0.0641434 0.0286858 0.0573716 0.0907125 0.0405679 0.0286858 
0.0839773 0.0593809 0.0957488 0 0.202244 0.0593809 0.0751116 0.0839773 0.026556 0.026556 
0.0715542 0.0565685 0.126491 0.0357771 0.107331 0.136235 0 0.0505964 0.091214 0.0715542 
0.0266572 0.037699 0.0266572 0.0596073 0.037699 0.037699 0 0.0266572 0.0533144 0.0961139 
0.0734099 0.0259543 0.0820748 0 0.0580357 0.116071 0 0.036705 0.0259543 0.077863 
0.0403403 0.0403403 0.0403403 0.0570498 0.145449 0.117611 0.0637836 0.0637836 0.153611 0.127567 
0.0302996 0.0677519 0.0677519 0.04285 0.0677519 0.0677519 0.04285 0.121198 0.04285 0.0302996 
0.21137 0.0234856 0.136943 0.0469711 0.132854 0.166068 0.0469711 0.142857 0.0742679 0.150381 
0.171779 0.0809776 0.0256074 0.0768221 0.0809776 0.0362143 0.0362143 0.0572598 0.0362143 0.0809776 
0.0764161 0.0871277 0.0341743 0.0871277 0.0483298 0.0724947 0 0.0341743 0.0341743 0.0241649 
0.0611189 0.0273332 0.0273332 0.038655 0.112698 0.0273332 0 0.0611189 0.0546664 0.038655 
0 0.0277671 0.0833012 0.0878072 0.0785371 0.0878072 0.0620891 0.0620891 0.0878072 0.0555341 
0.0740233 0.0943616 0.0943616 0.0585206 0.0827606 0.117041 0.0370117 0.0261712 0.0585206 0.0585206 
0.054165 0.0342569 0.102771 0.0873384 0.0766008 0.054165 0.0726699 0.121117 0.054165 0.054165 
0.0518302 0.0835736 0.0732989 0.0695375 0.0655606 0.0518302 0 0.0327803 0.0732989 0.0732989 
0.0251797 0.0563034 0.0251797 0.0907865 0.0503593 0.0796251 0.0251797 0.0356094 0.0356094 0.0563034 
0.106017 0.0727273 0.0927094 0.154278 0.057496 0.131111 0.0514259 0.0813116 0.0771389 0.0813116 
0.107628 0.0970142 0.0850871 0.0380521 0.0538138 0.0380521 0.0807207 0.0601657 0.0807207 0.0538138 
0.040369 0.0570905 0.121107 0.0570905 0.0570905 0 0 0.0902679 0.0285452 0.0285452 
0.0277537 0 0.100067 0.0277537 0.124118 0.0877649 0.0277537 0.0832611 0.0277537 0.0392497 
0.0422106 0.0298474 0.0667409 0.0667409 0.0667409 0.0667409 0.0667409 0.107616 0.0667409 0.0422106 
0.0600842 0.0268705 0.0268705 0.0380006 0.0268705 0.0849719 0.0537409 0.0380006 0.0268705 0.0380006 
0.05547 0.05547 0.282843 0.235339 0.33282 0.144648 0.0350823 0.05547 0.0784465 0.0248069 
0.0269069 0.11094 0.0970142 0.0269069 0.0269069 0.107628 0.0601657 0.0269069 0.137199 0.0761042 
0.0842974 0.0533144 0.037699 0.037699 0.10991 0.0266572 0.0596073 0.037699 0.0753979 0.0533144 
0.0596073 0.0842974 0.0596073 0.0961139 0 0.0596073 0.0596073 0.0799716 0.0533144 0.0266572 
0.0338788 0.023956 0.0479119 0 0.098773 0.023956 0.0757554 0.0863744 0.0479119 0.023956 
0.0266572 0.037699 0.0596073 0.1866 0.0753979 0.0842974 0.037699 0.0842974 0.10991 0.0799716 
0.0766152 0.0722335 0.0571056 0.0571056 0.0766152 0.0255384 0.0255384 0.0361167 0.0807595 0.0255384 
0.0696564 0.0492545 0.0492545 0.0311513 0.0794205 0.0220273 0.0492545 0.0660819 0.0696564 0.0492545 
0.0681774 0.0681774 0.0937009 0.122382 0.136355 0.136355 0.0321391 0.0508164 0.101633 0.0819391 
0.0566048 0.0253144 0.0800512 0.0253144 0.0358 0.0506289 0 0.0358 0.0253144 0.0358 
0.0794239 0.025116 0.0710389 0.0355194 0.0561612 0.0561612 0.0355194 0.025116 0.0794239 0.103556 
0.139857 0.0479705 0.0339202 0.0536326 0.119926 0.075848 0.0239852 0.107265 0.075848 0.075848 
0.121478 0.0416667 0.0465848 0.0658808 0.0589256 0.0751157 0.0465848 0.0208333 0.0294628 0.085898 
0.0725763 0.0513192 0.0229506 0.0973713 0.0229506 0.0725763 0.0725763 0.0513192 0.0725763 0.0973713 
0.0704415 0.0249048 0.0249048 0.0249048 0.0897957 0.0556889 0.0352208 0.0556889 0.0249048 0.0352208 
0.0847837 0.0235148 0.105161 0 0.0470295 0.0705443 0.0235148 0.0743602 0.0332549 0.0743602 
0.0714628 0.0252659 0.0564963 0.0252659 0.0252659 0.0564963 0.0252659 0.0757977 0.101064 0.0252659 
0.0340158 0.0240528 0.0537837 0.0991722 0.0991722 0.0340158 0.0537837 0.0962111 0.0340158 0 
0.0866546 0.0679775 0.0240337 0.0760011 0.120168 0.0537409 0 0.0480673 0.0339887 0.0480673 
0.075101 0.0531044 0.047498 0.0531044 0.047498 0.118745 0.075101 0.0671724 0.0531044 0.0335862 
0.0249824 0.0499649 0.0790014 0.105992 0.0249824 0.0249824 0.0249824 0.0249824 0.0499649 0 
0.0556889 0.0249048 0.111378 0.176104 0.0897957 0.105662 0 0.078756 0.124524 0.124524 
0.0739839 0.0246613 0.0739839 0.0779859 0.150009 0.0889176 0.0348764 0.0348764 0.0348764 0.0889176 
0.03625 0.0256326 0.0573162 0.0573162 0.03625 0.0768978 0.0573162 0.0512652 0 0.0256326 
0.782686 0.0981066 0.0532058 0.0336503 0.0237944 0.0336503 0.0237944 0.0237944 0.0532058 0.0532058 
0.0534141 0.033782 0.075539 0.033782 0.119438 0.119438 0.047775 0.172255 0.0716625 0.0238875 
0.0297137 0 0.105054 0.152961 0.0469815 0.0297137 0.0210108 0.0420215 0.0210108 0 
0.0300743 0.0212658 0.0475517 0.0300743 0.0475517 0.0212658 0.0766748 0.0425315 0 0.0425315 
0.088965 0.0493489 0.104685 0.0780274 0.0246744 0.0246744 0.0551737 0.0780274 0.0780274 0.0246744 
0.0843274 0 0.106667 0.178885 0.162207 0.168655 0.0266667 0.08 0.0754247 0.16 
0.0259194 0.0366556 0.0733112 0.0366556 0.106869 0.0518389 0.0259194 0.0366556 0.0777583 0.115915 
0.0558581 0.0353277 0.105983 0.049961 0.127376 0.0249805 0.0249805 0.0706555 0.0353277 0.0249805 
0.051778 0.0231558 0.0732252 0.0327473 0.0834896 0.0982419 0.0231558 0.0654946 0.051778 0.0231558 
0.0968435 0.0242109 0.0726326 0.0765615 0.0968435 0.0765615 0.0484218 0.0242109 0.0726326 0.0765615 
0.08426 0.0532907 0.0595808 0.0595808 0.0595808 0.0799361 0.0799361 0.0532907 0 0.0266454 
0.0552832 0.0247234 0.0552832 0.0494468 0.0781823 0.0891415 0.0349642 0.0247234 0.0494468 0 
0 0.117428 0.0742679 0.0939423 0.0469711 0.0332136 0.0664272 0.117428 0.0846784 0.0469711 
0.0565233 0.0357485 0.071497 0.0565233 0.0565233 0.075834 0.025278 0.0565233 0.0799361 0.101112 
0.0879403 0 0.0879403 0.097561 0.0545382 0.0545382 0.0731707 0.0771287 0.034493 0.0487805 
0.109701 0.048107 0.0775701 0.0962139 0.0962139 0.0775701 0.0775701 0.0215141 0.0962139 0.0962139 
0.0352865 0.0249513 0.0249513 0.0557928 0.0352865 0.0249513 0.0499026 0 0.0352865 0.0352865 
0.124188 0.0785432 0.0702512 0.105377 0.0555384 0.0993501 0.0351256 0.0351256 0.0555384 0.111077 
0.0245718 0.0694996 0.0347498 0.122859 0.0885949 0.0885949 0.0491436 0.0491436 0.0347498 0.0245718 
0.121428 0.0214657 0.0643971 0.0773957 0.0643971 0.0479988 0.0678805 0.0858628 0.0303571 0.0773957 
0 0.0272115 0.112196 0.121694 0.0272115 0.0608468 0.0272115 0.0816345 0.121694 0.054423 
0.0764161 0.021194 0.084776 0.0764161 0.0764161 0.0473912 0.0299728 0.0599457 0.0299728 0.042388 
0.574221 1.217 2.48509 0.279961 0.316228 0.116248 2.30217 0.363913 1.72815 0.530171 
0.0565369 0.0252841 0 0.12642 0.0565369 0.0715141 0.0799552 0.0565369 0.0565369 0.0715141 
0.0234388 0.0741198 0.0234388 0.0662948 0.0994422 0.0966405 0.0741198 0.0741198 0.0234388 0.0741198 
0.632456 0.909288 2.55294 0.385297 0.70929 0.231535 0.321081 0.101535 2.96405 0.454077 
0.058616 0.037072 0.0262139 0.111216 0.037072 0.0786416 0.037072 0.108083 0.0786416 0.037072 
0.0503753 0.0503753 0.0563213 0.0796503 0.0251876 0.0755629 0.0563213 0.0563213 0.0503753 0.0356207 
0.0785674 0.0487254 0.197323 0.117346 0.0974509 0.117346 0.0217907 0.0308167 0.0785674 0.0308167 
0.0821995 0.0259938 0.0779813 0.0937218 0.0821995 0.0735215 0.0581238 0.0519875 0.0937218 0.0259938 
0.0784465 0.0248069 0.0248069 0.0784465 0.05547 0.0248069 0.05547 0.0350823 0.0350823 0.05547 
0.105409 0.0723101 0.0361551 0.0571662 0.0361551 0.051131 0.0808452 0.0808452 0.0255655 0.0361551 
0.0911152 0.0911152 0.0322141 0.138558 0.0644282 0.10187 0.0455576 0.144066 0.144066 0.0644282 
0.106112 0.0978301 0.0855499 0.167777 0.0855499 0.0711818 0.106112 0.20411 0.0237273 0.0474546 
0.0248069 0.0248069 0.0496139 0.0350823 0.05547 0.0496139 0.0248069 0.0784465 0.05547 0.0496139 
0.0490807 0.0490807 0.0884814 0.0245403 0.109748 0.0347053 0.0548739 0.0884814 0.0776034 0.0548739 
0.115362 0.046145 0.0515916 0.124249 0.0692175 0 0.0515916 0.083189 0.046145 0.0230725 
0.0360229 0.0569572 0.0569572 0.0805496 0.0764161 0.0569572 0.0360229 0.0918407 0.0360229 0.050944 
0 0.107271 0 0.12642 0.0565369 0.0565369 0.0357571 0.0357571 0.0252841 0.091163 
0.0572598 0.0809776 0.0362143 0.0809776 0.0512148 0.0572598 0.0572598 0.0923287 0.0256074 0.0768221 
0.0640578 0.0202569 0.0452957 0.0905915 0.0202569 0.0452957 0.0640578 0 0.0640578 0.0452957 
0.0263409 0.0263409 0.0745033 0.0372516 0.0526818 0.0589 0.0263409 0.0526818 0.0790227 0.0526818 
0.0580357 0.0259543 0 0.0259543 0.0519087 0.0580357 0.036705 0.077863 0.0259543 0.0519087 
0.0888799 0.125695 0.0215565 0.0646696 0.136335 0.0681677 0.0609711 0.0215565 0.0215565 0.0215565 
0.025713 0 0.114992 0.0727273 0.0363636 0.0514259 0.025713 0.025713 0 0.0514259 
0.115932 0.0321537 0.0643074 0.160768 0.143796 0.101679 0.0321537 0 0.101679 0.101679 
0.0240111 0.0759299 0.0339569 0.0720334 0.0990005 0.0240111 0.0339569 0.0536906 0.0339569 0.0536906 
0.026556 0.0839773 0.154846 0.0839773 0.13278 0.154846 0.0839773 0.0751116 0.0839773 0.118762 
0.0777029 0.0245718 0.0347498 0.0245718 0.0245718 0.0245718 0.0245718 0.0549442 0.0549442 0 
0.0577302 0.0816429 0.0930872 0.106449 0.106449 0.129089 0.0516355 0.0577302 0.0258177 0.165314 
0.0535672 0.023956 0.0479119 0.0757554 0.107134 0.0535672 0.0479119 0.0535672 0.0677577 0.0677577 
0.113428 0.035869 0.113428 0.0507265 0.0802056 0.104575 0.0567139 0.035869 0 0.035869 
0.0580015 0.025939 0.0733667 0.0580015 0.0820265 0.0580015 0.0366834 0.0580015 0.025939 0.0580015 
0.0606026 0.0479105 0.0214262 0.0214262 0.0772534 0.0677557 0.0303013 0.0479105 0.0479105 0.0909039 
0.0913677 0.0358373 0.0913677 0.107512 0.0913677 0.0358373 0.0566638 0.0801347 0.0253408 0.113328 
0.0513462 0.0229627 0.0918509 0.129897 0.0827933 0.0459255 0.0229627 0.0459255 0.0946778 0.102692 
0.0313786 0.044376 0.0701646 0.156893 0.188271 0.119486 0.044376 0.022188 0.066564 0.066564 
0.022987 0.0325085 0 0.0325085 0 0.0947778 0.0514005 0.022987 0.022987 0.045974 
0.123452 0.0242109 0.0726326 0.0765615 0.171197 0.0765615 0.0342393 0.0484218 0.0342393 0.145265 
0.0507305 0 0.0253653 0.0567185 0.0567185 0.0567185 0.0567185 0.0717438 0.0507305 0.0760958 
0.0371872 0.0831531 0.0587981 0.0371872 0.0587981 0.0587981 0.0371872 0.0831531 0.0371872 0 
0.0481613 0.0761497 0.102166 0.102166 0.0340552 0.053846 0.053846 0.0992871 0.0963226 0.0992871 
0.0517191 0.0231295 0.0327101 0.0654201 0.0327101 0.0517191 0.0517191 0.0731419 0.0693885 0.0327101 
0.0545342 0.0731653 0.077123 0.0487769 0.0344904 0.0689809 0 0.109068 0.131336 0.0545342 
0.0245403 0.0245403 0.0490807 0.0347053 0.101182 0.0347053 0.0490807 0.0776034 0.109748 0.0347053 
0.0767756 0.0542885 0.0542885 0.0242786 0.0343351 0.100103 0.0971143 0 0 0.0686702 
0.0362589 0.0512778 0.0256389 0.0573304 0.0256389 0.0256389 0.0725178 0.0573304 0.0256389 0.0256389 
0.0291034 0.0205792 0.0741995 0.0291034 0.0411585 0.0205792 0.0460165 0.0291034 0.0291034 0.0205792 
0.048827 0.0308809 0.0218361 0.10918 0.166299 0.097654 0.0787311 0.0308809 0.0436722 0.0617618 
0.0514175 0.0325193 0.0948091 0.0689837 0.114973 0.0829081 0.0514175 0.0514175 0.0689837 0.0229946 
0.0485071 0.021693 0.0485071 0.165209 0.116821 0.0894427 0.021693 0.0306786 0.021693 0.0433861 
0.021734 0.065202 0.0307365 0.117041 0.021734 0.0485987 0.065202 0 0.0485987 0.021734 
0.0572176 0.0572176 0 0.0723752 0.155649 0.114435 0.0361876 0.0572176 0.0361876 0.105504 
0.0273973 0.0273973 0.0612621 0.0273973 0.0698496 0.0387456 0.0798761 0.0273973 0.0387456 0.0798761 
0.0242109 0.0484218 0.0726326 0.0541372 0.0342393 0.0342393 0.0765615 0.0541372 0.0765615 0 
0.105077 0.102117 0.07832 0.166142 0.133374 0.07832 0.0553806 0.07832 0.0553806 0.123835 
0.0248875 0.049775 0.0897331 0.236103 0.0746625 0.049775 0.0703924 0.134023 0.0248875 0.102614 
0.0944319 0.0472159 0.0944319 0.0472159 0.023608 0.0333867 0.120377 0.023608 0.0746549 0.120377 
0.966241 0.164266 0.17692 0.0657063 0.164266 0.164266 0.0734619 0.0734619 0.199838 0.135457 
0.147965 0.0688021 0.200591 0.0243252 0.0486504 0.0729756 0.0729756 0.034401 0.147965 0.0877058 
0.0429215 0.0214608 0.601284 0.516844 0.645252 0.472624 0.0479877 0.0214608 0.0678649 0.0643823 
0.149454 0.0668377 0.0422719 0.133675 0.0845437 0.0298907 0.0896722 0.149454 0.0298907 0.0945228 
0.0234856 0.0525153 0.0846784 0.0525153 0 0.0234856 0.0469711 0.0664272 0.0525153 0.0469711 
0.0749941 0.0499961 0.024998 0.024998 0.12499 0.024998 0.0558973 0.0558973 0.0558973 0.0558973 
0.0490969 0.0490969 0.0694336 0.0694336 0.0219568 0.0439136 0.0621033 0.0931549 0.0878273 0.0621033 
0.0543406 0.034368 0.121509 0.0729056 0.0543406 0.123916 0.0486037 0 0.0876216 0.0876216 
0.0269729 0.120626 0.157278 0.111212 0.16407 0.120626 0.0381454 0.0603132 0.0603132 0.0972522 
0.105227 0.0372033 0.160017 0.0263067 0.148813 0.0526134 0.0372033 0.0263067 0.11161 0.0526134 
0.0258955 0.0258955 0.10677 0.109865 0.157516 0.0366218 0.0258955 0.0258955 0.0258955 0.0258955 
0.0238095 0.0532397 0.173336 0.203429 0.571429 0.0238095 0.0714286 0.0336718 0.106479 0.0673435 
0.0572598 0.0572598 0.0572598 0.0768221 0.0572598 0.130573 0.0809776 0.0923287 0.0809776 0.105582 
0.025939 0.0580015 0.103756 0.0935246 0.116003 0.0935246 0 0.0580015 0.0518781 0.103756 
0.024383 0.0771058 0.097532 0.131306 0.054522 0.054522 0.121915 0.0344828 0.024383 0.024383 
0.0264166 0.0528332 0.0952464 0 0.112076 0.0528332 0.0373587 0.0835366 0 0.0373587 
0.0264883 0 0.105953 0.0374601 0.0374601 0.0374601 0.0592297 0.079465 0 0.0374601 
0.0364178 0 0.0575817 0.150155 0.0928477 0.0772539 0.0257513 0.0257513 0.0364178 0.0928477 
0.025696 0.0812579 0.172374 0.131024 0.102784 0.172374 0.12848 0.312605 0.0926482 0.138377 
0.0546155 0.0488496 0.0244248 0.122124 0.0880648 0.0732743 0.0244248 0.0244248 0.0546155 0.0772379 
0 0.0873038 0.0617331 0.110432 0.138039 0.0617331 0.0276079 0.0276079 0.0276079 0.0995416 
0.0499961 0.024998 0.0558973 0.0558973 0.0901317 0.0499961 0.0353526 0.0499961 0.0558973 0.0901317 
0.0361876 0.0255885 0.0572176 0.114435 0.127943 0.051177 0.051177 0 0.0361876 0.0572176 
0.0649827 0.0229749 0.0689245 0.117149 0.145306 0.0324913 0.0229749 0.0649827 0.0918994 0.0229749 
0.0524683 0.0262342 0.131171 0.0262342 0.0945886 0.104937 0.0262342 0.0262342 0.0586614 0.104937 
0.0761111 0.0240685 0.0992368 0.120342 0.0340379 0.0240685 0.0340379 0.0240685 0.0240685 0.0761111 
0.0652588 0.0515916 0.115362 0.0729616 0.0515916 0.0230725 0.0230725 0.16797 0.0230725 0.0692175 
0.0253083 0 0.080032 0.0506167 0.0357914 0.080032 0.0357914 0.0357914 0.0912505 0.075925 
0.0253898 0.0359066 0 0.113547 0.104685 0.0567733 0.0507796 0.0507796 0.0915442 0.104685 
0 0.0844632 0.0234259 0.0740792 0.0740792 0.0523819 0.0234259 0.0234259 0.0523819 0.0740792 
0.902544 0.0232417 0.0232417 0.05197 0.069725 0.0328687 0.0734966 0.0464834 0.0328687 0.0657374 
0.0294309 0.0465343 0.0465343 0.15849 0.0416215 0.0750343 0.0208108 0.112069 0.0465343 0.0930686 
0.0392686 0.0277671 0 0.0555341 0.117806 0.0392686 0.0277671 0.0277671 0.0392686 0.0277671 
0.0710579 0.0317781 0.044941 0.0953342 0.089882 0.131024 0.0710579 0.185296 0.17113 0.229155 
0.0961694 0.068002 0.0304114 0.0304114 0 0.0430083 0.152057 0.215041 0.152057 0.155069 
0.0801036 0.0222167 0.0702555 0.091602 0.0702555 0.0496781 0.0496781 0.0496781 0.0496781 0.0496781 
0.021734 0.0485987 0.078363 0.0896116 0.0896116 0.0687289 0.10867 0.130404 0.021734 0.0687289 
0.0679903 0.0480764 0.0608123 0.0480764 0.0215004 0.0480764 0.0215004 0.0961527 0.0304062 0.0304062 
0.0221349 0.0494952 0.0221349 0.0626071 0.159617 0.0494952 0.0221349 0.0313035 0.0912647 0.0494952 
0.0718653 0.0718653 0.101633 0.0937009 0.0508164 0.0508164 0 0.0227258 0.0508164 0.0321391 
0.0222167 0.0314192 0.0222167 0.0702555 0.0314192 0.0444335 0.0496781 0.125677 0 0.0444335 
0.117791 0.0285685 0.153846 0.103005 0.166582 0.114274 0 0.040402 0.171411 0.0638811 
0.088692 0.0495803 0.0701172 0.022173 0.044346 0.0495803 0.022173 0.022173 0.022173 0.0799459 
0.0863466 0.0610562 0.0772307 0.0386154 0.0273052 0.0273052 0.0386154 0.0863466 0.0772307 0.0386154 
0.0910176 0.0564467 0 0.104083 0.112893 0.0564467 0.0504875 0 0.0252438 0.0357001 
0.0578702 0.0258803 0.0578702 0.0258803 0.131964 0.0933129 0.0258803 0.0258803 0 0.0258803 
0.08984 0.0435788 0.0974451 0.0653682 0.0689041 0.0785628 0.0217894 0.0487226 0.0871576 0.0653682 
0.0229642 0.0324764 0.0324764 0.0459285 0 0.0459285 0.0459285 0.0649527 0.0229642 0.114821 
0.0689553 0.100519 0.121897 0.121897 0.148294 0.0545139 0.100519 0.0770943 0.0487587 0.100519 
0.0571662 0.0255655 0.0255655 0.0255655 0.0723101 0.051131 0.0255655 0.051131 0.0571662 0.051131 
0 0.0513496 0.0229642 0 0.0459285 0.0324764 0.0229642 0.0324764 0.0513496 0.0324764 
0.0929178 0.0415541 0.0657028 0.149825 0.0657028 0.0587664 0.0415541 0.0587664 0.0415541 0.0831082 
0.0582902 0.0206087 0.0824348 0.105084 0.0291451 0.0412174 0.0206087 0.0651704 0.0291451 0.0651704 
0.0844632 0.0702777 0.0523819 0.0937035 0.0234259 0.0234259 0.0234259 0.0523819 0.0523819 0.0331292 
0.147195 0 0.126219 0.0252438 0.0504875 0.0357001 0.0504875 0.0714001 0.100975 0.0357001 
0.0479843 0.0479843 0.06786 0.0239921 0.06786 0.0239921 0.0239921 0.0479843 0.053648 0.0719764 
0.0231792 0.0327803 0.0463583 0.0231792 0.0463583 0.0835736 0.0518302 0.0327803 0.0655606 0.0955701 
0.0670967 0.0474445 0.0424357 0.0300066 0.0212178 0.0212178 0.0212178 0.0212178 0.0300066 0.0670967 
0.0648715 0.0458711 0.149345 0.145057 0.285729 0.249566 0.0205142 0.0648715 0.165391 0.189131 
0.0939423 0.0664272 0.119753 0.0742679 0.0469711 0.0742679 0.105031 0.0846784 0.0704567 0.0234856 
0.0220729 0 0.0220729 0.134264 0.0493564 0.0493564 0.11255 0.0493564 0.0220729 0.0493564 
0.120341 0.0948091 0.0670402 0.0632061 0.0921379 0 0.0446934 0.0223467 0.031603 0.0499688 
0 0.0471143 0.0210701 0.122859 0.128165 0.0759695 0.0632104 0.105351 0.0595954 0.105351 
0.0760616 0 0.0340158 0.0340158 0.140251 0.0867235 0.0340158 0.0240528 0.0240528 0.0240528 
0.0719557 0.0479705 0.075848 0.0239852 0.075848 0.0339202 0.0239852 0.0536326 0.0719557 0.0536326 
0.0455629 0.0611291 0.0815055 0.0815055 0.0455629 0.0455629 0.0407527 0.0288165 0.073468 0.0576331 
0.0929833 0.0504273 0.071315 0.0451035 0.112759 0.0813116 0.0504273 0.031893 0.0225518 0.0504273 
0.0238078 0.0238078 0.0336694 0.0238078 0.0238078 0.0336694 0.0476157 0.0336694 0.0238078 0.0238078 
0.0428108 0.0676897 0.0428108 0.0676897 0.0478639 0.0478639 0 0.0478639 0.0478639 0.0302718 
0 0.0348234 0.0550607 0.0778676 0.139294 0.165182 0.0738717 0.0246239 0.155735 0.10447 
0.164106 0.0398015 0.079603 0.0844317 0.101474 0.143506 0.0398015 0.0629317 0.171193 0.164106 
0 0.0344904 0.0344904 0.121942 0.196626 0.109068 0.0487769 0.0487769 0.0731653 0.0975537 
0.133961 0.0497519 0.0497519 0.0351799 0.223883 0.12438 0.245 0.194287 0.222497 0.14072 
0.159311 0.117844 0.138401 0.201752 0.186969 0.109415 0.0902263 0.146796 0.166657 0.236702 
0.0235148 0.105161 0.0743602 0.0969539 0.0969539 0.0743602 0.0332549 0.0235148 0.0665098 0.0235148 
0.0417165 0.058996 0.0659596 0.104291 0.0466405 0.0417165 0.0466405 0.029498 0 0.0659596 
0.209437 0.0496414 0.0800443 0.0496414 0.119552 0.0702035 0.0222003 0.031396 0.119552 0.0222003 
0.101888 0.113914 0.137171 0.0569572 0.12736 0.15494 0.0720458 0.0805496 0.113914 0.105024 
0.0245718 0.101312 0.0777029 0.0549442 0.0347498 0.0694996 0.104249 0.0549442 0.0491436 0.0885949 
0.0679018 0.0715748 0.0226339 0.0640184 0.0226339 0.0320092 0.0905358 0 0.050611 0.050611 
0.0588388 0.0263135 0.0588388 0.0948747 0.168489 0.0832106 0.0372129 0.0789405 0.0372129 0.0832106 
0.105161 0.0705443 0.0665098 0.0665098 0.0525806 0.0969539 0.0969539 0.0940591 0.0525806 0.0847837 
0.358234 0.799803 3.00115 0.259089 0.604361 0.409656 0.177734 0.183204 0.270278 0.222167 
0.153492 0.0970771 0.108535 0.0651213 0.0895006 0.0485385 0.0686439 0.0217071 0.0485385 0.0217071 
0.0306786 0.0782154 0.0485071 0.0306786 0 0.0485071 0.0685994 0.0306786 0.0485071 0.0306786 
0.0769927 0.0513285 0.186838 0.0925337 0.138206 0.128321 0.0811574 0.0256642 0.0256642 0.0256642 
0.0768492 0.0768492 0.0243019 0.0243019 0.0876216 0.0243019 0.0543406 0.0768492 0.0768492 0.0243019 
0 0.0519454 0.0929228 0.0696921 0.0734619 0.0232307 0.0232307 0.0464614 0.0696921 0.0519454 
0.0258955 0.0517911 0.0579042 0.10677 0.0818888 0.129478 0.0258955 0.0579042 0.0579042 0.103582 
0 0.0584356 0.175307 0.0584356 0.116871 0.0826404 0.0369579 0.0369579 0.0369579 0.0584356 
0.0778381 0.0348103 0.0696205 0.123073 0.0738437 0.0492291 0.0246146 0.0550398 0.0246146 0.123073 
0.0538655 0.0993231 0.0240894 0.0240894 0.0681351 0.0240894 0.0761774 0.0340675 0.0481788 0.0240894 
0.0246744 0.0348949 0.0551737 0.0246744 0.0246744 0.0246744 0.0551737 0.0246744 0.0348949 0.0246744 
0.124226 0.062113 0.161971 0.0785674 0.149588 0.177865 0.111111 0.0392837 0.138889 0.141639 
0.0761042 0.120331 0.163668 0.243652 0.144898 0.144898 0.0850871 0.0761042 0.188348 0.180497 
0.0475517 0.0212658 0.0672483 0.0766748 0.0425315 0.0672483 0.0212658 0.0300743 0.0672483 0.0475517 
0.0334146 0.0528332 0.0528332 0.0974196 0.0472554 0.0236277 0.0472554 0.0528332 0.0236277 0.0708832 
0.0953842 0.0426571 0.106643 0.0674468 0.0301631 0.0476921 0.0476921 0.0603263 0.0769012 0.106643 
0.0868241 0.072242 0.0481613 0.0681104 0.120403 0.0340552 0.0761497 0.122788 0.0481613 0.0240807 
0.10677 0.0517911 0.0776866 0.10677 0.0517911 0.0517911 0.0366218 0.0517911 0.132042 0.0732436 
0.101076 0.0245145 0.122573 0.0693375 0.0548161 0.0548161 0.0245145 0.101076 0.0775217 0.0980581 
0.0826898 0.0871627 0.0389804 0.0616334 0 0.0826898 0.110253 0.414367 0.0779607 0.0389804 
0.0924007 0.0730492 0.0832888 0.0980057 0.0516536 0.124398 0.0924007 0.326686 0.0516536 0 
0.030232 0.047801 0.0676007 0.0213772 0.060464 0.030232 0 0.12465 0.0641317 0 
0.0551444 0.0551444 0 0.0493226 0.0779859 0.0889176 0.0246613 0.179537 0.0493226 0.0739839 
0.0713831 0.0532058 0.0532058 0.0475887 0.0532058 0.0237944 0.0532058 0.0336503 0.0475887 0.0532058 
0.0585959 0.0524097 0.133619 0.0741186 0.108045 0.0828671 0.0585959 0.117192 0 0.0370593 
0.0520086 0.0520086 0.0520086 0.0958991 0.0520086 0.023259 0.0328931 0.0838614 0.0520086 0.0697769 
0.15067 0.030134 0.0904021 0.030134 0.134763 0.0952921 0.0952921 0.0952921 0.0673817 0.060268 
1.0731 0.0862261 0.104565 0.0209129 0.0754026 0.132265 0 0.104565 0.0467627 0.0418258 
0.0526097 0.0332733 0.0235278 0.0235278 0.0526097 0.0665466 0.0705834 0.799945 0.0744014 0.0665466 
0.0706225 0.055832 0.0249688 0.0249688 0.102949 0 0.0249688 0.102949 0.0706225 0.102949 
0.0743166 0.0587524 0.0262749 0.133976 0.0947354 0.0587524 0.0587524 0.0830885 0.0262749 0.0371583 
0.139981 0.0821995 0.0367607 0.0581238 0.116248 0.0779813 0.0259938 0.0367607 0.0259938 0.0259938 
0.0217907 0.0487254 0.108953 0.0435814 0.0616334 0.0308167 0.0974509 0.108953 0.0616334 0.0217907 
0.0485643 0 0.0783076 0.0686803 0.0434372 0.0485643 0.0307148 0.0307148 0.0217186 0.0614295 
0.0642285 0.0507771 0.0507771 0.122288 0.0321143 0.0321143 0.0227082 0.11579 0.0321143 0.0454164 
0.0698377 0.0552116 0.156162 0.165635 0.104757 0.0740741 0.0493827 0.0780809 0.0552116 0.0349189 
0.025713 0.057496 0.057496 0.0813116 0.0514259 0.025713 0.0771389 0.057496 0.0727273 0.025713 
0.102305 0.0554828 0.0554828 0.0784646 0.0894634 0.0554828 0.0248127 0.0554828 0.074438 0.124063 
0.0349642 0.0247234 0.0247234 0.101937 0.13314 0.0349642 0.0781823 0.0781823 0.0247234 0.0349642 
0.045733 0 0.0228665 0.0228665 0.12314 0.14462 0.0824463 0.045733 0.051131 0.16169 
0.0233986 0.0330906 0.0330906 0.0330906 0.0467972 0.0330906 0.0523209 0.0467972 0.0467972 0.0467972 
0.0846901 0.0332182 0.0525226 0.0469776 0.126491 0.0742781 0.0525226 0 0.0742781 0.0939552 
0.0458614 0.0290053 0.0845643 0.0205099 0 0.0290053 0.0580106 0.0580106 0.110449 0.0458614 
0.0291343 0.020601 0.0412021 0 0.0618031 0.0291343 0.0460653 0.0618031 0.0582686 0.020601 
0.0289369 0.104334 0 0.040923 0.0289369 0.0647049 0.0289369 0.0578738 0.0647049 0.11931 
0 0.0255885 0.0255885 0.051177 0.105504 0 0.051177 0.0255885 0.0255885 0.0255885 
0.0395729 0.0442439 0.138505 0.0395729 0.0197865 0.0279823 0.0593594 0.0279823 0.0279823 0.0279823 
0.0314095 0.0222099 0.0222099 0.0314095 0.0496628 0 0 0.0314095 0.0222099 0.0496628 
0.0222167 0 0.0314192 0.0222167 0.0496781 0.0496781 0.0496781 0 0.0222167 0 
0.0515968 0.0815817 0.0257984 0.10637 0.0773952 0.10637 0.057687 0.0930174 0.0930174 0.0930174 
0.0790014 0.103005 0.0790014 0.0558624 0.0900755 0.0353305 0.0499649 0.0249824 0 0.0499649 
0.102446 0.0572692 0.0923438 0.0512232 0.0362202 0.0512232 0.0362202 0.0512232 0.130594 0.0362202 
0.125203 0.0519875 0.0519875 0.0735215 0.11855 0.0735215 0.0697486 0.0519875 0.0519875 0.0519875 
0.0692959 0.0692959 0.0489996 0.0790095 0.138592 0.0489996 0.0790095 0.0657399 0.0619801 0.0489996 
0.0235294 0.0705882 0.0470588 0.0744065 0.117647 0.0526134 0.0744065 0.0235294 0.0332756 0.0705882 
0.0381229 0.107828 0.0953073 0.0762458 0.0539139 0.102649 0.0602776 0.0426227 0.0539139 0.0852454 
0.0511101 0.0571429 0.0511101 0.0571429 0.0511101 0 0.0361403 0.0255551 0 0.0571429 
0.0319499 0.022592 0.022592 0.022592 0.162913 0.0814567 0.0638999 0.11296 0.0505173 0.0903681 
0.0638811 0.040402 0.020201 0.0285685 0.080804 0.020201 0.0451708 0.080804 0.0638811 0.0832908 
0.106058 0.0558973 0.0499961 0.0707052 0.024998 0.10307 0.0353526 0.0558973 0.0499961 0.0558973 
0 0.0371872 0.0262953 0.0262953 0.212 0.0587981 0.0371872 0.108418 0.0262953 0.0743744 
0.0336503 0.0532058 0.0237944 0.0752444 0.16656 0.0951774 0.0336503 0.0237944 0.0752444 0.0237944 
0.0232307 0.0232307 0.0837595 0.0519454 0.17692 0.0657063 0.0519454 0.0657063 0.0519454 0.0734619 
0.0222222 0.0222222 0.0444444 0.0496904 0.0628539 0.0222222 0.031427 0.0628539 0.031427 0.0444444 
0.0480223 0.0865734 0.0339569 0.0536906 0 0.0339569 0.0536906 0.0679138 0.0339569 0.0339569 
0.0666667 0.0333333 0.0333333 0.0471405 0.0333333 0.0235702 0.0471405 0.0666667 0.0527046 0.0333333 
0 0.0533144 0.0266572 0.0596073 0.0533144 0.159943 0.0842974 0.0533144 0.037699 0.0596073 
0.0499938 0.0316188 0.0223579 0 0.0499938 0.0316188 0.0223579 0 0.0499938 0.0499938 
0.0444719 0 0.022236 0.0703163 0.0801729 0.0801729 0.0314464 0.135256 0.0314464 0.0889438 
0.707107 0.345629 0.0464991 0.0958603 0.103975 0.0958603 0.210533 0.242732 0.233655 0.302244 
0.105721 0.025641 0.081084 0.11467 0.164183 0.11467 0.0725238 0.0362619 0.0573351 0.0573351 
0.0497519 0.0248759 0 0.0746278 0.0746278 0.0351799 0.0556243 0.0248759 0.0248759 0.0248759 
0.0701172 0.044346 0.134873 0.022173 0.178764 0.088692 0.044346 0 0.0313574 0.0627147 
0.0801184 0.031425 0.0444417 0 0.0702685 0.0496873 0.0444417 0.0496873 0.0444417 0.0801184 
0.101937 0.0247234 0.110566 0.0552832 0.203874 0.123617 0.0891415 0.0349642 0.0781823 0.0552832 
0.0240111 0.0536906 0.120056 0.0536906 0.0536906 0.0240111 0.0536906 0.0240111 0.0240111 0.0679138 
0.0232417 0.0232417 0.0657374 0.0734966 0.0464834 0.0328687 0.0328687 0 0.0464834 0.05197 
0.495467 0.0240337 0.0679775 0.0339887 0.0339887 0.0339887 0.0240337 0.0990934 0.0990934 0.0537409 
0.0366556 0.0733112 0.0819645 0.0733112 0.0777583 0.0259194 0.0259194 0.0518389 0.0366556 0.0733112 
0.0751116 0 0.0416644 0.0751116 0.0416644 0.0858934 0.0294612 0.0751116 0.0931644 0.0465822 
0.020937 0.0296093 0.0936329 0.0468165 0.0936329 0.0296093 0.0418739 0.112749 0.0468165 0.0468165 
0.0531795 0.0980581 0.0672673 0.118913 0.106359 0.0475652 0.0336336 0.0531795 0.0531795 0.0531795 
0.0327101 0.0231295 0.0517191 0.103438 0.117938 0.0517191 0.0654201 0.124556 0.0731419 0.046259 
0.066564 0.022188 0.022188 0.022188 0 0.022188 0.022188 0.08 0.044376 0.0313786 
0.0230327 0.0230327 0.0728357 0.0515026 0.0977193 0.0230327 0.0515026 0.0325731 0.0515026 0.0728357 
0.178885 0.245855 0.0533333 0.16 0.143604 0.106667 0.109949 0.109949 0 0.214994 
0.0421029 0.0297713 0.0470725 0.094145 0 0.0210515 0.0470725 0.0470725 0.0421029 0.0470725 
0.0894383 0.0447191 0.0632424 0.059997 0.0447191 0.019999 0.0447191 0.113131 0.0447191 0.0447191 
0.0241737 0.0683736 0.0241737 0.0871595 0.0341868 0.0241737 0.0483474 0.0540541 0.0241737 0.0241737 
0.0641954 0.0226965 0.0226965 0.0935801 0.0935801 0.0641954 0.0641954 0.050751 0.0320977 0 
0.0426692 0.0688021 0.0603434 0.0763291 0.107946 0.0853385 0.0426692 0.0426692 0.0809592 0.0269864 
0.0271914 0.0543828 0.0815742 0.0384544 0.0769089 0.0543828 0.0271914 0.0271914 0.138649 0.0543828 
0.0754247 0.0843274 0.0843274 0.133333 0.133333 0.133333 0.0266667 0.0596285 0.106667 0.106667 
0.133813 0.0223022 0.0315401 0.12616 0.0630802 0.0705258 0.0630802 0.0498693 0.0705258 0.0705258 
0.0310647 0.0439322 0.0621295 0.0694629 0.147353 0.0791999 0.0491177 0.0219661 0.0658983 0.0694629 
0.0228069 0.0228069 0.0228069 0.101996 0.0509978 0.0509978 0.0322539 0.0822316 0.0509978 0.0822316 
0.0558581 0.0249805 0.0558581 0.102997 0.0249805 0.0558581 0.0558581 0.0353277 0.0249805 0.0706555 
0.0248433 0.0785614 0.0248433 0.0496866 0.0702674 0.0702674 0.0248433 0.0351337 0 0.0993731 
0.395942 0.0935246 0.025939 0.025939 0.0820265 0.0580015 0.0935246 0.129695 0.0733667 0.139686 
0.0310797 0.0310797 0.0792381 0.0491414 0.109883 0.0694964 0 0 0.0439534 0.0792381 
0.048737 0.0898666 0.123296 0.097474 0.030824 0.0785861 0.048737 0.117374 0.111138 0.117374 
0.0900755 0.0900755 0.103005 0.103005 0.0790014 0.0558624 0.0558624 0.0558624 0.0900755 0.0900755 
0.132967 0.089026 0.110423 0.300383 0.329424 0.089026 0.101805 0.125902 0.0493827 0.101805 
0.0486504 0.0217571 0.0435143 0.11094 0.117166 0.0435143 0.0652714 0.0217571 0.0688021 0.0688021 
0.0838444 0.0232542 0.0328865 0.0232542 0.0232542 0.0328865 0.0232542 0.0735364 0 0.0232542 
0.0670213 0.0599457 0.10597 0.0473912 0.119891 0.063582 0.0473912 0 0.0299728 0 
0.0234888 0.0234888 0.0664364 0.0234888 0.0332182 0.0525226 0.0525226 0.0332182 0.0469776 0.0234888 
0.0670402 0.0474046 0.0474046 0.0529999 0.0529999 0.106 0.0237023 0.0529999 0 0.0529999 
0.105401 0.0496866 0.0555513 0.0895737 0 0.0496866 0.0555513 0.0248433 0.0702674 0.0496866 
0.0442591 0.0279919 0.0593797 0.100926 0.178139 0.0442591 0.0197932 0.0442591 0.0197932 0.0625918 
0.0971286 0.0851874 0 0 0.0538772 0.038097 0.038097 0.0269386 0.114291 0.120473 
0.0206175 0.0651981 0.046102 0.0922041 0.0922041 0.145787 0.046102 0.0874725 0.046102 0.0922041 
0.067082 0.0223607 0.05 0.0632455 0.067082 0.05 0.0223607 0.0316228 0.05 0.0223607 
0.0491436 0.0245718 0.0245718 0.104249 0.0491436 0.0694996 0.0491436 0.0245718 0.0549442 0.0347498 
0 0.0760286 0.129224 0.129224 0.143361 0.154155 0.126714 0.0801412 0.0566684 0.0253429 
0.052789 0 0.023608 0 0.0667734 0.11804 0.0333867 0.11804 0.10016 0.0851197 
0.0483474 0.0241737 0.0871595 0.0241737 0.0341868 0.108108 0.0540541 0.076444 0.108108 0.0725211 
0.0839877 0.0839877 0.02037 0.0734452 0 0.184458 0.0734452 0.0910975 0.118777 0.109696 
0.0649827 0.0689245 0.0649827 0.0649827 0.114874 0.0513733 0.0324913 0.114874 0.0726529 0.0513733 
0.0547894 0.0547894 0.116226 0.0821841 0.112951 0.0273947 0.0273947 0.0612564 0.0273947 0.0547894 
0.025118 0.0355222 0.0753541 0 0.0561656 0.0710445 0.050236 0.0561656 0.0561656 0.0905643 
0.0256074 0.0572598 0.0512148 0.0572598 0.0809776 0.186425 0.0256074 0.0768221 0.0724286 0.0572598 
0.050094 0.0316822 0.050094 0.0807742 0.0708436 0.0448054 0.0708436 0.050094 0.050094 0.0923688 
0.0326686 0 0.0952444 0.103307 0.115501 0.117788 0.0516536 0.0231002 0.0653372 0.115501 
0.192437 0.0737962 0.192437 0.0700092 0.118993 0.149426 0.0660053 0 0.147592 0.0466728 
0.0491177 0.0219661 0.10983 0.0219661 0.0491177 0.0658983 0.0439322 0.0621295 0.0439322 0.0439322 
0.0236426 0.0668713 0.0747644 0.0747644 0.0528664 0.0852445 0.0236426 0 0.0668713 0.0528664 
0.0717035 0.0717035 0.0934899 0.0641335 0.0962003 0.0320668 0 0.0320668 0.0453493 0.0320668 
0.0931942 0.0219661 0.0219661 0.0310647 0.0658983 0.0878644 0.0219661 0.0694629 0.0694629 0.0694629 
0.0257984 0.0515968 0.0257984 0.0815817 0.0930174 0.057687 0 0.057687 0.0257984 0.0773952 
0.0464332 0.0656665 0.0464332 0.0519139 0.0519139 0.0232166 0.0232166 0.0328332 0.0696498 0 
0.0689809 0.0731653 0.0344904 0.0344904 0.124357 0 0.0545342 0.0545342 0.0344904 0 
0.064711 0.0482327 0.136423 0.0682113 0.0777729 0.0777729 0.0777729 0.0777729 0.0777729 0.0215703 
0.0226965 0.0320977 0.0818335 0.0320977 0.0935801 0.050751 0.0680896 0.0320977 0.045393 0.0226965 
0.101633 0.0819391 0.122382 0.0454516 0.0937009 0.113629 0.0718653 0.128557 0.0508164 0.0321391 
0.0506565 0.0506565 0.0816811 0.0816811 0.0934059 0.0961139 0.0716391 0.0453085 0.032038 0.135926 
0.137923 0.0809909 0.108661 0.0256116 0.0512232 0.0362202 0.0512232 0.0809909 0.0362202 0.0256116 
0.111725 0.0353305 0.0353305 0.0999298 0.0558624 0.0558624 0.0558624 0.0790014 0.0499649 0.0558624 
0.05547 0.05547 0.0784465 0.0877058 0.1 0.149358 0.027735 0.05547 0.0620174 0.0392232 
0 0.053846 0.0681104 0.0340552 0.053846 0 0.0340552 0.0240807 0.0240807 0 
0.0238484 0.0337268 0.106653 0.0238484 0.0533267 0.0674535 0.0238484 0.0533267 0.0533267 0.0533267 
0.0229642 0.0229642 0.0726193 0.0324764 0 0.0229642 0.0324764 0.0324764 0.0229642 0.0513496 
0.0592921 0.0265162 0.0530325 0.0592921 0 0.0265162 0.0265162 0.0592921 0.0749993 0.0838517 
0.0564333 0.0252377 0.126189 0.0356915 0.0564333 0 0.0252377 0.0252377 0.0252377 0.0564333 
0.0932207 0.0319744 0 0.050556 0.113047 0.071497 0 0.0452187 0.050556 0.0226093 
0.0564467 0.0252438 0.100975 0.0564467 0.0252438 0.0252438 0.0564467 0.104083 0.0252438 0.0504875 
0.0240946 0.0240946 0.034075 0.034075 0.0481893 0.034075 0.0481893 0.0538772 0.0681499 0.0240946 
0.112145 0.0591054 0.0953046 0.0792982 0.0528655 0.0792982 0.0264327 0.0373815 0.0528655 0.0373815 
0.0519981 0.0958797 0.0232542 0.0232542 0.0328865 0.0232542 0 0 0.0519981 0 
0.0533571 0.0533571 0.0377291 0.133393 0.0377291 0.059655 0.0843649 0.0533571 0.0377291 0.0843649 
0.0372033 0.0372033 0.0263067 0.0588235 0.0948501 0.0263067 0.0526134 0.0526134 0.0263067 0.0588235 
0.0233348 0.0233348 0.0330004 0.0700045 0.0841349 0.0700045 0.0233348 0.0521783 0.0233348 0 
0.247563 0.0335342 0.0530222 0.0749848 0.118561 0.0530222 0.0237123 0.0670684 0.0854958 0.0749848 
0.0344828 0.048766 0.196582 0.231317 0.603202 0.048766 0.0344828 0.024383 0.0344828 0.024383 
0.0681351 0.0538655 0.194215 0.207225 0.144536 0.0761774 0.0538655 0.0481788 0.0240894 0.0240894 
0.0521783 0.0660008 0.0330004 0.0521783 0.140009 0.0233348 0.0737912 0.0700045 0.0933393 0.0466696 
0.181621 0.0958797 0.263092 0.0735364 0.103996 0.0232542 0.0735364 0.0958797 0.118574 0.0838444 
0.0537409 0.0339887 0.0679775 0.217634 0.0679775 0.0866546 0.0339887 0.0760011 0.107482 0.072101 
0.0825067 0.058341 0.140504 0.188144 0.0940721 0.0260909 0.0521818 0.0940721 0.0825067 0.116682 
0.0809909 0 0.102446 0.0809909 0.0923438 0.128058 0.0572692 0.0572692 0.105599 0.155789 
0.0837595 0.0957826 0.0464614 0.0837595 0.0519454 0.0734619 0.0837595 0.0232307 0.0734619 0.0232307 
0.0509978 0.122819 0.116293 0.0509978 0.129015 0.0967616 0.0509978 0.101996 0.116293 0.0721219 
0.0231994 0.073363 0.0695983 0.0231994 0.0836467 0.0463988 0.0463988 0.124933 0.0695983 0.0518755 
0.144383 0.0913156 0.119061 0.0288765 0.0913156 0.0408376 0.104116 0.182631 0.119061 0.144383 
0.10576 0.10576 0.157961 0.0927578 0.120941 0.0829651 0.0655896 0.0293326 0.0293326 0 
0.0743859 0.0525988 0.0743859 0 0.084813 0.0997992 0 0.0235229 0.0665328 0.0525988 
0.0313323 0.0221553 0.0221553 0.0443106 0.0443106 0.0313323 0.0443106 0.0313323 0.0443106 0.0700612 
0.0679138 0.0480223 0.0759299 0.0240111 0.0759299 0.0536906 0 0 0.107381 0.0480223 
0.0629317 0.0629317 0.0889988 0.0629317 0.0562878 0.101474 0.0629317 0.0281439 0.0889988 0.0562878 
0.0991292 0.0760286 0.152057 0.293474 0.204006 0.183101 0.0537603 0.153946 0.161281 0.136004 
0.054522 0.048766 0.054522 0.024383 0.0689655 0.073149 0.048766 0.0689655 0.024383 0.024383 
0.107801 0.0681796 0.0340898 0.0762271 0.0869123 0.154348 0.0482103 0.0340898 0.0539007 0.0539007 
0.075088 0.0707937 0.0559673 0.0791497 0.145945 0.106191 0.0559673 0.0353968 0.0250293 0.0500587 
0.0237023 0.0529999 0.0529999 0.0854598 0.0474046 0.0335201 0.0237023 0.0335201 0.0474046 0.0335201 
0.0508066 0.0227214 0.0508066 0.0454428 0.0681642 0 0.0454428 0.0227214 0.0819232 0.0454428 
0.0679138 0.0536906 0.0759299 0.0240111 0.0536906 0.0480223 0 0.0536906 0.0339569 0.0339569 
0.117119 0.160965 0.0552105 0.200969 0.0276053 0.117119 0.123454 0.148659 0.0872955 0.110421 
0.0364269 0.0515154 0.081453 0.172788 0.0364269 0.057596 0.0928708 0.103031 0.128789 0.0515154 
0.0518781 0.0580015 0.0935246 0.0733667 0.025939 0.0580015 0.0580015 0.0580015 0.0820265 0.0820265 
0.0905764 0.0320236 0.0716069 0.160118 0.143214 0.0679323 0.0506337 0.0226441 0.0640472 0.0226441 
0.0366556 0.0366556 0.0777583 0.0259194 0.0579576 0.186908 0.0366556 0.0259194 0.0259194 0.0579576 
0.038731 0.027387 0.0774621 0.038731 0.0987452 0.0774621 0.027387 0.054774 0.122478 0.109548 
0.071935 0.0254329 0.0762986 0.0508657 0.0254329 0.0359675 0 0.0359675 0.0359675 0.0359675 
0.0327693 0.0327693 0.167091 0.0655386 0.207251 0.0463428 0.0463428 0.103626 0.135111 0 
0.049379 0.078075 0.343885 0.101797 0.508987 0.188029 0.0246895 0.0552073 0.0890192 0.078075 
0.0496866 0.0248433 0.0785614 0.133785 0 0.0248433 0 0 0.111103 0.111103 
0 0.0261332 0.0369579 0.0369579 0.0261332 0.0584356 0.0261332 0.0369579 0.0584356 0.0584356 
0.124035 0.0638153 0.0212718 0.0212718 0.0766965 0.0672673 0.222084 0.0475652 0.0638153 0.0475652 
0.0480847 0.115803 0.167953 0.167953 0.0480847 0 0.068002 0.0608229 0.0215041 0.0480847 
0.0524106 0.0234388 0.0741198 0.0966405 0.0741198 0.0331474 0.0524106 0.0966405 0.0234388 0.0524106 
0.0244668 0.0547094 0.0346012 0.0978671 0.0244668 0.0489336 0.0346012 0.0882162 0.100879 0.0692025 
0.0690847 0.166378 0.0488503 0.0926869 0.0900755 0.0308956 0.152926 0.0488503 0.0926869 0 
0.0506289 0.0759433 0.0912725 0.101258 0.0716 0.0253144 0.0506289 0.0506289 0.0358 0.0253144 
0.0210061 0.107111 0.127775 0.216271 0.169357 0.107111 0.147043 0.148536 0.0469711 0.0866105 
0 0.0357914 0.075925 0.0253083 0.126542 0.0912505 0.0253083 0.0912505 0.0565912 0.075925 
0.0400702 0.0283339 0.0447998 0.144475 0.121869 0.120211 0.0283339 0.0447998 0.0447998 0.0633565 
0.422837 0.154004 0.302027 0.36867 0.302027 0.502672 0.124529 0.243502 0.514333 0.337676 
0.117444 0.117444 0.0656532 0.0928477 0.149712 0.0928477 0.131306 0.158114 0.058722 0.0656532 
0.0665743 0.0210526 0.0470751 0.0297729 0.0297729 0.0421053 0.0297729 0.0470751 0.0941502 0.0470751 
0.0588122 0.0554487 0.0980204 0.0999616 0.138622 0.0784163 0.043836 0.0619935 0.158053 0.0980204 
0.0629816 0.0281662 0.101555 0.171328 0.0629816 0.15168 0 0.0629816 0.116132 0.14362 
0.0942245 0.0522664 0.0369579 0.0584356 0.10775 0.0369579 0.0369579 0.0522664 0.0369579 0.0826404 
0.0281578 0.0281578 0.0890429 0.0844735 0.0629629 0.0629629 0.0398212 0.0281578 0.0281578 0 
0.0584705 0.03698 0.0942809 0.133333 0.0942809 0.107814 0.03698 0.116941 0.0942809 0.0584705 
0.0931291 0.0658522 0.0832972 0.186258 0.249892 0.224285 0.02945 0.0658522 0.08835 0.131704 
0.166378 0.121058 0.0570672 0.173563 0.127606 0.0902312 0.0638031 0.114134 0.102879 0.114134 
0.0419176 0.0662775 0.132555 0.0662775 0 0.0592804 0.0592804 0.0838352 0.12221 0.118561 
0.0232495 0.0328798 0.0232495 0.0697486 0.0929981 0.0232495 0.0232495 0.0519875 0.0519875 0.0657596 
0.0717727 0.050751 0 0.0935801 0.101502 0 0.0226965 0 0.050751 0.0226965 
0.0341868 0.0871595 0.0540541 0.0241737 0.0996708 0.0341868 0.0996708 0.0725211 0.0725211 0.0241737 
0 0.0444417 0 0.0222208 0.0222208 0.031425 0.0496873 0.0222208 0 0.0222208 
0.0476461 0.0532699 0.0714691 0.0532699 0.0673817 0.0476461 0.0336909 0.0476461 0.0336909 0.023823 
0.0532322 0.0238062 0.0476123 0.0476123 0.0238062 0.0476123 0.0532322 0.0238062 0.101001 0.033667 
0.0481893 0.0538772 0.0538772 0.0722839 0.0761939 0.0761939 0.0761939 0.0481893 0.161632 0.0481893 
0.103005 0.0249824 0.0353305 0.0558624 0.0353305 0.070661 0.0249824 0.0249824 0.0353305 0.0249824 
0.0550607 0.0550607 0.0492478 0.0348234 0.0246239 0.0778676 0.0246239 0.0550607 0.0492478 0.0246239 
0.0275633 0.0275633 0.0871627 0.0275633 0.0616334 0.0551266 0 0.0616334 0.0616334 0.0389804 
0.0240111 0.0480223 0.0480223 0.0536906 0.0759299 0.15186 0.0480223 0.0240111 0.0480223 0.0240111 
0.036705 0.0519087 0.036705 0.103817 0.0734099 0.036705 0 0.0259543 0.0259543 0.0734099 
0.109888 0.0694996 0.104249 0.0777029 0.0549442 0.0885949 0.0491436 0.0245718 0.0885949 0.0549442 
0.0641335 0.0226746 0.0453493 0.0453493 0.0226746 0.0934899 0 0.0934899 0.0320668 0.050702 
0.0449438 0.11236 0.0635602 0.0224719 0.0224719 0.0502487 0.0317801 0.0224719 0.0224719 0.0224719 
0.102446 0.0362202 0.0724405 0.105599 0.0256116 0.0572692 0.0572692 0.0362202 0.128058 0.114538 
0.0493226 0.0246613 0.0779859 0.0348764 0.0493226 0.0246613 0.0246613 0.0348764 0.0493226 0.0246613 
0.0490106 0.0245053 0.0490106 0.0980213 0.101038 0.0547955 0.0490106 0.0547955 0.0693115 0.0774926 
0.0237123 0.0335342 0.0335342 0.0530222 0.0530222 0.0977682 0.0749848 0.120909 0.0948491 0.0670684 
0.0235229 0.0525988 0.0332664 0.0235229 0.0235229 0.105198 0.0235229 0.0525988 0.0525988 0.0665328 
0.97149 0.0289642 0.144821 0.0409616 0.204808 0.267037 0.0289642 0.0915929 0.233517 0.064766 
0.0277778 0.0277778 0.114531 0.0392837 0.149588 0.149588 0.0277778 0.062113 0.114531 0.0833333 
0.0226907 0.0320895 0.0818124 0 0.0907627 0.0507379 0.0453814 0.068072 0.0320895 0.0226907 
0.0357914 0.0357914 0.0912505 0.080032 0.0715828 0.0565912 0.0253083 0.0565912 0.080032 0.0565912 
0.0608074 0.0608074 0.038458 0.112123 0 0.0608074 0.0271939 0.165414 0.0608074 0 
0.091375 0.0716804 0.101371 0.0760286 0.0253429 0 0.0253429 0.0506857 0.0358402 0.0253429 
0.120379 0.0583926 0 0.0461634 0.116785 0.13057 0.0291963 0.0744363 0.0851211 0.0825796 
0.0657063 0.0328532 0.0837595 0.118454 0.116154 0.0657063 0 0.0837595 0.0464614 0.0328532 
0.0850871 0.0269069 0.144898 0.172288 0.120331 0.0970142 0.107628 0.544823 0.144898 0.0269069 
0.0470588 0 0.0526134 0.0470588 0.169673 0.202408 0.0332756 0.0470588 0.0235294 0.0235294 
0.0328089 0.0695983 0.0956537 0.0328089 0.0956537 0.103751 0.0463988 0.0463988 0.0836467 0.103751 
0.020937 0.0592187 0.0628109 0.088828 0.088828 0.112749 0.0628109 0.0468165 0.0754893 0.0592187 
0.055832 0.0249688 0.102949 0.127316 0.0353112 0.151879 0.0249688 0.0249688 0.055832 0.0789583 
0.0240528 0.0240528 0.102047 0.0760616 0.129528 0.0481056 0.0481056 0.0680315 0.0537837 0.0240528 
0.0219581 0.0310535 0.0310535 0.0658744 0.0219581 0.0490999 0.0310535 0.0219581 0.0694377 0.0439163 
0.065229 0.0486188 0.0614984 0.0307492 0.110868 0.0869719 0.0687574 0.0614984 0 0.108715 
0.0262794 0.0587626 0.0788382 0.0525588 0.105118 0.0947518 0.0831028 0.0262794 0.0262794 0.0262794 
0.0235034 0.0525552 0 0.0743243 0.10511 0.0664777 0.0470068 0.0705102 0.0525552 0.0997165 
0.0454077 0.0227038 0.0227038 0.0642161 0.113519 0.0963242 0.0507673 0.0936103 0 0.0507673 
0.0773751 0.0273562 0.112793 0.0611704 0.159513 0.183511 0.0273562 0.0386875 0.0547124 0.116063 
0.024998 0.0353526 0.0558973 0.0558973 0.0558973 0.0353526 0.024998 0.0790508 0 0.0558973 
0.0224705 0.044941 0.0502455 0.0317781 0.0502455 0.0317781 0.0317781 0.0710579 0.044941 0.044941 
0.0512652 0.0256326 0.0810574 0.0810574 0.0924197 0.0573162 0.0256326 0.03625 0.03625 0.0573162 
0.153004 0.0711455 0.125769 0.0355728 0.224982 0.150922 0.0355728 0.0795431 0.0795431 0.0754612 
0.04918 0.04918 0.0906834 0.069551 0.14754 0.0439879 0.0933125 0.0906834 0.0622083 0.0311042 
0.0762271 0.0539007 0.099388 0.0869123 0.170449 0.0539007 0.0340898 0.099388 0.0762271 0.0869123 
0.0876993 0 0.0486468 0.0486468 0.0769174 0.0243234 0.0729702 0.0729702 0.0769174 0.068797 
0.0551947 0.0889988 0.0349082 0.0740515 0.0698164 0.0551947 0.101774 0.0698164 0.0246838 0.0246838 
0.0906228 0 0.0816863 0.0226557 0.0816863 0.0816863 0.0226557 0.03204 0.0226557 0.0453114 
0 0.0367328 0.0821371 0.0580797 0.116159 0.025974 0.0580797 0.0734656 0 0.025974 
0.0525906 0.0371872 0.13408 0.264265 0.352789 0.111562 0.0587981 0.0371872 0.0587981 0 
0.0735159 0.0346557 0.0346557 0.0547955 0.0547955 0.0245053 0.0547955 0.101038 0.0245053 0.0547955 
0.116144 0.0629878 0.084507 0.116144 0.084507 0.079674 0.0629878 0.079674 0.039837 0.039837 
0.0774274 0.0258091 0.0258091 0.173133 0.0516183 0.109499 0.0364996 0.115422 0.057711 0.150492 
0.0850664 0.0667316 0.158268 0.0667316 0.117966 0.0333658 0.0333658 0.0707795 0.100097 0.0943727 
0.0255885 0.0255885 0.127943 0.105504 0.0922607 0.0922607 0.0572176 0.0361876 0.0572176 0.0572176 
0.0595439 0.0532576 0.0266288 0.0960116 0.0798865 0.106515 0 0.0960116 0 0.0376588 
0.0515968 0.150429 0.0930174 0.0930174 0.0729689 0.0815817 0.0364844 0.057687 0.0364844 0.0364844 
0.0548161 0.0548161 0.049029 0.0883883 0.142943 0.049029 0.0548161 0.0775217 0.0346688 0.0980581 
0.0939194 0.0227788 0.0939194 0.145856 0.138558 0.0683364 0.132822 0.81655 0 0.10187 
0.0240807 0.0240807 0.0992871 0 0.0963226 0.0761497 0.0481613 0.0481613 0.0240807 0.0761497 
0.133987 0.0908208 0.0660819 0 0.0311513 0.0311513 0.0220273 0.0623026 0.0311513 0.0623026 
0.0754612 0.112491 0.0503075 0.0562455 0.0795431 0.0355728 0.0503075 0.0503075 0.0795431 0.0795431 
0.025641 0.0573351 0.0573351 0.09245 0.0362619 0.025641 0.0573351 0.0512821 0.0362619 0.0512821 
0.0515968 0.10637 0.0257984 0.0364844 0.173061 0.057687 0.0257984 0.0930174 0.0257984 0.0364844 
0.0259543 0.0580357 0.0935797 0.0580357 0.116071 0.077863 0.0580357 0.0580357 0.0259543 0.077863 
0.0341295 0.0241332 0.0763159 0.0723996 0.0995037 0.068259 0.0241332 0.120666 0.0482664 0.0539635 
0.052253 0.0330477 0.0701047 0.0467365 0.136259 0.116841 0 0.0660954 0.052253 0.093473 
0.0337268 0.0533267 0.0859867 0.0337268 0.0754153 0.0859867 0.0533267 0.0476968 0.0337268 0.0476968 
0.0495339 0.0350258 0.0553806 0.0553806 0.0892986 0.0700516 0.0743009 0.0553806 0.024767 0.0700516 
0.0384544 0.0384544 0.0384544 0.0859867 0.0543828 0.138649 0 0.0815742 0.0384544 0.0608018 
0.0591054 0.0264327 0.0264327 0.118211 0.0792982 0 0.0373815 0.0528655 0 0.0264327 
0.0518755 0.0231994 0.073363 0.0231994 0 0.0518755 0.0231994 0.073363 0.0231994 0.0231994 
0.034401 0.034401 0.0543928 0.121626 0.0543928 0.0486504 0 0.034401 0 0.0543928 
0.0519305 0.0259653 0.107058 0.0936191 0.0580601 0.0580601 0.0259653 0.0580601 0.0367204 0.0367204 
0.0372161 0.0588439 0.131579 0.105263 0.111648 0.117688 0.0588439 0.0744323 0.0526316 0.0526316 
0.121157 0.0531306 0.0531306 0.0712822 0.0237607 0.0336028 0.0531306 0.138548 0.121157 0.0237607 
0.0269655 0.0539311 0.134828 0.0602968 0.134828 0.114405 0.0762701 0.038135 0.0269655 0.0539311 
0.0377124 0 0.0754247 0 0.214994 0.096148 0.0377124 0.0843274 0.0266667 0.0596285 
0.0508066 0.0321329 0.0642658 0.0321329 0 0 0.0454428 0.0321329 0.0508066 0.0642658 
0.4 0.025713 0.149931 0.154278 0.172488 0.128565 0.025713 0.025713 0.102852 0.0813116 
0.0846259 0.066386 0.104966 0.0846259 0.066386 0.023471 0.0846259 0.033193 0.0524828 0.023471 
0.0387456 0.0387456 0.136986 0.0866377 0.225924 0.220884 0.109589 0.0987822 0.0774911 0.191781 
0.255814 0.0520016 0.0520016 0.0657774 0.0697674 0.08385 0.116279 0.135604 0.0697674 0.0697674 
0.0316822 0 0.0316822 0.050094 0.0633645 0.0316822 0.0316822 0.0224027 0.0950467 0.0950467 
0.0332664 0.0470458 0.0940916 0.0665328 0.105198 0.0525988 0.0470458 0.0470458 0.0235229 0.0525988 
0.0628212 0.0628212 0.238757 0.112768 0.28482 0.159477 0.0209404 0.0755017 0.193061 0.104702 
0.0543928 0 0.0486504 0.185255 0.17709 0.100295 0.0243252 0.0543928 0.0877058 0.121626 
0.0284786 0.0402748 0.0284786 0.19104 0.142393 0.0900572 0.0900572 0.0900572 0.0854358 0.0402748 
0.0356094 0.0796251 0.0563034 0.0796251 0.0563034 0.0796251 0.0563034 0.0796251 0.0907865 0.103818 
0.0970142 0.0761042 0.0269069 0.0269069 0.0269069 0 0.0970142 0.144898 0.0269069 0.0970142 
0.0779326 0.0246444 0.0246444 0.0246444 0.0551067 0.0551067 0 0.0348525 0.0246444 0.0348525 
0 0.0612162 0.0865728 0.213819 0.0273767 0.0612162 0.0865728 0.208495 0.0865728 0.0387165 
0 0.0252377 0.0798087 0.0713831 0.0564333 0.0356915 0.0356915 0.0564333 0.0504754 0.0252377 
0.0366218 0.0579042 0.0818888 0.0517911 0.0579042 0.0579042 0.103582 0.0366218 0.0579042 0.0366218 
0.0465968 0.0329489 0.0736759 0.0465968 0.0736759 0 0.0232984 0.0736759 0.0840035 0 
0.0306552 0 0.131853 0.122621 0.0781556 0.0484701 0.0216765 0.068547 0.0484701 0.0306552 
0.0403526 0.0403526 0.102879 0 0.114134 0.114134 0.0403526 0 0.0285336 0.0638031 
0.057687 0.0257984 0.0515968 0.0257984 0.0729689 0.0815817 0.0815817 0.057687 0 0.0515968 
0.0472159 0 0.105578 0.052789 0.0973381 0.0851197 0.023608 0.0333867 0.0667734 0 
0.0243794 0.0243794 0.0545139 0.121897 0.0545139 0 0.0545139 0.0689553 0.0770943 0.0243794 
0.0324764 0.0726193 0.0726193 0.0459285 0.114821 0.0459285 0.0459285 0.0459285 0.0324764 0.0459285 
0.0478467 0.0338328 0.101498 0.0338328 0.0478467 0.0338328 0 0 0.0338328 0.0239234 
0.473766 0.118211 1.12863 1.05234 1.5994 0.694646 0.0835877 0.168476 0.19266 0.121849 
0.047619 0.0673435 0.0752923 0.0238095 0.0238095 0.0336718 0.047619 0.047619 0.047619 0.0752923 
0 0.0559017 0.05 0.0559017 0.167705 0.0559017 0.0559017 0.05 0.0353553 0.025 
0.0366218 0.0517911 0.0579042 0.0579042 0.103582 0.0258955 0.0258955 0.0258955 0.0933677 0.0732436 
0.0521783 0.0521783 0.0521783 0.116674 0.0841349 0.156535 0.0841349 0.116674 0.0330004 0.0841349 
0.0357314 0 0.0564963 0.0505318 0.153686 0.0357314 0 0.0564963 0.0910975 0.0798978 
0.0355194 0.0794239 0.0355194 0.0905572 0.100464 0.0561612 0.0753481 0.12558 0.0355194 0.025116 
0.0847998 0.0847998 0.0423999 0.13408 0.13408 0.123616 0.0670402 0.119925 0.0670402 0.123616 
0.615156 0.0376822 0.0266454 0.0376822 0.0532907 0.0376822 0.0376822 0.245658 0.133227 0.0376822 
0.19392 0 0.0340158 0.0867235 0.0481056 0.0537837 0.0537837 0.0760616 0 0 
0.0703924 0.0248875 0 0.175981 0.126902 0.0351962 0.0556501 0.0897331 0.049775 0.126902 
0 0.0357685 0.056555 0.126461 0.11311 0.0505843 0.0505843 0.0799808 0.0799808 0.0758765 
0.0520968 0.0520968 0.0736759 0.163089 0.0232984 0.0658978 0.0465968 0.0736759 0.0465968 0.0232984 
0.179428 0.10253 0.0924197 0.105686 0.186608 0.138036 0.03625 0.162115 0.153796 0.130701 
0.0517191 0.0517191 0.0693885 0.115648 0.046259 0.103438 0.0231295 0.046259 0.092518 0.117938 
0.0714146 0.0442894 0.0714146 0.0396137 0.0714146 0.0280111 0.0442894 0.0198068 0.0626347 0 
0.0564963 0.0357314 0.0757977 0.151595 0.0798978 0.0564963 0.0357314 0.0505318 0.0910975 0.0357314 
0.0487769 0.0487769 0.0344904 0.0545342 0.077123 0.0243884 0.0545342 0.0487769 0.0243884 0.0344904 
0.0465085 0 0.0519981 0.103996 0.0328865 0.0328865 0.0328865 0 0.0328865 0.0519981 
0.134461 0.0249688 0.0353112 0.0789583 0.0353112 0.055832 0.055832 0.0353112 0.0499376 0 
0.0839625 0.0750983 0.0796538 0.0796538 0.150197 0.109474 0.0265513 0.0593705 0.135385 0.109474 
0 0.0524359 0.0469001 0.0663267 0.136736 0.0469001 0.0845503 0.0331633 0.0741555 0.0524359 
0.421991 0.295564 0.210996 0.0579649 0.173895 0.320122 0.869957 1.0148 0.238996 0.104498 
0.0597774 0.0597774 0.143963 0.0534666 0.0378066 0.0845381 0.0963882 0.0267333 0.0378066 0.0378066 
0.0827819 0.0585356 0.13089 0.0261779 0.0585356 0.0523558 0.0585356 0.107934 0.0585356 0.0943858 
0.0531044 0.0335862 0.075101 0.075101 0.0979197 0.0671724 0.047498 0.142494 0.0671724 0.075101 
0.0821995 0.0821995 0.0519875 0.0821995 0.129969 0.103975 0.0367607 0.0581238 0.155963 0.139981 
0.0273947 0.0547894 0.0821841 0.112951 0.0547894 0.0273947 0.0612564 0.0774839 0.0866296 0.0547894 
0.0671724 0.023749 0.023749 0.023749 0.023749 0.0531044 0 0.075101 0.0335862 0.0335862 
0 0.0227038 0.0321081 0.0681115 0.0227038 0.0227038 0.0454077 0.0507673 0.0454077 0.0321081 
0.73497 0.0892742 0.0841686 0.0210421 0.0420843 0.0758685 0.169647 0.210421 0.0665411 0.0297581 
0.0499961 0.0790508 0.0499961 0.160066 0.111795 0.10307 0.0999922 0.12499 0.0499961 0.134619 
0.0543928 0.0729756 0.100295 0.108786 0.170276 0.145951 0.0688021 0.034401 0.172005 0.0769231 
0.0349082 0.0551947 0.0889988 0.0551947 0.0493677 0.0349082 0.0780571 0.101774 0.123419 0.0246838 
0.0491993 0.0347892 0.0550065 0.0886954 0.125434 0.0347892 0.0550065 0.0245997 0.101427 0.0886954 
0.0235278 0.0705834 0.0665466 0.0235278 0.0744014 0.0332733 0.0470556 0.0332733 0 0.0526097 
0.0745935 0.0255854 0.0361832 0.0572106 0.345639 0.0361832 0.0572106 0.0652301 0.040454 0.0180916 
0.105686 0.0924197 0.0512652 0.130701 0.0810574 0.128163 0.0573162 0.0256326 0.03625 0.0924197 
0.0321226 0.0507902 0.0227141 0 0.0642451 0.0321226 0.0321226 0.0227141 0.0507902 0.0718282 
0.0638714 0.0319357 0.0451639 0.0504947 0.121607 0.0504947 0.0225819 0.0225819 0.0677458 0.0225819 
0.133846 0.0853101 0.127417 0.0529071 0.0748219 0.0709823 0.0473215 0.0334614 0.0853101 0.0853101 
0.177353 0.0487226 0.124219 0.034452 0.100444 0.108947 0.0487226 0.124219 0.137808 0.0544735 
0.0673006 0.0237944 0.0475887 0.0532058 0.0475887 0.0237944 0.0673006 0.0237944 0.0713831 0.106412 
0.704238 0.119984 0.136803 0.11062 0.209544 0.264238 0.0599922 0.0379424 0.160976 0.241464 
0.0486901 0 0.024345 0.0486901 0.024345 0.0769857 0.0544371 0.0769857 0.0769857 0.103287 
0.0852849 0.0877574 0.0462522 0.146262 0.0852849 0.0745794 0.0585049 0.0462522 0.12582 0.0292525 
0.163625 0.0935561 0.215263 0.0507379 0.0818124 0.0507379 0.0507379 0 0.0818124 0.1157 
0.140316 0.091607 0.534156 0.413599 1.0674 0.257228 0.160689 0.160689 0.153498 0.127036 
0.0694964 0.0491414 0.0659301 0.0219767 0.0621595 0.0491414 0.0310797 0.0219767 0.0659301 0.11206 
0.152066 0.0430108 0.096175 0.0912396 0.096175 0.0215054 0.068006 0.0430108 0.0480875 0.0775387 
0 0.0321081 0.0227038 0.0227038 0.0227038 0.0507673 0 0.0227038 0.113519 0.128432 
0.118072 0.0463117 0.0327473 0.0732252 0.0834896 0.103556 0.051778 0.051778 0.103556 0.095474 
0.145316 0.145316 0.12091 0.102754 0.162468 0.0284988 0.0604551 0.0450606 0.10852 0.0403034 
0.0926781 0.0207234 0.146537 0.0293074 0.132695 0.0655333 0.0586147 0.0655333 0.0747194 0.105669 
0.049379 0.0349162 0.049379 0.0890192 0.0349162 0.0246895 0.0552073 0.049379 0.0552073 0.078075 
0.0232542 0.0232542 0.093017 0.233702 0.326389 0.0519981 0.0232542 0.0328865 0.0657729 0.0838444 
0.185967 0.0451035 0.100855 0 0.0902071 0.100855 0 0.063786 0.0504273 0.112759 
0.951706 0.0526134 0.0848365 0.12671 0.0941176 0.0235294 0.0744065 0.0235294 0.0970142 0.117647 
0 0.0987579 0.0552073 0.0552073 0.0552073 0.0246895 0.0246895 0.0246895 0.0246895 0.123447 
0.0328798 0 0.0519875 0.0519875 0.0232495 0.0519875 0.0735215 0.0838274 0.0958603 0.103975 
0.0425918 0.0425918 0 0.0190476 0.0538748 0.102575 0.0269374 0.0425918 0.0190476 0.0971242 
0.0656532 0.0415227 0.0207614 0.0656532 0.177385 0.058722 0.0207614 0.0464238 0.0464238 0.029361 
0.0294612 0.0208322 0 0.0465822 0.147306 0.0294612 0.0208322 0.0465822 0.0416644 0.0465822 
0 0 0.0328421 0 0.0734372 0.0656842 0.0519279 0.0734372 0.0232229 0.0328421 
0.031427 0 0.031427 0.0496904 0.0666667 0.0916246 0.0222222 0.031427 0.0628539 0.0222222 
0.0224027 0.0807742 0.161548 0.0807742 0.050094 0.27346 0.143447 0.574227 0.221776 0.200376 
0.0529999 0.0529999 0.0854598 0.0854598 0.10056 0.0335201 0.0711068 0.0335201 0.127641 0.0670402 
0.106287 0.0475329 0.0425147 0.0212574 0.12025 0.0300624 0.0300624 0.0425147 0.0475329 0.0300624 
0.113656 0.0211053 0.0211053 0.0895423 0.105527 0.0667409 0.0211053 0.0422106 0.0760963 0.0943858 
0.0775343 0.0215041 0.0430083 0.129025 0.068002 0.0215041 0.0480847 0.0304114 0.0480847 0.0608229 
0 0.0341295 0.0341295 0.0539635 0.102388 0.0539635 0.0341295 0.0341295 0.068259 0.0539635 
0.105729 0.070789 0.0981667 0.114481 0.125715 0.138829 0.0196333 0.0277657 0.114481 0.185221 
0.0941137 0.0297614 0.0665485 0.0595228 0.216666 0.0470569 0 0.0841779 0.0941137 0.0665485 
0.0403403 0.0637836 0.0285249 0.102848 0.102848 0.0902036 0.0902036 0.127567 0.0285249 0.0637836 
0.0710983 0.0224833 0.0502741 0 0.0927009 0.0449665 0.0224833 0.0502741 0.0317961 0.100548 
0.0449183 0.0449183 0.0224592 0 0.0635241 0.0673775 0.0224592 0.0673775 0 0.0898366 
0.0256074 0.0362143 0.128037 0.0923287 0.155764 0.0256074 0.0512148 0.0809776 0.0572598 0.0572598 
0.0506289 0.0566048 0.0506289 0.0506289 0.0358 0.126572 0.0253144 0.0912725 0.0506289 0.0358 
0.0488496 0.0690837 0.100706 0.0244248 0.0880648 0.0546155 0.0488496 0.0772379 0.109231 0.0345418 
0.0314095 0.0702338 0.183147 0.210701 0.135097 0.0702338 0 0.062819 0.0993256 0.0496628 
0.121725 0.024345 0.0344291 0.0344291 0.108874 0.108874 0.0769857 0.124136 0.0544371 0.0344291 
0.0241034 0.0482068 0.086906 0.0340873 0.0538968 0.0241034 0.0723102 0.0964135 0.0340873 0.0681747 
0 0.0519454 0.0232307 0.0232307 0.0328532 0.0232307 0.0696921 0.0464614 0.0328532 0.0464614 
0.179345 0.0567139 0.0760897 0.0802056 0.0253632 0.162404 0.0567139 0.0253632 0.0914484 0.113428 
0.0259194 0.0366556 0 0.0579576 0.146622 0.0579576 0.0366556 0.0259194 0.0259194 0.0579576 
0.0614549 0.0307274 0 0.0217276 0.0485844 0.0217276 0.0485844 0.0307274 0.0307274 0.0217276 
0.0810574 0.0256326 0.0256326 0.0810574 0.0573162 0.0256326 0.0512652 0.0256326 0.0256326 0.0512652 
0.0204358 0.0408717 0.0842591 0.0842591 0.0646238 0.0204358 0.0289006 0.0646238 0 0 
0.0219767 0.0310797 0.0879068 0.118348 0.118348 0.0310797 0.0219767 0.0310797 0.0310797 0.0310797 
0.0782154 0.0306786 0.0970143 0.0613572 0.021693 0.0650791 0.108465 1.00165 0.0894427 0.0485071 
0.0477648 0.0955296 0.0675496 0.291522 0.0755228 0.0337748 0.0755228 0.0755228 0.0675496 0.0984697 
0.155025 0.0342393 0.0541372 0.123452 0.0541372 0.0765615 0.0541372 0.0242109 0.0684787 0.0872936 
0.0342393 0.0242109 0.0242109 0.0765615 0.121054 0.0541372 0.0342393 0.0342393 0.0242109 0.0726326 
0.021034 0.042068 0.042068 0.021034 0.0758391 0.0470334 0.021034 0.021034 0 0.042068 
0.0290343 0.0205304 0.0846489 0.0740233 0.087103 0.149463 0.0410607 0.0740233 0.104685 0.0649227 
0.0973713 0.0649142 0.0649142 0.0827497 0.123593 0.0649142 0.0229506 0.0725763 0 0.0649142 
0.112225 0.031742 0.022445 0.0501886 0.0634841 0.031742 0.112225 0.022445 0.022445 0.0809266 
0.0242536 0.0766965 0.0970142 0.108465 0.102899 0.0242536 0.0874475 0.0542326 0.0342997 0.0766965 
0.0475732 0.0425508 0.0212754 0 0.0877207 0.0212754 0.0300879 0.0767095 0.0475732 0.0425508 
0.0631635 0 0.0399481 0.0631635 0.0631635 0.0199741 0.0399481 0.0599222 0.0446633 0 
0.0332756 0.0470588 0.0332756 0.0235294 0.0941176 0.0705882 0.0470588 0.0705882 0.0332756 0.0470588 
0.0471929 0.0667409 0.0667409 0.0422106 0.0870194 0.0298474 0.0471929 0.105527 0.0471929 0.0760963 
0.044842 0.0317081 0 0.0317081 0.022421 0.044842 0.022421 0 0.0317081 0.0317081 
0.0351337 0.0702674 0.0496866 0.0555513 0.0496866 0.0496866 0.0785614 0.0785614 0.0785614 0.14486 
0.0429834 0.0214917 0.0607877 0.0214917 0.0303939 0.0774895 0.0480569 0.0214917 0.107459 0.0961139 
0.0666297 0.0496628 0.0666297 0.0444198 0.0800789 0.0496628 0.0666297 0.0314095 0.0314095 0.0702338 
0.0783527 0.0584007 0.282505 0.0554038 0.665102 0.133174 0.118252 0.251191 0.130588 0.0184679 
0.0235229 0.0332664 0.0332664 0.0235229 0.0332664 0.0665328 0.0525988 0.0235229 0.084813 0.0332664 
0 0.0350258 0.110761 0.024767 0.0743009 0.024767 0.024767 0.0553806 0.0495339 0.0553806 
0.0252982 0.0505964 0.0252982 0.0357771 0.0565685 0.091214 0.0357771 0.0505964 0.0357771 0.08 
0.0240894 0.0340675 0.0681351 0.152355 0.0240894 0.0722682 0 0 0.0722682 0 
0.023823 0.023823 0.0858952 0.0532699 0.023823 0.0336909 0.023823 0.0476461 0.0673817 0.023823 
0.036582 0.0517347 0.0578412 0.106654 0.345114 0.181071 0.0258674 0 0.036582 0.0258674 
0.072878 0.036439 0.036439 0.128831 0.0929016 0.185803 0.072878 0.0576151 0.0576151 0.164985 
0.0246613 0.0493226 0.0493226 0.155972 0.0697527 0.0697527 0.0551444 0.0246613 0.0246613 0.0551444 
0.03447 0 0.0243739 0.0731218 0.441431 0.12187 0.0487479 0.0545018 0 0.0243739 
0.0963226 0.072242 0.053846 0.0481613 0.053846 0.072242 0.0240807 0.053846 0 0.053846 
0 0.0235278 0.0848306 0.0998199 0.0744014 0.0526097 0.0526097 0.0235278 0.0470556 0.0470556 
0.0252438 0.0252438 0.0357001 0.0564467 0.0504875 0.0714001 0.0910176 0 0.0504875 0.0357001 
0.07832 0.0743009 0.07832 0.126287 0.024767 0.024767 0.0495339 0 0.0743009 0.0553806 
0.118215 0.0983607 0.0463677 0.199435 0.146627 0.167181 0.103681 0.0463677 0.118215 0.0733137 
0 0.0226339 0.0452679 0.115411 0.0933221 0.0452679 0.0452679 0.0715748 0.0452679 0.050611 
0.0526097 0.0332733 0.0970075 0.0470556 0.0744014 0.0235278 0.0332733 0.0744014 0.0470556 0.0332733 
0.0480223 0.0480223 0.0480223 0.0536906 0.0536906 0.0536906 0.0759299 0.0990005 0.0536906 0.0480223 
0.0524359 0.02345 0.0524359 0.0663267 0 0.0331633 0.0331633 0.0703501 0.0966869 0.02345 
0.0463583 0.0327803 0.0518302 0.0835736 0.0835736 0.0231792 0.0518302 0.0463583 0.0655606 0.0732989 
0.0336503 0.0532058 0.0532058 0.0237944 0.0237944 0.0532058 0.0237944 0 0.0532058 0.0532058 
0.046562 0.0294484 0.158585 0.075079 0.0208232 0.0294484 0.046562 0.0883452 0.0294484 0.075079 
0.0831724 0 0.0951113 0 0.0326229 0.0326229 0.0515813 0.0461358 0.0831724 0.072947 
0.021034 0.0297466 0.0470334 0.0297466 0.0297466 0.021034 0.0297466 0.021034 0.0297466 0.021034 
0.0618599 0.0618599 0.0978092 0.0437416 0.0195618 0.0391237 0.0618599 0.0829938 0.0391237 0.0437416 
0.326762 0.0555513 0.111103 0.0351337 0.133785 0.105401 0 0.0248433 0.0895737 0.133785 
0.0291343 0.0460653 0.0651462 0.0618031 0.0824042 0.020601 0.0618031 0.0412021 0.0651462 0.0582686 
0.0485643 0.0307148 0.12664 0.0614295 0.0485643 0.0485643 0.0307148 0.0307148 0.0485643 0.0485643 
0.0214657 0.0303571 0.0479988 0.143996 0.107329 0.109454 0.0773957 0.0479988 0.0885054 0.0678805 
0.0559099 0.0197671 0.0625092 0.0884013 0.0988357 0.0279549 0 0.115261 0.0279549 0.0279549 
0.112105 0.0808401 0.16168 0.0501349 0.143565 0.114325 0.022421 0.0924442 0.112105 0.0634162 
0.084813 0.0470458 0.0525988 0.0705687 0.0743859 0.0332664 0.0470458 0.0235229 0.0525988 0.0525988 
0.0215004 0.0430008 0.121625 0.0430008 0.107502 0.0480764 0 0.107502 0.0645012 0.107502 
0.069725 0.0232417 0.0657374 0.0958279 0.0657374 0.05197 0.05197 0.05197 0.05197 0.05197 
0.0317721 0.0317721 0.0710445 0.0317721 0.0317721 0 0.050236 0 0.0317721 0.0317721 
0.0632456 0.04 0.0565685 0.0824621 0.0447214 0.181108 0.0282843 0.107703 0.1 0.0447214 
0.0990934 0.0240337 0.0679775 0.0240337 0.0480673 0.0240337 0.0679775 0 0.0866546 0.0679775 
0.74692 0.0452679 0.0679018 0.176777 0.160046 0.0905358 0.0679018 0.0816078 0.101222 0.0226339 
0.0990013 0.0700045 0.0990013 0.0700045 0.0660008 0.136064 0.0330004 0.0233348 0.0737912 0.104357 
0.0510676 0.0722205 0.032298 0.032298 0.0228381 0.0722205 0.0722205 0.0823441 0.0228381 0 
0.0710624 0.0502487 0.136691 0.1589 0.11236 0.0502487 0.0502487 0 0.0317801 0.0502487 
0.723927 0.0240111 0.0990005 0.0480223 0.129304 0.0865734 0.0720334 0.0339569 0.101871 0.0679138 
0.0649227 0.0306049 0.0216409 0.0684346 0.173127 0.11654 0.0684346 0.129845 0.0432818 0.0483906 
0 0.0333033 0.120077 0.0706469 0.188392 0.189858 0.0744684 0.0744684 0.0526571 0.0526571 
0.117596 0.0587981 0.0525906 0.0371872 0.0525906 0.0262953 0.0262953 0.0831531 0.0262953 0.0948091 
0.0999688 0.0249922 0.0249922 0.0499844 0.0706886 0.0558842 0.0706886 0.0249922 0.0901106 0.0558842 
0.0328887 0 0.0232558 0 0.0697674 0.0232558 0.0232558 0.0520016 0.0328887 0 
0.211441 0.116941 0.0324336 0.0324336 0.022934 0.0512821 0.146849 0.153846 0.0458681 0.0512821 
0.0617979 0.0390844 0.123596 0.0829106 0.0276369 0.0390844 0.0617979 0.638046 0.0617979 0.0996461 
0.0550065 0.0347892 0.077791 0.0245997 0.0550065 0.077791 0.0245997 0.0550065 0.0245997 0.0550065 
0.0368981 0.0260909 0.107576 0.107576 0.116682 0.116682 0 0.0737962 0.107576 0.0825067 
0.120416 0 0.15 0.0316228 0.05 0.0223607 0.0447214 0.0447214 0.0223607 0.05 
0.0580015 0.0366834 0.0580015 0.116003 0.0733667 0.0580015 0.0366834 0.025939 0.0366834 0.025939 
0.0219767 0.0792381 0.0906122 0.0219767 0.0491414 0.128145 0.0659301 0.0792381 0 0.0491414 
0.0580015 0.0518781 0.025939 0.0820265 0.0580015 0.0366834 0.025939 0.0518781 0.0366834 0.025939 
0.0532246 0.0238028 0.0981414 0.128182 0.181277 0.159674 0.0476056 0.0858221 0.0858221 0.0981414 
0.0408845 0 0.129288 0.0408845 0 0.0408845 0 0.0408845 0.0646441 0.0289097 
0.0275137 0.0870059 0.0389102 0.0615225 0.0615225 0.123045 0.0550274 0.116731 0.0615225 0.0389102 
0.0714001 0.0504875 0.0564467 0.0910176 0 0.0252438 0.0798278 0.0798278 0 0 
0.0353333 0.0706665 0.111734 0.0706665 0.106 0.0900825 0.0558668 0.124922 0.0558668 0.0706665 
0 0.0598899 0.0598899 0.0378777 0.0378777 0.0267836 0.0535672 0.0803507 0.0267836 0.0378777 
0.0263318 0.0588796 0.0588796 0.105327 0.0526635 0.0526635 0.0526635 0.0949405 0.0526635 0.0526635 
0.100377 0.161853 0.08978 0.0709773 0.17956 0.141955 0.100377 0.126968 0.126968 0.100377 
0.991513 0.0704415 0.0897957 0.0249048 0.0556889 0.167067 0.0556889 0.0352208 0.078756 0.078756 
0.0579042 0.0579042 0.150996 0.0366218 0.0517911 0.10677 0.0776866 0.0517911 0.0732436 0.0732436 
0.0328798 0.0232495 0.0328798 0.0697486 0.0519875 0.0464991 0.0838274 0.0657596 0.0464991 0.0986394 
0.116071 0.0519087 0.0935797 0.0935797 0.0259543 0.103817 0.0259543 0.0734099 0.0259543 0.0519087 
0.143108 0.091214 0.0565685 0.08 0.08 0.0252982 0.0758947 0.104307 0.0252982 0.0357771 
0.0341868 0.0540541 0.076444 0.0871595 0.0725211 0.0341868 0.0241737 0.0540541 0.0483474 0.076444 
0.09208 0.0255384 0.48791 0.485901 0.541751 0.73664 0.0510768 0.0361167 0.114211 0.10835 
0.192728 0.0246763 0.156067 0.132886 0.148058 0.156067 0.0348976 0.0780334 0.125825 0.0697952 
0.135205 0.0338013 0.202808 0.0478023 0.098547 0.0861768 0.0478023 0.0338013 0.0755821 0.0534446 
0.0750322 0.0530558 0.0335554 0.151929 0.0855499 0.0855499 0.0530558 0.0237273 0.0671109 0.0855499 
0.165734 0.108045 0.0741186 0.0828671 0.0262049 0.0828671 0.117192 0.108045 0 0.0262049 
0.0240685 0.0340379 0.0992368 0.0722054 0.0538187 0.0481369 0.0340379 0.0340379 0.0340379 0.0240685 
0.0821089 0.0821089 0.0509218 0.101844 0.0509218 0.0322057 0.0455458 0.0720142 0.0455458 0 
0.0749993 0.0374996 0.218659 0.0838517 0.224998 0.118584 0.0530325 0.112499 0.0749993 0.0374996 
0.165622 0.078075 0.049379 0.0890192 0.078075 0.0890192 0.078075 0.123447 0.0246895 0.049379 
0.16538 0.123504 0.0512821 0.0458681 0.0512821 0.0324336 0.0512821 0.0512821 0.022934 0.0917361 
0.0528664 0.0236426 0.0747644 0.0236426 0.0528664 0.0747644 0.0852445 0.0709277 0.0747644 0.0472852 
0.162047 0.100497 0.0502487 0.0810236 0.0449438 0.0317801 0.0502487 0.0502487 0.0502487 0.0317801 
0.0935797 0.0935797 0.132342 0.0519087 0.0580357 0.0519087 0.107012 0.116071 0.0580357 0 
0.249781 0.132384 0.0837267 0.0374437 0.132384 0.0592037 0.0794301 0.0264767 0.135005 0.0529534 
0.0924197 0.0810574 0.0573162 0.0573162 0.0924197 0.03625 0.105686 0.105686 0.0573162 0.0573162 
0.0572176 0.0572176 0.255885 0.0723752 0.470439 0.137798 0.0255885 0.0255885 0.0361876 0.0255885 
0.0321391 0.0321391 0.0718653 0.0508164 0.0718653 0.0454516 0.0227258 0.0681774 0.0454516 0.0454516 
0.0497211 0.0497211 0.0314464 0.0801729 0.0703163 0.0916812 0.0497211 0.129657 0.0444719 0.022236 
0.143963 0.0552073 0.078075 0.0349162 0.0552073 0.0552073 0.0552073 0.0246895 0.0246895 0.0552073 
0.142208 0.0487769 0.0689809 0.0879337 0.0545342 0.0344904 0.100556 0.0545342 0.0243884 0.0243884 
0.0618215 0.0996842 0.0829423 0.168173 0.185465 0.161211 0.0874288 0.0618215 0.0829423 0.168173 
0.0320668 0.0453493 0.0226746 0.0226746 0.0320668 0.0320668 0.0906985 0.0680239 0.050702 0.0453493 
0.0512652 0.0512652 0.0512652 0 0.0724999 0.03625 0.0573162 0.03625 0.0512652 0 
0.0984907 0.033782 0.119438 0.0984907 0.101346 0.0984907 0.033782 0.101346 0.128638 0.0238875 
0.0310797 0.0491414 0.0792381 0.124319 0.0491414 0.0439534 0 0.0932392 0.0694964 0.0439534 
0.0242109 0.0726326 0.0342393 0.0541372 0.0484218 0.0765615 0.0342393 0.0684787 0.0342393 0.0541372 
0.0564467 0.0798278 0.0357001 0.0798278 0.0357001 0 0.0504875 0.0357001 0.192251 0.128718 
0.0499844 0.0353443 0.0499844 0.0790322 0.0249922 0.0249922 0.0353443 0.0558842 0.0249922 0.0249922 
0 0.0217276 0.0485844 0.117007 0.126692 0.126692 0.0869103 0.0783399 0.0217276 0.0869103 
0.0905572 0.025116 0.0905572 0.0355194 0 0.0561612 0.0355194 0.025116 0.025116 0.0355194 
0.0803155 0.0567916 0.0718363 0.239604 0.12699 0.193425 0.025398 0.107754 0.179591 0.234158 
0.104174 0 0.0252659 0.0357314 0.0714628 0.0357314 0.0252659 0.0357314 0.0252659 0.0252659 
0.0544684 0.038515 0.0861221 0.11229 0.0817026 0.108937 0.0608975 0.07703 0.108937 0.0981943 
0.05547 0.0784465 0.0248069 0.105247 0.13359 0.05547 0.0744208 0.124035 0 0.05547 
0.0596709 0.0266856 0.0962165 0.080057 0.133428 0.0843874 0.0266856 0.113218 0.0596709 0.0596709 
0.0504497 0.0225618 0.0451236 0.0451236 0.0319072 0.0504497 0.0504497 0.0225618 0.127629 0.115043 
0.0524097 0.0262049 0.247216 0.0370593 0.223895 0.209639 0.0370593 0.117192 0.117192 0.117192 
0.75991 0.153314 0.0356447 0.0534671 0.0642595 0.0252046 0.112719 0.108409 0.0908766 0.0908766 
0.0332733 0 0.0235278 0.0332733 0.0665466 0.0665466 0.0235278 0 0.0744014 0.0526097 
0.0688581 0.0344291 0.0344291 0.100377 0.0973801 0.100377 0.024345 0.0344291 0.0769857 0.0730351 
0.050944 0.0360229 0.0569572 0.025472 0.025472 0.050944 0.0764161 0.0720458 0.0764161 0.050944 
0.03447 0.0243739 0.124283 0.0243739 0.0689399 0.03447 0 0 0.0545018 0.0487479 
0.1025 0.0571014 0.127683 0.121876 0.153455 0.0571014 0.0425609 0.0571014 0.0686274 0.0571014 
0.0533286 0.037709 0.037709 0.0799929 0.0961395 0.0266643 0.0533286 0.0266643 0.0266643 0.0961395 
0.0330477 0.0330477 0.052253 0.0233683 0 0.052253 0.0467365 0.0701047 0.0660954 0.0660954 
0.05547 0.0248069 0.0350823 0.0350823 0.0784465 0.05547 0.0496139 0.0496139 0.0248069 0.05547 
0.0780011 0.0822203 0.0520007 0.0822203 0.0520007 0.03677 0.130002 0.0735401 0.0822203 0.0735401 
0.039148 0.0705751 0.019574 0.0875376 0.019574 0.0553637 0.019574 0.0618984 0.0830455 0.0830455 
0.0608968 0.0645909 0.0481432 0.0962864 0.14443 0.0776285 0.0215303 0.0481432 0.0645909 0.0304484 
0.160805 0.0479429 0.0988368 0.119857 0.193264 0.0479429 0.0339007 0.0864303 0.0719143 0.0758044 
0.10253 0.0924197 0.105686 0.0768978 0.0512652 0.0512652 0.0512652 1.13538 0.0810574 0.0512652 
0.0263135 0.0263135 0.0263135 0.0372129 0.0789405 0 0.0263135 0.0263135 0.0372129 0.0744259 
0.0255885 0.051177 0.0767655 0.114435 0.080918 0.0723752 0.0767655 0.186287 0.051177 0.0572176 
0.327337 0.120331 0.156893 0.0601657 0.248069 0.120331 0.0850871 0.0269069 0.0538138 0.0970142 
0.146331 0.103471 0.100556 0.175867 0.175867 0.154246 0.077123 0.124357 0.185737 0.148349 
0.0465085 0.0328865 0.0232542 0.0232542 0.0519981 0.0519981 0.0838444 0.0657729 0.0657729 0.0519981 
0.0894112 0.0685752 0.178822 0.153339 0.174833 0.19396 0.0433708 0.04849 0.0685752 0.0613356 
0.0740233 0.0918146 0.0290343 0.0410607 0.0846489 0.0649227 0.0290343 0.0459073 0.0459073 0.0459073 
0.062107 0.0878326 0.0544714 0.110296 0.0710221 0.104778 0.0487207 0.062107 0.0544714 0.0710221 
0.0208969 0.0208969 0.0467269 0.0417938 0.0295527 0.0626908 0.133806 0.29106 0.0626908 0.0591054 
0.0564467 0.0504875 0.135942 0.0504875 0.112893 0.0798278 0.0504875 0.112893 0.0252438 0.0504875 
0.0407553 0 0.0815105 0.168038 0.0981517 0.142352 0.075149 0.122266 0.0773277 0.106277 
0.0712109 0.0318465 0.203917 0.0450377 0.127386 0.0675566 0.112594 0.131306 0.0503537 0.0225189 
0.0854314 0.0402728 0.102676 0.108438 0.0726028 0.102676 0.0604091 0.0830244 0.0450263 0.0450263 
0.0728394 0.0606061 0.0606061 0.0451731 0.0638844 0.0571399 0.11428 0.16659 0.02857 0.0451731 
0.093963 0.0469815 0.122513 0.0664419 0.0840431 0.0757554 0 0.0420215 0.140945 0.0469815 
0.0321081 0.0717958 0.0936103 0 0.0717958 0.0454077 0.0507673 0.0507673 0.0507673 0.0717958 
0.138286 0.0574201 0.128395 0.105877 0.025679 0.025679 0.025679 0.0574201 0.025679 0 
0.0212718 0.0475652 0.0425436 0.0212718 0.166138 0.162001 0.0475652 0.0300828 0.0951303 0.106359 
0.921882 0.0999922 0.0790508 0.111795 0.0790508 0.0901317 0.0790508 0 0.024998 0.0790508 
0 0 0.0491325 0.0310741 0.0792238 0.0219727 0.0310741 0.0491325 0.0219727 0.0219727 
0.0759063 0.0297729 0.0759063 0.0470751 0.0631579 0.0470751 0.0421053 0.0210526 0.0421053 0.0631579 
0.876641 0.05 0.143178 0.05 0.0948683 0.05 0.0223607 0.0316228 0.0223607 0.0223607 
1.18886 0.107459 0.0429834 0.0480569 0.0303939 0.0214917 0.156462 0.107459 0.0214917 0.0480569 
0.0480223 0.0339569 0.146054 0.281043 1.39719 1.19502 0.0339569 0.0759299 0.0865734 0.173147 
0.0574201 0.025679 0.128395 0.025679 0.0925871 0.0513581 0.025679 0.0574201 0.0574201 0.0363156 
0.135254 0.100464 0.0561612 0.128067 0.12558 0.0710389 0.12558 0.252413 0.135254 0.100464 
0.0592297 0.0374601 0.095505 0.0837634 0.109214 0.0592297 0.0592297 0.0592297 0.109214 0.0264883 
0 0.040953 0.0204765 0.0647524 0.040953 0.0204765 0.0204765 0.0457869 0.0204765 0.0614295 
0.0879068 0.0219767 0.0310797 0.0310797 0.0906122 0.0906122 0.0621595 0.461511 0.0694964 0.0694964 
0.119811 0.0211797 0.133952 0.0873263 0.0473593 0.0669762 0.0423595 0.0873263 0.0669762 0.0669762 
0.0228919 0.082538 0.0323741 0.139246 0.133482 0.102376 0.123277 0.0323741 0.0686758 0 
0.0456959 0.0578013 0.0736825 0.0408717 0.102179 0.0456959 0.0204358 0.147365 0.0646238 0.0913919 
0.170276 0.0963226 0.0681104 0.0340552 0.0761497 0.0681104 0.107692 0.136221 0.053846 0.0761497 
0.0611704 0.0820687 0.0547124 0.0986343 0.0986343 0.116063 0.109425 0.0986343 0 0.0773751 
0.35511 0.15881 0.270444 0.251101 0.251101 0.33501 0.42761 0.414126 0.292832 0.286299 
0.229489 0.0716804 0.0566684 0.136476 0.129224 0.0253429 0.0358402 0.0253429 0.0358402 0.091375 
0 0.0784993 0.0277537 0.0784993 0.0620592 0.114431 0.0392497 0.0392497 0.0277537 0.0620592 
0.0572927 0.0256221 0.0256221 0.0256221 0 0.0362351 0.0810241 0.0768662 0.0572927 0.0810241 
0.0844735 0.0398212 0.0890429 0.0629629 0.0796424 0.112631 0.0629629 0.0563157 0.0629629 0.0281578 
0.0555513 0.0248433 0.0351337 0.0248433 0.0745298 0.133785 0.0745298 0.0895737 0.0555513 0.0248433 
0.127489 0.0529367 0.0473481 0.0976105 0.0473481 0.0473481 0.0976105 0.374319 0.0529367 0.0748639 
0.159469 0.229611 0.0556889 0.15149 0.0897957 0.102685 0.145219 0.334134 0.0249048 0.298858 
0.156431 0.233641 0.165209 0.110613 0.165209 0.196439 0.0685994 0.173544 0.21693 0.110613 
0.498065 0.131024 0.0414335 0.120798 0.0828671 0.120798 0.149391 0.187598 0.105635 0.178212 
0.399575 0.0922095 0.153683 0.061473 0.153683 0.12673 0.21734 0.137458 0.0687289 0.0971974 
0.0846971 0.0803507 0.215936 0.279629 0.373052 0.364296 0.0535672 0.0535672 0.171499 0.156174 
0.102505 0.117218 0.0402056 0.0284296 0.0284296 0.0284296 0.0852889 0.102505 0.0635706 0.0402056 
0.155944 0.233468 0.119398 0.0579163 0.119398 0.0647524 0.119398 0.194257 0.144791 0 
0.0883776 0.124985 0.128831 0.124985 0.139737 0.128831 0.0937386 0.0441888 0.0988091 0.0988091 
0.0362143 0.0512148 0.0572598 0.0256074 0.0724286 0.0923287 0.0809776 0.0512148 0.0512148 0.11452 
0.131533 0.117647 0.0588235 0.07892 0.0263067 0.0263067 0.0588235 0.0744065 0.0263067 0 
0.0815817 0.0515968 0.0773952 0.057687 0.0773952 0.0773952 0.057687 0.057687 0.0257984 0.057687 
0.0774621 0.0774621 0.0612392 0.054774 0.0612392 0 0.038731 0.082161 0.027387 0.027387 
0.0676355 0.0676355 0.0427765 0.109059 0.109059 0.109059 0.0427765 0.0302475 0.0676355 0.0604951 
0.843679 0.294967 0.082161 0.0774621 0.109548 0.038731 0.191709 1.06352 0.0612392 0.0612392 
0 0.0889438 0.022236 0.0916812 0.0889438 0.0916812 0.0314464 0.0444719 0.0444719 0.0444719 
0.0186396 0.0372791 0.0263603 0.0372791 0.0416793 0.0559187 0.0263603 0.0416793 0.0672059 0.0186396 
0.0256326 0.0573162 0.0573162 0.0724999 0.10253 0.0768978 0.03625 0.0573162 0.105686 0.0724999 
0.0243234 0.0769174 0.0769174 0.0343985 0.0243234 0.0343985 0.100288 0.100288 0.0243234 0.0543888 
0.0524359 0.0524359 0.0331633 0 0.0524359 0.0524359 0.02345 0.0663267 0.0703501 0.02345 
0.0531044 0.0531044 0.0531044 0.127892 0.0979197 0.075101 0.106209 0.0531044 0.0335862 0.0335862 
0.0408142 0.02886 0.124132 0.0456317 0.0841406 0.0612213 0.0645329 0.0735788 0.0645329 0.0456317 
0.0229824 0 0.0325021 0.0229824 0.0689473 0.0325021 0.0459649 0.0229824 0.114912 0 
0.0602366 0.0538772 0.0538772 0.0269386 0.0269386 0.0269386 0.0538772 0.120473 0.0602366 0.0538772 
0.214917 0.162149 0.0799716 0.0266572 0.155437 0.143553 0.0533144 0.119215 0.0961139 0.0596073 
0 0.0252659 0.0357314 0.147324 0.2037 0 0.0357314 0.0357314 0.0252659 0.0505318 
0.0735215 0.0735215 0.0958603 0.0232495 0.0735215 0.0735215 0.0657596 0.0986394 0.0464991 0.0697486 
0.0246838 0.0551947 0.0889988 0.177998 0.0889988 0.132927 0.0246838 0.0246838 0.123419 0.177998 
0.022173 0.0495803 0.0495803 0.044346 0.044346 0 0.0495803 0.022173 0.022173 0 
0.0476157 0.0336694 0.0952313 0.0673387 0.0238078 0.0238078 0.0476157 0.0952313 0.0336694 0.0238078 
0.0908208 0.0492545 0.0220273 0.0440546 0.0660819 0.0881091 0.0660819 0.0440546 0.0311513 0.098509 
0.0557928 0.0899632 0.0998053 0.0249513 0.111586 0.0557928 0.0557928 0.0499026 0.078903 0.102877 
0.0524106 0.0331474 0.0468775 0.0662948 0.0234388 0.0331474 0.0524106 0.0331474 0.0524106 0 
0.11709 0.0307492 0.0486188 0.11709 0.11709 0.16559 0.021743 0.021743 0.126782 0.175298 
0.0233683 0.0467365 0.052253 0.0963498 0.0233683 0.0233683 0.093473 0.116841 0.0701047 0.052253 
0.0733667 0.0935246 0.0820265 0.151249 0.213899 0.183417 0.0820265 0.132264 0.139686 0.11005 
0.057675 0.0735215 0.0407824 0.0288375 0.0455961 0.0644826 0.10981 0.0644826 0 0.0865125 
0.124309 0.0582414 0.109821 0.0613919 0.0800452 0.0434106 0.0613919 0.0582414 0.0194138 0.0194138 
0.0719557 0.0678405 0.0479705 0.0339202 0.075848 0.0536326 0.0479705 0 0.0339202 0.0536326 
0.0486901 0.0486901 0.0486901 0.141955 0.024345 0.0730351 0.0544371 0.0544371 0.024345 0.0973801 
0.0314192 0.0496781 0.0666502 0.0496781 0.0222167 0.0444335 0.0496781 0.0222167 0.0444335 0.0222167 
0.0451639 0.0225819 0.0451639 0.0319357 0.0319357 0.0451639 0.0319357 0.0225819 0.0638714 0.0814203 
0.0853968 0.0381906 0.0603847 0.145426 0.137698 0.135024 0.0381906 0.0763812 0.0763812 0.0381906 
0.0615094 0.0687695 0.0434937 0.0615094 0.0687695 0.0434937 0.0615094 0.0434937 0.0615094 0.0687695 
0.0289733 0.0409745 0.115893 0.129573 0.0289733 0.0916217 0.0289733 0 0.104465 0.115893 
0.0266572 0.0266572 0.0842974 0.037699 0.133286 0.0753979 0.0533144 0.106629 0.0596073 0.0533144 
0.046562 0.0588968 0.0858561 0.263395 0.106178 0.046562 0.0416463 0.151595 0.0294484 0.106178 
0 0.0491436 0.101312 0.0245718 0.0245718 0.0549442 0.0245718 0.0491436 0.0347498 0.0245718 
0.0928664 0.0232166 0.0734174 0.0328332 0.0232166 0.0837087 0.0984997 0.0328332 0.0837087 0.0837087 
0.031748 0.031748 0 0.031748 0.0224492 0.0709908 0.031748 0.0709908 0.0634961 0.0709908 
0.0392497 0.0392497 0.0392497 0 0.20205 0.0277537 0.0392497 0.0392497 0.0620592 0.0620592 
0.05197 0.0328687 0.0657374 0.0734966 0.0986061 0.0232417 0.0232417 0.05197 0.0464834 0.0734966 
0.0499844 0.0353443 0.0499844 0.0353443 0.0901106 0.0749766 0.0558842 0.0249922 0.0353443 0.0249922 
0.0559017 0.025 0.0353553 0.0790569 0.0901388 0.0790569 0.075 0 0.0559017 0.0790569 
0.0791497 0.0559673 0.0559673 0.106191 0.111935 0.0500587 0.075088 0.0791497 0.0250293 0 
0.1259 0.0292713 0.0462819 0.0462819 0.0292713 0.0292713 0.0413958 0.0654525 0.0585425 0.0413958 
0.0935666 0.0347498 0.0868744 0.121624 0.0347498 0.0549442 0.0173749 0.121624 0.0626461 0.0388514 
0.0967345 0 0.080488 0.0599922 0.080488 0.0268293 0.0268293 0.0268293 0.0268293 0.0268293 
0.0540689 0.0811033 0.0604508 0.0764649 0.0270344 0.0854904 0 0.0270344 0.0604508 0.0270344 
0.0508987 0.0321911 0.132727 0.0321911 0.0719816 0.0719816 0.0227626 0.0455251 0.0719816 0.0227626 
0.114935 0.0514005 0.123789 0.065017 0.0828808 0.045974 0.0325085 0.045974 0.068961 0.045974 
0.0383871 0.0858361 0.0606953 0.0978682 0.0606953 0.0271438 0.0271438 0.121391 0.0383871 0.121391 
0 0.0559673 0.0559673 0.0353968 0 0.0250293 0.103199 0.0902446 0.0353968 0.0353968 
0.0764843 0.0360551 0.0570081 0.0919227 0.127474 0.0509896 0.0570081 0.0764843 0.0509896 0.0570081 
0.0602366 0.0602366 0 0.0971286 0.038097 0.0269386 0.0602366 0.0269386 0.038097 0.0761939 
0.0544735 0.0243613 0.0243613 0.0243613 0.0544735 0.0487226 0.0487226 0.0487226 0.0544735 0.0878358 
0.0524828 0.033193 0.104966 0.0967735 0.0967735 0 0.023471 0.0742218 0.066386 0.066386 
0.0703163 0.0741198 0.0845096 0.0331474 0.0741198 0.0234388 0.0331474 0.0234388 0.126222 0.0524106 
0.024383 0.0344828 0.0771058 0.0771058 0 0.0344828 0.024383 0.048766 0.0689655 0.054522 
0.0308956 0.0926869 0.0787687 0.0787687 0.139886 0.0690847 0.087386 0.109233 0.0308956 0.0690847 
0.0216574 0.0216574 0.0484274 0.0684867 0.0433148 0.0612564 0.0780869 0.0306282 0 0.0216574 
0.0458289 0.0458289 0.0229145 0.0648119 0.102477 0.0324059 0.0324059 0.0648119 0.0324059 0 
0.0601657 0.0601657 0.0538138 0.0380521 0.0380521 0.11094 0.0850871 0.11094 0.134535 0.107628 
0.0542885 0.0767756 0 0.147681 0.0728357 0.0542885 0.0686702 0.0767756 0.0242786 0.0485571 
0.059655 0.0266785 0.0961908 0.0266785 0.113187 0.0533571 0.0266785 0.143668 0.0961908 0.0533571 
0.0544371 0.0544371 0.100377 0.0544371 0.0344291 0.024345 0.0877772 0.0688581 0.0769857 0.0730351 
0.0446628 0.0223314 0.0223314 0.0499345 0.0499345 0.0223314 0.0223314 0.0920747 0.0499345 0.080517 
0.0353112 0.0499376 0.0249688 0.0900263 0.055832 0.055832 0.0353112 0.0749064 0.0706225 0.055832 
0.1393 0.0734174 0.141221 0.0957245 0.0656665 0 0.0837087 0.0837087 0.0328332 0.0837087 
0.0344904 0.0545342 0.0879337 0.0731653 0.0344904 0.077123 0.077123 0.0243884 0.0243884 0.0243884 
0.157345 0 0.129337 0.0776021 0.0776021 0.0578412 0.0258674 0.131898 0.0932661 0.036582 
0.0604343 0.0604343 0.0810811 0.027027 0.0974473 0.027027 0.0604343 0.0604343 0.0540541 0.0810811 
0.103448 0.054522 0.054522 0.0771058 0.024383 0.024383 0.054522 0.054522 0.0344828 0.0344828 
0.0235278 0.0332733 0.0526097 0.0848306 0.0332733 0.0526097 0.0235278 0.0744014 0.0848306 0.0970075 
0.0351799 0.0556243 0.111249 0.0746278 0.12438 0.0248759 0 0.0351799 0.0703598 0.0248759 
0.10654 0.10654 0.0476461 0.114747 0.0426159 0.114747 0.076827 0.134763 0.076827 0.124246 
0.230998 0.120824 0.130826 0.0634601 0.0673096 0.0951901 0.0709505 0.136476 0.0634601 0.0501696 
0.0466696 0.0233348 0.116674 0.0330004 0.118985 0.0962119 0.0521783 0.0233348 0.0521783 0.0233348 
0.0227038 0.0321081 0.115767 0.0321081 0.0454077 0.0507673 0.0717958 0.0681115 0 0.0227038 
0.0231002 0.0462003 0.0516536 0.0516536 0.103307 0.0231002 0.0693005 0.103307 0.0231002 0.0832888 
0.0526097 0.0470556 0.0332733 0 0.0235278 0.0665466 0.0332733 0 0.0526097 0.0332733 
0.050556 0.0319744 0.0226093 0.0815191 0.0226093 0.050556 0.0226093 0.0319744 0.050556 0.0319744 
0.0481056 0.0481056 0.0537837 0.0760616 0.0537837 0.0340158 0.0537837 0.0721583 0.0240528 0.0537837 
0.031748 0.031748 0.050198 0.031748 0.0224492 0 0.0634961 0.050198 0.050198 0.031748 
0.025641 0.025641 0.081084 0.108786 0.081084 0.025641 0.025641 0.0573351 0.0362619 0.102564 
0.0418739 0.0418739 0 0.0662085 0.0754893 0.0468165 0.0468165 0.0418739 0.0863253 0.0468165 
0.0566048 0.0566048 0.0566048 0.0716 0.0506289 0.104374 0.0566048 0.0912725 0.136322 0.104374 
0.078756 0.0249048 0.111378 0.145219 0.0996194 0.140883 0.0556889 0.105662 0.0556889 0.078756 
0.0242447 0.0242447 0 0.0685742 0.0999633 0.0484893 0.072734 0.0766683 0.0242447 0.0242447 
0.109998 0.0754583 0.0800356 0.0266785 0.0800356 0.133393 0.0377291 0.059655 0.11931 0.0377291 
0.0834348 0.0527688 0.0589973 0.134535 0.131922 0.0834348 0.0834348 0.131922 0.0263844 0.0834348 
0.0249513 0.0352865 0.102877 0.0249513 0.0899632 0.102877 0.078903 0.078903 0.0899632 0.0249513 
0.0231002 0 0 0.130674 0.0516536 0.0326686 0.0231002 0.0730492 0.0516536 0.0326686 
0.401485 0.0445408 0.129858 0.0222704 0.111352 0.0668112 0.0704252 0.0497981 0.0314951 0.0222704 
0.0702035 0.0222003 0.0702035 0.062792 0.17339 0.142151 0.0666009 0.031396 0.0496414 0.0222003 
1.45767 0.125815 0.0493489 0.104685 0.13958 0.110347 0.174475 0.281332 0.156055 0.156055 
0.0211548 0.0668975 0.135457 0.0897524 0.105774 0.0473037 0.0211548 0 0.0762749 0.0473037 
0.0455458 0.0455458 0.206217 0.0720142 0.122636 0.113865 0.0683187 0.0509218 0.0509218 0.0644115 
0.0818503 0.0457557 0.0204626 0.0843693 0.0457557 0 0.0204626 0.0457557 0.0457557 0.0457557 
0.0666815 0 0.0666815 0.0943019 0 0.0298209 0.0666815 0.0298209 0.0596417 0.0596417 
0.0717701 0.0239234 0.0338328 0.0239234 0.0239234 0.0338328 0.0534943 0.0534943 0.0534943 0.0534943 
0.0716069 0.0226441 0.115463 0.205051 0.0226441 0.0320236 0.0226441 0.0226441 0.0226441 0.0452882 
0.025835 0.0577687 0.0816973 0.025835 0.0365362 0.0730723 0.0577687 0.0816973 0.0365362 0.0730723 
0.0490106 0.0774926 0.0346557 0.0774926 0.0774926 0.0346557 0.0245053 0.0490106 0.0346557 0.0735159 
0.096148 0.0377124 0.0596285 0.135974 0.0377124 0.08 0.0266667 0.0533333 0.096148 0.0377124 
0.110566 0.0349642 0.13314 0.0781823 0.0781823 0.0494468 0.0699284 0.0781823 0.0552832 0.0552832 
0.14019 0.0991292 0.0240424 0.0240424 0.0240424 0.0240424 0.0240424 0.0760286 0.0240424 0.0480847 
0.0367607 0.0259938 0.0259938 0.0821995 0.0937218 0.0779813 0.0519875 0.0519875 0.0581238 0.0821995 
0.0330906 0.0330906 0.0661813 0.11931 0.0523209 0.0233986 0.0523209 0.0739929 0.0467972 0.0330906 
0.106862 0.0563213 0.228084 0.0251876 0.0251876 0.0356207 0.0251876 0.0712414 0.15321 0.0563213 
0 0.0237944 0.0237944 0.0532058 0.0532058 0.0532058 0.0237944 0.0237944 0.0336503 0 
0.0526134 0.0263067 0.108465 0.0526134 0.0744065 0.083189 0.0263067 0 0.07892 0.0588235 
0.102408 0.0702512 0.133754 0.0785432 0.0745126 0 0 0.0248375 0.0496751 0.0745126 
0.050236 0.0224662 0.0710445 0.0317721 0.0317721 0.0224662 0.050236 0.0224662 0.050236 0.0635441 
0.0204039 0.0456245 0.0456245 0.0288555 0.0645228 0 0.0612117 0.0288555 0.0456245 0 
0.123457 0.0552116 0.0552116 0.123457 0.0246914 0.0246914 0.0493827 0.0740741 0.0349189 0.0698377 
0.112707 0.037569 0.037569 0.168014 0.212523 0.273507 0.677285 0.420035 0.338121 0.302891 
0.197108 0.0657028 0.149825 0.146916 0.0415541 0.131406 0.0293832 0.131406 0.0929178 0.266076 
0.104893 0.0552832 0.0741702 0.0247234 0.0891415 0.0552832 0.0349642 0.0494468 0.0494468 0.0349642 
0.0475652 0.0425436 0.0601657 0.0300828 0.0601657 0.0951303 0.0212718 0.0672673 0.0475652 0.0425436 
0.0201517 0.0450606 0.0604551 0.0403034 0.0450606 0.0854965 0.0569976 0.0403034 0.0201517 0.0450606 
0.0507379 0.0226907 0.136144 0.113453 0.318479 0.214063 0.0935561 0.659593 0.1157 0.113453 
0.0310797 0.0219767 0.0659301 0.0439534 0.19779 0.19779 0.0491414 0.158476 0.181224 0.0491414 
0.0492889 0 0.0246444 0.0779326 0.0246444 0.0348525 0.0348525 0.0246444 0.0348525 0.0246444 
0.0779226 0.0483255 0.0305637 0 0.0483255 0.0216118 0.0216118 0.0305637 0.0216118 0.0216118 
0.024928 0.0788294 0.12464 0.0747841 0 0.024928 0.0705072 0.0557408 0.0705072 0.0997122 
0.0350823 0.0248069 0.0496139 0.0248069 0.05547 0.0350823 0 0.0784465 0.0350823 0.05547 
0.0485571 0.0686702 0.0767756 0.0242786 0.0767756 0.0542885 0.0767756 0.0542885 0 0.0875376 
0.0780869 0 0.0612564 0 0.122513 0.0484274 0.0216574 0.0649722 0.0684867 0.0433148 
0.129652 0.0819989 0.103721 0.115964 0.0259303 0.036671 0.132219 0.163998 0.0819989 0 
0.0408546 0.0408546 0.0408546 0.129194 0.104159 0.119111 0.115554 0.0645968 0.0817093 0.0913537 
0.0680315 0.0340158 0.107567 0.0760616 0.0537837 0.0340158 0 0.0481056 0.0481056 0.0340158 
0.0973008 0 0.0486504 0 0.0784465 0.0652714 0.0307692 0.0307692 0.0486504 0.0217571 
0.0243884 0.0545342 0.077123 0.19048 0.0879337 0.100556 0.0545342 0.0243884 0.077123 0.148349 
0.0873038 0.0873038 0.11713 0.110432 0.165647 0.0276079 0.0552158 0.0617331 0 0.0780869 
0.105766 0.0747877 0.0586683 0.0414848 0.0586683 0.0293342 0.0207424 0.0207424 0.0829695 0.0463814 
0.0790184 0.0814503 0.0279372 0.0712262 0.0441726 0.0624695 0.106382 0.098773 0.126491 0.0441726 
0.0370117 0.0370117 0.0827606 0.0261712 0.0943616 0.104685 0.0943616 0.165521 0.0785136 0.0585206 
0.0868241 0.072242 0.0340552 0.072242 0.053846 0.053846 0.0868241 0.0963226 0.0240807 0.0761497 
0.0610562 0.0386154 0.0273052 0.0863466 0.0610562 0.0772307 0.0984502 0.0610562 0.112582 0.0273052 
0.0307365 0.021734 0.0485987 0.021734 0.10867 0.061473 0.021734 0.078363 0.0307365 0.0485987 
0.057687 0.0257984 0.0930174 0.233614 0.128992 0.0364844 0.057687 0.0815817 0.0930174 0.0364844 
0.0491993 0 0.0550065 0.0886954 0.077791 0.0550065 0 0 0.110013 0.0550065 
0.0525226 0.0332182 0.0704664 0.18791 0.11977 0.126491 0 0.0525226 0.0525226 0.0704664 
0.0221621 0.0221621 0.0799066 0.0221621 0.0221621 0.031342 0.049556 0.049556 0.0221621 0.0221621 
0.0461358 0.154744 0.0515813 0.0831724 0.0831724 0.0831724 0.072947 0.0515813 0.0461358 0.0461358 
0.0658978 0.0520968 0.0736759 0.0520968 0.0698951 0.0465968 0.0465968 0.0658978 0.0232984 0.0232984 
0.0771058 0.0879141 0.0344828 0.148316 0.0771058 0.054522 0.0344828 0.0344828 0.048766 0.100534 
0.0453114 0.0506597 0.0679671 0.03204 0.0226557 0.0934119 0.03204 0.0816863 0.0453114 0.0226557 
0.0322539 0.0456139 0.0940354 0.0228069 0.0721219 0.0456139 0.0509978 0.0228069 0.0645077 0.0967616 
0.0937306 0.0209588 0.0662775 0.0209588 0.0296402 0.0592804 0.0468653 0.0662775 0.0468653 0 
0.0215041 0.0304114 0.0886638 0.0215041 0.121646 0.107521 0.0480847 0.0775343 0.0860165 0.068002 
0.405921 0.168399 0.0442239 0.1727 0.11056 0.0988876 0.0494438 0.031271 0.0699241 0.11056 
0.0920747 0.111657 0.0446628 0.0223314 0.0499345 0.0315814 0.120258 0.0669942 0.0315814 0.0223314 
0.491484 0.0998053 0.105859 0.070573 0.102877 0.102877 0.0899632 0.124757 0.190024 0.111586 
0.0840431 0.0664419 0.0664419 0.0469815 0.147075 0 0.0594274 0.0469815 0.0469815 0.0664419 
0.062107 0.0490999 0.0791712 0.111965 0.171499 0.0490999 0.0490999 0.0490999 0.062107 0.0791712 
0.16068 0.10758 0.0421965 0.181494 0.11935 0.123023 0.0298375 0.0943543 0.0421965 0.0596749 
0.0254948 0.0360551 0.114016 0.0570081 0.0570081 0.0764843 0.0570081 0.0254948 0.0360551 0.0254948 
0.0524683 0.0262342 0.141275 0.104937 0.0945886 0.0945886 0.0371007 0 0.0524683 0.0829597 
0.0485571 0.0485571 0.0542885 0.0767756 0.171675 0.0542885 0.0686702 0.0542885 0.0242786 0.0542885 
0.121059 0.0207614 0.188002 0.0622841 0.250861 0.177385 0.0415227 0.105863 0.167384 0.0622841 
0.0336503 0.0673006 0.0237944 0.0532058 0.0475887 0.0336503 0.0336503 0 0.0237944 0.0237944 
0.0336694 0.0336694 0.0532359 0.0532359 0.075287 0 0.0336694 0.0336694 0.0532359 0.075287 
0.0828671 0.0370593 0.0828671 0.0370593 0.19957 0.0585959 0.0585959 0.104819 0.0786146 0.0741186 
0.0826898 0.0725238 0.0458681 0.0648672 0.0324336 0.022934 0.0826898 0.0725238 0.0324336 0.0324336 
0.0211053 0.0471929 0.0667409 0.105527 0.0471929 0.0298474 0.0422106 0.0298474 0.0667409 0.0211053 
0.109498 0 0.0885411 0.0885411 0.091108 0.091108 0.0429487 0.0214744 0.107372 0.107372 
0.101222 0.0816078 0.0715748 0.0816078 0.121887 0.121887 0.0715748 0.121887 0.0226339 0.0226339 
0.0663267 0.0469001 0.09949 0.0331633 0.0663267 0.157308 0.0331633 0 0.136736 0.0524359 
0.0856706 0.0531306 0.0531306 0.121157 0.118804 0.0856706 0.0237607 0.121157 0.0475215 0.106261 
0.0735413 0.0465116 0.0520016 0.0328887 0.0232558 0.0232558 0.0520016 0.0232558 0 0.0232558 
0.086257 0.0534943 0.121986 0.0338328 0.119617 0.169164 0.0717701 0.101498 0.139496 0.0534943 
0.0256389 0.0725178 0.0573304 0.0256389 0.0573304 0.0256389 0.0512778 0.0512778 0.0810774 0 
1.06631 0.174594 0.0349189 0.143974 0.123457 0.123457 0.0246914 0.0780809 0.132967 0.0552116 
0.0519875 0.0735215 0.0697486 0.0232495 0.0328798 0.191721 0.0735215 0.0986394 0.0464991 0.11855 
0.0371647 0.0262794 0.0587626 0.0788382 0 0.0371647 0.0371647 0.0743294 0.0262794 0.0371647 
0.0489058 0.0691632 0.140045 0.0489058 0.0691632 0.0437426 0.0691632 0.0309307 0.0489058 0.0437426 
0.084924 0.042462 0.0875376 0.0600503 0.0300252 0.0875376 0.042462 0.021231 0.021231 0.0474739 
0.0330906 0.0330906 0.0701958 0.233986 0.0330906 0.0330906 0.0523209 0.0330906 0.104642 0.0330906 
0.431014 0.0262794 0.185824 0.0371647 0.183956 0.108353 0.0371647 0.105118 0.0788382 0.117525 
0.100295 0.0688021 0.0688021 0.0729756 0.0877058 0.137604 0.0543928 0.0877058 0.108786 0.141839 
0.0780334 0.0551779 0.104693 0.0889717 0.0348976 0.0551779 0.0246763 0.074029 0.0780334 0.101743 
0.09208 0.0510768 0.0807595 0.0571056 0.105297 0.0361167 0.0722335 0.0510768 0.0255384 0.0255384 
0.123929 0.0923711 0.0292103 0.0413096 0.116841 0.0292103 0.105319 0.0653162 0.105319 0.0653162 
0.0780571 0.0246838 0.0246838 0.0246838 0.0551947 0.0740515 0.0551947 0.0493677 0 0 
0.114181 0.0638291 0.0807381 0.0638291 0.0902679 0.0570905 0.0902679 0.102921 0.0285452 0.0285452 
0.0820748 0.0580357 0.036705 0.0259543 0 0.107012 0.0519087 0.0259543 0.0259543 0.0580357 
0.102754 0 0.0637253 0.0569976 0.0901212 0.102754 0.0637253 0.0403034 0.0901212 0.0806068 
0.037709 0.0961395 0.037709 0.0596232 0.162193 0.037709 0.0596232 0.0843199 0.0596232 0.0843199 
0.0554221 0.0391893 0.0554221 0.0619638 0.0783787 0.027711 0.0619638 0.0999136 0.0619638 0.0783787 
0.0592869 0.0374963 0.20708 0.0265139 0.13257 0.0374963 0.0592869 0.0838444 0.0592869 0.118574 
0.080032 0 0.113182 0.0357914 0.0357914 0.0357914 0.0565912 0 0.107374 0.0565912 
0.069725 0.0328687 0.0328687 0.0232417 0.0328687 0.0232417 0.0232417 0.0464834 0.0464834 0.0328687 
0.0234888 0.0234888 0.0525226 0 0.0234888 0 0.0525226 0.0704664 0.0332182 0.0525226 
0.0475088 0.0475088 0.0300472 0.0424931 0.0212466 0.0212466 0.0212466 0.0637397 0.0766056 0.0671875 
0.0298857 0.0211324 0.0472535 0.0422648 0.0422648 0.0761939 0.0298857 0.105662 0 0.133653 
0.0240946 0.0481893 0.198689 0.0681499 0.170375 0.170375 0.0240946 0.120473 0.0761939 0.0868744 
0.0519875 0.0328798 0.0657596 0.0735215 0.0838274 0.0519875 0.0328798 0.0232495 0.0519875 0.0519875 
0.0470647 0.0420959 0.207298 0.467341 0.367587 0.274432 0.0470647 0.10524 0.113347 0.280815 
0.0463117 0.0463117 0.095474 0.0732252 0.051778 0.0463117 0.0463117 0.0231558 0.0732252 0.051778 
0.0507673 0.0227038 0.0717958 0.0908153 0.0321081 0.0681115 0.0227038 0.0818598 0.0227038 0.0507673 
0.0926541 0 0.0502487 0.0317801 0.100497 0.0502487 0.0224719 0.0953402 0.0502487 0.0449438 
0.0489555 0.0218936 0.0489555 0.0692336 0.0437872 0.0692336 0.0309622 0.0309622 0.0489555 0.0875743 
0.0269876 0.0269876 0 0.0539753 0.0539753 0 0.0269876 0.0381663 0.0603462 0.0603462 
0.0325021 0.0229824 0.0325021 0.0459649 0.0229824 0.0513903 0.0229824 0.0229824 0.0229824 0.0325021 
0.0233683 0.0330477 0.0330477 0.0467365 0.0233683 0.0233683 0 0.0233683 0.0233683 0.0842554 
0.0434142 0.0306985 0.0217071 0.078266 0.0895006 0.0970771 0.0686439 0.0613969 0.0895006 0.0434142 
0.0532359 0 0.0981622 0.142847 0.204803 0.121397 0.0532359 0.0532359 0.119039 0.0238078 
0.05 0.0447214 0.0707107 0.0894427 0.0948683 0.0223607 0.0632455 0 0.0707107 0.0921954 
0.0519139 0.0328332 0.0696498 0.0928664 0.0734174 0.103828 0.0464332 0.0328332 0.0464332 0.0734174 
0.0780092 0.0684186 0.0684186 0.0684186 0.116513 0.0483792 0.0684186 0.145138 0.0611954 0.0216358 
0.0217186 0.0686803 0.0686803 0.0614295 0.108593 0.0686803 0.0614295 0.110744 0.0485643 0.0217186 
0.0850871 0.0538138 0.120331 0.156893 0.0761042 0.0601657 0.0538138 0.0380521 0.0807207 0.120331 
0.0552948 0.0618215 0.0276474 0.113993 0.0781987 0.0781987 0.0552948 0 0.0390994 0.140975 
0.020601 0.0291343 0.0291343 0.0651462 0.020601 0.0412021 0.0582686 0.0849403 0.0460653 0.0849403 
0.0253165 0.0506329 0.136333 0.0253165 0.101266 0.0912798 0.101266 0.0253165 0.0912798 0.104382 
0.0456763 0.0510676 0.0228381 0.064596 0.0228381 0.0228381 0.032298 0.032298 0.032298 0 
0.0228381 0.0722205 0.0456763 0.032298 0.0685144 0.064596 0.032298 0.0228381 0.0510676 0.032298 
0.0768978 0.03625 0.03625 0.0256326 0.105686 0.0512652 0.0256326 0.0573162 0.0573162 0.03625 
0.0437872 0.0218936 0.0619244 0.109468 0.0619244 0.0437872 0.0489555 0.117901 0.0218936 0 
0.0509218 0.0455458 0.165789 0.0509218 0.15941 0.0910916 0.0227729 0.0455458 0.0509218 0.0644115 
0.0235148 0.0665098 0.0332549 0.0743602 0.0705443 0.0525806 0.0470295 0.0332549 0.0332549 0.0525806 
0.020201 0.020201 0.135512 0.122878 0.20201 0.142843 0.0832908 0.0728357 0.101005 0.0451708 
0.0228069 0.0322539 0.0456139 0.0509978 0.0684208 0.0228069 0.0645077 0.0456139 0.0322539 0.0456139 
0.110121 0.0778676 0.0492478 0.0246239 0.143581 0.0738717 0.0550607 0.0492478 0.147743 0.125558 
0.0534666 0.0267333 0.0845381 0.0267333 0.11342 0.0756131 0.0534666 0.0597774 0.0378066 0 
0.116226 0.0273947 0.0547894 0.0821841 0.0547894 0.0612564 0.0774839 0.0774839 0.166635 0.139686 
0.0400762 0.126732 0.0633661 0.0566763 0.0633661 0.0633661 0 0.0400762 0.0896131 0.0633661 
0.0195871 0.06194 0.06194 0.149171 0.0277004 0.0831012 0.0391743 0.142597 0.114212 0.0195871 
0.0785614 0.0993731 0.102431 0.0496866 0.0745298 0.0895737 0.0351337 0.0248433 0.124216 0.0745298 
0 0.0319744 0.071497 0.0959233 0.0932207 0.0319744 0 0.071497 0.0319744 0.0452187 
0.0225303 0.0225303 0.0637253 0.121329 0.0812341 0.151138 0.0675909 0.18579 0.175967 0.0675909 
0.031427 0.0444444 0.0666667 0.031427 0.0222222 0 0.0496904 0.0444444 0.0222222 0.0666667 
0.0350823 0.05547 0.0496139 0.0701646 0.0701646 0.0496139 0.0248069 0.05547 0.05547 0.0784465 
0 0.061473 0.0485987 0.021734 0.021734 0.0485987 0.043468 0.0307365 0.043468 0.021734 
0.072825 0.0767643 0.0875247 0.03433 0.06866 0 0.024275 0.0542805 0.04855 0.024275 
0.0210515 0.0297713 0.0595425 0.0759021 0.105257 0.0470725 0.0297713 0.0421029 0.0297713 0.0665706 
0.036582 0.0517347 0.0517347 0.0731639 0.0578412 0.115682 0 0.0517347 0.0817998 0.0731639 
0.0480431 0.0214855 0.085942 0.0679432 0.042971 0.042971 0.0480431 0.042971 0.0607702 0.042971 
0.023389 0.0522994 0.0522994 0.0522994 0.0330771 0.0330771 0 0.0739626 0.0522994 0.0330771 
0 0.068072 0.0453814 0.0226907 0.0717542 0.0320895 0.0507379 0.0935561 0.0507379 0.0507379 
0 0.0688519 0.0324571 0.0459013 0.0324571 0.0324571 0.0688519 0.0229506 0.0513192 0.0324571 
0.0945703 0.0528664 0.143812 0.118213 0.118213 0.0974808 0.0747644 0.120554 0.0974808 0.0236426 
0 0.0243902 0.034493 0.0243902 0.068986 0.0771287 0.0243902 0.034493 0.0243902 0.0545382 
0.0340158 0.0240528 0.0867235 0.0240528 0 0.264581 0.0340158 0.0481056 0.152123 0.122646 
0.0784465 0.05547 0.05547 0.13359 0.0784465 0.0496139 0.0784465 0.0350823 0.0496139 0.05547 
0 0.0743602 0.0470295 0.0332549 0.0235148 0.0332549 0.0470295 0.0665098 0.0743602 0 
0.0769401 0.0486612 0.0769401 0.0344087 0.0544049 0.0544049 0.0243306 0.0486612 0.0877253 0.0243306 
0.0751764 0.0250588 0.0354385 0.0903508 0.112066 0.100235 0 0.0250588 0.0354385 0.134946 
0 0.0336622 0.0336622 0.0336622 0.0238028 0.0532246 0.0238028 0.0238028 0.0532246 0.0476056 
0.0233986 0.0233986 0.0523209 0.0843649 0.11931 0.0467972 0.0523209 0.0330906 0.116993 0.0843649 
0.0346012 0.0489336 0.0346012 0.122334 0.0734003 0.0244668 0.0346012 0.0882162 0.0547094 0.0547094 
0.0217186 0.0217186 0.0434372 0.0485643 0.132109 0.0485643 0.0217186 0.0686803 0.0307148 0.0651558 
0.0371007 0.0262342 0.141275 0.0586614 0.131171 0.0371007 0.0586614 0.0945886 0.159576 0.0586614 
0.0522352 0.0330364 0.116801 0.0522352 0.0963169 0.0660728 0.0467206 0.0522352 0.0233603 0.0233603 
0.0235702 0.0471405 0.0471405 0.0333333 0.117851 0 0.0235702 0.0471405 0.0235702 0.0333333 
0.033667 0.0476123 0.0752817 0 0.033667 0.067334 0.033667 0.0752817 0.0238062 0 
0 0.0430282 0.15514 0.152128 0.192428 0.0912765 0.152128 0.172113 0.163846 0.060851 
0.125292 0.0737154 0.0491436 0.0245718 0.0885949 0.0549442 0.0777029 0.0491436 0.0347498 0.0549442 
0.066387 0.066387 0.0839736 0.0419868 0.066387 0.066387 0.0839736 0.132774 0.0419868 0.066387 
0.0214942 0.0607948 0.0429884 0.0214942 0.0886228 0.0886228 0.0644826 0.0679706 0.0214942 0.0679706 
0.0790332 0.0309994 0.118042 0.0980286 0.0309994 0.0490143 0.0219199 0.0309994 0.0490143 0.0219199 
0.0859867 0.0859867 0.0751932 0 0.0208548 0.0294932 0.0834194 0.0466328 0.0294932 0.0589864 
0.0733387 0.0575316 0.123726 0.0454827 0.0203405 0.0203405 0.0643223 0.0610215 0.040681 0.0203405 
0.070573 0.0748539 0.111586 0.124757 0.0557928 0.0249513 0.0249513 0.0748539 0.0249513 0.0499026 
0.0305923 0.0305923 0.110302 0.0305923 0.0967415 0.0305923 0.0432641 0.0432641 0.110302 0.0432641 
0.0686924 0.0434449 0.242864 0.108612 0.0307202 0.0651674 0.0217225 0.089564 0.0307202 0.0217225 
0.0227273 0.0909091 0.0508197 0.0321412 0.0937069 0.0642824 0.0718699 0.0819443 0.0718699 0 
0.123382 0.0348976 0.123382 0.074029 0.0246763 0.0697952 0.0780334 0.101743 0.0348976 0.0551779 
0 0.0520579 0.0839409 0.11871 0.023281 0.073621 0.098773 0.0658486 0.023281 0.0520579 
0.11322 0.0506337 0.0816444 0.0506337 0.0816444 0.0226441 0.0320236 0.132037 0.0320236 0.0905764 
0.0772307 0.0193077 0.0965384 0.0965384 0.0431733 0.0431733 0.0386154 0.0386154 0.0546104 0.0863466 
0.0314464 0.0314464 0.0667079 0.129657 0.0314464 0.0497211 0.022236 0.0916812 0.0703163 0.0314464 
0.140831 0.0563324 0.0281662 0.205053 0.112665 0.0629816 0.0629816 0.101555 0.0281662 0.0563324 
0.0340675 0.0340675 0.0538655 0.0681351 0.0963576 0.0481788 0.0340675 0.0681351 0.0538655 0.0538655 
0.0519454 0 0.0837595 0.0837595 0.0328532 0.0232307 0.0232307 0.0232307 0.0232307 0.0464614 
0.0228092 0.0581522 0.241928 0.262553 0.895822 0.578157 0.168387 0.158847 0.114046 0.0483855 
0.0875247 0.0542805 0.0875247 0.0767643 0.108561 0.0542805 0.0542805 0.0971 0.024275 0.024275 
0.0722682 0.0481788 0.0761774 0.0993231 0.0681351 0.0240894 0.0761774 0.0963576 0.0340675 0.0761774 
0.0743255 0.0460947 0.0206142 0.148651 0.0743255 0.0743255 0.0874585 0.0651877 0.0583057 0.0291528 
0.0281662 0.0398331 0.0890694 0.101555 0.0563324 0.0629816 0.101555 0.101555 0.0629816 0.0629816 
0.0321081 0.0507673 0.0227038 0.0642161 0.0321081 0.101535 0.0227038 0.0963242 0.0936103 0.0963242 
0.0540541 0.0540541 0.0683736 0.0540541 0.322518 0.0540541 0.0483474 0.0871595 0.0683736 0.0540541 
0.0526635 0.0526635 0.0526635 0.16017 0.141801 0.117759 0 0.0832683 0.0263318 0.0588796 
1.01838 0.818429 0.0406055 0.0406055 0.0642029 0.0732026 0.325478 0.95055 0.0837103 0.0642029 
0.0826333 0 0.133242 0.0739095 0.134517 0.0554321 0.0584306 0.156786 0.0584306 0.0413167 
0.0243902 0.0243902 0.0487805 0.034493 0.097561 0.034493 0.034493 0.034493 0.0243902 0.0243902 
0.0628664 0.0281147 0.0281147 0.0628664 0.0795204 0.0281147 0.0596403 0.0889065 0.0994004 0.0444532 
0.023471 0.033193 0.033193 0.046942 0.0742218 0.066386 0.023471 0.023471 0.0524828 0.023471 
0.0534141 0.101346 0.0534141 0.0534141 0.101346 0.0534141 0.075539 0.047775 0.0238875 0.0675641 
0.036582 0.0578412 0.0578412 0.0578412 0.1393 0.0932661 0.0258674 0.0932661 0.036582 0.0776021 
0.0587626 0.0587626 0.0587626 0 0.0831028 0.0262794 0.0743294 0.0371647 0.0262794 0.0371647 
0.0258955 0.0732436 0.0366218 0.0517911 0.0579042 0.0366218 0.0366218 0.0933677 0.0258955 0.0579042 
0.0584705 0.0261488 0.0261488 0.140816 0.107814 0.156893 0.0261488 0.0261488 0.0261488 0.133333 
0.0578412 0 0.115682 0.036582 0.0817998 0.109746 0.0258674 0 0.0258674 0.0776021 
0.0296924 0.0469478 0.104979 0.0469478 0.0890773 0.104979 0.0757011 0.134438 0.0663943 0.0663943 
0.0556157 0.0248721 0.0994883 0.140698 0.0351744 0.0248721 0.0248721 0.0703489 0.0746162 0.0786524 
0 0.0496873 0.0993747 0.0702685 0.031425 0.0628501 0.0496873 0.0702685 0.0496873 0.0222208 
0.0237023 0.0529999 0.0529999 0.10056 0.0711068 0.0529999 0.0335201 0.0711068 0.097727 0.0237023 
0.0331633 0.0524359 0 0.0331633 0.212349 0.02345 0.0331633 0.0331633 0.0524359 0.0741555 
0.0240528 0 0.0240528 0.102047 0.107567 0.183181 0 0.0991722 0.0760616 0.173447 
0.08 0 0.0701646 0.0313786 0.0496139 0.0496139 0.044376 0.0701646 0.0701646 0.0313786 
0.0336503 0.0475887 0.0237944 0.0475887 0.0532058 0 0.0237944 0.0532058 0.0532058 0.0532058 
0.0531795 0.0336336 0.0336336 0.0713477 0.0752071 0 0.0336336 0.0336336 0.0475652 0.0237826 
0.159067 0.100603 0.0711368 0.0335342 0.0711368 0.0335342 0.0474245 0.0335342 0.0749848 0.0335342 
0.0949961 0.023749 0.118745 0.023749 0.127892 0.0949961 0.023749 0.0531044 0.0335862 0.071247 
0.148103 0.0493677 0.0493677 0.0493677 0.0349082 0.156114 0.0780571 0.0349082 0.0780571 0.0780571 
0.0266076 0.0376288 0.0841406 0.0594964 0.0376288 0.133038 0.0266076 0.0594964 0.0532152 0.0594964 
0.117192 0.0585959 0.704126 0.319871 0.318796 0.117192 0.0370593 0.0828671 0.141118 0.248601 
0.0726699 0.0342569 0.0726699 0.0484466 0.0873384 0.0726699 0.0242233 0.0726699 0.0484466 0.0242233 
0.0332136 0.0525153 0.0846784 0.126474 0.0939423 0.0846784 0.0332136 0.0332136 0.0234856 0.0704567 
0.122124 0.0546155 0.0488496 0.131531 0.170973 0.124542 0.0546155 0.0546155 0.0880648 0.0772379 
0.0466696 0 0.125662 0.0737912 0.0700045 0.0521783 0.0330004 0.0466696 0.0737912 0.0330004 
0.0375492 0.0375492 0.095732 0.159308 0.106205 0.0593705 0.0265513 0.0375492 0.0265513 0.0796538 
0.0317781 0.121007 0.114577 0.114577 0.15889 0.0317781 0.0926482 0.0710579 0.112352 0.0635561 
0.0523424 0.0261712 0.0585206 0.0585206 0.0370117 0.0585206 0.140936 0.0827606 0.0523424 0.0585206 
0.0724702 0.0256221 0.181175 0.0768662 0.0572927 0.0572927 0.0256221 0.0572927 0.114585 0.0923817 
0.0510144 0.0510144 0.0510144 0.155154 0.163326 0.102029 0.0570359 0.0255072 0.0806609 0.0721453 
0.0954632 0.0592037 0.0529534 0.142581 0.118407 0.109166 0.0374437 0.0264767 0.0264767 0.132384 
0.040402 0.0285685 0.0285685 0.117791 0.0857055 0.0285685 0.057137 0.103005 0.040402 0.0903416 
0.0298591 0.0472113 0.174107 0.0667669 0.164902 0.0895772 0.0870534 0.0895772 0.107658 0.0597181 
0.0970142 0.0705882 0.353725 0.416942 0.801383 0.0744065 0.0470588 0.0526134 0.0332756 0.0705882 
0.0587981 0.0262953 0.108418 0.0371872 0.131477 0.13408 0.0371872 0.0525906 0.111562 0.0262953 
0.0349162 0.049379 0.0552073 0.0349162 0.0349162 0.0246895 0.0246895 0.0246895 0.0552073 0.049379 
0.0648068 0.0648068 0.0289825 0.0409874 0.0648068 0.0409874 0.0648068 0.0409874 0.0409874 0.0648068 
0.0265513 0.095732 0.095732 0.0839625 0.0593705 0.0593705 0.0265513 0.0593705 0.0796538 0.095732 
0.125184 0.225678 0.0279919 0.100926 0.0625918 0.0559838 0.142731 0.187775 0.0625918 0.0625918 
0.0685742 0.130561 0.0242447 0.0484893 0.0242447 0.0484893 0.0766683 0.0542127 0.0242447 0.0542127 
0.0681747 0.129801 0.0538968 0.107794 0.0538968 0.0241034 0.086906 0.14462 0.0538968 0.0538968 
0.0519139 0.0957245 0.0464332 0.0232166 0.0734174 0.0837087 0.0232166 0.0696498 0.0519139 0.0734174 
0.023549 0.117745 0.0706469 0.120077 0.0526571 0.0706469 0.0970949 0.0970949 0.0744684 0.047098 
0.0643823 0.118715 0.0910503 0.0643823 0.0643823 0.0643823 0.0575853 0.0575853 0.0910503 0.122157 
0.0496139 0.11094 0.05547 0.0744208 0.05547 0.0496139 0.150895 0.102282 0.05547 0.0894427 
0.0376822 0.0753645 0.113047 0.0960712 0.0532907 0.08426 0.0376822 0.0753645 0.0799361 0.0266454 
0.0479119 0.0535672 0.023956 0.023956 0.0479119 0.0863744 0.0535672 0.0718679 0.0677577 0.107134 
0.0349162 0.0349162 0.123447 0.123447 0.0552073 0.0246895 0.0552073 0.0552073 0.0552073 0.0987579 
0.0316842 0.0807792 0.112021 0.0224041 0.0923746 0.134425 0.100194 0.0316842 0.0708481 0.114239 
0.0509978 0.0822316 0.0228069 0.0721219 0.0721219 0.0721219 0.0509978 0.0721219 0.0228069 0.0228069 
0.068002 0.0866859 0.0240424 0.0537603 0 0.0480847 0.0240424 0.0721271 0.034001 0.034001 
0.10753 0.0782394 0.0583162 0.104319 0.0782394 0.0583162 0.0368824 0.0260798 0.0940321 0.140444 
0.0963785 0.120473 0.0538772 0.0681499 0.0868744 0.0722839 0.120473 0.0722839 0.0538772 0.0538772 
0 0 0.0507379 0.0818124 0.0507379 0.113453 0.0507379 0.0226907 0.0962684 0.0507379 
0.0381663 0.0381663 0.0539753 0.0603462 0.0603462 0.0269876 0.0603462 0.0539753 0 0.0539753 
0.0664419 0.0297137 0.134535 0.122513 0.0469815 0.0420215 0.0297137 0.093963 0.0664419 0.0210108 
0.078266 0.0618747 0.110685 0.0618747 0.0618747 0.0618747 0 0.0618747 0.0618747 0.0276712 
0.0231792 0.0518302 0.0955701 0.0732989 0.139075 0.0518302 0.0518302 0.0518302 0.0732989 0.0463583 
0.0877987 0.0555288 0.0620831 0.124166 0.0832932 0.0620831 0.0555288 0.0277644 0.0785296 0.0555288 
0.0365362 0 0.0816973 0.025835 0.0365362 0.0516699 0.0365362 0.025835 0.0577687 0.0516699 
0.095043 0.106261 0.106261 0.0237607 0.0237607 0.0336028 0.0531306 0.0531306 0.0336028 0.0712822 
0 0.1393 0.0734174 0.146835 0.118382 0.116083 0.0734174 0.0232166 0.0734174 0.0696498 
0.0508657 0.0568696 0 0.0916995 0.0508657 0.0508657 0.0762986 0.113739 0.0568696 0.0359675 
0.0245422 0.0347079 0.109756 0.0736266 0.109756 0.10119 0.0736266 0.122711 0.054878 0.0347079 
0.023471 0.0524828 0 0.0846259 0.066386 0.0524828 0.0524828 0.0846259 0.0524828 0.046942 
0.0871959 0.0994186 0.0616568 0.0389952 0.116986 0.0551475 0.0389952 0.0551475 0.0389952 0.0779903 
0.0784465 0.102282 0.0744208 0.0496139 0.0744208 0.0248069 0.0248069 0.0350823 0.05547 0 
0.0569572 0.025472 0.0360229 0.105024 0.144092 0.108069 0.0360229 0.0720458 0.0569572 0.0764161 
0 0 0.119155 0.0738969 0.0233683 0.0467365 0.052253 0 0.0467365 0.0330477 
0.0273358 0.112708 0.0611246 0.0386586 0 0.0546715 0.0773172 0.0273358 0.0386586 0.0773172 
0.0355728 0.0906931 0.0711455 0.0355728 0.0503075 0.0251537 0.106718 0.0562455 0.0562455 0.0251537 
0.122029 0.0535134 0.0676897 0.0756794 0.11966 0.0239319 0.0535134 0.0478639 0.0338449 0.0535134 
0.0245403 0.0694106 0.0548739 0.0884814 0.109748 0.0981614 0.073621 0.0548739 0.101182 0.0694106 
0.0733619 0.0733619 0.0489079 0.12227 0.12227 0.024454 0.0489079 0.124691 0.0546807 0.024454 
0.0308423 0.0689655 0.127166 0.130853 0.0308423 0.0689655 0.17984 0.710043 0.123369 0.127166 
0.102566 0.0351799 0.0896914 0.0497519 0.0497519 0.0351799 0.0248759 0.0703598 0.0351799 0.0248759 
0.0262749 0.0262749 0.0788246 0.141495 0.159824 0.0262749 0.0587524 0.0587524 0.0830885 0.0788246 
0.0310535 0.0219581 0.0490999 0.124214 0.0878326 0.0490999 0.0490999 0.0791712 0.0694377 0.0310535 
0.178749 0.174761 0.0484701 0.108382 0.0893744 0.0306552 0.131853 0.151735 0.0216765 0.0306552 
0 0.0835736 0 0.0955701 0.0518302 0.118191 0.0732989 0.0835736 0.115896 0.0655606 
0.0389767 0.0993714 0.0871545 0.0551213 0.0551213 0.0389767 0.0779533 0.113636 0.0389767 0.0389767 
0.0328532 0.0464614 0.0519454 0.0328532 0.0464614 0.0734619 0 0.0519454 0.0734619 0.0464614 
0.0415765 0.0657383 0.0293991 0.0657383 0 0.0831531 0.0587981 0.0415765 0.0293991 0.0657383 
0.0439534 0.0491414 0.0694964 0.0621595 0.0694964 0.0491414 0.0491414 0.0439534 0.0219767 0.0439534 
0.179691 0.0487254 0.196116 0.0217907 0.0898453 0.0785674 0.0689082 0.0487254 0.0487254 0.0308167 
0 0.025939 0.0935246 0.0778171 0.0733667 0.0580015 0.0580015 0.0366834 0.0366834 0.025939 
0.0742014 0 0.0586614 0.0262342 0.0829597 0.0262342 0.0262342 0.0524683 0.0262342 0 
0.109632 0.0775217 0.0693375 0.0548161 0.0693375 0.049029 0.049029 0 0.0346688 0.0245145 
0.0657774 0.0735413 0.0232558 0 0.125236 0.0930233 0.08385 0.0232558 0.0697674 0.0520016 
0.115846 0.0273052 0.122112 0.0273052 0.0546104 0.0546104 0.0273052 0.0546104 0.0610562 0.0819156 
0.0242233 0.0342569 0.054165 0.0726699 0.054165 0.0484466 0.0873384 0.0968932 0.0726699 0.0242233 
0.178052 0.150192 0.0780809 0.0740741 0.0552116 0.101805 0.089026 0.0349189 0.132967 0.0552116 
0.0306786 0.0485071 0.0920358 0.165209 0.0685994 0.0650791 0.021693 0.0782154 0.0894427 0.0485071 
0.107626 0.0215253 0.0645759 0.0430506 0.0645759 0.0215253 0.109758 0 0.0776106 0.068069 
0.89108 0.0809238 0.0452378 0.166829 0.141617 0.0404619 0.377945 0.12306 0.0904755 0.141617 
0 0.0345831 0.0773302 0.109361 0.109361 0.0546807 0.0546807 0.024454 0.0978159 0.024454 
0.0334357 0.0747644 0.0472852 0 0.0236426 0.0334357 0.0236426 0.0472852 0.0668713 0.0528664 
0.0537603 0.068002 0.0866859 0.102003 0.0961694 0.0961694 0 0.0240424 0.0760286 0.0721271 
0.108269 0.052518 0.0371359 0.026259 0.159727 0.026259 0.0371359 0.058717 0.058717 0.108269 
0.119977 0.0470588 0.0705882 0.0235294 0.0470588 0.0235294 0.0848365 0.0665512 0.0526134 0.0848365 
0.0700612 0.0221553 0.140122 0.0221553 0.0664659 0.0626647 0.11297 0.0700612 0.0443106 0.0221553 
0.0674157 0.0317801 0.0224719 0.0449438 0.0224719 0.0317801 0.0317801 0.0317801 0.0224719 0.0710624 
0.0270172 0.0604122 0.038208 0 0.0854358 0.0540343 0.0270172 0.0604122 0.0270172 0.038208 
0.025713 0 0 0.0727273 0.0727273 0 0.057496 0.0514259 0.025713 0.057496 
0.0487226 0.0487226 0.0243613 0.0770371 0.0544735 0.0243613 0 0.034452 0.0730838 0.0487226 
0 0.0259194 0.0366556 0.0777583 0.0366556 0.0259194 0.0579576 0.0366556 0 0.0259194 
0.0547124 0.0820687 0.043254 0.0273562 0.116063 0.043254 0.086508 0.043254 0.0386875 0.0820687 
0.0511879 0.0228919 0 0.102376 0.0686758 0.0511879 0.0228919 0.0457839 0.0457839 0 
0.0753511 0.033698 0.0753511 0.033698 0.0753511 0.033698 0.033698 0.0753511 0.033698 0.0673961 
0.0893931 0.0297977 0.0421403 0.151939 0.0942286 0.0297977 0.0421403 0.0893931 0.0666297 0.0421403 
0.466923 0.0389102 0.184567 0.0550274 0.099202 0.0870059 0.0389102 0.0275137 0.110055 0.0389102 
0.0204039 0.0456245 0.0288555 0.0612117 0.0735674 0.0735674 0.0204039 0.0408078 0.0456245 0.0204039 
0.308989 0.0552737 0.332792 0.0781688 0.201199 0.222815 0.11395 0.140921 0.0781688 0.110547 
0.0633406 0.076126 0.153709 0.0633406 0.0472113 0.0211135 0.0633406 0.107658 0.0422271 0.0211135 
0.0532246 0 0.0238028 0.0238028 0.0952111 0.0714083 0.0532246 0.0336622 0 0.0238028 
0.0530222 0.0854958 0 0.0237123 0.120909 0.0530222 0.0237123 0.0530222 0.0237123 0 
0.0530558 0.0335554 0.0530558 0.0474546 0 0.0237273 0.0335554 0.0237273 0.0237273 0.0530558 
0.025641 0.0362619 0.0725238 0.09245 0.0573351 0.0362619 0.0362619 0 0.025641 0.0725238 
0.0611704 0.0273562 0.086508 0.112793 0.147318 0.0773751 0.0547124 0 0.0273562 0.0273562 
0.0820265 0.0518781 0.025939 0.0820265 0.025939 0.025939 0.0733667 0.0580015 0.0580015 0.0518781 
0.10637 0.0930174 0.0364844 0.0515968 0.057687 0.057687 0.0515968 0.0257984 0 0.0515968 
0.173712 0.0579042 0.132042 0.0818888 0.0579042 0.0818888 0.0579042 0.0776866 0.103582 0.0258955 
0.0544735 0.034452 0.124219 0.0770371 0.0544735 0.0487226 0.034452 0.0243613 0.0243613 0.0487226 
0.0572176 0.051177 0 0.0361876 0.0572176 0.0255885 0.0767655 0.0255885 0.0361876 0.0255885 
0.0248759 0.0248759 0.0248759 0.111249 0 0.0351799 0.0248759 0 0.0556243 0.0248759 
0.0740233 0.0551737 0.0246744 0 0.0697899 0.088965 0.123372 0.0780274 0.0551737 0.0493489 
0.0544735 0.0544735 0.0243613 0.108947 0.0243613 0.034452 0.0689041 0.0878358 0.121806 0.155988 
0.0960116 0.0960116 0.0532576 0.112977 0.188294 0.0595439 0.0753177 0.0798865 0.0595439 0 
0.0843199 0.0266643 0.0266643 0.0799929 0.0843199 0.075418 0.037709 0.106657 0.0266643 0.037709 
0.0739839 0.0551444 0.0348764 0.0551444 0.0986452 0.0551444 0.0348764 0 0.101681 0.123307 
0.257375 0.0356915 0.0504754 0.112867 0.271819 0.225733 0.217103 0.159617 0.217103 0.178458 
0.120168 0.0849719 0.114002 0.0268705 0.0760011 0.0968828 0.0600842 0.144702 0.0268705 0.0268705 
0.0551444 0.0493226 0.0493226 0.0779859 0.104629 0.0779859 0.0551444 0.0779859 0.0697527 0.0551444 
0.0256074 0.0768221 0.11452 0.0809776 0.0809776 0.0572598 0.0362143 0.0362143 0.0809776 0.0572598 
0.024998 0.0353526 0.024998 0.0749941 0.0749941 0.024998 0.0353526 0.024998 0.0353526 0.0353526 
0.103013 0.0249844 0.0558668 0.0558668 0.0999376 0.0353333 0.0249844 0.0558668 0.0558668 0.0706665 
0.0629317 0.0398015 0.11604 0.11604 0.0562878 0.0281439 0.101474 0.0281439 0.0629317 0.0398015 
0.0350904 0.0248127 0.0554828 0.102305 0.0894634 0.0350904 0.0784646 0.0248127 0 0.0554828 
0.0289825 0.0916506 0.0648068 0.0916506 0.0579649 0.0409874 0.0579649 0.0648068 0.0409874 0.0648068 
0.206572 0.0768662 0.0362351 0.105643 0.0572927 0.0256221 0.0256221 0.0810241 0.0512442 0.0256221 
0.0253144 0.0566048 0.0253144 0.0800512 0.0253144 0 0.0358 0.0506289 0.0358 0.0253144 
0.0253083 0.0253083 0.0357914 0.0506167 0.0565912 0.0565912 0.080032 0.0357914 0.0253083 0.0253083 
0.0504353 0.0356632 0.0713263 0.112777 0.153393 0.0252177 0.0504353 0 0.0356632 0.0563884 
0.0564963 0.0252659 0.0357314 0.101064 0.0252659 0.0357314 0 0.0564963 0.0357314 0.0564963 
0.0386875 0.0273562 0.0611704 0.159513 0.166401 0.0547124 0.086508 0.0820687 0.0273562 0.0986343 
0.0209588 0.0838352 0.0296402 0.104794 0.738333 0.0662775 0 0.12221 0.104794 0.134202 
0.0566684 0.091375 0.0358402 0.0566684 0.0566684 0.101371 0.0358402 0.101371 0.091375 0.0358402 
0.0446628 0.0223314 0.120258 0.0920747 0.0315814 0.113868 0.0893256 0.0893256 0.111657 0.0669942 
0.0506565 0.0226543 0.0679628 0.0453085 0.0816811 0.0506565 0.0506565 0.115514 0.032038 0.0716391 
0.0205618 0.0411236 0.0847785 0.0411236 0.0581576 0.0872364 0.0290788 0.110729 0.0650222 0.116315 
0.117574 0.117574 0.0665098 0.0235148 0.0332549 0.0235148 0.150568 0.105161 0.0470295 0.0332549 
0.0172356 0.0689425 0.0731245 0.172356 0.0517068 0.0710643 0.0710643 0.142129 0.0243748 0.0621439 
0.0230327 0.0460653 0.0921307 0.0651462 0.0728357 0.0325731 0.145671 0.196791 0.0651462 0.0515026 
0.0739929 0.0467972 0.116993 0.0330906 0.210588 0.0523209 0.0467972 0.0523209 0.0739929 0.0467972 
0.0278842 0.0812958 0.0812958 0.0197171 0.0394342 0.0812958 0.062351 0.0985856 0.0591514 0.0557684 
0.0192299 0.0693343 0.0192299 0.0429993 0.0271952 0.12162 0.0429993 0.108781 0.0769195 0.115379 
0 0.0737962 0.0521818 0.0233364 0.0330027 0.0233364 0.0962185 0.0962185 0.0330027 0.0466728 
0.120342 0.08678 0.0680759 0.0481369 0.120342 0.154113 0.0722054 0.154113 0.107637 0.08678 
0.0212334 0.0212334 0.0212334 0.0212334 0.114345 0.0765581 0.0300285 0.0300285 0 0.0300285 
0.321372 0.0726123 0.134122 0.118139 0.0393795 0.0897992 0.0528332 0.205379 0.0897992 0.0528332 
0.0245053 0.0547955 0.0346557 0.0490106 0 0.0490106 0 0.0245053 0.0547955 0.0490106 
0.0481369 0.0680759 0.0240685 0.0538187 0.0538187 0 0.0481369 0.0761111 0.0240685 0.0481369 
0.0671109 0.0335554 0.0335554 0.0335554 0.0335554 0.0530558 0 0.0750322 0.0335554 0.0237273 
0.0548161 0.0245145 0.138675 0.104006 0.125 0.0346688 0.0245145 0.049029 0.0548161 0.142943 
0.0551067 0.0551067 0.110213 0.0739333 0.0739333 0.0779326 0.0348525 0.0246444 0.104558 0.0551067 
0.034075 0 0.0240946 0.0722839 0.0240946 0.0538772 0 0.0761939 0.0538772 0.0240946 
0.0328332 0.103828 0.146835 0.0328332 0.116083 0.0734174 0 0 0.103828 0.0837087 
0.0989221 0 0.053648 0.0989221 0.06786 0.0758698 0.03393 0.0758698 0.0479843 0.0865049 
0.0521783 0.0841349 0.177713 0.0521783 0.0990013 0.0660008 0.0330004 0.0330004 0.14194 0.0521783 
0.0222003 0 0.0915342 0.031396 0.0800443 0.0222003 0.031396 0.0496414 0.062792 0.0915342 
0.188131 0.0330004 0.0841349 0.0330004 0.0660008 0.0330004 0.0521783 0.0233348 0.0330004 0.0233348 
0.0224492 0.0224492 0.050198 0.0448985 0.0809419 0.0224492 0.050198 0.031748 0.0224492 0.0634961 
0.0922899 0.0729616 0.0515916 0.083189 0.130518 0.0515916 0.103183 0.249567 0.0326294 0.0515916 
0 0.0550398 0.0348103 0.0696205 0.0550398 0.0984583 0.0550398 0.101488 0.0246146 0.0246146 
0.0849837 0.0333333 0.1 0.0707107 0.0745356 0.150923 0.0745356 0.137437 0.0333333 0.0235702 
0.082538 0.0228919 0.0647481 0.0323741 0.0943858 0.082538 0.0228919 0.0511879 0.0723906 0.0511879 
0.0644625 0.0911637 0.103943 0 0.0407697 0 0.057657 0.057657 0.0407697 0.0288285 
0.0247234 0.0349642 0.0781823 0.14834 0.13314 0.0552832 0.0494468 0.0741702 0.0552832 0.0891415 
0 0.0512652 0.0512652 0.128163 0.0810574 0.0573162 0.0512652 0.03625 0.0573162 0.0724999 
0.0290114 0.0820567 0.19353 0.0917422 0.137613 0.102571 0.0458711 0.0458711 0.124783 0.0739649 
0.0242536 0.0542326 0.0874475 0.367023 0.0685994 0 0.0542326 0.0874475 0.0542326 0.155299 
0.057496 0.025713 0.057496 0.0363636 0.057496 0.0727273 0 0.0514259 0 0.128565 
0.0596749 0.0421965 0.11935 0.0843931 0.149187 0.0895124 0.0943543 0.0596749 0.0667186 0.0667186 
0.0235294 0.0526134 0.0526134 0.0526134 0.0332756 0.0526134 0.0526134 0.12671 0.0332756 0.0848365 
0.0296924 0.0296924 0.0629871 0.0469478 0 0.0663943 0.0629871 0.0419914 0.0296924 0.0757011 
0.117444 0.0525226 0.0332182 0.0525226 0.0704664 0.0525226 0 0.0469776 0.0469776 0 
0.0761774 0.102203 0.0722682 0.0538655 0.0761774 0.107731 0.0761774 0.0993231 0.0538655 0.0722682 
0.0800443 0.0222003 0.0888012 0.0666009 0.0702035 0.0222003 0.0222003 0.0800443 0.0496414 0.031396 
0.103996 0.0232542 0.0519981 0.0697627 0.0328865 0.0328865 0.0519981 0.0838444 0.0232542 0.0232542 
0.094684 0.0649527 0.133903 0.0827988 0.102699 0.097429 0.0827988 0.114821 0.0513496 0.0459285 
0.0240389 0.0480778 0.0866734 0 0.0240389 0.0240389 0.0339961 0.101988 0.0240389 0.0480778 
0.0689041 0.0487226 0.0308148 0.0785628 0.0308148 0.0435788 0.0217894 0 0 0.0435788 
0.314511 0.0462466 0.0924933 0.0327013 0.06937 0.0517053 0.115617 0.717196 0.0231233 0.0833723 
0.0249824 0.0353305 0.0249824 0.0353305 0.0749473 0.0353305 0.0353305 0.0353305 0.0499649 0.070661 
0.0478119 0.0302389 0.0676162 0.0478119 0.0770943 0.0427642 0.0478119 0.0770943 0.0213821 0.0213821 
0 0.0670684 0.0670684 0.0530222 0.0237123 0.0474245 0.0237123 0.106044 0.0335342 0.0335342 
0.0412305 0.0618458 0.0291544 0.0291544 0.0206153 0.0651912 0.0874632 0.0206153 0.0206153 0.0206153 
0.0742679 0.0332136 0.0742679 0.0234856 0.0332136 0.0704567 0.0968335 0.0332136 0.0742679 0.119753 
0.085523 0.0927627 0.0622271 0.0880025 0.0463814 0.0293342 0.0586683 0.0655932 0.0207424 0.0414848 
0.0238484 0.0238484 0.0754153 0.0715453 0.0533267 0.0533267 0.0238484 0.0859867 0.0238484 0.0754153 
0.135135 0.027027 0.135135 0.085467 0.0540541 0.027027 0 0.0604343 0.120869 0.108108 
1.22922 0.0776034 0.0490807 0.0347053 0.0548739 0.0548739 0.0776034 0.122702 0.0776034 0.0981614 
0.0441038 0.0441038 0.0278937 0.0394477 0.0591715 0.0197238 0.0711153 0.0441038 0.0197238 0.0278937 
0.0611101 0.0455488 0.02037 0 0.0576151 0.0455488 0 0.0611101 0.02037 0.0455488 
0.0480847 0.0912343 0.130805 0.0886638 0.0886638 0.0912343 0.0608229 0.121646 0.115803 0.144254 
0.0420035 0.0420035 0.037569 0.114262 0.0265653 0.0265653 0.0420035 0.0531306 0.0677285 0.101158 
0.0580357 0.077863 0.036705 0.0580357 0.0935797 0.077863 0.0935797 0.0935797 0.036705 0.0519087 
0.0622512 0.0278396 0.0622512 0.398602 0.537672 0.169342 0.114786 0.249005 0.0393711 0.196856 
0.122968 0.0486073 0.0687411 0.0869514 0.0783769 0.0922259 0.0217378 0.0896274 0.0972146 0.117062 
0.0905572 0.0561612 0.0561612 0.0561612 0.0753481 0.025116 0.0502321 0.128067 0.0710389 0.0355194 
0.0826192 0.0229145 0.174511 0.0229145 0.0458289 0.116841 0.0512383 0.0458289 0.114572 0.0826192 
0.0437426 0.0437426 0.0489058 0.0691632 0.0437426 0.0309307 0 0.111522 0.0489058 0.0437426 
0.574976 0.489921 0.235535 0.0475853 0.244961 0.16824 0.171571 0.106404 0.16824 0.0672958 
0.0552073 0.0246895 0.0698324 0.15615 0.110415 0.0698324 0 0.0740684 0.049379 0.123447 
0.135031 0.0496383 0.125576 0 0.0496383 0.031394 0.0800394 0.0992767 0.031394 0.0443979 
0.0611736 0.0407824 0.11535 0.0815647 0.0288375 0.0203912 0.0288375 0.0203912 0.0455961 0.0288375 
0.0577687 0.0365362 0.0516699 0.0775049 0.0516699 0.025835 0.025835 0.025835 0.0730723 0.0365362 
0.0769231 0.034401 0.0243252 0.0769231 0.034401 0.0543928 0.0243252 0.034401 0.108786 0.130995 
0.0607021 0.0729549 0.0904894 0.0452447 0.123079 0.0809362 0.020234 0.0452447 0.0452447 0.0834271 
0.0735364 0.0519981 0.0697627 0.209288 0.542876 0.116271 0.0735364 0.118574 0.0465085 0.0519981 
0.0614984 0.0687574 0.227003 0.0896486 0.108715 0.0307492 0.0783954 0.021743 0.0486188 0.043486 
0.0467972 0.0661813 0.0523209 0.0739929 0.096475 0.0233986 0 0.0233986 0.0843649 0.0330906 
0.0761694 0.0915442 0.113547 0.0718132 0.0567733 0.0567733 0.0359066 0.0359066 0.0718132 0.101559 
0.0876216 0.0619578 0.0277084 0.338224 0.23674 0.16625 0.114245 0.16625 0.0554168 0.216409 
0.158299 0.0500587 0.0250293 0.160266 0.141587 0.0902446 0.0353968 0.0250293 0.0902446 0.0500587 
0.127723 0.0285598 0.0403896 0.0638616 0.0403896 0.0638616 0.0285598 0.102974 0.0285598 0.0285598 
0.0484893 0.0484893 0.0766683 0.0969786 0.171436 0.0766683 0 0.072734 0.123624 0.0874153 
0.0363636 0.106017 0.0363636 0.025713 0.057496 0.057496 0.114992 0.057496 0 0.057496 
0.0749321 0.10597 0.052985 0.218463 0.213261 0.0976995 0.0854358 0.0670213 0.0473912 0.10597 
0.205888 0.0270344 0.194948 0.0382325 0.0604508 0.097474 0.0540689 0.0270344 0.0382325 0.097474 
0.135574 0.0883833 0.227869 0.489288 0.38346 0.394098 0.0772889 0.0479326 0.470619 0.446056 
0.0698324 0.0246895 0.0349162 0.0552073 0 0.049379 0.0698324 0.078075 0.0740684 0.0552073 
0.0563213 0.0251876 0.13564 0.0503753 0.0712414 0.0755629 0.0356207 0.0563213 0.0563213 0.0356207 
0.0257577 0.0364269 0.0928708 0.057596 0.115192 0.0928708 0.0364269 0.0928708 0.0257577 0.0928708 
0.0695983 0.0328089 0 0.0984268 0.0231994 0.0656179 0.0463988 0.0328089 0.073363 0.0328089 
0.0518781 0.025939 0.0580015 0.0580015 0.0580015 0.0518781 0.0580015 0.0580015 0.0366834 0.0518781 
0.0857493 0.0475652 0.128073 0.0237826 0.0857493 0.106359 0.0531795 0.0531795 0.121268 0.0475652 
0.0452679 0 0.0226339 0.050611 0.0960277 0.0960277 0.0452679 0.131977 0.0320092 0.101222 
0.0523209 0.0233986 0.0739929 0.126005 0.0330906 0.0330906 0.0233986 0.0739929 0.0330906 0.126005 
0.140728 0.0792429 0.0982887 0.0659341 0.0491444 0.0906177 0.0491444 0.139001 0.133687 0.0695006 
0.0348103 0.0492291 0.104431 0 0.0348103 0.0738437 0.0492291 0.0696205 0.0348103 0.0246146 
0.0259653 0.0259653 0.0519305 0.107058 0.0580601 0.0580601 0.0367204 0.0580601 0.0259653 0 
0.396543 0.0921943 0.0849989 0.145772 0.0206153 0.0651912 0 0.0412305 0.0460971 0.0874632 
0.0458681 0.0512821 0.0648672 0.0324336 0.0725238 0.0826898 0.0458681 0.0725238 0.0458681 0.11467 
0.0284988 0.0284988 0.0201517 0.0201517 0.102754 0.0201517 0.0201517 0.0450606 0.0284988 0.0450606 
0.0366834 0.0366834 0.0518781 0.025939 0.0580015 0.0518781 0.025939 0 0.025939 0.0580015 
0.114436 0.0381454 0.217462 0.0269729 0.111212 0.157278 0.0269729 0.0381454 0.161837 0.241253 
0.0573162 0.10253 0.18125 0.164129 0.0810574 0.186608 0.0573162 0.0810574 0.25375 0.230693 
0.0956935 0.0338328 0.288076 0.0956935 0.121986 0.0986386 0.086257 0.288076 0.0756524 0.0338328 
0.0246838 0.0551947 0.110389 0.101774 0.0246838 0.0551947 0.0551947 0.0349082 0.104725 0.123419 
0.0920976 0.0706357 0.180086 0.022337 0.0706357 0.0315892 0.022337 0.0706357 0.120288 0.022337 
0.0227729 0 0.0509218 0.0509218 0.0910916 0.0938951 0.0509218 0.0322057 0.0227729 0.0227729 
0.0703598 0 0.191399 0.160445 0.239637 0.169449 0.0995037 0.113452 0.125863 0.0995037 
0 0.0597774 0.0534666 0.151226 0.0845381 0.0756131 0.0597774 0.0597774 0.0963882 0.0378066 
0.052627 0.0588388 0.0372129 0.0744259 0.0263135 0.052627 0.0263135 0 0.0588388 0.0372129 
0.0847427 0.0705102 0.0705102 0.0235034 0.0332388 0.0332388 0.0525552 0 0.0525552 0.0235034 
0.050198 0.050198 0.0809419 0 0.050198 0.0224492 0.031748 0.031748 0.050198 0.100396 
0.0621595 0.0219767 0.181224 0.0659301 0.13186 0.0982828 0.0310797 0.0491414 0.0906122 0.0310797 
0.0506597 0.0226557 0.03204 0.0506597 0.0506597 0.0226557 0.0679671 0.0226557 0.03204 0.03204 
0.0793004 0.04918 0.0906834 0.021994 0.0659819 0.0439879 0.0311042 0.0311042 0.021994 0.0439879 
0.0459285 0 0.0649527 0.0229642 0.117095 0.117095 0.0229642 0.0229642 0.0513496 0.0513496 
0.0593705 0.135385 0.118741 0.187746 0.167925 0.187746 0.132756 0.0593705 0.135385 0.193296 
0.0332733 0.0332733 0.0470556 0.0848306 0.105219 0.0526097 0.0332733 1.13569 0.0526097 0.0332733 
0.125043 0.0479518 0.0678141 0.0479518 0.15612 0.0884188 0.0909822 0.0479518 0.0479518 0.0428894 
0.113466 0.0666297 0.0471143 0.122859 0.168561 0.105351 0.0471143 0.105351 0.0421403 0.141343 
0.12065 0.0316842 0.250486 0.0633684 0.206556 0.12065 0.0224041 0.0708481 0.130637 0.0672124 
0.0756524 0.0534943 0.106989 0.0717701 0.0534943 0.0534943 0.0534943 0.0986386 0.0338328 0.0534943 
0.104161 0 0.121472 0.0465822 0.0751116 0.0416644 0.0465822 0.0416644 0.0931644 0.0465822 
0.0478119 0.0676162 0.0907167 0.120956 0.0770943 0.0855285 0.0604778 0.0478119 0.0427642 0.0478119 
0.0324059 0.0229145 0.0229145 0.0324059 0.0324059 0.0458289 0.0512383 0.0324059 0.0458289 0.0512383 
0.0324059 0.0458289 0.0512383 0.0724619 0.0826192 0.0512383 0.0724619 0.0687434 0.0324059 0.0324059 
0.0208322 0.0658772 0.104161 0.0208322 0.0294612 0.0208322 0 0.0208322 0.106224 0.104161 
0.0514039 0.0229885 0.175075 0.145392 0.175075 0.20817 0.0229885 0.91954 0.0650213 0.162553 
0.0427642 0.0770943 0.0641464 0.124678 0.0427642 0.0478119 0.0641464 0 0.0881607 0.0427642 
0.0294628 0 0.0589256 0.0751157 0.0589256 0 0.0294628 0.0465848 0.0465848 0.0294628 
0.0732989 0.0732989 0.0518302 0.0463583 0.0518302 0.0655606 0.0518302 0.10366 0.0695375 0.0518302 
0.0242447 0.0542127 0.130561 0.247248 0.0766683 0.0242447 0.0242447 0.0242447 0.0242447 0.0242447 
0.0993563 0.0942576 0.129545 0.0888669 0.119641 0.091602 0.0993563 0.26004 0.16174 0.0888669 
0.0240894 0.0240894 0.0240894 0.0538655 0.0481788 0.0681351 0.0240894 0.0481788 0.0240894 0.0993231 
0.0459013 0.0725763 0.0459013 0.0229506 0.189256 0.0324571 0.0918025 0.0649142 0.0459013 0.0324571 
0.0439454 0.0621482 0.0219727 0.0932223 0.0905958 0.0694838 0.0621482 0.0491325 0.0491325 0.0659181 
0.0460434 0.102956 0.0920867 0 0.120066 0.0582408 0.0617737 0.0920867 0.0823649 0.0617737 
0.0249922 0.0353443 0.106033 0.0706886 0.158064 0.127436 0 0.0249922 0.0749766 0.0249922 
0.0551947 0.104725 0.0551947 0.0551947 0.192787 0.101774 0.0740515 0.0349082 0.0987353 0.0493677 
0.0464834 0.0328687 0.0734966 0.141374 0.069725 0.05197 0.0328687 0.05197 0.0986061 0.05197 
0.0299527 0.0763646 0.278576 0.0299527 0 0.0299527 0.0873263 0.107996 0.0635392 0.0473593 
0.0931442 0.0416554 0.0294548 0.0589096 0.133362 0.0858747 0.0208277 0.0750953 0.0833107 0.147274 
0.0713477 0.0336336 0.0857493 0.0531795 0.0336336 0.0336336 0.0336336 0.0752071 0.0475652 0.106359 
0.0552832 0.0552832 0.0247234 0.0247234 0.0781823 0.0349642 0.0741702 0.0247234 0.0552832 0.0552832 
0.0229824 0.0229824 0.0325021 0.0459649 0.0513903 0.0650041 0.0459649 0.0726768 0.0726768 0.0229824 
0.0245997 0.0347892 0.0550065 0.0245997 0.0245997 0 0 0 0.0245997 0.0245997 
0.0259653 0.0580601 0.0259653 0.0778958 0.0259653 0.0778958 0 0 0.0367204 0.0519305 
0.0525906 0.105181 0.0525906 0.0371872 0.0831531 0.0525906 0.0948091 0.0587981 0.0788859 0.0371872 
0.0971974 0.0687289 0.0307365 0.0485987 0.0485987 0.043468 0.0687289 0.0307365 0 0.021734 
0.130856 0.0740233 0.0827606 0.0785136 0.0261712 0.0261712 0 0.0370117 0.0261712 0.0261712 
0.0499376 0.0353112 0.127316 0.055832 0.0499376 0.0789583 0.0900263 0.0900263 0.0900263 0.0249688 
0.0525552 0.0332388 0.12657 0.119844 0.0470068 0.0940136 0.0525552 0.0525552 0.0525552 0.0847427 
0.0783399 0.0307274 0.0651827 0.0614549 0.0895851 0.0217276 0.0307274 0.0485844 0.0485844 0.0485844 
0.0734966 0.0464834 0.05197 0.05197 0.0929667 0.0232417 0.0464834 0.11851 0.0929667 0.0734966 
0.126029 0.0360083 0.120775 0.0360083 0.0254617 0.0720166 0.0969553 0.074233 0.0509234 0.0180041 
0.0215041 0.0645124 0.0645124 0.0775343 0.0775343 0.0608229 0.0860165 0.0608229 0.0480847 0.0430083 
0.0414469 0.0655333 0.046339 0.103617 0.0828938 0.0621703 0.046339 0.103617 0.0207234 0.0655333 
0.0467627 0.0627387 0.0661324 0.0467627 0.121942 0.0935254 0.0418258 0.0935254 0.0467627 0.0295753 
0.0221349 0.0221349 0.110675 0.0664048 0.0989905 0.1192 0.0798087 0.0798087 0.129068 0.112867 
0.0496781 0.0222167 0.0666502 0.0444335 0.0222167 0.0496781 0.0314192 0.0222167 0.0222167 0.0702555 
0.0305263 0.0431708 0.157144 0.116241 0.157144 0.091579 0.0610527 0.0431708 0.0215854 0.177998 
0.0321226 0.0321226 0.0718282 0.0681422 0.158999 0.0321226 0.0321226 0.0227141 0.10158 0.0321226 
0.078363 0.043468 0.021734 0.0485987 0.078363 0.0485987 0.021734 0.0687289 0.0485987 0.078363 
0.0918232 0.0629902 0.0944853 0.0314951 0.11993 0.0629902 0.129858 0.348587 0.111352 0.0918232 
0.0987022 0.0535288 0.0535288 0.0338546 0.0338546 0.0535288 0.0677091 0.0677091 0.0757011 0.0338546 
0.0454827 0.0454827 0.0203405 0.146677 0.101703 0 0.0454827 0 0.0203405 0.0575316 
0.0680759 0 0.0992368 0.0722054 0.0761111 0.0992368 0.0240685 0 0.120342 0.0962738 
0.0944253 0.0236063 0.0472126 0.0527853 0.0333844 0.070819 0.0333844 0.0472126 0.0333844 0.0527853 
0.0430282 0.0215141 0.0645423 0.0430282 0.060851 0.0912765 0.0304255 0.048107 0.0680335 0.125448 
0.0277537 0.0277537 0.0555074 0.0277537 0.0877649 0.0555074 0.0392497 0.0277537 0.0392497 0.0392497 
0.0550065 0.0491993 0.0491993 0.0550065 0.0550065 0.101427 0.073799 0.0550065 0.0491993 0.0347892 
0.0525552 0.0332388 0.0664777 0.0664777 0.117517 0.0332388 0.0332388 0.0847427 0.0332388 0.0235034 
0.0284526 0.0201191 0.082953 0.0449876 0.0725403 0.082953 0.0201191 0.0284526 0 0.0284526 
0.0849165 0.0283055 0.04003 0.141528 0.0721652 0.056611 0.0849165 0.056611 0.0800601 0.0721652 
0 0.0672631 0.0808401 0.0709015 0.0672631 0.0317081 0 0.022421 0.0634162 0.0672631 
0.0305263 0.0305263 0.0482664 0.0778272 0.0965328 0.0431708 0.0482664 0.0482664 0 0.068259 
0.0499345 0.0223314 0.0947441 0.080517 0.0315814 0.0446628 0.0706181 0.0631627 0.0315814 0.0499345 
0.058996 0.0208582 0.0208582 0.133558 0.0466405 0.0659596 0.0208582 0.0417165 0.0860007 0.0208582 
0.0251876 0.0251876 0.0796503 0.103851 0.0712414 0.0563213 0.0356207 0.0356207 0.0251876 0.0356207 
0.0312348 0 0.0312348 0.0493865 0.0312348 0.069843 0.0220863 0.0493865 0.0441726 0.0312348 
0.0810032 0.0224662 0.0710445 0.089865 0.0317721 0.050236 0.0317721 0.0317721 0.0317721 0.050236 
0.0288555 0.0456245 0.0456245 0.0735674 0.0204039 0.0456245 0.0288555 0.0408078 0.0204039 0.0288555 
0.0304909 0.0431206 0.0304909 0.107801 0.0304909 0.0681796 0.0431206 0.0646809 0.0431206 0 
0.0218465 0 0.043693 0.0617913 0.0690847 0.0690847 0.0218465 0.043693 0.0690847 0.0218465 
0.0531306 0.0237607 0.0856706 0.0751381 0.0751381 0 0.0475215 0.0531306 0.0531306 0.0336028 
0.0448985 0.0224492 0.050198 0.0448985 0.0224492 0.050198 0.0809419 0.0809419 0.031748 0.0448985 
0.0657794 0.0310087 0.109632 0.0693375 0.049029 0.0790569 0.0219264 0.0219264 0.0310087 0.0693375 
0.0214447 0.0214447 0.0678141 0.07732 0.0643341 0.0479518 0.0606548 0.0479518 0.0214447 0.0479518 
0.0732252 0.0231558 0.0327473 0.051778 0.051778 0 0 0.0231558 0.0231558 0.0463117 
0.135109 0.0477682 0.0880802 0.172231 0.182522 0.155522 0.0604225 0.0477682 0.0906338 0.0955364 
0.0435143 0 0.0435143 0.0688021 0.0688021 0.0217571 0.0307692 0.0615385 0.0217571 0 
0.0243884 0.100556 0.156162 0.218137 0.146331 0.22485 0.0545342 0.124357 0.172452 0.23008 
0.124669 0.0587695 0.213924 0.0749168 0.105948 0.0464614 0.0207782 0.0831127 0.111894 0.0293848 
0.0751116 0.0416644 0.0416644 0.167955 0.104161 0.0858934 0.0465822 0.0465822 0.121472 0.0208322 
0.058616 0.0262139 0.074144 0.133665 0.058616 0.037072 0.074144 0.037072 0 0.0786416 
0.185189 0.0925947 0.256812 0.179768 0.211772 0.236769 0.102725 0.0363186 0.220918 0.154087 
0.111417 0.0830455 0.0787839 0.0525226 0.141421 0.058722 0.108278 0.133907 0 0.0262613 
0.0816706 0.0816706 0.205117 0.0816706 0.0933939 0.113257 0.0640677 0.0453027 0.163341 0.05065 
0.085426 0.0640695 0.0477546 0.0604053 0.085426 0.0213565 0.0477546 0.106783 0.077002 0.042713 
0.0254948 0.0919227 0.0360551 0.194162 0.0806216 0.0254948 0.129998 0.148659 0.0360551 0.0509896 
0.0344291 0.0544371 0.100377 0.206574 0.0769857 0.0544371 0.0344291 0.121725 0.0344291 0.0486901 
0.17352 0.0776004 0.197843 0.548718 0.109744 0.139896 0.194001 0.893248 0.395686 0.388002 
0.0840035 0.0329489 0.0736759 0.0465968 0.0520968 0.0658978 0.0329489 0.0232984 0.0232984 0.0736759 
0.0231233 0.0231233 0.0517053 0.140654 0.0462466 0.0231233 0.0462466 0.0953399 0.0231233 0.103411 
0.0894112 0.0685752 0.0613356 0.0216854 0.04849 0.130112 0.0306678 0.0306678 0.0433708 0.0613356 
0.021994 0.021994 0.0906834 0.021994 0.04918 0.0622083 0.0439879 0.04918 0.0906834 0.0439879 
0.068069 0.048132 0.0776106 0.109758 0.0913241 0.0861012 0.0776106 0.125513 0 0.0608827 
0.0558624 0.0499649 0.0558624 0.070661 0.0790014 0.124912 0.0353305 0.0353305 0.0499649 0.0558624 
0.0845503 0.02345 0.0845503 0.02345 0.0469001 0.0703501 0.02345 0.0703501 0.0331633 0.0469001 
0.0815817 0.0257984 0.0815817 0.0257984 0.0815817 0.0930174 0.057687 0.0257984 0.0257984 0.0364844 
0.0204872 0.0647864 0.0204872 0.0409745 0.0409745 0.0204872 0.0289733 0.0409745 0.0289733 0.0204872 
0.023259 0.023259 0.263145 0.135622 0.242831 0.135622 0.0328931 0.0657863 0.0520086 0.0657863 
0.739239 0.111396 0.111396 0.087386 0.111396 0.043693 0.0488503 0.0218465 0.087386 0.0900755 
0.0394342 0.0440888 0.0591514 0.0278842 0.0197171 0.0278842 0.0985856 0.0591514 0.0278842 0.0394342 
0 0.0212574 0.106287 0.0766445 0.106287 0.0766445 0.0672217 0.0637721 0.0850294 0.0901873 
0.133153 0.0294086 0.0464991 0.0464991 0.0749775 0.103975 0.020795 0.04159 0.0464991 0.04159 
0 0.0249922 0.0558842 0.103045 0.0249922 0.0353443 0 0.0499844 0.0790322 0.0901106 
0.0319744 0.0226093 0.113047 0.050556 0.0452187 0.050556 0.071497 0.0319744 0.050556 0 
0.0914484 0.0914484 0.0567139 0.035869 0.0253632 0.035869 0.0717381 0.035869 0.0802056 0.0507265 
0.0611246 0.0546715 0.197121 0.0864433 0.0773172 0.112708 0.0611246 0.0611246 0.0386586 0.0546715 
0.0242109 0.0242109 0.0765615 0.099824 0.0765615 0.0872936 0 0.0342393 0.0541372 0.0968435 
0.0542127 0 0.121223 0.102861 0.123624 0.169713 0.0242447 0.0542127 0.137148 0.0685742 
0.10733 0.0665632 0.151787 0.10733 0.133126 0.14884 0.10733 0.69685 0.29768 0.310787 
0.0796251 0.0356094 0.103818 0.0907865 0.0563034 0.0563034 0.0712188 0.0503593 0.125898 0.103818 
0.0249513 0.0557928 0.0249513 0.111586 0.070573 0.0557928 0.0557928 0.0557928 0.078903 0.070573 
0.0680759 0.0538187 0.0538187 0.08678 0.0340379 0.0240685 0.0538187 0.0538187 0.0340379 0.0538187 
0.0437583 0.0309418 0.109396 0.069188 0.195693 0.0788865 0.0656375 0.123767 0.170882 0.0656375 
0.0740792 0.0468518 0 0.0468518 0.0844632 0.0468518 0.0234259 0.0702777 0.0234259 0.0740792 
0.0233348 0.0660008 0.0660008 0.0700045 0.0521783 0.0521783 0.0233348 0.0521783 0.0962119 0.0737912 
0.0373815 0.0528655 0.0591054 0.185029 0.108985 0.132164 0.0264327 0.0528655 0.118211 0.132164 
0.0306282 0.0780869 0.0968549 0.199671 0.0892958 0.0968549 0.0780869 0.122513 0.0968549 0.110432 
0.0854592 0.0540491 0.0854592 0.0270246 0.152874 0.249154 0 0.137799 0.173042 0.0810737 
0.0524097 0.0828671 0.0585959 0.0262049 0.152799 0.0370593 0.0741186 0.108045 0.0370593 0.0585959 
0.0240964 0.0340774 0.0993519 0.107762 0.0681549 0.0538812 0.0538812 0.0340774 0.0240964 0.0722892 
0.0366003 0.0366003 0.11574 0.0732007 0.0258803 0.0933129 0.0517607 0.0517607 0.106707 0.0933129 
0.0811574 0.0256642 0.057387 0.0811574 0.0811574 0.0513285 0.0362947 0.0362947 0.105816 0.0362947 
0.0284844 0.0284844 0.063693 0.063693 0.080566 0.040283 0.0284844 0.0900755 0.120849 0.0284844 
0.131624 0.0225733 0.159617 0.0930721 0.181992 0.13544 0.0677199 0.0504754 0.112867 0.0638469 
0.0681351 0.0761774 0.0722682 0.0538655 0.0538655 0.0240894 0.0761774 0.0538655 0.0868555 0.0340675 
0.0525226 0.0525226 0.0234888 0.0742781 0.0704664 0.0234888 0.0742781 0.105045 0.0332182 0.0742781 
0.0672673 0.0672673 0.0752071 0.0531795 0.106359 0.0752071 0.0237826 0.0475652 0.0752071 0.0336336 
0.0762986 0.0568696 0.0762986 0.0254329 0.0568696 0.0568696 0.0254329 0.0359675 0.071935 0.0254329 
0.108561 0.06866 0.14565 0.04855 0.108561 0.06866 0.0542805 0.0542805 0.06866 0.0767643 
0 0.0303693 0.0214744 0.0480181 0.0679079 0.0480181 0 0.0214744 0.0303693 0.0679079 
0.0348525 0.0551067 0.069705 0.0246444 0.192479 0.069705 0.0551067 0.0246444 0.069705 0.0246444 
0.0981622 0.0336694 0.142847 0.191945 0.191945 0.166655 0.0238078 0.0238078 0.0858404 0.191945 
0.0487479 0.03447 0.100496 0.0487479 0.0878815 0.0545018 0.0770772 0.0545018 0.0243739 0.0243739 
0.0743602 0 0.0847837 0.0235148 0.0969539 0.0665098 0.0235148 0.0525806 0.0235148 0.0940591 
0.0722205 0.0228381 0.094164 0.064596 0.094164 0.102135 0.0685144 0.153203 0.0823441 0.146235 
0.0358029 0.0566093 0.0253165 0.0253165 0.0566093 0.0716057 0.0800577 0.0358029 0.113219 0 
0.0594386 0.0594386 0.0840588 0.0375923 0.0840588 0.0797452 0.0594386 0 0.0751845 0.0375923 
0.0496751 0 0.0444307 0.140502 0.0888615 0.0496751 0 0.0702512 0.0800986 0.0800986 
0.0342393 0.0765615 0.0684787 0.0541372 0.0872936 0.0541372 0.0342393 0.0765615 0.0765615 0.0765615 
0.0246258 0.0246258 0.0696522 0.0778735 0.0696522 0.125567 0.0348261 0.0550649 0.0246258 0 
0.0453814 0.0320895 0.0962684 0.0641789 0.0453814 0.0453814 0.0453814 0.0226907 0.0818124 0.0818124 
0.021734 0.043468 0.043468 0.065202 0.021734 0 0.0485987 0.0687289 0.078363 0.0485987 
0.0532322 0.0476123 0.0858343 0.033667 0.0752817 0.0532322 0.0532322 0.0532322 0.106464 0.0752817 
0.0219767 0.0659301 0.0694964 0.0219767 0.0219767 0.0982828 0.0439534 0 0.0310797 0.0310797 
0.0263158 0.0263158 0.0263158 0.111648 0 0.0263158 0.0744323 0.0372161 0 0.0263158 
0.114935 0.0325085 0.0828808 0.0828808 0.114935 0.0726912 0.0514005 0.022987 0.0726912 0.0828808 
0.0210515 0.0470725 0.0842059 0.0631544 0.0631544 0.105257 0.0665706 0.0470725 0.0759021 0.0470725 
0.164936 0.0453114 0.0679671 0.0226557 0.0506597 0.0716436 0.0816863 0.15859 0.03204 0.0226557 
0.0353333 0.0353333 0.124922 0.111734 0.103013 0.0749532 0.0790076 0.0999376 0.0499688 0.0558668 
0.0544371 0.024345 0.0486901 0.0877772 0.103287 0.0688581 0 0.0544371 0.0877772 0.124136 
0.0501349 0.022421 0.150405 0.130736 0.191565 0.0634162 0 0.0317081 0.0808401 0.0317081 
0.0949734 0.0832972 0.0949734 0.200606 0.0790227 0.0526818 0.0263409 0.0790227 0.0745033 0.105364 
0.0345418 0.0546155 0.0244248 0.0880648 0.0732743 0.0546155 0.0345418 0.0976991 0.0546155 0.0488496 
0.0526134 0.0470588 0.117647 0.0332756 0.0470588 0.0470588 0.0235294 0.0526134 0.0526134 0.0332756 
0.097065 0.072348 0.164979 0.161775 0.0915138 0.116658 0.0457569 0.144696 0.161775 0.12942 
0.0880648 0.0732743 0.0880648 0.131531 0.0880648 0.0880648 0.0546155 0.0690837 0.122124 0.196919 
0.0761774 0.107731 0.0340675 0.0240894 0.0538655 0.0538655 0.0722682 0.0538655 0.0538655 0.0722682 
0.0542127 0.0342871 0 0.130561 0.0874153 0.0874153 0.0342871 0.0685742 0 0.130561 
0.0742014 0.0829597 0.111302 0.15297 0.0524683 0.117323 0.0262342 0 0.0262342 0.0829597 
0.0238824 0.0534027 0.186528 0.0534027 0.172218 0.0675496 0.0238824 0.0861092 0.0861092 0.0238824 
0.120238 0.0480951 0.0961903 0.15398 0.14022 0.146276 0.053772 0.0680168 0.0340084 0.0240476 
0.024454 0.0489079 0.218723 0.08817 0.148748 0.124691 0.024454 0.0345831 0.12227 0.103749 
0.138675 0.05547 0.248069 0.1 0.211224 0.124035 0.168705 0.11767 0.0784465 0.124035 
0.0596285 0.0754247 0.0596285 0.0533333 0.0266667 0.0377124 0.0843274 0.0754247 0.0843274 0.133333 
0.0878072 0.0878072 0.0277671 0.0620891 0.124178 0.0878072 0.0555341 0.124178 0.0277671 0.0620891 
0.130222 0.0781332 0.130222 0.130222 0.110497 0.0736647 0.0823596 0.0260444 0.0582371 0.0260444 
0.142655 0.0475517 0.0951034 0.0951034 0.0475517 0.0475517 0.0425315 0.0601487 0.0212658 0.0672483 
0.0542805 0.0542805 0.0542805 0.0875247 0.06866 0.0542805 0.024275 0.0542805 0.024275 0.121375 
0.049029 0.0245145 0.0548161 0.0245145 0.101076 0.0245145 0.0548161 0.0693375 0.0346688 0.0346688 
0.0550649 0.0348261 0.0696522 0.0348261 0.0550649 0.0985031 0.0246258 0.0887894 0.0492515 0.0348261 
0.0829081 0.0459892 0.0325193 0.0514175 0.0948091 0.0229946 0.0514175 0.0948091 0.0514175 0.0689837 
0.101258 0.0253144 0.0759433 0.0566048 0.0912725 0.0253144 0 0.0759433 0.0566048 0.0800512 
0.0907627 0 0.0717542 0.0226907 0.0320895 0.0226907 0.0226907 0.0641789 0.0453814 0.068072 
0.0766683 0.0242447 0.145468 0.0242447 0.0766683 0.0766683 0.0242447 0 0.0242447 0.0685742 
0.0754247 0.0533333 0.0596285 0.0596285 0.0266667 0.106667 0.0533333 0.0843274 0 0 
0.0172388 0.0344776 0.131287 0.120672 0.156104 0.0243794 0.0344776 0.0517165 0.0243794 0.0385472 
0.0525906 0.108418 0.0262953 0.0587981 0.0587981 0.0831531 0.0262953 0.0587981 0.0587981 0.0525906 
0.0330906 0.0330906 0.0523209 0.0233986 0.0523209 0.0523209 0.0233986 0.0739929 0.0330906 0.0523209 
1.13454 0.0968468 0.0968468 0.0332182 0.0234888 0.0704664 0.0469776 0.0704664 0.0525226 0.0332182 
0.0800512 0.0716 0.0566048 0 0.0358 0.0506289 0.0716 0.0912725 0.0358 0.0253144 
0.047775 0.0716625 0.0534141 0.0984907 0.0675641 0.0534141 0.033782 0 0 0.0534141 
0.101474 0.079603 0.0844317 0.0562878 0.112576 0.143506 0.0629317 0.079603 0.0629317 0.0889988 
0.0675352 0.0675352 0.042713 0.0477546 0.0213565 0.0213565 0.0477546 0 0.0604053 0.0213565 
0.0493865 0.0493865 0.0312348 0.0493865 0.0624695 0.0220863 0.098773 0.118938 0.0441726 0.0441726 
0.0232495 0.0735215 0.0838274 0.0735215 0.0735215 0.155963 0.0464991 0.116248 0.0657596 0.135567 
0.0238484 0.0476968 0.0476968 0.121604 0.0337268 0.0715453 0.0754153 0.0238484 0.0715453 0.0533267 
0.0909959 0.0564333 0.104058 0.100951 0.135909 0.0713831 0 0.0564333 0.0713831 0.0909959 
0.10775 0.104533 0.10775 0.0826404 0.0826404 0.0584356 0.0522664 0.0584356 0.110874 0.0783996 
0.0344291 0.0344291 0.0688581 0.0344291 0.0973801 0.0544371 0.0544371 0.0544371 0 0.024345 
0.0403034 0 0.0569976 0 0.145316 0.145316 0.0901212 0.0637253 0.0284988 0.117504 
0.0289384 0.0647083 0.246402 0.210675 0.390937 0.0647083 0.0737788 0.0737788 0.0843693 0.110194 
0.0871627 0.0551266 0.0616334 0.110253 0.0779607 0.0551266 0.0871627 0.0616334 0.0275633 0.0551266 
0.0347053 0.0490807 0.0776034 0.122702 0.104116 0.125132 0.0694106 0.0776034 0.0884814 0.0694106 
0.0710389 0 0.0502321 0.0753481 0.0355194 0.0794239 0.0710389 0.0753481 0.025116 0.0905572 
0.0743744 0.0831531 0.0525906 0 0.0587981 0.0743744 0.0371872 0.0831531 0.111562 0.0743744 
0.0714628 0.0357314 0.126329 0.0252659 0.107194 0.104174 0.0252659 0.0714628 0.0564963 0.136061 
0.046942 0 0.023471 0.070413 0.066386 0.023471 0.023471 0.0524828 0.0967735 0.093884 
0.723241 0.152388 0.0240946 0.0963785 0.154281 0.0963785 0.0761939 0.0481893 0.0761939 0.107754 
0.0710579 0.0317781 0.0317781 0.044941 0.0674115 0.100491 0.0224705 0.0224705 0.0502455 0.0502455 
0 0.0938853 0.0296891 0.122411 0.066387 0.0593783 0.0419868 0.0593783 0.148446 0.122411 
0.062819 0.0314095 0.0314095 0.0496628 0.0496628 0.0314095 0.0314095 0.062819 0.111049 0.0993256 
0.0558842 0.0249922 0.174945 0.0558842 0.230417 0.124961 0.0558842 0.0706886 0.0706886 0.0706886 
0.0767655 0 0.231714 0.0572176 0.206301 0.0361876 0.0572176 0.0361876 0.102354 0.130476 
0.289757 0.0620592 0.0784993 0.0832611 0.141517 0.0877649 0.0877649 0.0620592 0.100067 0.138768 
0.0558842 0.0558842 0.0706886 0.0499844 0.0558842 0.0353443 0.0749766 0.106033 0.0558842 0.0749766 
0.052518 0.058717 0.108269 0.0371359 0.141409 0.141409 0.058717 0.0787771 0.0946783 0.0371359 
0.103203 0.103203 0.0243252 0.0877058 0.0769231 0.0543928 0.034401 0.0486504 0.0543928 0.034401 
0 0.058717 0.058717 0.0946783 0.0787771 0.0742717 0.052518 0.058717 0.0787771 0.058717 
0.0544735 0.0487226 0.0770371 0.0544735 0.108947 0.0770371 0.0770371 0.034452 0.137808 0.0689041 
0.0542885 0 0.13734 0.0875376 0.100103 0.100103 0.0242786 0.0343351 0.0343351 0.0686702 
0.031748 0.0224492 0.050198 0.150594 0.0448985 0.0709908 0.050198 0.112246 0.15874 0.050198 
0.078903 0.0249513 0.201164 0.157806 0.223171 0.213184 0.0352865 0.105859 0.201164 0.111586 
0.109329 0 0.0265162 0.109329 0.0265162 0.0838517 0.0374996 0 0.106065 0.0749993 
0.0538772 0.0538772 0.038097 0.157078 0.161632 0.152388 0.038097 0.0269386 0.038097 0.0808159 
0.034368 0.0486037 0.0486037 0.0243019 0.0486037 0.0543406 0.034368 0.034368 0.034368 0.0243019 
0.0470588 0.0235294 0.0332756 0.0332756 0.449529 0.0470588 0.0848365 0.0526134 0.0665512 0.0848365 
0.0692175 0 0.0729616 0.0652588 0.0692175 0.0230725 0.046145 0 0.0230725 0.0230725 
0.0364844 0.0515968 0.103194 0.109453 0.0364844 0.0257984 0.0257984 0.0257984 0.0515968 0.0364844 
0.0526134 0.0588235 0.0588235 0.0372033 0.0948501 0.0948501 0.0588235 0.0263067 0.0588235 0.0372033 
0 0.0278369 0.0622452 0.149906 0.139185 0.0622452 0 0.0835107 0.0278369 0.0393673 
0.0227214 0.0508066 0.0321329 0.0227214 0.0227214 0.0508066 0.0508066 0.0508066 0.0508066 0.0227214 
0.0828849 0.0926681 0.149423 0.0293042 0.0926681 0.0414424 0.0414424 0.0879127 0.105658 0.0293042 
0.0745033 0.108606 0.0949734 0.237068 0.1178 0.134313 0.153592 0.131704 0.108606 0.108606 
0.0486073 0.030742 0.0217378 0.0783769 0.0434757 0.0217378 0.0434757 0.0486073 0.0486073 0.0687411 
0.0223817 0.0223817 0.067145 0.162941 0.0223817 0.0447633 0.0500469 0.0447633 0.0806983 0.0806983 
0.038222 0.0604343 0.085467 0.085467 0.114666 0.181303 0.027027 0.038222 0.135135 0.157593 
0.0696921 0.0232307 0.0232307 0.0464614 0.0328532 0.0519454 0.0464614 0.0232307 0.0519454 0.0696921 
0 0.0233348 0.0962119 0.104357 0.0233348 0.0466696 0.0233348 0.0233348 0.0330004 0.0962119 
0.228356 0.0713263 0.100871 0.106989 0.15949 0.0713263 0.0713263 0.178316 0.0252177 0.183587 
0.199678 0.024767 0.173369 0.0495339 0.102117 0.0553806 0.024767 0.07832 0.0700516 0.0350258 
0.0324614 0.0459073 0.0229537 0.0513259 0.0459073 0.0229537 0.068861 0.0513259 0.0725858 0.0229537 
0.0324764 0.0459285 0.0649527 0.0229642 0.0827988 0.0324764 0.0459285 0.0688927 0.0827988 0.0726193 
0.0691632 0.0489058 0.0691632 0.0618614 0.0218713 0.0978115 0.0309307 0.0691632 0 0.0656139 
0.0271939 0.0271939 0.380715 0.630758 0.598884 0.501431 0.0543878 0.165414 0.217551 0.13597 
0.0530558 0.0335554 0.0237273 0.0474546 0.0855499 0.0711818 0.0855499 0.0750322 0.0530558 0.0750322 
0.0910975 0.0910975 0.153686 0.0714628 0.0564963 0.0564963 0.104174 0.101064 0.0505318 0.0564963 
0.256689 0.0790712 0.215989 0.111824 0.131582 0.0904214 0.0490379 0 0.109652 0.0620285 
0 0.0987579 0.0349162 0.0698324 0.0552073 0.0698324 0.0552073 0.0890192 0.0349162 0.078075 
0.0599625 0.0212 0.0474045 0.0299813 0.0474045 0 0.0474045 0.0874097 0.0635999 0.0299813 
0.0309307 0.0309307 0.0489058 0.109357 0.0218713 0.0218713 0.0618614 0.0978115 0.0927921 0.0218713 
0.11322 0.0716069 0.0816444 0.0816444 0.11322 0.0816444 0.0716069 0.093364 0.0506337 0.0320236 
0.057387 0.0362947 0.0513285 0.057387 0.0811574 0 0.0256642 0.057387 0.0362947 0.0256642 
0.0519139 0.0519139 0.0656665 0.118382 0.0837087 0.0928664 0.0734174 0.118382 0.0519139 0.0656665 
0.0724619 0.0324059 0.0648119 0.0724619 0.116841 0.0324059 0.0916578 0.0944787 0.0972178 0.0229145 
0.0886212 0.0495408 0.0443106 0.11297 0.0313323 0 0 0.0221553 0.0313323 0.0664659 
0.0243902 0.034493 0.034493 0.0771287 0 0.124366 0.034493 0 0.0487805 0.0243902 
0 0.0614839 0.030742 0.0783769 0 0.030742 0.0486073 0.030742 0.030742 0.0486073 
0.0613103 0.0484701 0.0306552 0.043353 0.131853 0.0650294 0.0306552 0.0650294 0.0484701 0.0484701 
0.0250903 0 0 0.125452 0.0904645 0.0501807 0.0501807 0.10345 0.0561037 0.0709662 
0.0305977 0.0432717 0.0684186 0 0.0305977 0.0305977 0.0432717 0.0216358 0.0432717 0.0216358 
0.0952111 0.0238028 0.0858221 0.075271 0.0238028 0 0.0238028 0.0532246 0.0476056 0.0532246 
0.0752817 0.0238062 0.134668 0.0532322 0.138813 0.0981553 0.033667 0.106464 0.033667 0.033667 
0.0454428 0.0203226 0.121936 0.0454428 0.130128 0.136328 0.0287406 0.0406453 0.154773 0.0908856 
0.0733387 0.0643223 0.101703 0.0203405 0.0733387 0.081362 0.0203405 0.083866 0.0575316 0.0575316 
0.0968335 0.0525153 0.0234856 0.0469711 0.0234856 0.0332136 0.0664272 0.0704567 0.0332136 0.0664272 
0.071935 0.0254329 0.113739 0.0804258 0.0254329 0.0568696 0.0254329 0.0568696 0.0254329 0.0254329 
0.0365575 0.0932037 0.115605 0.285523 1.1377 0.232651 0.0578025 0.12925 0.0817451 0.106583 
0.0479705 0 0.119926 0.129164 0.145896 0 0.0239852 0.08648 0.0536326 0.0678405 
0.025974 0.0580797 0.0580797 0.0367328 0.0779221 0 0.0821371 0.025974 0.103896 0.025974 
0.0596232 0.0266643 0.0843199 0 0.0596232 0.037709 0 0.0266643 0.0596232 0.113127 
0.100855 0.031893 0.131498 0.0676553 0.0451035 0.063786 0.0225518 0.031893 0.0225518 0.0956791 
0.0667688 0 0.17978 0.0236063 0.120369 0.0333844 0.0333844 0.0851138 0.0746497 0.0746497 
0.765765 0.0403034 0.072658 0.0403034 0.0201517 0.0569976 0.0450606 0.0637253 0.0901212 0 
0.0325107 0.0325107 0.0650213 0.0514039 0.094784 0.0325107 0.091954 0.072696 0.0229885 0.0229885 
0.0310816 0.0879121 0.0879121 0.0792429 0.0491444 0.0621632 0.0906177 0.0491444 0.0695006 0.0695006 
0.054522 0 0.121915 0.054522 0.154212 0.048766 0.024383 0.024383 0.054522 0.100534 
0.0868335 0.0434167 0.0868335 0.124327 0.118106 0.0970828 0.0800565 0.0800565 0.0800565 0.104561 
0.0588172 0.0294086 0.0588172 0.0929981 0.178885 0 0.0294086 0.0657596 0.0294086 0.0588172 
0 0 0.0647083 0.0204626 0.0204626 0.0204626 0.0578769 0.0578769 0.0457557 0.0204626 
0.118248 0.0490999 0.237514 0.0905357 0.2455 0.109791 0 0.0981998 0.0439163 0 
0.27135 0.0678375 0.191874 0.0606757 0.0910136 0.121351 0.0678375 0.0429042 0.125086 0.128713 
0.0492889 0.0492889 0.0246444 0.0779326 0.101612 0.0551067 0.0348525 0.0246444 0.0492889 0.125663 
0.079391 0.0396955 0.028069 0.028069 0.163669 0.0887619 0.028069 0 0.143124 0.125528 
0.097429 0.0229642 0.0827988 0.0649527 0.0688927 0.114821 0.0324764 0.0827988 0.0459285 0.0726193 
0.0470588 0.0848365 0.0526134 0.0470588 0.0332756 0.0941176 0.0705882 0.0332756 0.0526134 0.0235294 
0.0499688 0.031603 0.130303 0.0632061 0.0921379 0.0670402 0.0999376 0.113946 0.0223467 0.0499688 
0.120019 0.022287 0.219501 0.0498352 0.179683 0.0996704 0.044574 0.0498352 0.0803568 0.0315185 
0.0529367 0.0334801 0.0669603 0.0853579 0.0710221 0.105873 0.0529367 0.0334801 0.0529367 0.0669603 
0.0353443 0.0499844 0.0499844 0.0749766 0.0353443 0.0353443 0.0249922 0.0249922 0.0790322 0.0790322 
0.0810236 0.0224719 0.0635602 0.0224719 0.14389 0.0635602 0 0.0224719 0.0224719 0.0898876 
0.0475887 0.0532058 0.0752444 0.0673006 0.428959 0.0237944 0.0475887 0.0237944 0.0532058 0.0336503 
0 0.021734 0.061473 0 0.0307365 0.0307365 0.021734 0.0485987 0.043468 0.021734 
0.0630912 0.0446122 0.0446122 0.071935 0.0598535 0.0282152 0.0446122 0.0798047 0.0199512 0.0399024 
0.067145 0.0500469 0.161397 0.0500469 0.0707771 0.0707771 0.0447633 0.0223817 0.0316525 0.0316525 
0.0756524 0.0338328 0.0756524 0.0534943 0.0986386 0.0676655 0.0534943 0.0534943 0.0338328 0.0534943 
0.0819391 0.0819391 0.0937009 0.122382 0.160696 0.257113 0.0718653 1.06715 0.209522 0.0508164 
0.0519981 0.0657729 0.103996 0.0958797 0.14145 0.265139 0.0465085 1.07121 0.1489 0.0958797 
0.0310348 0.0310348 0.0490703 0.0219449 0.0693959 0.0219449 0.0310348 0.0219449 0.0620696 0.0620696 
0.0496139 0.0248069 0.0496139 0.204563 0.224636 0.0894427 0.0496139 0.0784465 0.0496139 0.0248069 
0.0209957 0.0296924 0.0593848 0.0419914 0.0469478 0.0209957 0.0296924 0.0296924 0.0593848 0.0209957 
0.124939 0.0493865 0.0493865 0.2 0.110432 0.0312348 0.0312348 0.0441726 0.0624695 0.0493865 
0.055832 0.0249688 0.0789583 0.0789583 0.0249688 0.0706225 0.0499376 0.0353112 0.055832 0.0353112 
0.102564 0.0648672 0.0324336 0.0688021 0.0324336 0.0512821 0.0688021 0.0688021 0.022934 0.0324336 
0.0953162 0.0710445 0.0224662 0.0926307 0.050236 0.0317721 0.100472 0.0449325 0.0224662 0.0224662 
0.0240946 0.034075 0.0993447 0.0538772 0.0868744 0.0481893 0.0538772 0.034075 0.0538772 0.0538772 
0.05 0.0632455 0.156525 0.180278 0.2 0.0223607 0.0632455 0.05 0.0707107 0.05 
0.0433861 0.0433861 0.0306786 0.0433861 0.021693 0.0485071 0.021693 0.0433861 0.0433861 0.0685994 
0.0899438 0.0474045 0.0474045 0.0874097 0.0764375 0.0764375 0.0212 0.0599625 0.0474045 0.0764375 
0.088752 0.0627572 0.044376 0.0496139 0.022188 0.0313786 0.044376 0.0992278 0.0496139 0.066564 
0.0420215 0.0469815 0.0630323 0.0757554 0.105054 0.0210108 0.0469815 0.0594274 0.0469815 0.0594274 
0.0458109 0.122923 0.0458109 0 0.11946 0.102436 0.0204872 0.0579467 0.0844711 0.0458109 
0.0216043 0.0305531 0.0778953 0.0305531 0.0864171 0.0483086 0.0216043 0.0216043 0.0432085 0.0216043 
0.844523 0.0438898 0.0620696 0.0620696 0 0.0310348 0.0310348 0.0310348 0.0219449 0.0438898 
0.0531306 0.0979681 0.0672055 0.0237607 0.0531306 0 0.0336028 0.106261 0.0531306 0.0336028 
0.70725 0.0519139 0.0837087 0.0464332 0.0328332 0.0696498 0.0696498 0.0656665 0.0696498 0.0984997 
0.0222208 0.0702685 0.0444417 0.119663 0.169229 0.0496873 0.0444417 0 0.0496873 0.0496873 
0.0641335 0.050702 0.050702 0.0226746 0.050702 0.050702 0.0453493 0.0717035 0.0962003 0.0717035 
0.0526134 0.0372033 0.0948501 0.0372033 0.0948501 0.108465 0.0744065 0.0263067 0.07892 0.0744065 
0.0612679 0.0612679 0 0.0387492 0.0387492 0.0774984 0 0.0387492 0.0774984 0.0273998 
0.0502202 0.031762 0.0224592 0.0710221 0.031762 0.0673775 0.0710221 0.136614 0.031762 0 
0.0831082 0 0.0415541 0.12115 0.158233 0.0831082 0.0657028 0.0657028 0.0587664 0.0831082 
0.0348525 0 0.0246444 0.0348525 0 0.0348525 0.0246444 0.0246444 0.0246444 0.0246444 
0.0336503 0.0752444 0.0532058 0.0857918 0.0336503 0.0475887 0.0532058 0.918474 0.0475887 0.0336503 
0.0322057 0.0322057 0.0910916 0.128823 0.0720142 0.0720142 0.0227729 0.0227729 0.0509218 0.0644115 
0.101001 0.0238062 0.101001 0.171669 0.196311 0.1282 0.033667 0.0532322 0.0238062 0 
0.0509978 0.0570173 0.203991 0.63951 0.4951 0.183875 0.0570173 0.105135 0 0.203991 
0.0310647 0.0491177 0 0.0658983 0.0931942 0.10983 0.0439322 0.0658983 0.0219661 0.0694629 
0.0665098 0.0525806 0.0470295 0.0525806 0.166275 0.117574 0.0525806 0.0235148 0.0705443 0.0470295 
0.593971 0.87096 0.247952 0.276792 0.804927 0.240202 0.0307547 0.110888 1.23976 0.275078 
0.0231994 0.0328089 0.196854 0.0984268 0.141117 0.115997 0.0231994 0.073363 0.162396 0.0328089 
0.0249844 0.0499688 0.413565 0.319956 0.336131 0.444834 0.0249844 0.0558668 0.0353333 0.158015 
0.0525552 0.0525552 0.117517 0.0470068 0.211531 0.0525552 0.0235034 0.0525552 0.096907 0.0235034 
0.0912574 0.0322644 0.0721453 0.0322644 0.0645287 0.0456287 0.0510144 0.0645287 0.0510144 0.0645287 
0.0780809 0.0493827 0.0349189 0.0349189 0 0.0349189 0.0349189 0.0780809 0.0246914 0.0552116 
0.16682 0.116841 0.139383 0.188957 0.178968 0.116841 0.0916578 0.0512383 0.0687434 0.0724619 
0.0234259 0.0523819 0.0740792 0.0331292 0.0740792 0.0702777 0.0331292 0.0468518 0.0523819 0.0331292 
0.0245997 0.0347892 0.122998 0 0.0550065 0.101427 0.0245997 0.0550065 0.125434 0.0695784 
0.0837087 0.0464332 0.0837087 0.0519139 0.0519139 0.103828 0.0232166 0.0734174 0.0957245 0.116083 
0.0951113 0.0326229 0.0515813 0.0922715 0.0461358 0.117624 0.0515813 0.0326229 0.072947 0.0951113 
0.131146 0.0304909 0.0964205 0.0215603 0.0681796 0.0482103 0.0304909 0.0215603 0.0431206 0.0304909 
0.0490379 0.0219304 0.202188 0.06935 0.0980758 0.127875 0 0.0490379 0.111824 0.0310143 
0.0892986 0.0350258 0.024767 0.0892986 0.0892986 0.07832 0.0553806 0.07832 0 0 
0.0966869 0.0469001 0.02345 0.0524359 0.0524359 0.0663267 0.02345 0.0741555 0.09949 0.0703501 
0.0431884 0.0610776 0.24431 0.0610776 0.152694 0.215942 0.0610776 0.0682868 0.195544 0.0610776 
0.0387129 0 0.173129 0 0.159617 0.159617 0.0612105 0.0387129 0.136871 0.116139 
0.0749473 0.0558624 0.0353305 0.0353305 0.0558624 0.0353305 0.0558624 0.0558624 0.0749473 0.105992 
0 0.0517911 0.139452 0.0258955 0.103582 0.115808 0.0366218 0.0732436 0.115808 0.0776866 
0 0.031394 0 0.0800394 0.0221989 0.0701992 0.0496383 0.0496383 0.031394 0.0665968 
0.0709505 0.0634601 0.0951901 0.03173 0.0634601 0.0634601 0.03173 0.0709505 0.134619 0.0634601 
0.0371872 0.0262953 0.0587981 0.0262953 0.0831531 0.153327 0.0371872 0.0587981 0.184067 0.131477 
0.0730723 0.0577687 0.109608 0.0516699 0.0577687 0.0931493 0.0516699 0.0365362 0.115537 0.0365362 
0.118574 0 0.0735364 0.0232542 0 0.0958797 0.0697627 0.0465085 0.103996 0.0697627 
0.874205 0.360444 2.48311 0.117287 0.336313 0.336313 0.199349 0.210536 0.315199 0.297743 
0.0546155 0.0546155 0.103626 0 0.0690837 0.0345418 0.0546155 0.0244248 0.0488496 0.0690837 
0.0733112 0.0366556 0.0733112 0.0579576 0 0.0819645 0.0518389 0.0259194 0.0934539 0.109967 
0.0806983 0.0500469 0.100094 0.0806983 0.180447 0.114125 0.0316525 0.0223817 0.0806983 0.092282 
0.0352865 0.0499026 0.0249513 0.0249513 0.0352865 0.0249513 0.0352865 0.0557928 0.0557928 0.070573 
0.103104 0.068736 0.0729056 0.034368 0.034368 0.0486037 0.0543406 0.0543406 0.034368 0.0729056 
0 0.02493 0.134252 0.02493 0.02493 0.0747899 0.02493 0.0352563 0.12465 0.04986 
0.0368981 0.0368981 0.130455 0.0260909 0.0782727 0.116682 0.0368981 0.0260909 0.107576 0.058341 
0.0759299 0.0679138 0.0480223 0.0759299 0.107381 0.120056 0 0.0536906 0.107381 0.101871 
0.0861277 0.047775 0.432621 0.3822 0.290604 0.3822 0.0534141 0.047775 0 0.0534141 
0.0923287 0.0256074 0.0572598 0.0572598 0.0256074 0.0923287 0 0 0.0809776 0.0923287 
0.0527688 0.0263844 0.117995 0.142084 0.105538 0.149253 0.0263844 0.0746263 0.117995 0.0951303 
0.0999922 0.0353526 0.024998 0.0999922 0.0499961 0.0353526 0 0 0.0558973 0.0499961 
0.034368 0.034368 0.034368 0.034368 0.0243019 0.0543406 0.0768492 0.103104 0.034368 0.0486037 
0.052518 0.0371359 0.199983 0.026259 0.133895 0.108269 0.026259 0.058717 0.111408 0.108269 
0.0330004 0.0330004 0.0990013 0.149416 0.16827 0.132002 0.0521783 0.0330004 0.125662 0.0962119 
0.0714235 0.0336694 0.0238078 0.0336694 0.0476157 0.075287 0 0.0238078 0.075287 0.0981622 
0.0710389 0.025116 0.202492 0.0355194 0.12558 0.168483 0.0502321 0.0561612 0.227435 0.12558 
0.0326229 0.0326229 0.0326229 0.115339 0.0652458 0.0951113 0.0326229 0.0461358 0.0951113 0.103163 
0.053846 0.0481613 0.194144 0.0240807 0.107692 0.0868241 0.0481613 0.0240807 0.129678 0.0868241 
0.0490106 0.0490106 0.122527 0.0346557 0.101038 0.103967 0.0547955 0.0490106 0.0883552 0.0490106 
0.04855 0.0767643 0.176725 0.04855 0.121375 0.10299 0.03433 0 0.121375 0.0767643 
0.0558973 0.0353526 0.0353526 0.024998 0.0353526 0.0999922 0.0353526 0.0558973 0.0790508 0.0558973 
0.0259543 0.0259543 0.116071 0.077863 0.036705 0.0820748 0 0 0.0734099 0.0259543 
0.0348949 0.0348949 0.088965 0.0348949 0.0246744 0.0780274 0.0493489 0.0986978 0.101735 0.0493489 
0.0327013 0.0517053 0.0517053 0.19068 0.124523 0.155116 0 0.0731224 0.0327013 0.134831 
0.0640184 0.0320092 0.0640184 0.050611 0.0320092 0.0226339 0.0320092 0.0905358 0.050611 0.0320092 
0.100307 0.0236426 0.0747644 0.0236426 0.0472852 0.0974808 0 0.0236426 0.118213 0.0472852 
0.0759433 0.0253144 0.129079 0.153982 0.303773 0.101258 0.0253144 0.0506289 0.104374 0.0759433 
0.0591054 0.0264327 0.185029 0.0591054 0.318292 0.213108 0.0373815 0.134781 0.21797 0.0591054 
0.14836 0.034493 0.0487805 0.0771287 0.156174 0.121951 0.0243902 0.068986 0.0545382 0.0879403 
0.131333 0.0519139 0.125025 0.0232166 0.0232166 0.0464332 0.0328332 0.0232166 0.0837087 0.0734174 
0.058616 0.0524277 0.058616 0.104855 0.117232 0.108083 0.0262139 0.037072 0.058616 0.19084 
0.0506597 0.0506597 0.0934119 0.0453114 0.113279 0.0816863 0.03204 0.0679671 0.0934119 0.113279 
0.0380006 0.0268705 0.0968828 0.134352 0.0968828 0.134352 0.0268705 0.0806114 0.120168 0.107482 
0.115463 0 0.0960707 0.093364 0.137739 0.0452882 0.0506337 0.0679323 0.132037 0.0506337 
0.0657383 0.0415765 0.117596 0.0587981 0.117596 0.0881972 0.0587981 0.0415765 0.146995 0.0831531 
0.101743 0.0246763 0 0.074029 0.0987053 0.0697952 0.0493526 0.074029 0.0348976 0.0889717 
0.0972376 0.065229 0.126782 0.247908 0.206272 0.130458 0.0869719 0.122997 0.0783954 0.175298 
0.0934539 0.0518389 0.0366556 0.0934539 0.106869 0.115915 0.0259194 0.0777583 0.0934539 0.0579576 
0.0692336 0.0619244 0.176512 0.0656807 0.201849 0.133173 0.0619244 0.0437872 0.0979111 0.0619244 
0.0512383 0.0324059 0.0944787 0 0 0.0229145 0.0229145 0.0826192 0.0512383 0.0324059 
0.0857918 0.0237944 0.121328 0.0532058 0.121328 0.128137 0.0237944 0.0752444 0.0532058 0.0981066 
0.0344828 0.048766 0.054522 0.154212 0.131306 0.097532 0.024383 0.054522 0.054522 0.0344828 
0.0856283 0.071247 0.0671724 0.0531044 0.075101 0.127892 0.0979197 0.0856283 0.075101 0.134345 
0.044376 0.0496139 0.0627572 0.11094 0.08 0.0313786 0.0496139 0.0627572 0.0496139 0.0496139 
0.0726912 0.022987 0.022987 0.091948 0.0325085 0.0726912 0.0514005 0.0325085 0.117211 0.068961 
0.0651877 0.0206142 0.125391 0.116611 0.371627 0.0618425 0 0.0206142 0.0743255 0.0460947 
0.0407824 0.0203912 0.0735215 0.0735215 0.187997 0.0611736 0.0203912 0.0288375 0.0455961 0.103975 
0.0625918 0.142731 0.0279919 0.163219 0.163219 0.0885181 0.0625918 0.100926 0.115413 0.111968 
0.033782 0.0534141 0.151078 0 0.075539 0.0675641 0.047775 0.047775 0.033782 0.119438 
0.0441457 0.0662186 0.0493564 0.0493564 0.0312157 0.0624315 0.0987128 0.160693 0.11255 0 
0.0256116 0.0362202 0.0512232 0.0362202 0.0809909 0.0256116 0.0572692 0.0256116 0.0256116 0.0362202 
0.0903139 0.114239 0.0903139 0.114239 0.0638616 0 0.0807792 0.0638616 0 0.0571195 
0 0.0676897 0.115271 0.0478639 0.0957278 0.0214054 0.0642161 0.124814 0.0428108 0.0478639 
0.063693 0.0900755 0.0225189 0.0712109 0.063693 0.0225189 0.0675566 0.0712109 0.0225189 0.0318465 
0.0705258 0.0669066 0.0804118 0.0498693 0.0919544 0.0705258 0.0997385 0.0498693 0.0446044 0.0705258 
0.0678141 0.0479518 0.167489 0.0479518 0.0678141 0.0428894 0.0643341 0.0303274 0.107224 0 
0.0721453 0 0.122859 0.0822583 0.116331 0.0912574 0.0456287 0.102029 0.0456287 0.0322644 
0.0537254 0.0759792 0.192214 0.0720802 0.135916 0.0240267 0.0679579 0.0480535 0.0679579 0.0339789 
0.0500972 0.0316842 0.0672124 0.0224041 0.0708481 0.0708481 0.0500972 0.0224041 0.0672124 0.0448083 
0.0536326 0.0239852 0.0239852 0.0536326 0.0536326 0.0479705 0.0339202 0.0239852 0.0239852 0.0239852 
0.055832 0 0.0353112 0.0789583 0.0353112 0.055832 0.0353112 0.055832 0.0249688 0 
1.20982 0 0.0968391 0.0600571 0.0600571 0.15661 0.163373 0.841228 0.163373 0.15661 
0.0362143 0.0512148 0.0256074 0.0512148 0.144857 0.10243 0.0572598 0.242933 0.130573 0.1379 
0.0240337 0.0240337 0.0480673 0.0537409 0.0480673 0.0537409 0.0339887 0.0537409 0.129425 0.0537409 
0.0423595 0.0211797 0.0473593 0.0423595 0.0211797 0.0635392 0.084719 0.0299527 0.0211797 0.0423595 
0.435224 0.0774984 0.0303974 0 0.0214942 0.0859768 0.0429884 0.12159 0.0429884 0.0214942 
0.0428894 0 0.0606548 0.0428894 0.0606548 0 0.0303274 0.0214447 0 0.0479518 
0.0442266 0.0279713 0.0625458 0.126646 0.0713132 0.0395575 0.0442266 0.0279713 0.0279713 0.0197787 
0 0.0470569 0.0665485 0.0470569 0.0758769 0.0941137 0.0420889 0.0941137 0.0631334 0.0758769 
0.0232984 0 0.0520968 0.0658978 0.0698951 0.0329489 0.0520968 0.0329489 0 0.0465968 
0.0438445 0.0196078 0.141394 0.0554594 0.0277297 0.0392157 0.0196078 0.0277297 0 0.083189 
0 0.0243019 0.0243019 0.0243019 0 0.0486037 0.0543406 0.0486037 0.0543406 0.0876216 
0.0635999 0.0299813 0.0670402 0.106 0.0299813 0.0299813 0 0.0423999 0.0599625 0.0635999 
0.0355194 0.0502321 0.025116 0.14645 0.0794239 0.0502321 0.0355194 0.0561612 0.0355194 0.0710389 
0.0235702 0.1 0.0471405 0.0527046 0.150923 0.0971825 0.105409 0.0745356 0.0333333 0.0527046 
0.121391 0.0271438 0.165109 0.195736 0.362143 0.244294 0.0858361 0.945367 0.0767742 0.0858361 
0.0700107 0.038835 0.0194175 0.0582524 0.0776699 0 0.0700107 0.0700107 0.0194175 0.038835 
0.0210515 0.0631544 0.0210515 0.0867974 0.0665706 0.0470725 0.0421029 0.0595425 0.0297713 0.0297713 
0.0285467 0.0451363 0.0403711 0.07278 0.0807422 0 0.0570934 0.0201856 0.0285467 0 
0.0208153 0.0588745 0.0588745 0.0294372 0.0624458 0.0208153 0.0658237 0.0465444 0.0294372 0.0465444 
0.0442894 0.0396137 0.0594205 0.170385 0.100995 0.0885789 0.0198068 0.0816657 0.0714146 0.0885789 
0.0251876 0.0796503 0.103851 0.0251876 0.0796503 0.0251876 0.0503753 0.0251876 0.0251876 0.0503753 
0.104174 0 0.101064 0.0798978 0.178657 0.112993 0.0252659 0.0798978 0.0798978 0.0252659 
0.0409917 0.0289855 0.0648136 0.0409917 0.147798 0.0819834 0.0289855 0.0409917 0 0 
0.0530558 0.0237273 0.120986 0.0530558 0.185316 0.0750322 0.0474546 0.0335554 0.0711818 0.0237273 
0.0247234 0.0494468 0.0988936 0.0699284 0.101937 0.0552832 0.0247234 0 0.0349642 0.0552832 
0.380841 0.040369 0.145553 0.102921 0.243891 0.117695 0.0902679 0.0285452 0.102921 0.117695 
0.0725178 0.0573304 0.0810774 0.0362589 0.164169 0.155955 0.0362589 0.513419 0.128195 0.102556 
0.0251797 0.0796251 0.0251797 0.0563034 0 0.0356094 0.0251797 0.0563034 0.0356094 0.0503593 
0.14486 0.0248433 0.102431 0.0351337 0.0351337 0.0555513 0.126676 0.0785614 0.0555513 0.0702674 
0.0570359 0.0510144 0.127536 0.0570359 0.127536 0.0360727 0.0919676 0.0510144 0.108218 0.0919676 
0.0843649 0.059655 0.059655 0.160071 0.0754583 0.059655 0.059655 0.0961908 0.0843649 0.059655 
0.0916812 0.0497211 0.0667079 0.022236 0.0801729 0.0801729 0.0497211 0.0916812 0.022236 0.0801729 
0.0494952 0 0.0313035 0.0494952 0.0885398 0.0494952 0.0494952 0.0494952 0.0442699 0.0699968 
0.044941 0.0502455 0.0674115 0.0317781 0.0926482 0.0926482 0.0317781 0.0224705 0.100491 0.0224705 
0 0 0.0899632 0.078903 0.149708 0.0249513 0.0249513 0.0352865 0.0557928 0 
0.0552073 0.0349162 0.0552073 0.078075 0.132957 0.0246895 0.0246895 0.0246895 0.0698324 0.0698324 
0 0 0.0251537 0.0562455 0.0251537 0.0251537 0.0251537 0.0355728 0.125769 0.0251537 
0.0244668 0.0489336 0.191092 0.0244668 0.0773707 0.0244668 0.0489336 0.103804 0.0244668 0.0489336 
0.145392 0.045977 0.117219 0.0650213 0.175075 0.139834 0.0650213 0.045977 0.154212 0.123797 
0.0229824 0.0229824 0.0513903 0.0229824 0.0513903 0.0513903 0.0229824 0.0513903 0.0513903 0.0325021 
0.0438608 0.0219304 0.0310143 0 0.0219304 0.0438608 0.0490379 0 0.0438608 0.0657912 
0.0775217 0.0548161 0.138675 0.0548161 0.0548161 0.0346688 0.0548161 0.049029 0.0693375 0.0245145 
0.0356632 0.0909235 0.0252177 0.0909235 0.0797452 0.0504353 0.0356632 0.0252177 0.0504353 0.0563884 
0.0302389 0.0478119 0.0427642 0.0478119 0.106911 0.0770943 0.0770943 0.0302389 0 0.0641464 
0.111701 0 0.0605783 0.0605783 0.0541828 0.0856706 0.0383131 0.0270914 0.223402 0.157969 
0.0937456 0.0937456 0.130002 0.03677 0.107202 0.174416 0.0780011 0.156002 0.151607 0.0260004 
0.0481788 0.0340675 0.0481788 0.0538655 0.0761774 0.0240894 0.0340675 0.0481788 0.0340675 0.0240894 
0.0356632 0.0356632 0.103975 0.0909235 0.196956 0.248365 0.0356632 0.75653 0.21693 0.196956 
0.040681 0 0.0733387 0.040681 0.083866 0.0575316 0.0610215 0.0203405 0.0643223 0.0203405 
0.104083 0.0357001 0.0714001 0.0714001 0.0252438 0.0357001 0 0.0564467 0.0757313 0.0910176 
0.25438 0.0595458 0.0470751 0.0665743 0 0.0421053 0.0297729 0.0297729 0.0470751 0.0759063 
0.0465822 0.0589224 0.139747 0.0294612 0.0465822 0.0931644 0.0416644 0.0751116 0.0416644 0.0658772 
0.0476056 0.0532246 0 0.0532246 0.0238028 0.0532246 0.0336622 0.0532246 0.0673244 0.0532246 
0.51803 0.132681 0.0414424 0.0828849 0.0655262 0.0747114 0.0926681 0.103606 0.0207212 0.0414424 
0.141803 0.044842 0.0317081 0.0501349 0.0709015 0.0501349 0.022421 0.044842 0.0672631 0.0501349 
0.0205304 0.0205304 0.087103 0.148047 0.137722 0.0410607 0.0205304 0.087103 0.0290343 0.0290343 
0.0474045 0.0299813 0.0670402 0.135746 0.221334 0.0635999 0.0635999 1.07264 0.0948091 0.108099 
0.0836467 0.073363 0.115997 0.0328089 0.0956537 0.0984268 0.0328089 0.0231994 0.0956537 0.115997 
0.156518 0.0798087 0.0221349 0.0313035 0.0626071 0.0494952 0.0313035 0.0221349 0.0313035 0.0221349 
0.134367 0.0249513 0.167379 0.14549 0.176432 0.176432 0.0899632 0.0499026 0.14549 0.179926 
0.037699 0.0961139 0.0961139 0.0842974 0.0533144 0.037699 0.0842974 0.0753979 0.0266572 0.037699 
0.635137 0.0238028 0.224555 0.128182 0.191904 0.150542 0.0858221 0.0238028 0.191904 0.0476056 
0.026259 0.131295 0.166077 0.026259 0.191169 0.157554 0.108269 0.0742717 0.159727 0.0946783 
0.123023 0.0843931 0.0596749 0.0421965 0.0895124 0 0.0667186 0.0943543 0.0596749 0.0596749 
0.022987 0.0828808 0 0.0325085 0.022987 0.045974 0.0514005 0.0325085 0.0325085 0.045974 
0.0537837 0.0991722 0 0.0481056 0.0340158 0.0240528 0.0340158 0.0240528 0 0.0240528 
0.0644231 0 0.0303693 0.0607387 0.0679079 0.0480181 0.0480181 0.0774269 0.0480181 0.0885411 
0.0324059 0.0229145 0.0826192 0.0458289 0.0826192 0.0229145 0.0229145 0.0944787 0.0512383 0.0687434 
0.0767643 0 0.0875247 0.108561 0.123779 0.0542805 0.04855 0.130725 0.100088 0.06866 
0.0545139 0 0.0731381 0.156104 0.142155 0.148294 0.0545139 0.121897 0.0879011 0.177484 
0.0259653 0.0259653 0.103861 0 0.107058 0.0580601 0.0580601 0.0580601 0.0259653 0.129826 
0.0868241 0.053846 0.0761497 0.0481613 0.154191 0.154191 0.0481613 0.0761497 0.120403 0.152299 
0.087386 0.0787687 0.0617913 0.087386 0.0218465 0.0218465 0.0617913 0.0690847 0.0488503 0.0218465 
0.0684867 0.0216574 0.0892958 0.0612564 0.0968549 0.0484274 0.0780869 0.0484274 0.0433148 0.0306282 
0.0600943 0.0671875 0.0671875 0.0212466 0.0475088 0.0300472 0.0475088 0.0424931 0.0424931 0.0475088 
0.0229642 0 0 0.0324764 0.0229642 0.0513496 0.0229642 0.0229642 0.0229642 0.0229642 
0.0362589 0.0769168 0.0512778 0.105712 0.19526 0.114661 0.0573304 0.0256389 0.0362589 0.0810774 
0.0453114 0.0506597 0.0679671 0.03204 0.0506597 0.0934119 0.0679671 0.0226557 0 0.0226557 
0.0513733 0.0324913 0.0459497 0.114874 0.0726529 0.0513733 0.0459497 0.0513733 0.0229749 0.0689245 
0.0688581 0 0.0688581 0.0769857 0.0877772 0.0486901 0 0.100377 0.0486901 0.0769857 
0.0914835 0.0496139 0.0701646 0.0496139 0 0 0.0496139 0.044376 0.0701646 0.0496139 
0.0221349 0.0221349 0.378242 0.178458 0.288604 0.208821 0.0221349 0.0494952 0.190412 0.0699968 
0.0309901 0.0790095 0.0489996 0 0.0692959 0.0219133 0.0219133 0.0489996 0.0619801 0.0309901 
0.0654902 0.0517746 0.0926172 0.180841 0.241738 0.146441 0.12469 0.103549 0.0694629 0.083484 
0.0235229 0.0665328 0.0705687 0.0997992 0.0470458 0.0525988 0.0743859 0.0332664 0 0.0235229 
0.0545139 0.0243794 0.163542 0.0731381 0.142155 0.0344776 0.0243794 0 0.0975175 0.100519 
0.073363 0 0.0328089 0.0328089 0.073363 0.0518755 0.0518755 0.0518755 0.0328089 0.0463988 
0.0908153 0.0227038 0.0717958 0.0717958 0.0642161 0.0227038 0.0507673 0.0321081 0.0321081 0.0321081 
0.0213286 0.0476921 0.0301631 0.0213286 0.0769012 0.0476921 0.0301631 0.0213286 0.0674468 0.0213286 
0 0.062542 0.0911698 0.0442239 0.0221119 0.031271 0.0221119 0.0442239 0.0699241 0.031271 
0.080517 0.080517 0.0360083 0.341605 0.113868 0.161034 0.144033 0.59058 0.183607 0.15277 
0.0218192 0.0487892 0.0487892 0.123428 0.0786702 0.0899628 0.0218192 0 0.0689983 0.030857 
0.0845503 0.0331633 0.142641 0.09949 0.267371 0.0845503 0.02345 0.0663267 0.0703501 0.0966869 
0.0542127 0.0874153 0.0766683 0.123624 0.123624 0.102861 0.0242447 0.977333 0.130561 0.0542127 
0.157345 0.106654 0.208549 0.103469 0.254764 0.131898 0.0258674 0.0817998 0.0517347 0.0776021 
0.0882353 0.0465041 0.186016 0.106046 0.237125 0.131533 0.0294118 0.121268 0.0657667 0.106046 
0.0336694 0.0673387 0.0532359 0.121397 0.128209 0.289635 0.101008 0.0476157 0.173324 0.191945 
0.199182 0.0432085 0.122212 0.27667 0.110161 0.0683187 0.0648128 0.0778953 0.136637 0.0890767 
0.0512383 0.0687434 0.0458289 0.0724619 0.116841 0.114572 0.0724619 0.0458289 0.0687434 0.0324059 
0.131186 0.0747877 0.0927627 0.0622271 0.0586683 0.0880025 0 0.0586683 0.0463814 0.0655932 
0 0.0323381 0.051131 0.051131 0.12314 0.14462 0.0228665 0.0685994 0.16169 0.0323381 
0.0645287 0.0228143 0.114072 0.0322644 0.0721453 0 0.0228143 0.0228143 0.0456287 0.0228143 
0.0219133 0.0219133 0.118007 0.0790095 0 0 0.0489996 0.0309901 0.0692959 0 
0.0608102 0.0429993 0.181414 0.177291 0.0693343 0.0608102 0.0429993 0.0608102 0.0271952 0.0429993 
0.0573162 0.0256326 0.0924197 0.0256326 0.0256326 0.0256326 0.0512652 0 0.10875 0.0512652 
0.0466328 0.0466328 0.126855 0.0932657 0.0834194 0.121604 0.0294932 0.0417097 0.0751932 0.0834194 
0.0352563 0.02493 0.102789 0.04986 0.151643 0.0557451 0.02493 0.04986 0.04986 0.0997199 
0.10157 0.0199195 0.121166 0.10157 0.211747 0.170192 0.0821302 1.3627 0.11615 0.160596 
0.116726 0.0723906 0.0323741 0.0228919 0.0228919 0.0647481 0.0323741 0.116726 0.0228919 0.0457839 
0.108269 0.0371359 0.0742717 0.058717 0.0371359 0.026259 0.117434 0.0742717 0.0787771 0.058717 
0.128585 0.0356632 0.0563884 0.100871 0.153393 0.0563884 0.0563884 0.0252177 0.0252177 0.0797452 
0.0892742 0.0420843 0.0892742 0.0470517 0.0941033 0.0470517 0.0210421 0.122696 0.133082 0.0420843 
0.101015 0.0202031 0.101015 0.101015 0.145686 0.114286 0.0285714 0.0903508 0.0728431 0.108797 
0.0447124 0.0565572 0.30588 0.21629 0.144193 0.152285 0.019996 0.0824456 0.139972 0.0632329 
0.46001 0.0766683 0.130561 0.0542127 0.169713 0.0766683 0.102861 0.0542127 0.0242447 0.123624 
0.0259543 0 0.103817 0.0259543 0.0734099 0.0259543 0.0259543 0.0259543 0.0259543 0.0259543 
0.0992719 0.0523209 0.0467972 0.0739929 0.0330906 0.0661813 0.0523209 0.0233986 0.0330906 0.0233986 
0.031425 0.0222208 0.0628501 0.0222208 0.0222208 0.0222208 0.031425 0.0702685 0 0.0222208 
0 0.064938 0.0968038 0.030612 0.0612241 0.043292 0.0484019 0.0612241 0.0684506 0.0780457 
0.315882 0.0381663 0.0269876 0.111273 0.0853424 0.0853424 0.120692 0.0381663 0.114499 0.111273 
0.062819 0.0222099 0.0942286 0.0444198 0.111049 0.0702338 0.0314095 0.0222099 0.111049 0.0222099 
0.0622814 0.0622814 0.167119 0.0393902 0.307648 0.118171 0.0393902 0.0880792 0.124563 0.0393902 
0.0525552 0.0332388 0.0847427 0.0743243 0.0525552 0.200813 0.0332388 0.0235034 0.0470068 0.117517 
0.0478965 0.0378655 0.0698205 0.101604 0.118538 0.0535499 0.0911921 0.0846698 0.0508019 0.0239482 
0.0217186 0.0217186 0.0217186 0.0485643 0.0217186 0.0783076 0.0217186 0.0217186 0.0485643 0.0614295 
0.0743373 0.046102 0.0291575 0.046102 0.0412349 0.0291575 0 0.0743373 0.0412349 0.058315 
0.044574 0.022287 0.0315185 0.0918915 0.0996704 0.0891479 0.0315185 0.022287 0.0315185 0.022287 
0.075271 0.0532246 0.150542 0.0858221 0.357834 0.0336622 0.0476056 0.0673244 0.0532246 0.0238028 
0.0349082 0.0493677 0.0493677 0.0246838 0.0246838 0.0889988 0.0551947 0.0780571 0.0889988 0.0698164 
0.186339 0.114531 0.141639 0.111111 0.111111 0.283279 0.114531 0.196419 0.114531 0.196419 
0.0715542 0.0505964 0.0252982 0.178885 0.08 0.126491 0.08 0.113137 0.202386 0.0505964 
0.0353305 0.0249824 0.0249824 0.0499649 0.0249824 0.0558624 0.0249824 0.0249824 0.070661 0.0790014 
0.0486901 0.0486901 0.131102 0.0877772 0.108874 0.121725 0.0344291 0.0769857 0.163311 0.0973801 
0.02345 0.02345 0.0663267 0.0469001 0.02345 0.02345 0.02345 0.0703501 0 0.0524359 
0.0309901 0 0.0979992 0.0692959 0.0979992 0.0489996 0.0489996 0.0979992 0 0.0489996 
0 0.0642658 0.0287406 0.0454428 0.0454428 0.0574811 0.0287406 0.0574811 0.0406453 0.0454428 
0.0489058 0.0978115 0.109357 0.17082 0.117781 0.0691632 0.0656139 0.0218713 0 0.0437426 
0.0532058 0.118972 0.128137 0.0532058 0.118972 0.0857918 0.128137 0.0981066 0.0475887 0.0532058 
0.617933 0.0809776 0.0809776 0.031762 0.0635241 0.0224592 0.0449183 0.0449183 0.0673775 0.0502202 
0.0440546 0.0492545 0.110136 0.0492545 0.0696564 0.0696564 0.0220273 0.0696564 0.0660819 0.0492545 
0.658228 0.0288375 0.1189 0.0611736 0.147043 0.0455961 0 0.0644826 0.0644826 0.0611736 
0.740838 0.0476968 0.0533267 0.0754153 0.0859867 0.0238484 0.0337268 0.121604 0.0238484 0.0533267 
0.0476921 0.0674468 0.0953842 0.0213286 0.120653 0.0879399 0.0674468 0.0476921 0.0213286 0.0301631 
0.0308956 0.0617913 0.0617913 0.0308956 0.0488503 0.0308956 0.0308956 0.0218465 0.0308956 0.0655395 
0.299046 0.138298 0.0643073 0.0227361 0.0321537 0.0321537 0.160768 0.504823 0.0508394 0.0321537 
1.00414 0.0262794 0.0947518 0.0371647 0.105118 0.0831028 0.0831028 0.0831028 0.0587626 0.0788382 
0.0228919 0.0323741 0.0457839 0.0511879 0.194244 0.139246 0.0228919 0.0228919 0.0511879 0.082538 
0.0309622 0.0619244 0.0692336 0.0489555 0.0979111 0.0437872 0.0437872 0.0928866 0.0692336 0.0789384 
0.0519875 0.0464991 0.0464991 0.0519875 0.0986394 0.0328798 0.0519875 0.0519875 0.0464991 0.0232495 
0.0374437 0.0264767 0.0374437 0.0748875 0.135005 0.0837267 0.0374437 0.0954632 0.142581 0.0592037 
0.0714083 0.0532246 0.0476056 0.0238028 0.0336622 0.0336622 0.0952111 0.0238028 0.0336622 0.0476056 
0.0665466 0.0526097 0.117639 0.0526097 0.0526097 0.0526097 0 0.0235278 0.0470556 0.0332733 
0.028169 0.028169 0.028169 0.112676 0.0629878 0.056338 0.084507 0.028169 0.039837 0.028169 
0.0566048 0.0253144 0.0566048 0.0912725 0.0800512 0.0759433 0.0800512 0.0358 0.11321 0.0912725 
0.0347498 0.0347498 0.0777029 0.0549442 0.0245718 0.0347498 0.0245718 0.0245718 0.0491436 0.0491436 
0.0543406 0.068736 0.0543406 0.034368 0.137472 0.100199 0.0243019 0.0768492 0.100199 0.034368 
0.0821995 0.0367607 0.0581238 0.0581238 0.0259938 0.0259938 0.0519875 0.0821995 0.0821995 0.0735215 
0.110347 0.0348949 0.0493489 0.0493489 0.0780274 0.088965 0.0348949 0.0697899 0.123372 0.0348949 
0.205053 0.164236 0.0281662 0.116132 0.101555 0.0890694 0.0563324 0.101555 0.0844987 0.0398331 
0.0219661 0.0219661 0.0219661 0.0694629 0.124259 0.0982353 0.0878644 0.0658983 0.0491177 0.159916 
0.0988425 0 0.027414 0.054828 0.027414 0.0988425 0.0775385 0.0775385 0 0.027414 
0.101427 0.0245997 0.0245997 0.0491993 0.0550065 0.0550065 0.0245997 0.101427 0.0550065 0.0491993 
0.0537603 0.0537603 0.137062 0.324794 0.350474 0.274125 0.396881 0.51705 0.204713 0.387671 
0.023956 0.023956 0.0338788 0.0479119 0.0535672 0.0338788 0.023956 0.0479119 0.0338788 0.023956 
0.0799552 0.0715141 0.0252841 0.0505681 0.0799552 0.0357571 0.0252841 0.0357571 0.0252841 0.0565369 
0.0525588 0.0587626 0.131397 0.185824 0.0947518 0.0947518 0.0525588 0.0587626 0.0743294 0.111494 
0.0572598 0.0256074 0.0256074 0.0809776 0.0724286 0.0923287 0.0256074 0.0572598 0 0.0512148 
0.0237675 0.0531456 0.0237675 0.0336123 0.0979957 0.0531456 0.0475349 0.0475349 0.0751593 0.0237675 
0.0438608 0.0219304 0.0438608 0.0219304 0 0.0219304 0.0219304 0.0620285 0 0.0490379 
0.0291343 0.020601 0.020601 0.020601 0.020601 0.0412021 0.020601 0.0460653 0.0582686 0.0291343 
0.0469001 0.0469001 0.0741555 0.0524359 0.02345 0.0703501 0.0845503 0.0331633 0.0469001 0.0663267 
0.0376195 0.0376195 0.152347 0.155109 0.159606 0.0606596 0.071378 0.069367 0.152347 0.131399 
0.0983312 0.0983312 0.192843 0.0609824 0.219875 0.172484 0.136361 0.0272722 0.213002 0.136361 
0.0509978 0.0456139 0.116293 0.0645077 0.0509978 0.0509978 0.114035 0.0228069 0.116293 0.0456139 
0.0240337 0.0240337 0.140139 0.153891 0.193766 0.144202 0.0537409 0.107482 0.0240337 0.0990934 
0.0210421 0.0420843 0.086759 0.0470517 0.0297581 0.0470517 0.0470517 0.0210421 0.086759 0.0665411 
0.0256642 0.057387 0.105816 0.0925337 0.0925337 0.114774 0.0256642 0.0811574 0.0925337 0.0769927 
0.117029 0.0925193 0.0292572 0.124128 0 0.0827517 0.0413759 0.146286 0.0585143 0.117029 
0.189761 0.0444198 0.0496628 0.0444198 0.0314095 0.0314095 0.0222099 0.0222099 0.0496628 0.0444198 
0.102029 0.0806609 0.0255072 0.0510144 0.0806609 0.0570359 0.0255072 0.0806609 0.0255072 0.0360727 
0.0513496 0.0459285 0.0513496 0.0726193 0 0.0229642 0.0229642 0 0.0459285 0.0459285 
0.0256326 0.03625 0.162115 0 0.114632 0.10253 0.0256326 0.200197 0.0810574 0.0810574 
0.0263158 0.0588439 0.0832178 0.0948829 0 0.0588439 0.0263158 0.0263158 0.0588439 0.0526316 
0.0940143 0.0495499 0.0798968 0.288923 0.119332 0.168761 0.0664782 0.0626762 0.132956 0.209051 
0.0689983 0.0654576 0.0654576 0.0689983 0.16617 0.146368 0.0218192 0.0218192 0.158846 0.0899628 
0.116941 0.0324336 0.0725238 0.0945594 0.0917361 0.0458681 0.0458681 0.0512821 0 0.022934 
0.0211572 0.0598416 0.0299208 0.0634716 0.0299208 0.0846288 0.0598416 0.0299208 0.0872334 0.047309 
0.139863 0.0821302 0.0779155 0.0580748 0.129859 0 0.0259718 0.189078 0.0779155 0.0821302 
0.0324571 0.0459013 0.0513192 0.0725763 0.160654 0.133824 0.0688519 0.139603 0.174787 0.133824 
0.0722839 0.0240946 0.120473 0.0993447 0.034075 0.0722839 0.0240946 0.0538772 0.0761939 0.0240946 
0.061714 0.0689983 0.0975784 0.0872768 0.0975784 0.061714 0.0436384 0.0487892 0.0654576 0.0487892 
0 0.084813 0.0525988 0.105198 0.0665328 0.0525988 0.084813 0.0332664 0.0235229 0.0665328 
0.0230189 0.0514719 0.0460379 0.115095 0.0514719 0.0651074 0.0920758 0.117374 0.0230189 0.082996 
0.0243884 0.0243884 0.0344904 0.0344904 0.0545342 0.0545342 0.0545342 0.0344904 0.0487769 0.0545342 
0.0396955 0.0627641 0.0396955 0.0627641 0.125528 0.112276 0.0396955 0.0887619 0.0396955 0.140345 
0.118741 0.0796538 0.0265513 0.0750983 0.0593705 0.0265513 0.095732 0.0265513 0.0593705 0.0375492 
0.0459073 0.0459073 0 0.131459 0.0580687 0.0846489 0.0290343 0.0740233 0.0846489 0.0615911 
0.105662 0.0472535 0.0211324 0.0668265 0.0668265 0.0298857 0.0211324 0.0422648 0.0472535 0.0298857 
0.0227214 0.0321329 0.0321329 0.0227214 0.0454428 0 0.0454428 0.0718514 0.0227214 0.0454428 
0.0743859 0.0969874 0.0665328 0.0743859 0.0525988 0.0525988 0.0997992 0.0332664 0.0332664 0.0332664 
0.034368 0 0.0243019 0.068736 0.0243019 0.0729056 0.0243019 0.034368 0.0768492 0.0768492 
0.0798016 0.0594806 0.133003 0.188094 0.118961 0.0841183 0.133003 0.0752377 0.0532011 0.133003 
0.0317081 0.0634162 0.0709015 0.0896841 0.158541 0.0501349 0.114325 0.241482 0.022421 0.022421 
0.0467627 0.0467627 0.0661324 0.0862261 0.0862261 0.0209129 0.0418258 0.0754026 0.0295753 0.0591506 
0.0689553 0.0545139 0.0487587 0.109028 0.121897 0.0545139 0.0243794 0.0689553 0.0731381 0.0545139 
0.0328865 0.0232542 0.0838444 0.103996 0.0328865 0 0.0232542 0 0.0697627 0.0697627 
0.0699241 0.0494438 0.0221119 0.11056 0.0911698 0.062542 0.0221119 0.0494438 0.0884477 0.062542 
0.0219727 0.0219727 0.0694838 0.0792238 0.0491325 0.0310741 0.0219727 0.0439454 0.0310741 0.0491325 
0.0521818 0 0.0737962 0.099008 0.0521818 0.0737962 0.0330027 0.0521818 0.14195 0.116682 
0.0238078 0.0336694 0.144817 0.203414 0.340876 0.0714235 0.0336694 0.0532359 0.0532359 0.0238078 
0.04986 0.02493 0.0557451 0.02493 0.0557451 0.0788355 0.04986 0.0352563 0.04986 0.0705126 
0.0533144 0.113097 0.0799716 0.298036 0.0799716 0.298036 0.10991 0.0799716 0.162149 0.312014 
0.118561 0.12221 0.238967 0.177841 0.180294 0.180294 0.0889206 0.132555 0.0662775 0.177841 
0.051131 0.051131 0.0255655 0.0571662 0.0571662 0.0255655 0.0723101 0.114332 0 0.0255655 
0.0493827 0.0349189 0.0493827 0.0698377 0.179756 0.0246914 0.0552116 0.0246914 0.123457 0.125902 
0.129854 0.0918204 0.0662127 0.117588 0.156903 0.139857 0.0183641 0.0757171 0.0580723 0.0757171 
0.0352536 0.0788294 0.0788294 0.0898793 0.181479 0.145354 0.0557408 0.575509 0.0557408 0.0747841 
0.0249126 0.0352317 0.151537 0.0747377 0.0557062 0.105695 0.0352317 0.105695 0.124563 0.0249126 
0.030612 0.0484019 0.0684506 0.0865839 0.0780457 0.0484019 0.0780457 0.0612241 0.0780457 0.064938 
0 0.0265162 0.0265162 0.0749993 0.0265162 0.0530325 0.0265162 0.0592921 0.0265162 0.0956057 
0.0538138 0.0269069 0.114156 0.0807207 0.0538138 0.0601657 0.0269069 0.0269069 0.0850871 0 
0.0264767 0.0264767 0.0264767 0.0529534 0.0748875 0.0592037 0.0837267 0.0592037 0.0837267 0.0592037 
0.0634961 0.031748 0.050198 0.114469 0.050198 0.112246 0.0224492 0.0224492 0.0709908 0.0925606 
0.0501696 0.0634601 0.0224365 0.0224365 0.0224365 0.03173 0.0925082 0.0709505 0.03173 0.0951901 
0.0730443 0 0.0730443 0.190476 0.0832833 0.115493 0.0730443 0.0461973 0.12439 0.134687 
0.0246258 0.0492515 0.0550649 0.232319 0.0550649 0.0348261 0.0550649 0.0550649 0.0696522 0.0348261 
0.0815191 0 0.0226093 0.0226093 0.0932207 0.067828 0.0452187 0.0452187 0.067828 0.067828 
1.1597 0.0753481 0.12558 0.0794239 0.100464 0.100464 0.025116 0.0710389 0.103556 0.025116 
0.0291575 0.046102 0.046102 0.0412349 0.0291575 0 0.0412349 0.0874725 0.0651981 0.0412349 
0.0280029 0.019801 0 0.0442764 0.140014 0.0280029 0.0442764 0.0560057 0.0560057 0.059403 
0.0344828 0.054522 0.0879141 0.054522 0.054522 0.024383 0.0689655 0.048766 0.0344828 0.0689655 
0.0403034 0 0.0450606 0.0450606 0.117504 0.0403034 0.0450606 0.0284988 0.0604551 0.0284988 
0.034401 0.0243252 0.0243252 0.0243252 0.0486504 0.0486504 0 0.034401 0.0486504 0.0486504 
0.0243739 0.0487479 0.0545018 0.0770772 0.100496 0.0770772 0.0243739 0.0545018 0.0731218 0.0731218 
0.0239457 0.0677285 0.071837 0.0535441 0.122099 0.0987305 0.0535441 0.0677285 0.0757228 0.0757228 
0.0416103 0.0208051 0.0657916 0.0294229 0.208051 0.112039 0.0208051 0.104026 0.0930434 0.106086 
0.0475652 0.0300828 0.0475652 0.0601657 0.0951303 0.0766965 0.0212718 0.0425436 0.0300828 0.0475652 
0.10458 0.0580106 0.0580106 0.0845643 0.20916 0.0580106 0 0.0648579 0.0290053 0.0290053 
0.0417065 0.0417065 0.0791325 0.0746069 0.130562 0.0559552 0.0589819 0.0417065 0.052755 0.0932586 
0.019999 0.019999 0.019999 0.0632424 0.126485 0.0282829 0.019999 0.0282829 0.0721074 0.0565657 
0.0252177 0.0356632 0.0563884 0.0356632 0.0563884 0.0909235 0.075653 0.0356632 0.0909235 0.0356632 
0.089865 0.0224662 0.100472 0.0953162 0.100472 0.0635441 0.0224662 0.050236 0.050236 0.0317721 
0.110389 0.0987353 0.0551947 0.0780571 0.110389 0.0889988 0.0698164 0.0246838 0.0349082 0.165584 
0.0612621 0.0774911 0.0612621 0.112962 0.0774911 0.0387456 0.0547945 0.0387456 0.0612621 0.0612621 
0.0649527 0.094684 0.094684 0 0.197546 0.0827988 0.0827988 0.0649527 0.123666 0.094684 
0.0742717 0.0830383 0.0830383 0.0371359 0.105036 0.0787771 0.0830383 0.0371359 0.058717 0.058717 
0.107754 0.0722839 0.0993447 0.120473 0.107754 0.0963785 0.034075 0.140495 0.0761939 0.0681499 
0.0551444 0.0493226 0.0697527 0.0493226 0.101681 0.0246613 0.0246613 0.0246613 0.132805 0.0889176 
0.0558624 0.0353305 0.0790014 0.0900755 0.070661 0.0558624 0 0.0249824 0.0790014 0.070661 
0.0226907 0.0507379 0.0226907 0.0320895 0.122193 0.0320895 0.0320895 0 0.0717542 0.0717542 
0.0370593 0.0262049 0.131024 0.0741186 0.152799 0.111178 0.0370593 0.0741186 0.108045 0.0585959 
0.071247 0.118745 0.0531044 0.023749 0.071247 0.121097 0.0335862 0.0531044 0 0.023749 
0.0497211 0.0444719 0.0314464 0 0.0667079 0.0497211 0.022236 0.022236 0 0.022236 
0.124329 0.121915 0.024383 0.024383 0.048766 0 0.0879141 0.0344828 0.054522 0.054522 
0.112749 0.093813 0.0221119 0.031271 0.0442239 0.0442239 0.0221119 0.062542 0.0221119 0.0221119 
0.0887894 0.0348261 0.0348261 0.123129 0.123129 0.0887894 0.0492515 0.0985031 0.101535 0.123129 
0.0969786 0.0542127 0.0766683 0 0.0874153 0.0242447 0.0242447 0.0874153 0.0484893 0.0484893 
0.122868 0.0340774 0.0340774 0.0538812 0.0761995 0.0481928 0.0481928 0.0240964 0.0340774 0.0761995 
0.024383 0.024383 0.048766 0.109044 0.024383 0.054522 0.0344828 0.024383 0 0.024383 
0.0596232 0.0266643 0.037709 0.162193 0.155478 0.10994 0.0533286 0.037709 0.037709 0.0843199 
0.0981692 0.0532397 0.0336718 0.047619 0.0238095 0.0238095 0.0532397 0.0336718 0.0752923 0.0752923 
0.150849 0.0533333 0.192296 0.214994 0.194136 0.155492 0.0377124 0.113137 0.0377124 0 
0.126542 0.0565912 0 0.0357914 0.0357914 0.0565912 0.0253083 0.107374 0.075925 0.0357914 
0.105721 0.025641 0.108786 0.130744 0.081084 0.081084 0.025641 0.025641 0.105721 0.0769231 
0.0800577 0.0358029 0.0358029 0.0566093 0.0716057 0.104382 0.0253165 0.0800577 0.0566093 0.0253165 
0.117525 0.0587626 0.473759 0.316446 0.790132 1.22164 0.0587626 0.0587626 0.0587626 0 
0.111378 0.0556889 0.21424 0.111378 0.246545 0.194513 0.105662 0.948348 0.140883 0.145219 
0.165635 0.101805 0.0780809 0.0552116 0.0698377 0.0780809 0.0493827 0.101805 0.0349189 0.0493827 
0.0524683 0.0371007 0.0262342 0 0.0945886 0.0262342 0.0945886 0.0586614 0.0586614 0.0586614 
0.125228 0.0328865 0.118574 0.0838444 0.164432 0.0519981 0.0232542 0.167689 0.0697627 0.0465085 
0.135801 0.0356632 0.0563884 0.112777 0.0713263 0.0713263 0.0504353 0.126088 0.075653 0.103975 
0.200246 0.0256389 0.108777 0.0769168 0.0256389 0.0573304 0.0256389 0.114661 0.0573304 0.0512778 
0.0723906 0.11446 0.0723906 0.0647481 0.0647481 0.0686758 0.0511879 0.102376 0.0511879 0.0511879 
0.0511879 0.0323741 0.082538 0.0228919 0 0.0323741 0.0647481 0.0323741 0.0943858 0.0323741 
0.0780571 0.101774 0.0551947 0.123419 0.123419 0.104725 0.0740515 0.14393 0.0698164 0.0740515 
0.0524097 0.104819 0.108045 0.190774 0.0828671 0.131024 0.0262049 0.0786146 0.0741186 0.0524097 
0.0673435 0.0714286 0.0532397 0.101015 0.121405 0.0673435 0.0532397 0.0532397 0.0238095 0.0532397 
0.0821371 0.0734656 0.132442 0.116159 0.290398 0.151453 0.0580797 0.0580797 0.0734656 0.025974 
0.0270246 0.0270246 0.145532 0.0540491 0.152874 0.120857 0.0604287 0.111425 0.157579 0.0974384 
0.0777029 0.0347498 0.0347498 0.0694996 0.0549442 0.0549442 0.0777029 0.0245718 0.0777029 0.0982872 
0.075271 0.075271 0.075271 0.106449 0.119014 0.128182 0.0476056 0.277586 0.119014 0.119014 
0.0810236 0.0224719 0.100497 0.0674157 0.0710624 0.0635602 0.0317801 0.0674157 0.0674157 0.0224719 
0.0691632 0.0489058 0.180355 0.0901777 0.146717 0.111522 0.0978115 0.146717 0.188144 0.0489058 
0.106224 0.0531119 0.0237524 0.0475047 0.0751116 0.152089 0.0531119 0.0475047 0.0979335 0.0751116 
0.0461358 0.0326229 0.072947 0.0515813 0.0652458 0.0692036 0.0326229 0.115339 0.0326229 0.0326229 
0.0538655 0.0722682 0.0722682 0.0340675 0.0538655 0.120447 0.0340675 0.154247 0.0340675 0.0340675 
0.0243794 0.0243794 0.0879011 0.0689553 0 0.0344776 0.0243794 0.170656 0.0731381 0.0879011 
0.0222208 0.031425 0.0222208 0 0.0993747 0.0444417 0.031425 0 0 0.0444417 
0.0750322 0.0237273 0.223843 0.0335554 0.0750322 0.0750322 0.0237273 0.0711818 0.0530558 0.0335554 
0.0474546 0.0237273 0.0750322 0.0530558 0.0335554 0.0335554 0 0.0335554 0.0474546 0.0237273 
0.81934 0.32411 0.243082 0.20658 0.146074 0.146074 0.613084 0.48785 0.373518 0.292149 
0.0925082 0.0634601 0.0709505 0.100339 0 0.0897461 0.0673096 0.0501696 0.0925082 0.0634601 
0.0815817 0.0271939 0.108776 0.174126 0.0543878 0.158566 0.038458 0.076916 0.098049 0.182422 
0 0.0237944 0.0532058 0.0713831 0.0336503 0.0713831 0 0 0.0475887 0.0752444 
1.18933 0.182422 0.894121 0.0815817 0.0713411 0.0442439 0.0395729 0.0559646 0.922992 0.0279823 
0.058717 0 0.0946783 0.026259 0.0830383 0.058717 0.026259 0.131295 0.133895 0.131295 
0.0515026 0.069098 0.069098 0.0921307 0.124035 0.117444 0.0830455 0.0325731 0.0325731 0.0728357 
0.147087 0.049029 0.416025 0.140398 0.425735 0.196116 0.0693375 0.0904051 0.109632 0.0790569 
0.0698951 0.0232984 0.0736759 0.0520968 0.0520968 0.0658978 0.0232984 0 0.0736759 0.0520968 
0.0273998 0.0547997 0.0774984 0.122536 0.0273998 0.0273998 0.0612679 0.109599 0.0387492 0.0987915 
0.0205488 0.0581207 0.0205488 0.102744 0.110659 0.129962 0.0871811 0.0205488 0.0740897 0.0410976 
0.0524828 0 0.104966 0.093884 0.0995791 0.033193 0.066386 0 0.0742218 0.0995791 
0.109631 0.125368 0.152031 0.0860016 0.130782 0.0679903 0.0860016 0.0645012 0.0912185 0.0480764 
0.0245718 0.0491436 0.0549442 0.0737154 0.0885949 0.0245718 0.0245718 0 0.0245718 0.0549442 
0.0626071 0.0494952 0.0313035 0.0494952 0.0494952 0.0494952 0.0221349 0.0221349 0.0664048 0.0664048 
0.0600165 0.110665 0.078252 0.0536804 0.0948944 0.0569367 0.0268402 0.0536804 0.0684293 0.0967737 
0.0571429 0.0606092 0.0808122 0.108797 0.114286 0.0404061 0.0202031 0.0728431 0.0404061 0.0451754 
0.102036 0.02886 0.0204071 0.0204071 0.0612213 0.0408142 0.0456317 0.0912633 0 0 
0 0.785008 0.0889988 0.0629317 0.143506 0.0629317 0.657026 1.0871 0.101474 0.14072 
0.0392232 0.0620174 0.11094 0.027735 0.05547 0.05547 0.0620174 0.027735 0.114354 0.027735 
0.0525806 0.0525806 0.0525806 0.0705443 0.0969539 0.0665098 0.0470295 0 0.105161 0.0332549 
0.143674 0.0239457 0.151446 0.0239457 0.0757228 0.0535441 0.0338643 0.0338643 0.0757228 0.0757228 
0.117773 0.102989 0.145649 0.0201979 0.12933 0.0728246 0.0832781 0.0403958 0.100989 0.0605937 
0.20658 0.10329 0.167042 0.186759 0.287904 0.11459 0.0202569 0.852956 0.0640578 0.0859426 
0.0403711 0.0285467 0.162741 0.0570934 0.162741 0.108703 0.0403711 0.0201856 0.0832272 0.0832272 
0.140579 0.0827095 0.359466 0.0994044 0.394258 0.175453 0.0194948 0.0435917 0.113673 0.0275698 
0.1419 0.132004 0.149863 0.019678 0.0393559 0.0590338 0.0278288 0.0440012 0.139144 0.019678 
0.0732344 0.0183086 0.165791 0.0754883 0.164777 0.129461 0.0578969 0.117232 0.091543 0.0578969 
0.0465841 0.0658799 0.135815 0.0960356 0.125432 0.073656 0.0329399 0.104165 0.0329399 0.104165 
0.0839877 0.0839877 0.136646 0.0611101 0.204716 0.0455488 0.0644157 0.04074 0.0864227 0.0734452 
0.0868241 0.0481613 0.053846 0.0681104 0.072242 0.0992871 0.0340552 0.120403 0.053846 0.146477 
0.0479705 0.075848 0.0536326 0.075848 0.0536326 0.0536326 0.0536326 0.0536326 0.0678405 0.0988936 
0.0491045 0.0231481 0.0818408 0.295081 0.346835 0.118033 0.0590163 0.183002 0.0163682 0.150907 
0.0479877 0.0607002 0.0607002 0.0479877 0.130541 0.0303501 0.0678649 0.0479877 0.0959754 0.109429 
0.0906122 0.0982828 0.11206 0.109883 0.133679 0.11206 0.124319 0.109883 0.0439534 0.11206 
0.0182089 0.0515026 0.0814328 0.0980581 0.154508 0.0980581 0.0728357 0.103005 0.0515026 0.115163 
1.00699 0.0512148 0.11452 0.0512148 0.2758 0.11452 0.0229039 0.137424 0.0323911 0.0687118 
0.0613075 0.0289006 0.0613075 0.0646238 0.102179 0.0578013 0.0613075 0.0456959 0 0.0736825 
0.0676659 0.0375343 0.106163 0.0839292 0.0676659 0.0750686 0.0839292 0.136627 0.0375343 0.0563014 
0.0459285 0.0827988 0.0459285 0.114821 0.094684 0.0229642 0.102699 0.145239 0.091857 0.114821 
0.0594931 0 0.0665153 0.0665153 0.0665153 0.084136 0.0297466 0.0665153 0.0297466 0.021034 
0 0.08 0.022188 0.11094 0.022188 0.0992278 0.08 0.0701646 0.0701646 0.022188 
0.108947 0.0487226 0.0435788 0.0487226 0.117339 0.0785628 0.0217894 0.0487226 0.0308148 0.0871576 
0.507839 0.0581576 0.308427 0.104845 0.247597 0.119895 0.0290788 0.174473 0.221458 0.110729 
0.075014 0.0465217 0.0657916 0.121314 0.196275 0.167736 0.0657916 0.167736 0.0857818 0.167736 
0.0882323 0.0795315 0.0795315 0.0986467 0.0220581 0.0311948 0.11029 0.159063 0.0441162 0.0697538 
0.0414848 0.0463814 0.0655932 0.0747877 0.111701 0.0655932 0.0747877 0.0829695 0.111701 0.132816 
0.0592205 0.0558336 0.0882806 0.0711741 0.162781 0.0837504 0.0279168 0.0394803 0.0624238 0.0789606 
0.0709773 0.0278396 0.0811657 0.0440183 0.0622513 0.0709773 0.0440183 0.0278396 0.0622513 0.0440183 
0.0575316 0.040681 0.083866 0.0454827 0.103717 0.083866 0.0909655 0.0733387 0.0454827 0.0454827 
0.119405 0.0313574 0.022173 0.0495803 0.022173 0.0495803 0.0313574 0.110865 0 0.0495803 
0.11981 0.11981 0.188045 0.0771483 0.169437 0.0674642 0.0374224 0.0418395 0.0793849 0.0187112 
0.0953842 0.0426571 0.171956 0.0603263 0.106643 0.0769012 0.0301631 0.0301631 0.114858 0.0674468 
0.0603572 0.0201191 0.082953 0.0201191 0.102587 0.0201191 0.0402381 0.0449876 0.0201191 0.0201191 
0.707982 0.0510676 0.22952 0.0510676 0.288882 0.16149 0.0510676 0.114191 0.17393 0.094164 
0.0438108 0.0619578 0.0783711 0.184838 0.392345 0.131432 0.0277084 0.117557 0.0619578 0.131432 
0.0741657 0.093813 0.0995037 0.148331 0.0741657 0.169124 0.0741657 0.104886 0.0995037 0.0995037 
0.0335342 0.0335342 0.0854958 0.106044 0.120909 0.0977682 0.0237123 0.0749848 0.0749848 0.0474245 
0.0895772 0.070817 0.070817 0.161488 0.095011 0.0316703 0.0316703 0.10015 0.0633406 0.0895772 
0.0512652 0.0512652 0.03625 0.0256326 0.10253 0.0573162 0.105686 0.03625 0.0573162 0.0573162 
0.0555341 0.0555341 0.0833012 0.0392686 0.0277671 0.0392686 0.0620891 0.0555341 0.0392686 0 
0.0314095 0.0444198 0.0222099 0.0314095 0.0888395 0.0800789 0.0444198 0.0314095 0.0496628 0.0915737 
0.0557451 0.0352563 0.0557451 0.0788355 0.04986 0.0747899 0 0.0557451 0.0898863 0.0557451 
0.0701646 0.178885 0.0992278 1.50159 0.652569 0.4 0.248069 1.99013 0.140329 0.565685 
0.0321081 0 0.0507673 0.0507673 0 0.0818598 0.0227038 0.0681115 0 0.0642161 
0.0740741 0.0349189 0.132967 0.0493827 0.0552116 0.0349189 0.0493827 0.0349189 0.0246914 0.0552116 
0.0486612 0.0344087 0.100318 0.0544049 0.100318 0.0344087 0.0344087 0.0486612 0.0243306 0.0243306 
0.0237023 0.0474046 0.0529999 0.0335201 0.0335201 0.0237023 0.0529999 0.0237023 0.0529999 0.0711068 
0 0.106412 0.0237944 0.0857918 0.118972 0.0532058 0.100951 0.0475887 0.0857918 0.0752444 
0.0537837 0.0340158 0.0481056 0.0760616 0.0760616 0.0481056 0.0680315 0.0240528 0.146307 0.0537837 
0 0.0352865 0.0557928 0.0499026 0.0249513 0.0249513 0.0249513 0.0249513 0 0.0249513 
0.0245718 0 0.0549442 0.0491436 0.0777029 0.0549442 0.0347498 0.0347498 0.0245718 0.0245718 
0 0.0481788 0.0240894 0.0340675 0.0240894 0.0538655 0.0240894 0.0340675 0.0340675 0.0538655 
0.0304114 0.068002 0.0215041 0.0775343 0 0.0886638 0.068002 0.0430083 0.0304114 0.068002 
0.0856793 0.0571195 0.0638616 0.0807792 0.24568 0.230256 0.0638616 1.14132 0.217505 0.180628 
0.0314095 0 0.0496628 0.062819 0.0444198 0.0496628 0.0314095 0.0666297 0.0666297 0.0702338 
0.0425898 0.0269362 0.0571403 0.0538724 0.0425898 0.0602311 0.0785318 0.157064 0.0851797 0.0686741 
0.031425 0.0496873 0.0444417 0.0801184 0.135164 0.129569 0 0.0702685 0.119663 0.0916189 
0.157232 0.0314464 0.201355 0.253529 0.281265 0.157232 0.0703163 0.584937 0.157232 0.113382 
0.0491325 0.0310741 0.0491325 0.109864 0.0219727 0.0310741 0 0.0491325 0.0219727 0.0439454 
0.199224 0.0440012 0.0440012 0.0440012 0.0311136 0.0695721 0.0622271 0 0.112182 0.112182 
0.112594 0.0928477 0 0.0450377 0.063693 0.0955395 0.151061 0.207614 0.063693 0.0928477 
0.0353443 0.0499844 0.0790322 0.0499844 0.0999688 0.0558842 0.0790322 0.0353443 0.124961 0.0706886 
0 0.0531795 0.0237826 0.0713477 0.0237826 0.0531795 0.0531795 0.0713477 0 0 
0.0562455 0.0251537 0.0754612 0.0251537 0.0562455 0.0562455 0.0355728 0.0711455 0.0562455 0.0795431 
0.0553637 0 0.0892712 0.0247594 0.102086 0.0247594 0.0700301 0.102086 0.0892712 0 
0.049961 0.0249805 0.0353277 0.0558581 0.0900684 0.0353277 0.0249805 0.0249805 0.0706555 0.049961 
0.0592869 0.0374963 0.112489 0.0530278 0.169772 0.0838444 0 0.0838444 0.0795417 0.0374963 
0 0 0.105118 0.0831028 0.117525 0.0262794 0.0262794 0.0587626 0.0371647 0.108353 
0.111071 0.0538772 0.0602366 0.0602366 0.301183 0.0851874 0.0538772 0.0602366 0.0851874 0.038097 
0.0666009 0.0496414 0.0666009 0.0915342 0.0496414 0.0915342 0.0666009 0.955645 0.0915342 0.1132 
0.272853 0.0677908 0.0958706 0.109309 0.0909509 0.260796 0.030317 0.0428746 0.181902 0.0857493 
0.105314 0.0744684 0.0706469 0.150787 0.0706469 0.0526571 0.105314 0.047098 0.0706469 0.0526571 
0.0266454 0.0376822 0.109862 0.109862 0.0960712 0.0595808 0.0266454 0.109862 0.0266454 0.0376822 
0.0650041 0.0229824 0.0726768 0.0229824 0.114912 0.0229824 0.0459649 0.0726768 0 0.0325021 
0.0517919 0.103584 0.14831 0.118104 0.0517919 0.0517919 0.118104 0.185296 0.0231621 0.0517919 
0.0249824 0.0353305 0.0558624 0.0353305 0.0249824 0.0558624 0.0499649 0.0353305 0.0353305 0.0249824 
0.0875247 0.03433 0.100088 0.0767643 0.0542805 0.04855 0.0542805 0.0767643 0.0542805 0.03433 
0.0736266 0.0776092 0.164634 0.109756 0.104124 0.109756 0.0347079 0.0245422 0.0981687 0.122711 
0.05197 0.069725 0 0.0464834 0.0464834 0.0232417 0.0232417 0.0328687 0.0328687 0.0232417 
0.024275 0.024275 0.03433 0.0542805 0.04855 0.024275 0.04855 0.03433 0 0.03433 
0.0240528 0.0537837 0.0240528 0.0962111 0.0760616 0 0.0537837 0.0721583 0.0240528 0.0481056 
0.0480847 0.0775343 0.0645124 0.0775343 0.0430083 0 0.0775343 0.0608229 0.0480847 0.0430083 
0.0235148 0.117574 0.0525806 0.0525806 0.0525806 0.0235148 0.0940591 0.0525806 0.0847837 0.126631 
0.0280166 0.0560332 0.0280166 0.115515 0.062647 0.0280166 0 0.0885962 0.0396214 0.0280166 
0 0.0345418 0 0.103626 0.0345418 0.0546155 0.0345418 0.0488496 0.0244248 0 
0.0248069 0.0350823 0.0248069 0.105247 0.228709 0.16641 0.0894427 0.102282 0.126491 0.0744208 
0.118574 0.103996 0.0232542 0.0697627 0.0519981 0.093017 0.0958797 0.177099 0.116271 0.0328865 
0.132934 0.0720937 0.0322413 0.393555 0.22798 0.128965 0.0911921 0.216281 0.251813 0.0644826 
0.194234 0.0614223 0.0971171 0.110731 0.247601 0.0921334 0.0686722 0.0686722 0.184267 0.137344 
0.0531044 0.121097 0.0531044 0.171257 0.0531044 0.0949961 0.071247 0.075101 0.0335862 0.0979197 
0.0571662 0.0255655 0.051131 0.0255655 0.0808452 0.127827 0.0361551 0.0255655 0.051131 0.0361551 
0.0491414 0.0439534 0.0879068 0.199007 0.109883 0.109883 0.0439534 0.0439534 0.0906122 0.133679 
0.0621595 0.0439534 0.0219767 0.0491414 0.0310797 0.0906122 0.0310797 0.0621595 0.0219767 0.0439534 
0.0429314 0.0479988 0.0214657 0.203642 0.0885054 0.0910713 0.0303571 0.0959975 0.0643971 0.0429314 
0.0212658 0.0425315 0.090223 0.0475517 0.0300743 0.0475517 0 0.0212658 0.0672483 0.0951034 
0.0487805 0.097561 0.0243902 0.121951 0 0.0487805 0.0243902 0.100564 0.0731707 0.034493 
0.0845503 0.0469001 0.0331633 0.0966869 0.0741555 0.0524359 0.0741555 0.0845503 0.0703501 0.0741555 
0.020601 0.0460653 0.0824042 0.020601 0.0618031 0.0742781 0.0412021 0.0291343 0.103005 0.0412021 
0.0714083 0.0858221 0.0336622 0.119014 0.0952111 0.0476056 0.0238028 0.0476056 0.0476056 0.0336622 
0.0376588 0.0266288 0.0532576 0.0266288 0.135781 0.0595439 0.0532576 0.0376588 0.0960116 0.112977 
0.0468653 0.0628764 0.075568 0.140596 0.210633 0.0468653 0.0209588 0.0864153 0.140596 0.0468653 
0.0241737 0.0483474 0.123262 0.0341868 0.162162 0.140956 0.0483474 0.0996708 0.130179 0.162162 
0.0540541 0.0725211 0.0241737 0.0725211 0.0540541 0.0540541 0.0341868 0.0341868 0.0341868 0.0483474 
0.0227141 0.0936525 0.11357 0.195394 0.10158 0.0681422 0.0718282 0.0507902 0.0718282 0.0507902 
0.0498693 0.0804118 0.0630802 0.0315401 0.0498693 0.0498693 0.0630802 0.0919544 0.0892088 0.0223022 
0.0253144 0 0.0506289 0.0566048 0.0253144 0.0253144 0.0253144 0.0253144 0.0253144 0.0566048 
0.0799898 0.0973118 0.496194 0.341997 0.386939 0.272435 0.0226245 0.182405 0.121837 0.0319959 
0.0718653 0.0227258 0.0718653 0.0508164 0.0681774 0.0321391 0.0454516 0.0321391 0.0508164 0 
0.137113 0.137113 0.0743602 0.0665098 0.126631 0.119902 0.0847837 1.43209 0.183656 0.150568 
0.0362619 0.0573351 0.0573351 0.0573351 0.0573351 0.0573351 0.025641 0.025641 0.0725238 0.0573351 
0.0218465 0.0218465 0.0218465 0.0488503 0.043693 0.0488503 0.0488503 0.0655395 0.0617913 0.0218465 
0.0810574 0.10253 0.0256326 0 0.0724999 0.105686 0.138036 0.0573162 0.130701 0.114632 
0.0238078 0.0336694 0.075287 0.0952313 0.119039 0.0714235 0.0532359 0.0476157 0.121397 0.0673387 
0.0532011 0.0532011 0.143248 0.106402 0.143248 0.0376188 0.0798016 0.0841183 0.106402 0.0752377 
0.057596 0.0928708 0.0364269 0.057596 0.0257577 0.0257577 0.0515154 0.0257577 0.057596 0.057596 
0.0919227 0.0360551 0.0570081 0.0721101 0.0254948 0.0764843 0.0570081 0.0360551 0.0360551 0.0509896 
0.121169 0.0903139 0.0285598 0.0285598 0 0.114239 0.0571195 0.0571195 0.145627 0.0638616 
0.0536731 0.0600084 0.0379526 0.0967606 0.0600084 0.0379526 0.11065 0.0268366 0.0268366 0.0848647 
0.0493677 0.0551947 0.0889988 0.0349082 0.0698164 0.0246838 0.0551947 0.0889988 0.0246838 0.0246838 
0.0794205 0.0311513 0.0311513 0.0794205 0.0908208 0.0311513 0.0492545 0.0311513 0.0440546 0.0440546 
0.0232417 0.0232417 0.05197 0.05197 0.05197 0.0232417 0.0734966 0.0837991 0.0837991 0.135521 
0.0206175 0.046102 0.046102 0.046102 0.0206175 0.0651981 0.046102 0.0412349 0.0206175 0.0206175 
0.0712109 0.0503537 0.0225189 0.0318465 0.135113 0.0225189 0.0503537 0.0318465 0.0318465 0.0503537 
0.146805 0.0415227 0.334767 0.105863 0.252573 0.132938 0.117444 0.167384 0.0928477 0.0207614 
0.0243902 0.0545382 0 0.0879403 0.0243902 0.034493 0.034493 0.100564 0.0545382 0.0545382 
0.0359675 0.0359675 0.104862 0.0254329 0.0254329 0.0568696 0.0254329 0.113739 0.0254329 0.0359675 
0.109599 0.0866459 0.0866459 0.0866459 0.0547997 0.0273998 0.0547997 0.0987915 0.0612679 0.0612679 
0.0688581 0.024345 0.463196 0.633439 0.707683 0.438211 0.0688581 0.0688581 0.0344291 0.0544371 
0.113437 0.0253653 0.0914558 0.170155 0.0567185 0.0507305 0.080212 0.0567185 0.104584 0 
0.10643 0.109706 0.0959351 0.0532152 0.0959351 0.118993 0.112887 0.0266076 0.0841406 0.0266076 
0.0553425 0 0.0742497 0.133282 0.123749 0.102046 0.0350016 0.102046 0.102046 0.0350016 
0.11939 0.0596948 0.0422106 0.0298474 0.0943858 0.0596948 0.0667409 0.0596948 0 0.0298474 
0.10366 0.0518302 0.115896 0.0732989 0.10366 0.0835736 0.10366 0.0955701 0.118191 0.0835736 
0.076444 0.085467 0.0540541 0.137811 0.135135 0.0974473 0.0604343 0.027027 0.0604343 0.027027 
0.0661813 0.0739929 0.0330906 0.0233986 0.0467972 0.0330906 0.0523209 0.096475 0.0523209 0 
0.0265513 0.0375492 0.0375492 0.0375492 0.0593705 0.0593705 0.0839625 0.0265513 0.095732 0.0593705 
0.117444 0.0569687 0.117444 0.120849 0.153393 0.127386 0.0569687 0.063693 0.0854531 0.063693 
0.0237273 0.0530558 0.0855499 0.0978301 0.106112 0.0949091 0.0530558 0.0530558 0.151929 0.0237273 
0.0380521 0.0807207 0.0850871 0.21015 0.190261 0.0850871 0.0850871 0.107628 0.0761042 0.0601657 
0.0672825 0.0425532 0.0475759 0.0475759 0.0212766 0.12942 0.0672825 0.0300897 0.0902689 0.0601793 
0.0350904 0.0350904 0.0784646 0.228762 0.277414 0.0350904 0.0701808 0.0992507 0.0350904 0.0496253 
0.0245403 0.0548739 0.157135 0.0884814 0.122702 0.147242 0.101182 0.0694106 0.155207 0.0548739 
0.0555513 0 0.126676 0.102431 0.0895737 0.0895737 0.0248433 0.0895737 0.105401 0.0351337 
0.0579576 0.106869 0.0518389 0.0366556 0.103678 0.106869 0.0366556 0.0366556 0.163929 0.0518389 
0.0318465 0.0450377 0.0712109 0.0900755 0.100707 0.0225189 0.0811929 0.0318465 0.0225189 0.0225189 
0.0321081 0.0681115 0.0227038 0.0507673 0.0227038 0.0717958 0.0227038 0.0227038 0 0.0321081 
0.0996194 0.0704415 0.0249048 0.0249048 0.102685 0.12699 0.0249048 0.0897957 0.0747145 0.124524 
0.0990934 0.0679775 0 0.0240337 0.0537409 0.152002 0.0760011 0.0537409 0.0480673 0.0537409 
0.0243739 0 0.03447 0.0243739 0.0878815 0.0731218 0.0243739 0.0243739 0 0.0878815 
0 0.0246838 0.212338 0.0780571 0.0780571 0.0740515 0.0246838 0.0493677 0.0551947 0 
0.111176 0.105269 0.120379 0.0825796 0.103225 0.0851211 0 0.0206449 0.111176 0.0583926 
0.136829 0.0305959 0.0967528 0.0649038 0.129808 0.0684146 0.0649038 0.136829 0.0432692 0.0216346 
0.0480847 0.034001 0.0760286 0.0240424 0.034001 0.0537603 0.034001 0.034001 0.0721271 0.0760286 
0.112331 0.0905643 0.0753541 0.0355222 0.0561656 0.050236 0.0355222 0.050236 0.0355222 0.050236 
0.0590693 0.0590693 0.0747174 0.0373587 0.0528332 0.0373587 0.0590693 0.0373587 0.0264166 0.0373587 
0.0448731 0.03173 0.0808961 0.03173 0.0897461 0.0448731 0.03173 0.0448731 0.0925082 0.0709505 
0.0551947 0.0246838 0.0246838 0.0551947 0.158054 0.0780571 0.0551947 0.0551947 0.0889988 0.0889988 
0.0623026 0.0794205 0.0492545 0.110136 0.0220273 0.118621 0.0440546 0.112318 0.112318 0.098509 
0.0560684 0.0752237 0.0904076 0.0250746 0.0560684 0.0354608 0.0250746 0.0560684 0.0354608 0.0501491 
0.0314464 0.0314464 0.157232 0.0314464 0.0628928 0.0497211 0.0497211 0.022236 0.0314464 0.0943392 
0.0489058 0.0788582 0.0437426 0.0489058 0.0309307 0.111522 0.0437426 0.0309307 0.0309307 0.0437426 
0.103448 0.121915 0.024383 0.054522 0.048766 0.073149 0.109044 0.048766 0.0879141 0.024383 
0.117479 0.0308515 0.137972 0.097561 0.146341 0 0.0436306 0.0786562 0.0487805 0.109076 
0.0292353 0.0206725 0.046225 0.065372 0.130744 0.0745356 0.0413449 0.0745356 0.0206725 0.09245 
0.0379578 0.0600165 0.0536804 0.0948944 0.205288 0.0805206 0.0684293 0.0848762 0.0379578 0.144539 
0.0473481 0.0853579 0 0.120714 0.0669603 0.0334801 0.0748639 0.0473481 0.023674 0.0334801 
0.101559 0.0718132 0.183088 0.18484 0.218411 0.104685 0.104685 0.129463 0.143626 0.126949 
0.0716804 0.0566684 0.0358402 0.0358402 0.0253429 0.0358402 0.0253429 0.0358402 0.0253429 0.129224 
0.0316525 0.0223817 0.0447633 0.0500469 0.0316525 0.0316525 0.0500469 0.0500469 0.0223817 0.114125 
0.0706181 0.0446628 0.0631627 0.120258 0.0706181 0.099869 0.0315814 0.0920747 0.0315814 0.0706181 
0.0240337 0.0537409 0.0339887 0.0339887 0.120168 0.0760011 0.0339887 0.0339887 0.0240337 0.0480673 
0.0580106 0.0410197 0.0290053 0.0458614 0.0917229 0.156198 0.124757 0.102549 0.0739493 0.0205099 
0.0258177 0.0365118 0.259465 0.0365118 0.23236 0.165314 0.0258177 0.0577302 0.103271 0.0365118 
0.022026 0.022026 0.0908153 0.203069 0.0794157 0.0311494 0.0794157 0.0311494 0.0881038 0.022026 
0.0312348 0.0441726 0.0220863 0.168204 0.0796333 0.0220863 0.0220863 0.0493865 0.0441726 0.0662589 
0.0492515 0.022026 0.128432 0.128432 0.0794157 0.0492515 0.022026 0.0696522 0.0985031 0.0492515 
0.0428108 0.0676897 0.135379 0.0771782 0.0214054 0.0214054 0.0214054 0.0214054 0.0478639 0 
0.0710624 0.0449438 0.0635602 0.100497 0.0449438 0.0674157 0.0953402 0.100497 0.11236 0.0224719 
0.0230327 0.0230327 0.0651462 0.0460653 0.0515026 0.0325731 0.0460653 0.0830455 0.0651462 0.0728357 
0.0475195 0.0425027 0.0475195 0.0901619 0.0766229 0.0475195 0.0637541 0.095039 0.0212514 0.030054 
0.0484019 0.021646 0.030612 0.0684506 0.0484019 0.0484019 0.0484019 0.064938 0.0484019 0.021646 
0.0505964 0.0505964 0.08 0.0565685 0.0565685 0.0758947 0.0252982 0.0357771 0.0252982 0.0357771 
0.0487254 0.065372 0.0487254 0.108953 0.0689082 0.0308167 0.065372 0.0616334 0.0974509 0.0487254 
0.0945556 0.022287 0.0498352 0.140955 0.205476 0.0498352 0.0803568 0.044574 0.0498352 0.0498352 
0.0694377 0.0981998 0.0310535 0.0490999 0.0490999 0.0439163 0.0490999 0.0905357 0.0878326 0.0694377 
0.308043 0.0854358 0.0604122 0 0.196688 0.18912 0.0604122 0.0604122 0.145492 0.19104 
0.0332664 0.0665328 0.0235229 0.0235229 0.193975 0.179145 0.0235229 0.0470458 0.157796 0.148772 
0 0.0232558 0.0657774 0.08385 0.0520016 0.0232558 0.0520016 0 0.0232558 0.0735413 
0.0295527 0.0467269 0.0208969 0.15069 0.104485 0.0660819 0.0208969 0.0626908 0.0660819 0.0660819 
0.0372033 0.0526134 0.07892 0.0526134 0.083189 0.0948501 0.0588235 0 0.0588235 0.0588235 
0.103411 0.0462466 0.0833723 0.134831 0.155116 0.0731224 0.0517053 0.0231233 0.0462466 0.0517053 
0.0223147 0.0669441 0.0669441 0.0223147 0.160914 0.0946733 0.0223147 0.0446294 0.0705653 0.126231 
0.0519087 0.0580357 0 0.129772 0.151338 0.0820748 0.0734099 0.0259543 0.0580357 0.077863 
0.042713 0.0955092 0.0955092 0.243502 0.0955092 0.128139 0.0955092 0.042713 0.0604053 0.0955092 
0 0.0882914 0.0493564 0.0312157 0.0987128 0.0624315 0.0493564 0.0882914 0.0441457 0.0220729 
0.448535 0.0486504 0.248069 0.0688021 0.124035 0.200591 0.034401 0.0688021 0.250443 0.230769 
0.0330771 0.0739626 0.0522994 0.0330771 0.0330771 0.0843303 0.0330771 0.0330771 0.0522994 0.0522994 
0.102699 0.0827988 0.0649527 0.0827988 0.139686 0.0513496 0.0513496 0.0688927 0.0229642 0.0513496 
0.0369548 0 0.0739095 0.116861 0.165267 0.147819 0.0369548 0.156786 0.104524 0.0826333 
0.0332549 0.0705443 0.105161 0.0847837 0.0969539 0.0665098 0.0665098 0.0665098 0.0332549 0.143035 
0.034401 0.0243252 0.034401 0.0877058 0.0688021 0.034401 0.034401 0.0486504 0.0877058 0.0243252 
0.0484019 0.021646 0.0484019 0.0780457 0.0684506 0.021646 0.0484019 0.0484019 0.021646 0.0484019 
0.0285118 0.0831256 0.122634 0.100805 0.162543 0.0637544 0.0604828 0.100805 0.102801 0.0201609 
0.031748 0.0224492 0.031748 0.0709908 0.0224492 0.0224492 0.0709908 0.0634961 0.126992 0.0634961 
0.0845096 0.0234388 0.0234388 0.188969 0.0468775 0 0.0662948 0.0994422 0.0234388 0.104821 
0.0786702 0.0218192 0.0654576 0.123428 0.0218192 0.0218192 0.0436384 0 0.0487892 0.0218192 
0.0338328 0.0717701 0.0756524 0.121986 0.0239234 0.0239234 0.0534943 0.0338328 0.0534943 0.086257 
0.0221349 0.0221349 0.0494952 0.0626071 0.0494952 0.0442699 0.0494952 0.0626071 0.0313035 0.0221349 
0.0544371 0.0730351 0.024345 0 0.0486901 0.0486901 0.024345 0.0344291 0.024345 0.0730351 
0 0.0500469 0.0500469 0.0806983 0.180447 0.067145 0.0223817 0.100094 0.0223817 0.0633049 
0.0714422 0.0714422 0.045184 0.0814567 0.0714422 0.0638999 0.022592 0.045184 0 0.0319499 
0.023956 0.023956 0.101637 0.220863 0.0338788 0.023956 0.0338788 0.0535672 0.0338788 0.0535672 
0.0451466 0.0225733 0.0319235 0.131624 0.112867 0.0451466 0.0504754 0.0451466 0.0225733 0.0319235 
0.0231994 0.0231994 0.0463988 0.0836467 0.0927977 0.0956537 0.0656179 0.0518755 0.103751 0.073363 
0.0437872 0.0437872 0.0656807 0.12766 0.123849 0.0692336 0.0619244 0.0309622 0.133173 0.0218936 
0.837854 0.0398865 0.160788 0.079773 0.200427 0.028204 0.0199432 0.171558 0.126132 0.028204 
0.0867235 0.0991722 0.0991722 0.0240528 0.0340158 0.0340158 0.146307 0 0.0481056 0.0991722 
0.0454428 0.0936828 0.0227214 0.0819232 0.0508066 0.0227214 0.136328 0.0508066 0.0508066 0.0227214 
0.0519981 0.0519981 0.0519981 0.0328865 0.0232542 0.0232542 0.0838444 0.0328865 0.0328865 0 
0 0.0463988 0.0463988 0.0328089 0.0518755 0.0518755 0.073363 0.0463988 0.0518755 0.0695983 
0.0740792 0.0468518 0.0844632 0.0844632 0.148158 0.0844632 0.0331292 0.0937035 0.0993876 0.0702777 
0.500887 0.0725238 0 0.11467 0.0512821 0.0324336 0.0512821 0.0324336 0.0725238 0.116941 
0.0518128 0.0518128 0.0655385 0.124782 0.197976 0.095538 0.0518128 0.0695141 0.146549 0.0518128 
0.0560723 0.0591054 0.113692 0.0747631 0.177316 0.136071 0.0264327 0.0417938 0.0373815 0.149526 
0.903945 0.0726326 0.136957 0 0.195194 0.123452 0.0342393 0.0242109 0.0541372 0.0765615 
0.0691632 0.0218713 0.0691632 0.0656139 0.0489058 0 0.0218713 0.0618614 0.0218713 0.0218713 
0.139754 0.125 0.0441942 0.209631 0.176777 0.159344 0.132583 0.576222 0.21875 0.0988212 
0.0332664 0 0.0332664 0.0235229 0.133066 0.105198 0.0332664 0.0525988 0.0665328 0.0235229 
0.051131 0.0255655 0.0255655 0.0255655 0.0571662 0.051131 0.051131 0.0255655 0.0723101 0.051131 
0.0678141 0.0428894 0.0678141 0.0678141 0.115483 0.115483 0.0643341 0.0428894 0.0303274 0.0857789 
0.218137 0.0689809 0.0545342 0.0975537 0.245101 0.219496 0.0243884 0 0.195107 0.220847 
0.0692025 0.100879 0.0244668 0.109419 0.0346012 0.0547094 0.0346012 0.0346012 0.0692025 0.0489336 
0 0.0249824 0.111725 0.0499649 0.0900755 0 0.0249824 0.0353305 0.0249824 0.0249824 
0.0512652 0.03625 0.0573162 0.0573162 0.10253 0.0573162 0.0573162 0.0512652 0.0810574 0.0512652 
0.212106 0.114003 0.0316188 0.0447158 0.0707018 0.0707018 0.111789 0.161225 0.135998 0.212106 
0.193303 0.110685 0.0553425 0.144315 0.0350016 0.144315 0.0700033 0.105005 0.078266 0.144315 
0.198286 0.0842554 0.116841 0.0963498 0.147794 0.142144 0.0738969 0.0963498 0.140209 0.093473 
0.0770539 0.0417884 0.351122 0.118195 0.206419 0.0770539 0.0528586 0.15067 0.177293 0.10064 
0.0244668 0.0346012 0.0547094 0.0773707 0.0734003 0.0882162 0.0547094 0 0.0244668 0.0244668 
0.0758947 0.113137 0.273642 0.113137 0.113137 0.091214 0.08 0.0565685 0.104307 0.091214 
0.0364178 0.0728357 0.106175 0.0928477 0.115163 0.0928477 0 0.0575817 0.128757 0.0575817 
0.0513496 0.0229642 0.094684 0.0827988 0.139686 0.123666 0.0229642 0.0324764 0.0827988 0.091857 
0.03625 0.03625 0.0924197 0.0810574 0.114632 0.0256326 0.0256326 0.0724999 0.128163 0.0924197 
0.156518 0.148486 0.0912647 0.0442699 0.139994 0.0442699 0 0.0626071 0.161145 0.0442699 
0.0531795 0.0531795 0.0713477 0.0857493 0.244857 0.118913 0.0336336 0.0475652 0.121268 0.0237826 
0 0.0470725 0.0470725 0.0210515 0.0470725 0.0297713 0.0421029 0.0210515 0.0470725 0.0595425 
0.0717542 0.0717542 0.0320895 0.0641789 0.068072 0.0320895 0.0935561 0.122193 0.0453814 0.0226907 
0.0335107 0.052985 0.0947825 0.052985 0.0335107 0.118478 0.0473912 0.0236956 0.0710869 0.0749321 
0.11733 0 0.0927578 0.0655896 0.0293326 0.0293326 0.0927578 0.0586652 0.0927578 0.0829651 
0.0682877 0.0508987 0.159338 0.173355 0.116067 0.187705 0.0682877 0.0508987 0.215945 0.101797 
0.0499688 0.0499688 0.0706665 0.130303 0.0499688 0.0805722 0.130303 0.156427 0.0805722 0.0499688 
0.0206186 0.029159 0.14433 0.0850125 0.28866 0.123711 0.111034 0.0652016 0.14433 0.145795 
0.0662589 0.0312348 0.098773 0.0220863 0.098773 0.0312348 0.0883452 0.0312348 0.0312348 0.0220863 
0.0613877 0.0457557 0.0409251 0.144692 0.0647083 0 0 0.0647083 0.0204626 0.0289384 
0.0252982 0.091214 0.0357771 0.104307 0.184174 0.08 0.0505964 0.362215 0.0505964 0.0565685 
0.0469776 0.0704664 0.0234888 0.0525226 0.11977 0.0332182 0.0525226 0.0332182 0.0469776 0.0704664 
0.0639489 0.0226093 0.050556 0.0452187 0.0319744 0.0319744 0.050556 0.0226093 0.0226093 0.0226093 
0.0777232 0.0482019 0.144606 0.0888799 0.0964037 0.0777232 0.0431131 0.0914566 0.0431131 0.0304855 
0.0657399 0.0438266 0.0438266 0.0438266 0.0979992 0.0489996 0.0309901 0.0489996 0 0.0489996 
0.0499376 0 0.111664 0.0998752 0.0900263 0.0789583 0 0.0499376 0.0249688 0.0249688 
0.0533267 0.0533267 0.0476968 0.0674535 0.119242 0.0533267 0 0.0533267 0.0754153 0.0238484 
0.0224365 0.03173 0.03173 0.0224365 0.0634601 0.0224365 0.0634601 0.0224365 0.0224365 0.0224365 
0.0827933 0.0324742 0.0827933 0.0726145 0.0649484 0.0513462 0.0459255 0.0229627 0.0649484 0.0324742 
0.0222167 0.0314192 0.0496781 0.0496781 0.0496781 0.0702555 0.0666502 0 0.0496781 0.0444335 
0.0675909 0.0637253 0.071247 0.0503793 0.0637253 0.0503793 0.0450606 0.112651 0.0812341 0.0450606 
0.0969371 0.0371737 0.0599408 0.295992 0.166246 0.0525715 0.105143 0.0705321 0.0743474 0.134032 
0.0201763 0.0201763 0.0638031 0.0727467 0.0451156 0.083189 0.0451156 0.0570672 0.083189 0.0902312 
0.102921 0.0638291 0.040369 0.0638291 0.102921 0.0638291 0.102921 0.0638291 0.142726 0.040369 
0.0548161 0 0.101076 0.142943 0.109632 0.0735435 0.0245145 0.0346688 0.0980581 0.0883883 
0.0940354 0 0.0645077 0.251911 0.161269 0.146036 0.0822316 0.0456139 0.0721219 0.0684208 
0.022934 0.022934 0.0512821 0.0512821 0.0725238 0.0945594 0.0512821 0.0324336 0.0324336 0.0458681 
0.70651 0.0580748 0.146919 0.0580748 0.132431 0.181803 0.0519437 0.0519437 0.129859 0.0779155 
0.0683736 0.0241737 0.10256 0.076444 0.20795 0.123262 0.0871595 0.0540541 0.0725211 0.0540541 
0.0715828 0 0.080032 0.0565912 0.075925 0.0253083 0.0565912 0.0506167 0.075925 0.0357914 
0.02493 0.0557451 0.102789 0.02493 0.0705126 0.0705126 0.0352563 0.0557451 0.0898863 0.11149 
0.0622808 0 0.105857 0.0622808 0.0587189 0.0464213 0 0.0207603 0.0415205 0.0415205 
0.0749532 0 0.0529999 0.0529999 0.0854598 0.0854598 0.0529999 0.0237023 0.0948091 0.0335201 
0.0565369 0.0357571 0.0357571 0.12642 0.184071 0.091163 0.0565369 0.0505681 0.0565369 0 
0.0353553 0.025 0 0.025 0.0353553 0.0353553 0.0559017 0.0901388 0.025 0.025 
0.0546155 0.0244248 0.100706 0.0732743 0.0244248 0.0244248 0.0546155 0.0244248 0.0732743 0.103626 
0.085008 0.058315 0.046102 0.058315 0.103087 0.058315 0.0922041 0.058315 0.0651981 0.046102 
0.151568 0.209568 0.0367607 0.110282 0.107175 0.0519875 0.223607 0.174371 0.0519875 0.110282 
0.0366218 0.0258955 0.129478 0.0776866 0.245667 0.139452 0.0579042 0.0258955 0.0818888 0.129478 
0.0755629 0.0503753 0.0503753 0.0712414 0.0908153 0.0796503 0.0712414 0.0251876 0.0796503 0.0908153 
0.0715542 0.0565685 0.0715542 0.0565685 0.0252982 0.0252982 0.0357771 0.0758947 0.0565685 0.0252982 
0.0689041 0.0544735 0.034452 0.034452 0.034452 0.034452 0.0730838 0.0770371 0.0770371 0.0730838 
1.11451 0.122112 0.0386154 0.136526 0.198785 0.136526 0.0386154 0.172693 0.13923 0.0819156 
0.737896 0.157636 0.0764649 0.162207 0.217959 0.137849 0.0540689 0.157636 0.0811033 0.137849 
0.0901317 0.024998 0.0353526 0.0558973 0.0790508 0.0499961 0.0353526 0.0558973 0.0749941 0.0901317 
0.0302891 0.0605783 0.135457 0.242313 0.109209 0.151446 0.0677285 0.0957826 0.0957826 0.151446 
0.0578738 0.0647049 0.0204615 0.110189 0.110189 0.0578738 0.040923 0.0647049 0.104334 0.0843649 
0.138042 0.0529367 0.0473481 0.0473481 0.0529367 0.0473481 0.0334801 0.0334801 0.0710221 0.023674 
0.14505 0.0248759 0.0786646 0.0556243 0.166873 0.157329 0.0896914 0.0896914 0.1811 0.14072 
0.046942 0.046942 0.093884 0.046942 0.066386 0.033193 0.023471 0.033193 0.0742218 0.070413 
0.0454282 0.0936525 0.132445 0.11357 0.10158 0.0681422 0.0507902 0.0642451 0.0507902 0.0681422 
0.0507902 0.0507902 0.0818968 0.0507902 0.0507902 0 0.0321226 0.0718282 0.0507902 0.0507902 
0.0657063 0.0464614 0.0856706 0.0293848 0.0293848 0.0587695 0.0207782 0.0207782 0.0623345 0.0831127 
0.0331292 0.0234259 0.0523819 0.0844632 0.163981 0.0331292 0.0468518 0.0331292 0.0702777 0.0662584 
0.14627 0.0286858 0.114743 0.231272 0.118275 0 0.0405679 0.143429 0.0811357 0.0573716 
0.138929 0.0515968 0.109453 0.109453 0.131547 0.0257984 0.0815817 0.156926 0.057687 0.057687 
0.0460653 0.0460653 0.0291343 0.0460653 0.0460653 0.0412021 0.0651462 0.130292 0.020601 0.0460653 
0.146626 0.0241051 0.0869123 0.0539007 0.175488 0.102269 0.0539007 0.0869123 0 0.146626 
0.0642658 0.0508066 0.0819232 0.0718514 0.0508066 0.0963987 0.0642658 0.0321329 0.132487 0.0508066 
0.108059 0.0305637 0.0216118 0.0611275 0.0432237 0.0864473 0.0432237 0.0432237 0.0483255 0.0916912 
0.0243613 0.0243613 0.0243613 0.034452 0.0730838 0.0243613 0 0.0689041 0.0243613 0.034452 
0.0924907 0.0897292 0.0501601 0.247773 0.0672969 0.130802 0.0501601 0.170839 0.143637 0.143637 
0.0499938 0.0316188 0.0806125 0.0707018 0.170273 0.0948565 0.0632377 0.0223579 0.0632377 0.0447158 
0.0701958 0.0233986 0.0233986 0.0233986 0.0843649 0.126005 0.0701958 0.0739929 0 0.0701958 
0.157969 0.0812743 0.195359 0.0976795 0.191565 0.111701 0.0766261 0.0766261 0.218418 0.0270914 
0.034401 0.0243252 0.0973009 0.0486504 0.0543928 0.034401 0 0.0486504 0.103203 0.0543928 
0.0638291 0.0570905 0.0638291 0.0856357 0.0285452 0.0856357 0.0285452 0.040369 0.0285452 0.0902679 
0.0794301 0.0264767 0.112331 0.0592037 0.132384 0.135005 0.0837267 0.0529534 0.0748875 0.0529534 
0.0981622 0.0858404 0.075287 0.0858404 0.075287 0.0238078 0.0532359 0.0714235 0.075287 0.0714235 
0.0468518 0.0662584 0.0965874 0.117129 0.0844632 0.0523819 0.0740792 0.0662584 0.0234259 0.0844632 
0.0863126 0.0478776 0.101564 0.107058 0.0757011 0.139586 0.0535288 0.122064 0.0535288 0.0718164 
0.071315 0.0225518 0.031893 0.071315 0.0225518 0.0504273 0.031893 0 0.063786 0.031893 
0.0443215 0.0991059 0.0495529 0.0700784 0.148659 0.0495529 0.03134 0.0664822 0.0700784 0.0991059 
0.183417 0.0580015 0.151249 0.129695 0.151249 0.129695 0.0366834 0.188839 0.0580015 0 
0.0573162 0.0724999 0.0768978 0.03625 0.0256326 0.0724999 0.0256326 0.03625 0.0512652 0.0573162 
0.031762 0.031762 0.0224592 0.0809776 0.031762 0.0502202 0.0502202 0.031762 0.0502202 0.0898366 
0.0474445 0.0212178 0.0212178 0.0300066 0.241921 0.0874834 0.0300066 0.0424357 0.0474445 0.076502 
0.219545 0.0874153 0.0242447 0.0242447 0.0342871 0.0242447 0.0969786 0.0542127 0.0874153 0.072734 
0.0466696 0.0330004 0.0660008 0.0700045 0.0660008 0.0660008 0.0737912 0.0330004 0.0330004 0.0737912 
0.0376822 0.0266454 0.0595808 0.0595808 0.0753645 0.0532907 0.0376822 0.0376822 0.0960712 0.0376822 
0.0876216 0.0543406 0.068736 0.034368 0.068736 0.034368 0.0543406 0.0486037 0.0243019 0 
0.0493865 0.0220863 0.0493865 0.0441726 0.0937043 0.0441726 0.0493865 0.0493865 0.0493865 0.0312348 
0.126329 0.0564963 0.0357314 0.0505318 0.0798978 0.0252659 0.0505318 0.0910975 0.0505318 0.0564963 
0.109044 0.100534 0.054522 0.073149 0.0689655 0 0.0344828 0.024383 0.0344828 0.054522 
0.023471 0.023471 0.033193 0.023471 0.046942 0.023471 0.033193 0.023471 0.023471 0.033193 
0.0512148 0.0512148 0.0256074 0.0362143 0.0512148 0.0362143 0.0362143 0.0572598 0.105582 0.0512148 
0.0208232 0.046562 0.0832927 0.046562 0.0208232 0.046562 0.0208232 0.0294484 0.046562 0.0294484 
0.0539753 0.0603462 0.0539753 0.0853424 0.0603462 0 0.0269876 0.0269876 0.0539753 0.0973053 
0.103996 0.0519981 0.0328865 0.0465085 0.0465085 0.0465085 0.0232542 0.0328865 0.0328865 0.0328865 
0.0698377 0.089026 0.101805 0.156162 0.0698377 0.125902 0.0349189 0.123457 0.0246914 0.0740741 
0.026556 0 0.0593809 0.0531119 0.026556 0.0375558 0.0531119 0.026556 0.0593809 0.026556 
0.10775 0 0.0584356 0.0826404 0.0826404 0.0369579 0.0584356 0.0584356 0.0369579 0.130666 
0.0777029 0.0347498 0.0549442 0.0245718 0.0549442 0.0347498 0.0737154 0.0885949 0.0694996 0.0491436 
0.0246838 0.0349082 0.0740515 0.0349082 0.0493677 0.0349082 0.0493677 0.0889988 0 0.0889988 
0.0609824 0.0272722 0.0545443 0.0545443 0.0862422 0.0385687 0.0272722 0.0771373 0.0545443 0.0771373 
0.0513623 0.0363186 0.0574248 0.0574248 0.102725 0.0363186 0.0770435 0.0574248 0.0726373 0.0726373 
0.0336336 0.0237826 0.0336336 0.0237826 0.0475652 0.0672673 0.0475652 0.0237826 0.0752071 0.0336336 
0.107058 0.0338546 0.0718164 0.216775 0.169273 0.204533 0.0863126 0.694225 0.169273 0.169273 
0.0224705 0 0.0224705 0.0502455 0.0674115 0.0224705 0.0502455 0.0224705 0 0.0926482 
0.0679018 0.0452679 0.0320092 0.0226339 0.050611 0.0715748 0.0960277 0.0816078 0.050611 0.0715748 
0.061473 0.0687289 0.10867 0.156726 0.200378 0.117041 0.0485987 0.117041 0.061473 0.065202 
0.066519 0.0701172 0.0627147 0.0313574 0.159892 0.0495803 0.0495803 0.0627147 0.0313574 0.0799459 
0.14834 0.0419568 0.206613 0.0296679 0.21083 0.151277 0.0296679 0.0296679 0.0756386 0.0938182 
0.270701 0.0416463 0.19198 0.0294484 0.20927 0.133333 0.075079 0.0208232 0.046562 0.0588968 
0.0464238 0.0464238 0.0464238 0.0622841 0.029361 0.029361 0 0.0464238 0 0.0464238 
0.0532359 0.0336694 0.0336694 0.0981622 0.075287 0.0532359 0.0532359 0.0336694 0.0714235 0.0714235 
0.0229885 0 0.0514039 0.0325107 0 0.091954 0.045977 0.189568 0.0229885 0.0325107 
0.14857 0.0244248 0.0345418 0.109231 0.14857 0.0244248 0.0244248 0.0772379 0.0732743 0.0244248 
0.0603847 0.0640476 0.153951 0.136702 0.129862 0.136702 0.0477383 0.0603847 0 0.114969 
0.107951 0.0603462 0.0603462 0.134938 0.134938 0.0603462 0.0381663 0.0269876 0.0973053 0.0973053 
0.0229145 0.0458289 0 0.0724619 0.0724619 0.0944787 0.0512383 0.0512383 0.0512383 0.0916578 
0.584103 0.376654 0.325396 0.083189 0.0588235 0.1897 0.11161 0.0588235 0.35392 0.200346 
0.0542805 0.024275 0.0767643 0.024275 0.0542805 0.0542805 0.024275 0.04855 0.0542805 0.0971 
0 0.0265162 0.0265162 0.109329 0.0838517 0 0.0374996 0.0592921 0.0592921 0.0265162 
0.141421 0.0328798 0.0232495 0.0464991 0.0464991 0.0232495 0.0328798 0.0464991 0.0232495 0.0328798 
0.105409 0.051131 0.0255655 0.0255655 0.0361551 0.051131 0.0255655 0.0571662 0.0808452 0.0255655 
0.113914 0.025472 0.025472 0.12736 0.105024 0.105024 0.0805496 0.105024 0.050944 0.050944 
0.0524359 0.0331633 0.02345 0.02345 0 0 0.0524359 0.0331633 0.0524359 0.0663267 
0.0513903 0.0229824 0.0459649 0.0513903 0.0689473 0.0726768 0 0.123764 0.0919297 0.114912 
0.142364 0.0530558 0.0671109 0.0530558 0.0750322 0.0474546 0.0335554 0.0530558 0.0671109 0.0530558 
0.256452 0.0362678 0.114689 0.217607 0.0362678 0.0810974 0.0810974 0.181339 0.0810974 0.0512905 
0.189994 0.0937043 0.124939 0.243951 0.156174 0.182128 0.128784 0.251823 0.098773 0.124939 
0.118636 0.0711818 0.0750322 0.0530558 0.0671109 0.0335554 0.118636 0.127775 0.0530558 0.0671109 
0.0780869 0.0617331 0.0828236 0.0617331 0.0617331 0.0780869 0.0617331 0.0617331 0.0390434 0.0390434 
0.0629317 0.112576 0.0398015 0.0629317 0.101474 0.101474 0.125863 0.199007 0.101474 0.125863 
0.133999 0.105118 0.0371647 0.0947518 0.0831028 0.0743294 0.0947518 0.153234 0.0587626 0.0525588 
0.145219 0.167067 0.278445 0.176104 0.18967 0.40847 0 0.0249048 0.312057 0.200789 
0.0780869 0.0617331 0.0390434 0.0780869 0.11383 0.0995416 0.0390434 0.138039 0.0873038 0.0552158 
0.114753 0.123593 0.0229506 0.0459013 0.102638 0.0725763 0.102638 0.114753 0.0459013 0.0946279 
0.122301 0.0719557 0.075848 0.129164 0.0536326 0.0339202 0.0536326 0.0719557 0.0988936 0.0479705 
0.0596285 0.08 0.0754247 0.106667 0.0266667 0.0596285 0.135974 0.214994 0.0533333 0.0754247 
0.0724286 0.0256074 0.0768221 0.0256074 0.0572598 0 0.0572598 0.0256074 0.0809776 0.0512148 
0.0710221 0.0224592 0.0673775 0.031762 0.0898366 0.0502202 0.031762 0.0673775 0.0710221 0.031762 
0.0398212 0.0796424 0.0629629 0.0796424 0.0890429 0.0398212 0.0629629 0.0563157 0.0563157 0.112631 
0.0537603 0.0537603 0.14019 0.0537603 0.0760286 0.0866859 0.0480847 0.0537603 0.0866859 0.0480847 
0 0.0489555 0.0437872 0.0437872 0.0789384 0.0437872 0.0489555 0.123849 0.0902695 0.146867 
0.0985031 0.0246258 0.0348261 0.0492515 0.155747 0.0550649 0.0738773 0.0348261 0.0550649 0.0550649 
0.0781823 0 0.0552832 0.0247234 0.0494468 0.0349642 0.0494468 0.0891415 0.0349642 0.0494468 
0.0493677 0.0246838 0.139633 0.0246838 0.0889988 0.0740515 0.0493677 0.0740515 0.0246838 0.0246838 
0.0491436 0 0.0777029 0.0245718 0.0549442 0.0777029 0.0347498 0 0.0347498 0.0245718 
0.0253165 0.0566093 0.0358029 0.0506329 0.0716057 0.0716057 0.0253165 0.0506329 0.0759494 0.0566093 
0.0542805 0.03433 0.06866 0.04855 0.03433 0.04855 0.0542805 0.0875247 0.06866 0.0542805 
0.170757 0.0473593 0.0599053 0.0473593 0.0211797 0.0423595 0.0211797 0.0299527 0.0423595 0.0473593 
0.107651 0.0304484 0.0481432 0.107651 0.0962864 0.0962864 0.0481432 0.260151 0.0304484 0.109783 
0 0.0536906 0.135828 0.0536906 0.0679138 0.0480223 0.0240111 0.0536906 0.0759299 0.0339569 
0.0480431 0 0.0774671 0.0607702 0.0679432 0.0214855 0.0774671 0.0480431 0.0480431 0.0303851 
0.0229946 0.0325193 0.0229946 0.2345 0.212 0.212 0.102835 0.847998 0.0948091 0.280685 
0.029159 0.0412371 0.0206186 0.116636 0.0618557 0.0652016 0.0206186 0.0206186 0.0652016 0.0412371 
0.0459892 0.0325193 0.0514175 0.0727153 0.0514175 0.0514175 0.0514175 0 0.0514175 0.0229946 
0.0232558 0.0328887 0.0232558 0.104003 0.116279 0.0735413 0.0520016 0.0520016 0.0930233 0.0930233 
0.0227214 0.0508066 0.0819232 0.0227214 0.181771 0.101613 0.0508066 0.0227214 0.0454428 0.0227214 
0.0588796 0.0588796 0.0744774 0.0263318 0.0526635 0.0588796 0.0372387 0.0263318 0.0744774 0.0372387 
0.209186 0.0535672 0.0378777 0.0378777 0.0267836 0.0965696 0.0757554 0.0965696 0.0267836 0 
0.0718653 0.0508164 0.0321391 0.0227258 0.0642783 0.205791 0.0454516 0.0321391 0.0227258 0.0227258 
0.0817545 0.0641335 0.0717035 0.0641335 0.122107 0.050702 0.050702 0.050702 0.128267 0.0717035 
0.0266572 0.0596073 0.037699 0.0842974 0.037699 0.0266572 0.0842974 0.0266572 0.0753979 0.037699 
0.0939044 0.0823596 0.0260444 0.104178 0.0939044 0.0823596 0.0582371 0.0260444 0.130222 0.130222 
0.104966 0.0524828 0.0742218 0.117355 0.104966 0.0967735 0.023471 1.29155 0.033193 0.0995791 
0.0744774 0.108569 0.0949405 0.0263318 0.0744774 0.0832683 0.0263318 0.0372387 0.0372387 0.108569 
0.0227273 0.0454545 0.0454545 0.0508197 0.0508197 0.0508197 0.0508197 0.0227273 0.0819443 0.0227273 
0.0761111 0 0.0240685 0.0340379 0.0992368 0.0538187 0.0340379 0.0962738 0.0481369 0.0340379 
0.0450235 0 0.13507 0.0225117 0.203852 0.0811672 0.0225117 0.112559 0.0318364 0.0928183 
0.031396 0.0666009 0.0888012 0.0222003 0.0222003 0.0222003 0 0.0702035 0.0702035 0.031396 
0.0293074 0.0207234 0.0293074 0.0747194 0.0293074 0 0.0293074 0.0828938 0.0414469 0.0207234 
0.100212 0.0501058 0.0792242 0.0708603 0.11204 0.0501058 0.0250529 0.05602 0.125265 0.0250529 
0.0237675 0.0531456 0.0531456 0.118837 0.0531456 0.0237675 0.0475349 0.951886 0.0531456 0.0531456 
0.105054 0.0664419 0.0297137 0.0664419 0.093963 0.0420215 0.0630323 0.0594274 0.0469815 0.0866296 
0.0595954 0.0297977 0.107437 0.0210701 0.0759695 0.0210701 0.0471143 0.0471143 0.0666297 0.0868744 
0.115648 0.0833946 0.0833946 0.0731419 0.117938 0.0693885 0.0327101 0.0517191 0.046259 0.117938 
0.0842554 0.0842554 0.0233683 0.0738969 0.093473 0.052253 0.052253 0.104506 0.0701047 0.0660954 
0.0508394 0.0321537 0.0718978 0.0718978 0.0321537 0 0.0321537 0.228495 0.0508394 0.0937433 
0.0279372 0.143816 0.118528 0.0624695 0.0838116 0.0883452 0.513999 0.967975 0.120162 0.0712262 
0.0978687 0.0515813 0.0515813 0.0326229 0.0692036 0 0.0326229 0.0230679 0.0326229 0.117624 
0.0766652 0.0255551 0.0255551 0.0722806 0.0361403 0.0361403 0.0255551 0.0361403 0.0808122 0.0921401 
0 0.08763 0.027711 0.0619638 0.0619638 0.027711 0.123928 0.0619638 0.08763 0.0391893 
0.03447 0.0243739 0.0731218 0.0974957 0.0545018 0.0545018 0.0545018 0.0243739 0.0545018 0.0545018 
0.0219133 0.0219133 0.0790095 0.0309901 0.0979992 0.0489996 0.0438266 0.0438266 0.0979992 0.0489996 
0.131345 0.0243902 0.121951 0.0731707 0.172465 0.0731707 0.068986 0.034493 0.0731707 0.0243902 
0.0785136 0.0523424 0.0370117 0.117041 0.0827606 0.0261712 0.0585206 0.0785136 0.0370117 0.0585206 
0 0 0.0225819 0.0504947 0.100989 0.0677458 0.0225819 0.0225819 0.0319357 0.0225819 
0.063622 0.0402381 0.0804762 0.122379 0.122379 0.0201191 0.0201191 0.0402381 0.0449876 0 
0 0 0.05197 0.146993 0.0328687 0.0232417 0.05197 0.05197 0.0657374 0.0328687 
0.0473481 0.0473481 0.0473481 0.11837 0.0473481 0.0529367 0.023674 0.0473481 0.0334801 0.0334801 
0.0328865 0.0519981 0.0735364 0.0519981 0.118574 0.0328865 0.0838444 0.0465085 0.0232542 0.0465085 
0.0571429 0 0.105366 0.105366 0.0722806 0.0255551 0.0571429 0.0571429 0.0361403 0.0808122 
0.03433 0.024275 0.03433 0.0875247 0.04855 0.024275 0.024275 0.024275 0.03433 0 
0.0253083 0 0.080032 0.0253083 0.075925 0.0357914 0.0357914 0.0357914 0.107374 0.0715828 
0.0563213 0.0563213 0.103851 0.0755629 0.0563213 0.100751 0.0755629 0.0563213 0.125938 0.13564 
0.0506167 0.0357914 0.0565912 0.104349 0.13629 0.104349 0.0506167 0.0357914 0.0565912 0.0506167 
0.0882162 0.0547094 0.0882162 0.131758 0.0882162 0.0547094 0.0346012 0.0734003 0.0547094 0.0773707 
0.0507265 0 0.0507265 0.0567139 0.0914484 0.0253632 0.0914484 0.152179 0.0802056 0.0507265 
0.0526754 0.0526754 0.137361 0.166574 0.137361 0.0971286 0.0849365 0.133259 0.105351 0.212014 
0.0501349 0.0501349 0.044842 0.0672631 0.141803 0.0634162 0.0808401 0.0317081 0.0317081 0.0501349 
0.0316842 0.0448083 0.0633684 0.0950527 0.100194 0.0633684 0.134425 0.0950527 0.112021 0.0224041 
0.0316822 0.0633645 0.0316822 0.114232 0.0316822 0.0672082 0.100188 0.100188 0.0316822 0.0224027 
0.930975 0.170041 0.112667 0.154846 0.106224 0.0839773 0.0751116 0.109493 0.109493 0.0839773 
0.0321226 0.0321226 0.0718282 0.0227141 0.11582 0.0507902 0.0321226 0.0642451 0.0507902 0.0321226 
0.0523209 0.0523209 0.0523209 0.0523209 0.142328 0.11931 0.0843649 0.0661813 0.0330906 0.0843649 
0.0331292 0.0740792 0.149999 0.117129 0.165646 0.117129 0.0702777 0.157146 0.0740792 0.0662584 
0.0232307 0.0232307 0.0328532 0.167519 0.0519454 0.0696921 0.0232307 0.0519454 0.116154 0.0519454 
0 0.0490379 0.0877216 0.0490379 0.109652 0.0877216 0.0877216 0.0219304 0.0657912 0.0438608 
0.0838444 0.0232542 0.0657729 0.0232542 0.255797 0.0465085 0.0519981 0.0232542 0.0519981 0.0519981 
0.0808401 0 0.114325 0.0808401 0.336315 0.141803 0.0317081 0.0317081 0.044842 0.0501349 
0.0657063 0.0519454 0.0464614 0.131413 0.155836 0.0657063 0.0328532 0.0985595 0 0.0957826 
0.0321226 0.0321226 0.0908563 0.0321226 0.10158 0.11357 0.0454282 0 0.0936525 0.132445 
0.0665153 0.042068 0.021034 0.0594931 0.0594931 0.021034 0.0470334 0.021034 0.0758391 0.0758391 
0.72865 0.0657596 0.159579 0.131519 0.154997 0.127814 0.0619987 0.0490143 0.0929981 0.140356 
0.0465085 0.0657729 0.0519981 0.0519981 0.0465085 0.0465085 0.0232542 0.0232542 0.0838444 0.0735364 
0.208448 0.071497 0.121755 0.050556 0.101112 0.0452187 0.071497 0.0226093 0.0932207 0.101112 
0.024998 0.0499961 0.024998 0.0499961 0.0749941 0.0558973 0.10307 0.0353526 0.0499961 0.0499961 
0.0681747 0.0762216 0.0681747 0.0482068 0.0538968 0.0538968 0.0241034 0.0241034 0.0340873 0.0482068 
0.265026 0.0227258 0.0227258 0.0321391 0.0227258 0.0508164 0.0227258 0.0454516 0.0227258 0.0508164 
0.470439 0.051177 0 0.0255885 0.0361876 0.0255885 0.051177 0.0255885 0.0255885 0.0361876 
0.428211 0.0434783 0.0217391 0.0486102 0.0486102 0.0434783 0.0217391 0.0614875 0.0434783 0.0972203 
0.0823649 0.0651152 0.0291204 0.0920867 0.0848998 0.0460434 0.0291204 0.0291204 0.0651152 0.0920867 
1.01166 0.183249 0.289742 0.218864 0.477131 0.15476 0.0471405 0.0351364 0.0351364 0.105409 
0.57594 0.0191874 0.128713 0.0606757 0.027135 0.0606757 0.0429042 0.05427 0.069181 0.0429042 
0.0224719 0.0317801 0.0317801 0.0810236 0.0926541 0.0449438 0.0502487 0.0224719 0.0224719 0.0810236 
0.0537837 0.0240528 0.0680315 0.0537837 0.0721583 0.120264 0.0760616 0.0991722 0.102047 0.0537837 
0.0232417 0 0.0734966 0.0328687 0.0837991 0.0232417 0.0464834 0.05197 0.0464834 0.0734966 
0.0494438 0.0221119 0.0221119 0.0494438 0.0699241 0.0221119 0.0221119 0.0663358 0.031271 0 
0.0227082 0.0718097 0.165318 0.0321143 0.0681247 0 0.0454164 0.0681247 0.0227082 0.0454164 
0.0953399 0.0327013 0.0833723 0.115617 0.06937 0.0327013 0.0462466 0.0231233 0.0833723 0.0654026 
0.0788582 0.0309307 0.0788582 0.0437426 0.0927921 0.0691632 0.0309307 0.0656139 0.0874853 0.133038 
0.119247 0.043836 0.0808297 0.123987 0.0554487 0.0392081 0.0196041 0.0784163 0.0392081 0.0808297 
0.0451363 0.0605567 0.100928 0.100928 0.0285467 0 0.0201856 0.0201856 0.0285467 0.0451363 
0.845383 0.0893744 0.151735 0.0969401 0.233463 0.174761 0.0216765 0.0306552 0.137094 0.153276 
0.0204114 0.0408227 0.0912823 0.028866 0.028866 0.0408227 0.0408227 0.102057 0.109918 0.119018 
0.0745794 0.0206846 0.0745794 0.0462522 0.0413692 0.0745794 0.0292525 0.0654105 0.0462522 0.0745794 
0 0.0453114 0.06408 0.164936 0.145067 0.1602 0.0816863 0.137809 0.113279 0.145067 
0.0741367 0.0290788 0.0411236 0.137933 0.0411236 0.0411236 0.0459776 0.0290788 0.0741367 0.0581576 
0.0566048 0.0566048 0.0566048 0.0506289 0.0358 0.0506289 0.0912725 0.0566048 0.0506289 0.0506289 
0.0245053 0.0547955 0.142889 0.0490106 0.0245053 0.0346557 0.0883552 0.0490106 0.103967 0.0735159 
0.0237675 0.0531456 0.0531456 0.0713024 0.121191 0.0531456 0.0531456 0.0237675 0.0237675 0.0336123 
0.0547955 0 0.0490106 0.0735159 0.0547955 0.0693115 0 0.0735159 0.0490106 0.0490106 
0.0970075 0.0470556 0.223204 0.0332733 0.202394 0.148803 0.0526097 0.0744014 0.179182 0.0705834 
0.0603847 0.0540097 0.0381906 0.0270048 0.0603847 0.0381906 0.0381906 0.0270048 0.0381906 0.0603847 
0.0563034 0.0356094 0.112607 0 0.0907865 0.0251797 0.0563034 0.0251797 0.0251797 0.103818 
0.04986 0.0747899 0.0352563 0.04986 0.02493 0.0352563 0.0557451 0.0352563 0.0898863 0.0705126 
0.0240964 0.0963855 0.0240964 0.0481928 0.0538812 0.0538812 0.0993519 0.0538812 0.0538812 0.0240964 
0.0475329 0.0425147 0.134443 0.0876463 0.171382 0.0425147 0.0425147 0.0672217 0.0300624 0.0475329 
0.0718978 0.0909443 0.0643073 0.0454722 0.0508394 0.115932 0.0718978 0.0227361 0.0454722 0.0508394 
0.101805 0.101805 0.101805 0.110423 0.0698377 0.110423 0.0780809 0.125902 0.0698377 0.0780809 
0.0231558 0.051778 0.0834896 0.051778 0.0834896 0.0654946 0.0694675 0.0327473 0.051778 0.051778 
0.0237944 0.0237944 0.0475887 0.0532058 0.0532058 0.0475887 0 0.0475887 0.0336503 0.0336503 
0.101527 0.0492478 0.0738717 0.10447 0.172367 0.125558 0.0246239 0.0348234 0.101527 0.0246239 
0.0608468 0.0608468 0.136058 0 0.0608468 0 0.0384829 0.112196 0.054423 0.0981125 
0.119944 0.119944 0.084813 0.0940916 0.157796 0.143084 0.148772 0.0743859 0.0665328 0.0525988 
0.0542805 0.024275 0.100088 0.03433 0.189594 0.17165 0.024275 0.14565 0.10299 0.17165 
0.0256221 0.0572927 0.0923817 0.0362351 0.0256221 0.0810241 0.0572927 0 0.0923817 0.12811 
0.0328332 0.0328332 0.0656665 0.103828 0.0696498 0.0328332 0.0734174 0.0328332 0.103828 0.116083 
0.0243884 0.0731653 0.0545342 0.0689809 0.154246 0.0545342 0.121942 0.0545342 0.0487769 0.077123 
0.024345 0.0544371 0.0877772 0.108874 0.024345 0.0544371 0.024345 0.0344291 0.0544371 0.0344291 
0.0464614 0.141307 0.0734619 0.118454 0.0328532 0.164266 0.146924 0.103891 0.0519454 0.0328532 
0.216392 0.142769 0.023471 0.104966 0.0995791 0.119679 0.142769 0.104966 0.126395 0.0967735 
0.0214855 0.0480431 0.0607702 0.0214855 0.0679432 0.0774671 0.0480431 0.0303851 0.0303851 0.0214855 
0.0913156 0.551686 0.0645699 0.0408376 0.0645699 0.104116 0.122513 0.0577531 0 0.0408376 
0.0232542 0.0735364 0.0465085 0.0986594 0.0232542 0.0232542 0.0519981 0.372794 0.0657729 0.118574 
0.0679775 0.0760011 0.0537409 0.146191 0.221579 0.169944 0.0866546 0.0990934 0.0240337 0.122548 
0.0846901 0.0704664 0.11977 0.0234888 0.0968468 0.105045 0.0846901 0.0664364 0.0939552 0.0234888 
0 0.0831028 0.0371647 0.0587626 0.133999 0 0.0743294 0.0525588 0.0371647 0.0947518 
0.0487479 0.0487479 0.0770772 0.0487479 0.03447 0.0770772 0.0770772 0.0243739 0.0770772 0.12187 
0.0768978 0.155917 0.0573162 0.03625 0.153796 0.179428 0.155917 0.128163 0.10875 0.0573162 
0.141839 0.0543928 0.163178 0.172005 0.27735 0.108786 0.0688021 0.0769231 0.124035 0.0729756 
0.0253083 0.0357914 0.178957 0.162052 0.382985 0.0565912 0.0565912 0.0506167 0 0.0253083 
0.0797452 0.0252177 0.181847 0.0797452 0.147043 0.169165 0.0252177 0.0563884 0.0909235 0.0797452 
0.12736 0 0.185439 0.0360229 0.050944 0.0360229 0.0918407 0.0569572 0.050944 0.12736 
0.044346 0.0914216 0.0313574 0.0495803 0 0.066519 0.0313574 0.0495803 0.0495803 0.0313574 
0.0195928 0 0.372263 0.335374 0.530455 0.0438108 0 0.0195928 0.0706428 0.0706428 
0.0231994 0.115997 0.0656179 0 0.0836467 0.118294 0.118294 0.0836467 0.115997 0.0956537 
0.0252438 0.0252438 0.0357001 0.0564467 0.1071 0.1071 0.0564467 0.0564467 0.0252438 0.0564467 
0.0325107 0.0689655 0.045977 0.117219 0.134045 0.0828862 0.0514039 0.072696 0.045977 0.0514039 
0.0513192 0.0513192 0.162285 0.133824 0.162285 0.0827497 0.0725763 0.117026 0.0725763 0.0513192 
0.0314892 0.0314892 0.0802821 0.0445325 0.0802821 0.0222662 0.0802821 0.0314892 0.0314892 0.0445325 
0.0766683 0 0.0242447 0.176504 0.0542127 0.0766683 0.0766683 0.0242447 0.0242447 0.0999633 
0.050094 0.0708436 0.0224027 0.050094 0.0448054 0.0448054 0.0708436 0.0316822 0.0224027 0.0708436 
0.130635 0.0456198 0.129032 0.0645161 0.124099 0.0408036 0.0204018 0.109867 0.0288525 0.0456198 
0.0833278 0.023111 0.0980515 0.115555 0.184888 0.0693329 0.0833278 0.117843 0.0730833 0.0730833 
0.0256221 0.0256221 0.0512442 0.0572927 0.0362351 0.0724702 0.0362351 0.0923817 0.0512442 0.0362351 
0.303615 0.0376588 0.0595439 0.0376588 0.143401 0.0960116 0.0595439 0 0.0960116 0.0798865 
0.034401 0.034401 0.034401 0.0688021 0.145951 0.0973009 0.0486504 0.034401 0.0543928 0.034401 
0.0340552 0.0240807 0.0761497 0.053846 0.102166 0.053846 0.0340552 0.0240807 0.0481613 0.0481613 
0.0753979 0.037699 0.0842974 0.0753979 0.162149 0.0961139 0 0.0596073 0.0266572 0.037699 
0.0542127 0.0242447 0.0342871 0.0874153 0.130561 0.141369 0.0542127 0.0484893 0.0766683 0.130561 
0.0226339 0.050611 0.0715748 0.182481 0.115411 0.11317 0.0452679 0 0 0.11317 
0.0249805 0.0558581 0.049961 0.0789953 0.0706555 0.0706555 0.0558581 0.176639 0.049961 0.0249805 
0.0443188 0.0221594 0.0664782 0.0221594 0.0495499 0 0 0.0495499 0.0495499 0 
0.0224705 0.0317781 0 0.0224705 0.044941 0.0224705 0.0635561 0.0224705 0.0317781 0.0224705 
0.0811929 0 0.254772 0.0450377 0.114824 0.112594 0.0318465 0.0503537 0.0450377 0.0811929 
0.145516 0 0.113629 0.0321391 0.122382 0.0454516 0.0454516 0.0227258 0.0681774 0.0454516 
0.0697899 0.0493489 0.123372 0.0551737 0.088965 0.0697899 0.0348949 0.0697899 0.0246744 0.0493489 
1.16699 0.0367204 0.0778958 0.0580601 0.0734409 0.157941 0.0580601 0.129826 0.0580601 0.132397 
0.10441 0.122859 0.0289581 0.081906 0.129505 0.0915737 0.081906 0.0289581 0.0868744 0.0289581 
0.0767921 0.0476245 0.0952489 0.0476245 0.0638949 0.0602407 0.0301203 0.0301203 0 0.0476245 
0.118561 0.0335342 0.0474245 0.0237123 0.0711368 0.0530222 0.0237123 0.0749848 0.0335342 0.0335342 
0.0697486 0.0232495 0.116248 0.0519875 0.0657596 0 0.0232495 0.0519875 0.0232495 0.0519875 
0.0218713 0.0309307 0.109357 0.0309307 0.0309307 0.0218713 0.0489058 0.0218713 0.0691632 0.0489058 
0.114874 0.0229749 0.0513733 0.145306 0.123723 0.137849 0.0513733 0.117149 0.137849 0.0726529 
0.0595808 0.0266454 0.0532907 0.0532907 0.0266454 0.0595808 0.0266454 0.0595808 0.109862 0.135865 
0.0694838 0.0310741 0.0310741 0.0621482 0.0491325 0.0878909 0.0439454 0.0491325 0.0491325 0.0491325 
0.0508987 0.0227626 0 0.0938525 0.101797 0.116067 0.0719816 0.101797 0.193147 0.164143 
0.0866296 0.0387419 0.112951 0.0547894 0.0387419 0.0612564 0.0612564 0.139686 0.0866296 0.0866296 
0.101565 0.039837 0.140845 0.079674 0.119511 0.0629878 0.0890782 0.039837 0.0890782 0.056338 
0.0944787 0.0229145 0.0324059 0.0512383 0.0324059 0.0229145 0.0324059 0.0324059 0.0324059 0.0324059 
0.106202 0.182135 0.109281 0.0257577 0.103031 0.0928708 0.196165 0.081453 0.106202 0.081453 
0.174402 0.193139 0.0757554 0.098773 0.0718679 0.0677577 0.250108 0.167692 0.0479119 0.0757554 
0.103385 0.175522 0.0560684 0.0709215 0.0792927 0.0792927 0.152523 0.0560684 0.0709215 0.100298 
0.0352865 0.0557928 0.0249513 0.0249513 0.0499026 0.0352865 0.0352865 0.0249513 0.102877 0.0352865 
0.0402879 0.0180173 0.180173 0.166111 0.19819 0.0805758 0.0402879 0.0720692 0.0180173 0.0180173 
0.0468165 0.0592187 0.252114 0.0296093 0.127355 0.134062 0.0468165 0.020937 0.106758 0.0592187 
0.107637 0.08678 0.0761111 0.107637 0.129613 0.0680759 0.0538187 0.0538187 0.107637 0.0992368 
0.0349082 0.0349082 0.0740515 0.0551947 0 0.0493677 0.0246838 0.0780571 0.0246838 0.0740515 
0.0348949 0.0551737 0.0740233 0.0697899 0.088965 0.0246744 0.0493489 0.0246744 0.0246744 0.0551737 
0.0548739 0.0245403 0.0347053 0.0347053 0.0347053 0.0548739 0.0245403 0.0776034 0.0776034 0.0548739 
0.0770772 0.0545018 0.12187 0.03447 0.0243739 0.03447 0.0487479 0.0545018 0.0770772 0.03447 
0.0516536 0.0516536 0.163343 0 0.117788 0.117788 0.0231002 0.0730492 0.0730492 0.140513 
0.0338788 0.0535672 0.0535672 0.135515 0.135515 0.107134 0.0338788 0.0757554 0.0958238 0.023956 
0.0485844 0.0217276 0.0485844 0.0307274 0.0217276 0 0 0.0687087 0.0971687 0.0895851 
0.0252438 0.0504875 0.0564467 0.0564467 0.0798278 0.0504875 0.0357001 0.0252438 0.0564467 0.0504875 
0.0665328 0.084813 0.084813 0 0.084813 0.084813 0.0235229 0.0332664 0.0525988 0.0969874 
0.0324571 0.0973713 0.0324571 0.0725763 0.0229506 0.0229506 0.0513192 0.0229506 0.0725763 0.0324571 
0.0232307 0.0696921 0.0837595 0.0985595 0.0957826 0.0519454 0.0519454 0.0232307 0.0929228 0.0957826 
0.0935845 0.0623897 0.0795315 0.0493234 0.139508 0.0795315 0.0441162 0.0220581 0.159063 0.159063 
0.0548739 0.0245403 0.0776034 0.0490807 0.073621 0.0490807 0.0245403 0 0.0490807 0.0245403 
0.030742 0.0486073 0.0486073 0.0217378 0.030742 0.0486073 0.0434757 0.030742 0.0486073 0.0217378 
0.0526097 0.0526097 0.0848306 0.0470556 0.0470556 0.0744014 0.0470556 0.0526097 0.0332733 0.0235278 
0.0307274 0.0687087 0.0485844 0.0434552 0.0614549 0.0614549 0.0783399 0.0434552 0.0307274 0.0307274 
0.0456317 0.05772 0.0912633 0.122443 0.136895 0.102036 0.0456317 0.0841406 0.136895 0.0612213 
0.0259938 0.0519875 0.0735215 0.139981 0.209568 0.209568 0.0821995 0.21435 0.139981 0.174371 
0.04033 0.0637674 0.0831425 0.0637674 0.04033 0.020165 0.04033 0.0285176 0.0450904 0.0450904 
0.0485844 0.0217276 0.0217276 0.0921823 0.0217276 0.0485844 0.0485844 0.0307274 0.0687087 0.0485844 
0.0299813 0.0764375 0.0847998 0.0423999 0.0899438 0.17092 0.0299813 0.154338 0.161454 0.0212 
0.0459509 0.0649844 0.0581238 0.211574 0.0581238 0.0205499 0.0740936 0.176777 0.0459509 0.0290619 
0.0443242 0.0221621 0.161343 0.0626839 0.0913767 0.049556 0.049556 0.0443242 0.031342 0.125368 
0.0547094 0.0244668 0.173006 0.37427 0.441081 0.0734003 0.0734003 0.0978671 0.0882162 0.0547094 
0.0443242 0.0221621 0.119347 0.0221621 0.0913767 0.110811 0.049556 0.099112 0.0221621 0.0221621 
0.0270172 0.038208 0.038208 0.0604122 0.0270172 0.0270172 0.0810515 0.0604122 0.0810515 0.0604122 
0.0614839 0.0652135 0.0783769 0.108689 0.0217378 0.0783769 0.030742 0.030742 0.0486073 0.0972146 
0.0325537 0.0325537 0.102944 0.0727923 0.0514719 0.0460379 0.0230189 0.0727923 0.0976611 0.102944 
0.0257577 0.0364269 0.115192 0.0515154 0.057596 0.0728538 0.057596 0.0364269 0.0772731 0.0928708 
0.096907 0.0940136 0.10511 0.137047 0.117517 0.0470068 0.0743243 0.12657 0.0470068 0.0847427 
0.0229145 0.0724619 0.0724619 0.0512383 0.0648119 0.0324059 0.0458289 0.0229145 0.0512383 0.0458289 
0.0244248 0.0244248 0.0546155 0.0345418 0.0690837 0.0772379 0.0546155 0.0345418 0.0546155 0.0732743 
0.131579 0.0263158 0.0948829 0.0832178 0.0526316 0.0832178 0.0372161 0.0526316 0.0832178 0 
0.0714628 0.0798978 0.0714628 0.0564963 0.126329 0.128831 0.0757977 0.0798978 0.101064 0.136061 
0.0832106 0.0263135 0.0948747 0.0588388 0.0832106 0.0588388 0.0263135 0.0263135 0.0948747 0.052627 
0 0.0845381 0.0267333 0.0378066 0.0378066 0.0378066 0.133666 0.0267333 0.0801999 0.0597774 
0.0320895 0.0507379 0.0507379 0.0226907 0.101476 0 0.0507379 0.101476 0.0507379 0.0226907 
0.380248 0.0289097 0.155684 0.115639 0.0646441 0.081769 0.0289097 0.0578194 0.0289097 0.0646441 
0.078756 0.0249048 0 0.0897957 0.0249048 0.0249048 0.0249048 0.0249048 0.0556889 0.0498097 
0.066519 0.0420703 0.232341 0 0.126211 0.127952 0.107259 0.16429 0.066519 0.0297482 
0.100199 0.0486037 0.195928 0.0543406 0.0768492 0.034368 0.0243019 0.0543406 0.0486037 0.034368 
0.0454722 0 0.0454722 0.132573 0.101679 0.0321537 0.0508394 0.0718978 0.0508394 0.101679 
0 0.047498 0.0335862 0.0335862 0.159313 0.023749 0.023749 0.023749 0 0.0335862 
0.0969539 0.0525806 0.13302 0.0332549 0.0705443 0.0525806 0.0525806 0.0332549 0.0525806 0 
0.0562455 0.0251537 0.0251537 0.112491 0.0251537 0.0795431 0.0906931 0.0795431 0.0251537 0.0906931 
0.107894 0.056865 0.11373 0.0719292 0.148286 0.0719292 0.0508616 0.056865 0.0916921 0.0719292 
0.125926 0.143577 0.0398212 0.178086 0.0890429 0.101525 0.824309 1.15961 0.164187 0.251851 
0.0271438 0 0.0606953 0.0767742 0.0978682 0.0978682 0.0858361 0.0858361 0.0383871 0.0858361 
0.0266076 0.0959351 0.0752577 0.133038 0.135673 0.0841406 0.0841406 0.0841406 0.0594964 0.0841406 
0.157662 0.0259194 0.0259194 0.0366556 0.0934539 0.0733112 0.0259194 0.0579576 0.115915 0.0777583 
1.34073 0.109498 0.194459 0.197984 0.0607387 0.0774269 0.0303693 1.07993 0.0429487 0.109498 
0.231738 0.0332756 0.166378 0.15784 0.1897 0.141176 0.0526134 1.12941 0.117647 0.194028 
0.0769231 0.0362619 0.0512821 0.128205 0.0573351 0.128205 0.164183 0.0573351 0.105721 0.145048 
0.0909235 0.0356632 0.112777 0.0504353 0.075653 0.0504353 0.0252177 0.0252177 0.0563884 0.0563884 
0.0262794 0.0371647 0.0371647 0.0831028 0.131397 0.0262794 0.0262794 0.0262794 0.0788382 0.0587626 
0.0699968 0.0313035 0.0912647 0.0313035 0.0699968 0.0494952 0.0313035 0.0313035 0.0313035 0.0442699 
0.133416 0.0596656 0.0800498 0.0800498 0.0533666 0.110018 0.0266833 0.0962079 0.0843799 0.155589 
0 0.0328089 0.073363 0.0463988 0.0463988 0.0518755 0.0328089 0.0518755 0.0328089 0.0463988 
0.076827 0.0426159 0.149156 0.10654 0.17571 0.10865 0.0639239 0.060268 0.0952921 0.087855 
0.0751116 0 0.121114 0.0475047 0.0979335 0.0475047 0.0531119 0.0335909 0.0237524 0.0751116 
0.98397 0.214592 0.139897 0.227609 0.053648 0.13572 0.0239921 0.0479843 0.0758698 0.145938 
0.100759 0.0503793 0.157712 0.100759 0.171586 0.157712 0.0675909 0.0318627 0.100759 0.100759 
0.0461358 0.0230679 0.0692036 0.117624 0.147707 0.0692036 0.0515813 0.0230679 0.0461358 0.0692036 
0 0.0343351 0.0542885 0.0343351 0.0875376 0.0485571 0.0485571 0.0485571 0.0767756 0.0542885 
0.0760616 0.0240528 0 0.0760616 0.0991722 0.0760616 0.0240528 0.0240528 0.0991722 0.107567 
0.0479518 0.0303274 0.0214447 0.0678141 0.0479518 0.0959037 0.0303274 0.0479518 0.130443 0.0857789 
0.0768662 0.0243072 0.0687513 0.108705 0.097229 0.0543526 0.0543526 0 0.0729217 0.0343756 
0.0331633 0.02345 0.0331633 0.0845503 0.0741555 0.0703501 0.0469001 0.02345 0.0524359 0.0469001 
0.0555513 0.0555513 0.0496866 0.14906 0.0351337 0 0.0248433 0.0555513 0.0555513 0.0248433 
0.0570081 0.0509896 0.114016 0.0254948 0.105118 0.105118 0.0254948 0.0360551 0.0570081 0.108165 
0.0973381 0.023608 0.052789 0.023608 0.023608 0.0746549 0.0333867 0.0333867 0.0472159 0.0472159 
0.0864433 0.0386586 0.136679 0.0273358 0.0386586 0.109343 0.0273358 0.0773172 0.109343 0.233557 
0.101073 0.0336909 0.128291 0.023823 0.142938 0.0982249 0.0532699 0.023823 0.0476461 0.0858952 
0.0479988 0.0303571 0.0214657 0.197904 0.130571 0.0643971 0.0214657 0.0214657 0.0429314 0.0678805 
0.0470588 0.0526134 0.0470588 0.0526134 0.137199 0.0705882 0.0526134 0.967285 0.0970142 0.143124 
0.03447 0.0878815 0.0243739 0.12187 0.03447 0.0243739 0.0545018 0.0243739 0.0770772 0.0770772 
0 0.0481893 0.0538772 0.144568 0.0868744 0.0481893 0.0240946 0.0722839 0.0681499 0.0868744 
0.03173 0.0501696 0.0673096 0.112183 0.0501696 0.0448731 0.0634601 0.0224365 0.0709505 0.0897461 
0.0953342 0.0502455 0 0.0224705 0.0317781 0.0502455 0.0710579 0.044941 0.044941 0.0810185 
0.0704776 0 0.201817 0.169733 0.219501 0.162252 0.0498352 0.111435 0.129954 0.113642 
0.159638 0.115116 0.171935 0.223493 0.249362 0.0903047 0 0.867349 0.171935 0.194208 
0.0649827 0.0324913 0.117149 0.114874 0.0513733 0.082837 0.0324913 0.0459497 0.0649827 0.0726529 
0.0332182 0.0332182 0.0525226 0.166091 0.132873 0.0846901 0.0332182 0.0525226 0.0332182 0.0968468 
0.0681499 0.0240946 0.266134 0.102225 0.168662 0.146562 0.0681499 0.102225 0.0761939 0.034075 
0.0728246 0.0832781 0.0201979 0.0403958 0.122859 0.0201979 0.0571283 0.0201979 0.0451639 0.0571283 
0.0341868 0.0725211 0.0341868 0.0540541 0.0683736 0.076444 0.0725211 0.0341868 0.0871595 0.0871595 
0.0478639 0.0882566 0.0908153 0.0957278 0.0214054 0.0428108 0.0478639 0.0214054 0.0771782 0.0214054 
0.046562 0.0329243 0.167882 0.098773 0.220863 0.104116 0.310607 1.40768 0.237421 0.271501 
0.0227258 0.0321391 0.0508164 0.0454516 0 0.0454516 0.0321391 0.0454516 0.0454516 0.0508164 
0.0228381 0.0722205 0.0456763 0.0510676 0.094164 0.0722205 0.0685144 0.0510676 0.0228381 0.0722205 
0.0892958 0.0216574 0.0484274 0.0918846 0.0866296 0.0433148 0.0433148 0.0484274 0.0780869 0.0433148 
0.0694964 0.0621595 0.0694964 0.0621595 0.0491414 0.0439534 0.0621595 0.0491414 0.0621595 0.0491414 
0 0.0340675 0.0722682 0.0340675 0.0538655 0.0681351 0.0681351 0.0538655 0.0481788 0.102203 
0 0.0519875 0.0232495 0.0519875 0.0519875 0.0328798 0.0232495 0.0657596 0.0657596 0.0464991 
0.0428894 0 0.0428894 0.0606548 0.0479518 0.0303274 0.0303274 0.0428894 0.0606548 0.0428894 
0.0229099 0.0229099 0.0724476 0.0458199 0.0229099 0.0229099 0.0229099 0.0512282 0.0687298 0.0647991 
0.0321391 0.0508164 0.0508164 0.0508164 0.0321391 0.0681774 0.0508164 0.0454516 0.0454516 0.113629 
0.0475887 0.0713831 0.0532058 0.16656 0.214149 0.168251 0.0752444 0.0237944 0.128137 0.128137 
0.0498693 0.0705258 0.0946203 0.0498693 0.0315401 0.0498693 0.0223022 0.0446044 0.0315401 0.0705258 
0.0222222 0.0666667 0.0916246 0.0666667 0.0666667 0.0801234 0 0.0666667 0.0801234 0.0444444 
0.106718 0 0.202796 0.0355728 0.231906 0.125769 0 0.0503075 0.168736 0.0711455 
0.0303974 0.0303974 0.0214942 0.0480625 0.0886228 0.0679706 0.0214942 0.0480625 0.096125 0.0774984 
0.0459649 0.0229824 0.0650041 0.0513903 0.0726768 0 0.0229824 0.0229824 0.0513903 0.0689473 
0.0667688 0.0333844 0.0236063 0.137647 0.0973313 0.0472126 0.0333844 0.0527853 0.0527853 0.0851138 
0.0214361 0.0303152 0.0883833 0.235797 0.115437 0.115437 0.0883833 0.151576 0.0958651 0.128617 
0.104382 0.066017 0.178368 0.0466811 0.15899 0.0933622 0.0626293 0.0295237 0.106449 0.0417528 
0.0322644 0.0822583 0.0228143 0.122859 0.0967931 0.0228143 0.0510144 0.0912574 0.0822583 0.0228143 
0.136314 0.0267333 0.110224 0.0597774 0.0845381 0.0378066 0.0267333 0 0.0963882 0.0597774 
0.0830455 0.0230327 0.21729 0.117444 0.115163 0.0728357 0.0230327 0.0230327 0.0515026 0.0515026 
0.0367607 0.0367607 0.0519875 0.132543 0.0735215 0.0519875 0.0367607 0.0779813 0 0.107175 
0.0970075 0.0470556 0.0526097 0.0526097 0.0665466 0.0235278 0.0941111 0.0941111 0.0744014 0.0526097 
0.0780571 0 0.0551947 0.0698164 0.123419 0.0349082 0.0246838 0.0551947 0.0551947 0.0780571 
0.0921443 0.0485643 0.0434372 0.0783076 0.0307148 0 0.0686803 0.0651558 0.0686803 0.0686803 
0.0491444 0.021978 0.0310816 0.0491444 0.021978 0 0.0310816 0.0491444 0 0.021978 
0.0740423 0.0370212 0.133482 0.0370212 0.13089 0.107934 0.0261779 0.0785338 0.0943858 0.0585356 
0.0499026 0.0249513 0.127227 0.070573 0.078903 0.0352865 0.0499026 0.0352865 0.0748539 0.0352865 
0.0328332 0.0328332 0.103828 0 0.0232166 0.0328332 0.0328332 0.0328332 0 0.0328332 
0.0238028 0.0336622 0.0858221 0.0673244 0.0673244 0.0532246 0.0238028 0.0238028 0.0336622 0.0336622 
0.0635602 0.0224719 0.0224719 0.0317801 0.0317801 0.0317801 0.0449438 0.0224719 0.0502487 0.0317801 
0.023674 0.0473481 0.0748639 0.023674 0.120714 0.105873 0.0529367 0.023674 0.0334801 0.127489 
0.0232307 0.0464614 0.0837595 0.0232307 0.0519454 0.0328532 0.0696921 0.0232307 0.116154 0.0328532 
0.0344776 0.0243794 0.0243794 0.100519 0.100519 0.0344776 0.0545139 0.0487587 0.0243794 0.0545139 
0.0231295 0.046259 0.0833946 0.046259 0.0517191 0.117938 0 0.0327101 0.046259 0.0731419 
0.0199007 0.0398015 0.107169 0.0995037 0.101474 0.0281439 0.133498 0.183476 0.0398015 0.0398015 
0.024928 0.0788294 0.0498561 0.0557408 0.0997122 0.12464 0.024928 1.25534 0.111482 0.0788294 
0.353526 0.0901317 0.024998 0.0353526 0.12499 0.111795 0.0707052 0.176763 0.10307 0.127466 
0.056555 0 0.0252922 0.056555 0.101169 0.056555 0.0505843 0.0505843 0.056555 0.0758765 
0.0333867 0.023608 0.023608 0.217655 0.11804 0.0333867 0 0.023608 0.0333867 0.0746549 
0.0349162 0 0.0552073 0.148137 0.049379 0.049379 0.049379 0.0349162 0.0552073 0.0246895 
0.0240528 0.0481056 0.0340158 0.129528 0.0481056 0.0721583 0.0537837 0.0481056 0.0867235 0.0537837 
0.0722054 0.0240685 0.107637 0.0240685 0.0680759 0.0538187 0.0722054 0.0240685 0.0761111 0.0538187 
0.0687298 0 0.0944601 0.0229099 0.129598 0.0512282 0.0229099 0.0724476 0.0229099 0.082603 
0.0285467 0.102927 0.0451363 0.0403711 0.0832272 0 0.0832272 0.0201856 0.0403711 0.0403711 
0.0352563 0.02493 0.0747899 0.02493 0.214456 0.246794 0.04986 1.11295 0.176282 0.11149 
0.0338546 0.101564 0.272944 0.0677091 0.270837 0.122064 0.0478776 0.0677091 0.257829 0.169273 
0.03204 0.0679671 0.09612 0.03204 0.0816863 0.06408 0.0506597 0.0506597 0.03204 0.0506597 
0.159825 0.0456644 0.102109 0.0823226 0.146197 0.0684965 0.0722017 0.0941395 0.0510543 0.0228322 
0.0783769 0.0486073 0.0783769 0.0783769 0.0783769 0.030742 0 0 0.0486073 0.0217378 
0.0920747 0.0499345 0.15632 0.0446628 0.180041 0.157907 0.0893256 0.120258 0.141236 0.0893256 
0.0727607 0.0242536 0.0542326 0.0727607 0.0727607 0.0242536 0.0242536 0.0342997 0.0685994 0.0242536 
0.0254329 0.0254329 0.0254329 0.071935 0.101731 0.0568696 0.0508657 0.0568696 0.0359675 0.0568696 
0.0439136 0.0490969 0.0490969 0.0621033 0.147291 0.0791664 0.0439136 0.0310516 0.0310516 0.0439136 
0.0510768 0.0510768 0.09208 0.09208 0.185922 0.105297 0.0807595 0.0571056 0.0510768 0.0571056 
0.022934 0.0725238 0.022934 0.0324336 0.0688021 0.0324336 0.0688021 0.0512821 0.022934 0.0917361 
0.0638583 0.0285583 0.444263 0.114233 0.217494 0.303579 0.0832611 0.122834 0.242325 0.0903093 
0.0221553 0.0221553 0.125329 0.0913487 0.0443106 0.0990816 0.0313323 0.0313323 0.0221553 0.0221553 
0.156203 0.0705653 0.135735 0.0498972 0.0892588 0.0631155 0.0315578 0.0705653 0.0920059 0.0997944 
0.0546807 0.0546807 0.0546807 0.0345831 0.08817 0.024454 0.0345831 0.0546807 0.0546807 0 
0.05772 0.02886 0.0408142 0.0735788 0.11544 0.136895 0.0456317 0.0204071 0.05772 0.0841406 
0.111736 0.0692959 0 0.0790095 0.0489996 0.0438266 0.0692959 0.0489996 0.0309901 0.0309901 
0.0219727 0.0491325 0.0694838 0.0491325 0.0491325 0.0219727 0.0659181 0.109864 0.0792238 0.0219727 
0.0353277 0.0558581 0.14566 0.0558581 0.102997 0.0353277 0.0353277 0.0789953 0.0789953 0.0558581 
0.138207 0.0711068 0.0854598 0.172555 0.212 0.120858 0.0529999 0.0335201 0.120858 0.0529999 
0.037699 0.037699 0.135926 0.0961139 0.194067 0.135926 0.0266572 0.0533144 0.0842974 0.0266572 
0.0308956 0.043693 0.0488503 0.0655395 0.146551 0.0488503 0.0308956 0.0218465 0.0655395 0.0308956 
0.0332549 0.0470295 0.0525806 0 0.0235148 0.0235148 0.0235148 0.0332549 0.0525806 0.0847837 
0.0977006 0.043693 0.0787687 0.0488503 0.0488503 0.0218465 0.0218465 0.0488503 0.0488503 0.0218465 
0.0613572 0.021693 0.0485071 0.021693 0.0782154 0.021693 0.0685994 0.021693 0.0867722 0.021693 
0.0694675 0 0.0231558 0.0327473 0.0732252 0.0231558 0.0231558 0.0231558 0.0231558 0.051778 
0.123666 0.0513496 0.147043 0.0827988 0.102699 0.094684 0.097429 0.0229642 0.097429 0.0324764 
0.102921 0.380841 0.127658 0.0285452 0.0902679 0.269295 0.0285452 1.53721 0.243891 0.222945 
0.0681677 0 0.0482019 0.152428 0.131123 0.0681677 0.0215565 0.0482019 0.0482019 0.0888799 
0.0709277 0.0334357 0.0747644 0.0747644 0.118213 0.0852445 0.0747644 0.100307 0.0747644 0.118213 
0.237108 0.0389804 0.235501 0.0551266 0.0871627 0.0389804 0.0389804 0.0871627 0.0275633 0.0993808 
0.0682082 0.0718978 0.0643073 0.0508394 0.0454722 0.0682082 0.0718978 0.0508394 0.0937433 0.0937433 
0.184104 0 0.0782292 0.061368 0.137223 0.061368 0.0686115 0.0782292 0.0433937 0.030684 
0.0313323 0.0626647 0.0798821 0.0495408 0.0443106 0.0700612 0.0495408 0.132932 0.0313323 0.0313323 
0.0724702 0.105643 0.0256221 0.0768662 0.0724702 0.0810241 0.0256221 0.0362351 0.0256221 0.0256221 
0.0538187 0.0962738 0.0761111 0.0722054 0.0680759 0.0340379 0 0.0962738 0.0240685 0.0538187 
0.0742781 0.0742781 0.0525226 0.0469776 0.0332182 0.0332182 0.0469776 0.0525226 0.0846901 0.0996546 
0.0310741 0 0.250528 0.128122 0.271787 0.0694838 0.0659181 0.0694838 0.0439454 0.0491325 
0.0356207 0.0356207 0.128432 0.0251876 0.0796503 0.0251876 0.0908153 0.0356207 0.0563213 0.13564 
0.127474 0.0254948 0.127474 0 0.0764843 0.0360551 0.0806216 0 0.0360551 0.0509896 
0.130989 0.0231558 0.0654946 0.051778 0.051778 0.0654946 0.0231558 0.0732252 0.0732252 0.0654946 
0 0.0398212 0.0629629 0.0281578 0.0796424 0.0629629 0.0629629 0.0629629 0 0.0398212 
0.0858952 0.0532699 0 0.119115 0.0532699 0.0532699 0 0.0714691 0.023823 0.0714691 
0.104685 0.0246744 0.104685 0.104685 0.0697899 0.0551737 0.0493489 0.0551737 0.0780274 0.0551737 
0.0905643 0.106567 0.160834 0.135265 0.202508 0.12559 0.0710445 0.128077 0.100472 0.15886 
0.0883692 0.0208288 0.104144 0.0658665 0.0858794 0.0208288 0.0416576 0.0658665 0.0589128 0 
0.0253144 0 0.0506289 0.0759433 0.0912725 0.0716 0.0358 0.0253144 0.0506289 0.0800512 
0.0550065 0.0347892 0.104368 0.0245997 0.0491993 0.0245997 0.0245997 0.0983987 0.0491993 0.0550065 
0.141634 0.25651 0.0895772 0.113307 0 0.0283268 0.21573 0.31288 0.160241 0.152544 
0.054522 0.054522 0.121915 0.156127 0.0771058 0 0.0689655 0.054522 0.054522 0.024383 
0.0266288 0.109793 0.0532576 0.0595439 0.192023 0.143401 0.0960116 0.119088 0.155271 0.0842077 
0.0619638 0 0.0619638 0.0619638 0.0554221 0.027711 0.0999136 0.138555 0.0619638 0.0619638 
0.0594386 0.0594386 0.109599 0.0375923 0 0 0.0265817 0.0958418 0.0375923 0.0840588 
0.096907 0.0470068 0.0525552 0.0847427 0.0235034 0.0332388 0.0705102 0.0332388 0.0470068 0.0235034 
0.0532152 0.0594964 0.0266076 0.0752577 0.0594964 0.0841406 0.0266076 0 0 0.0532152 
0.0840588 0.0265817 0.0958418 0.118877 0.0594386 0.0375923 0 0.0375923 0.0265817 0.0751845 
0.938068 0.903587 0.0835366 0.142258 0.169149 0.0590693 0.301196 0.201183 0.0835366 0.132083 
0.052627 0.0588388 0.0372129 0 0.052627 0.0588388 0.052627 0.105254 0.0263135 0.0372129 
0.0900684 0.0900684 0.0558581 0.105983 0.14566 0.0249805 0.0789953 0.049961 0.0249805 0.049961 
0.0798978 0.0505318 0.0798978 0.153686 0.104174 0.147324 0.0564963 0.0910975 0.0798978 0.192419 
0.0571662 0.0255655 0.0255655 0.105409 0.0723101 0.0723101 0.0255655 0.0361551 0.0571662 0.0361551 
0.08 0.066564 0.066564 0.113137 0.022188 0.0496139 0.044376 0.0313786 0.0313786 0.0313786 
0.0268293 0.0536587 0.0536587 0.0599922 0.189712 0.0848418 0.0758848 0.0379424 0.0599922 0.0379424 
0.0651877 0.0743255 0.150073 0.0460947 0.103071 0.0460947 0.0743255 0.0583057 0.116611 0.0651877 
0.0551947 0.0246838 0.125863 0.0889988 0.0987353 0.132927 0.101774 0.0780571 0.14393 0.0551947 
0.057087 0.10212 0.0765902 0.0765902 0.14442 0.0255301 0.0255301 1.15592 0.0510601 0.0255301 
0.0742781 0.0234888 0.142877 0.0332182 0.105045 0.0469776 0.0234888 0.11977 0.0469776 0.0525226 
0.0776866 0.0818888 0.10677 0.132042 0.10677 0.0818888 0.0579042 0.0517911 0.0579042 0.129478 
0.073363 0.0231994 0.115997 0.0518755 0.118294 0.162396 0.0695983 0.0518755 0.191307 0.0695983 
0.177511 0.048766 0.142176 0.109044 0.073149 0.048766 0.0344828 0.0344828 0.0344828 0.048766 
0.161052 0.0264767 0.0592037 0.149775 0.142581 0.0837267 0.0374437 0.0837267 0.0529534 0 
0.0648579 0.0205099 0.0205099 0.156198 0.131327 0.0615296 0.0458614 0.165356 0.0739493 0.110449 
0.0269069 0.0380521 0.0380521 0.0970142 0.0601657 0.0269069 0.0380521 0.11094 0.0601657 0.0538138 
0.0713477 0.0237826 0.0672673 0.0237826 0.0531795 0 0.0336336 0.0336336 0.0336336 0.0531795 
0.0246838 0.0349082 0.0246838 0.125863 0.0740515 0.110389 0.0889988 0.0698164 0.0987353 0.0551947 
0.0565369 0.0505681 0.136159 0.0565369 0.182326 0.153797 0.0715141 0.0505681 0.104249 0.091163 
0.0451639 0.0285641 0.0638714 0 0.0403958 0.0451639 0 0.0832781 0.0638714 0.0728246 
0.0424931 0.0212466 0.0766056 0.0424931 0.0901415 0.0300472 0.0424931 0.0424931 0.0671875 0.0849862 
0.0445325 0.0445325 0.140824 0.113536 0.0704121 0.0222662 0.089065 0.0704121 0.089065 0.0222662 
0.0217276 0 0.0434552 0.0307274 0.0485844 0.0434552 0.0217276 0.0307274 0.0217276 0.0307274 
0.0767643 0.0542805 0.0542805 0.03433 0.169925 0.0971 0.06866 0.072825 0.04855 0.0542805 
0.0184546 0.0993808 0.0412656 0.0412656 0.078296 0.0412656 0.0665388 0.0665388 0.0412656 0.0260987 
0.0362143 0.0809776 0.10243 0.0512148 0.163967 0.11452 0.130573 0.0923287 0.0572598 0.0256074 
0.0940354 0.0456139 0.0509978 0.0322539 0.0721219 0 0.0684208 0.0456139 0.0509978 0.0322539 
0.0733957 0.0733957 0.0455181 0.0455181 0.0203563 0.0455181 0.0407126 0.0455181 0.0455181 0.0575763 
0.0536326 0.0536326 0.075848 0.0959409 0.0339202 0.0719557 0.0536326 0.0239852 0.0239852 0.0479705 
0.0537837 0.0481056 0.0340158 0.0240528 0.0240528 0.0760616 0.0240528 0 0.0481056 0.0340158 
0.100989 0.0225819 0.0714104 0.0677458 0.0814203 0.0714104 0.0638714 0.0319357 0.0319357 0.0319357 
0.0940721 0.0368981 0.0825067 0.0260909 0.156545 0.058341 0.0368981 0.0940721 0 0.0521818 
0.0580015 0.025939 0.025939 0.0518781 0.155634 0.0580015 0.0580015 0.025939 0.0366834 0.0580015 
0.0589128 0.0658665 0.0883692 0.0589128 0.214446 0.0931493 0.0658665 0.0883692 0.0658665 0.0294564 
0.159546 0 0.235567 0.112816 0.144475 0.050453 0.050453 0.0319093 0.135379 0.0451265 
0.0687574 0.021743 0.0869719 0.0896486 0.065229 0.0307492 0.0486188 0 0.0687574 0.0869719 
0.664946 0.0771782 0.0957278 0.0302718 0.0856215 0.0428108 0.0214054 0.0428108 0.0605435 0.0771782 
0.06786 0.053648 0.053648 0.0758698 0.053648 0.0865049 0.03393 0.03393 0.053648 0.0479843 
0.107134 0.023956 0.0535672 0.0757554 0.0757554 0.0479119 0.0535672 0.11978 0.023956 0.098773 
0.136322 0 0.104374 0.0253144 0 0.0253144 0.0253144 0.960615 0.126572 0.126572 
0.0900325 0.048827 0.0787311 0.0690518 0.0690518 0.0655083 0.0218361 0.10918 0.048827 0.0218361 
0.708593 0.116492 0.181966 0.0520968 0.0736759 0.0465968 0.0658978 0.0736759 0.0329489 0.0232984 
0.0478639 0.0478639 0.130204 0.0214054 0.0428108 0.0302718 0.151359 0.0957278 0.0676897 0.0478639 
0.0790569 0.0559017 0.0559017 0.0559017 0.0353553 0.025 0.0559017 0.0790569 0.0790569 0.0353553 
0.0339202 0.0536326 0.0479705 0.107265 0.119926 0.0678405 0.0536326 0.0536326 0.0719557 0.0678405 
0.0513733 0.082837 0.0513733 0.0726529 0.0726529 0.0513733 0.0459497 0.0513733 0.0229749 0.0513733 
0.128918 0.084776 0.0764161 0.0947825 0.127164 0.0764161 0.042388 0.0764161 0.0473912 0.0599457 
0.0362351 0.0362351 0.0572927 0.0810241 0.105643 0.0256221 0.0362351 0.0512442 0.0512442 0.102488 
0.042971 0.0214855 0.0480431 0.0607702 0.107428 0.0480431 0.0679432 0.0480431 0.0214855 0.042971 
0.067335 0.0501886 0.0809266 0.031742 0.315031 0 0.04489 0.022445 0.112225 0.031742 
0.0222167 0.0496781 0.0801036 0.0993563 0.091602 0.0702555 0.0222167 0.0666502 0.0444335 0.0222167 
0.0797452 0.0252177 0.15949 0.0504353 0.0797452 0.0252177 0.0563884 0.075653 0.100871 0.0563884 
0 0 0.0827606 0.140936 0.0585206 0.0585206 0.0523424 0.0261712 0.0523424 0.0370117 
0.0587626 0.0831028 0.108353 0.0587626 0.0743294 0.0947518 0.0525588 0.141519 0.0587626 0.0587626 
0.0365362 0.025835 0.0577687 0.0365362 0.0577687 0.025835 0.0516699 0.0365362 0.0577687 0.0730723 
0.0408376 0.0288765 0.0408376 0.104116 0.0913156 0.104116 0.0408376 0.0577531 0.0645699 0.0577531 
0.0543406 0.0243019 0 0.034368 0.0543406 0.0543406 0.0543406 0.0543406 0.0486037 0.0729056 
0.103756 0 0.0820265 0.0580015 0.0580015 0.0580015 0.0733667 0.0580015 0.0733667 0.0580015 
0.0470556 0.0526097 0.0848306 0.0470556 0.0665466 0.0526097 0.0470556 0.0705834 0.0470556 0.0526097 
0.0815458 0.0713097 0.100847 0.100847 0.0839099 0.158222 0.0442244 0.100847 0.0197778 0.0197778 
0.0326229 0.0230679 0.072947 0.0230679 0.0831724 0.0326229 0.0326229 0.0515813 0 0.0515813 
0.0737962 0.0260909 0.0368981 0.0825067 0.0260909 0.0782727 0.0368981 0.0260909 0 0.0368981 
0 0.0289369 0.0647049 0.208667 0.0613845 0.040923 0.0457533 0.144685 0.0289369 0.0457533 
0.0324571 0.0229506 0.0324571 0.0513192 0.0918025 0.0513192 0.0513192 0.0324571 0.0827497 0.0513192 
0.0795431 0.0251537 0.0711455 0.0251537 0.0906931 0.0562455 0.0355728 0.0355728 0.0562455 0.0562455 
0.0215565 0.0215565 0.0482019 0.0482019 0.0862261 0.0215565 0.0304855 0.0888799 0.0304855 0.0609711 
0.0470556 0.0526097 0.0665466 0.0332733 0.0526097 0.0235278 0.0665466 0.0526097 0.0332733 0.0526097 
0.0519139 0 0.0837087 0.0519139 0.0328332 0.0232166 0.0232166 0 0 0.0696498 
0.0529367 0.023674 0.224592 0.0946961 0.138042 0.0710221 0.0946961 0.0529367 0.0748639 0.0473481 
0.0694336 0.0219568 0.109784 0.147291 0.109784 0.0694336 0.0219568 0.0490969 0.0490969 0.0310516 
0.0284844 0 0.145242 0.063693 0.080566 0.142422 0 0.0284844 0.080566 0.0284844 
0.0320338 0.0320338 0.230999 0.0816706 0.33977 0.1013 0.0320338 0.1155 0.1013 0.1155 
0.0728357 0.0515026 0.0728357 0 0.0515026 0.0515026 0.0460653 0.069098 0.0230327 0.0325731 
0.066386 0.033193 0.0995791 0.117355 0.033193 0 0.033193 0.023471 0.0524828 0.0524828 
0.025974 0.0519481 0.025974 0.025974 0.0779221 0.0519481 0.025974 0.0734656 0.025974 0.0580797 
0.0328532 0.0232307 0.0519454 0.0985595 0.116154 0.191565 0.0232307 0.0328532 0.0232307 0.0957826 
1.16776 0.0327166 0.130866 0.0327166 0.255525 0.166823 0.0327166 0.117961 0.231341 0.176184 
0.133727 0.0324336 0.0945594 0.0324336 0.0458681 0.0458681 0.0324336 0.0324336 0.0725238 0.0458681 
1.03122 0.0273947 0.0866296 0.116226 0.154968 0.0547894 0.0547894 0.0612564 0.0774839 0.098773 
0.835779 0.0742218 0.046942 0.046942 0.0846259 0.0967735 0.070413 0.046942 0.136858 0.033193 
0.056555 0.0505843 0.0252922 0.143074 0.126461 0.071537 0.0505843 0.056555 0.0505843 0.0357685 
0.0256326 0.0512652 0.0724999 0.0512652 0.0724999 0 0 0.03625 0.0768978 0.0768978 
0.121575 0.0576683 0.0576683 0.0815553 0.0192228 0.0192228 0.0543702 0.116928 0.0429834 0.0429834 
0.0588458 0.0208051 0.0657916 0.0416103 0.0624154 0.0416103 0.0624154 0.0294229 0.0624154 0.0208051 
0.0511243 0 0.0323339 0.114317 0.160044 0.0511243 0.0228635 0.045727 0.0511243 0.045727 
0.0325021 0.0325021 0.094759 0.147159 0.0726768 0.0513903 0.0325021 0.0513903 0.0325021 0.0828643 
0.0240389 0.0866734 0.0721166 0.135984 0.146223 0.0760176 0.0240389 0.175006 0.0721166 0.129453 
0.784465 0.034368 0.0876216 0.0543406 0.209052 0.0876216 0.0486037 0.034368 0.185077 0.103104 
0.0324913 0.0229749 0.0459497 0.0459497 0.0513733 0.0649827 0.0324913 0.0324913 0.0324913 0.0229749 
0.0351337 0.0496866 0.0745298 0.0496866 0.0496866 0.0555513 0.0555513 0.0248433 0.0745298 0.0496866 
0.852483 0.0547997 0.0735215 0.191407 0.0774984 0.0547997 0.103975 0.176724 0.0490143 0.109599 
0.074144 0.0262139 0.108083 0.0945155 0.131069 0.0828955 0.074144 0.037072 0.104855 0.058616 
0.075418 0.0266643 0.10994 0 0.0266643 0.0843199 0.0533286 0.0533286 0.188545 0.119246 
0.25693 0.114332 0.0571662 0.0723101 0.0571662 0.0808452 0.0571662 0.114332 0.0361551 0.0255655 
0.0353553 0.0559017 0.025 0 0.127475 0.0559017 0.025 0.025 0.0353553 0.075 
0.0265876 0.0376006 0.0940014 0.0677854 0.0376006 0 0.0564008 0.0420387 0.0265876 0.0265876 
0.0326686 0.0326686 0.0730492 0.0952444 0.281974 0.231002 0.0326686 0.657036 0.209181 0.163343 
0.0485571 0.0542885 0.100103 0.147681 0.100103 0.0767756 0.0767756 0.0542885 0.108577 0.0542885 
0 0.0506597 0.0679671 0.0506597 0.101319 0.132104 0.03204 0.0453114 0.0816863 0.0453114 
0.191642 0.085705 0.163177 0.0428525 0.151506 0.085705 0.0642787 0.0677557 0.0479105 0.0479105 
0.10881 0.0486612 0.0769401 0.100318 0.0729918 0 0.0243306 0.175451 0.0243306 0.0486612 
0.0487769 0.0545342 0 0.0344904 0.0731653 0 0.0243884 0.0344904 0.0545342 0.0731653 
0.0520086 0.023259 0.14893 0.0697769 0.177135 0.0958991 0.0520086 0.0735513 0.131573 0.0838614 
0.176432 0.0352865 0.0352865 0 0.0249513 0.111586 0.0249513 0.0352865 0.0249513 0.0899632 
0.121915 0.024383 0.048766 0.054522 0.054522 0.109044 0.024383 0.0344828 0.054522 0.124329 
0 0.0246838 0.0349082 0.0780571 0.0740515 0.0349082 0.0551947 0.0551947 0.0698164 0.0698164 
0.963015 0.117596 0.0415765 0.092968 0.171424 0.149906 0.0831531 0.0657383 0.092968 0.121215 
0.0679706 0.0303974 0.0480625 0.0214942 0.0214942 0.0214942 0.0214942 0.0303974 0.0480625 0.0480625 
0.0500469 0.0447633 0.111908 0.0500469 0.0447633 0.0223817 0.0500469 0 0.0707771 0.0223817 
0.0733112 0.0819645 0.0579576 0.165965 0.151135 0.0366556 0.0518389 0.106869 0.0366556 0.0579576 
0.100318 0.121653 0.200635 0.103226 0.172043 0.243306 0.0544049 0.0544049 0.155792 0.0729918 
0.036582 0.0517347 0.036582 0.036582 0.1393 0.0258674 0 0.0776021 0.0258674 0.0578412 
0.075271 0.0336622 0.0532246 0 0.106449 0.0476056 0.0858221 0.075271 0.0238028 0.075271 
0.0219727 0.0491325 0 0.0491325 0.0878909 0.0219727 0.0439454 0.0659181 0 0.0310741 
0.0490106 0.0490106 0.0547955 0.0883552 0.221905 0.0490106 0.0245053 0.0346557 0.0693115 0.0883552 
0.0485385 0 0.078266 0.0920954 0.0868284 0.0485385 0.0217071 0.0895006 0.0485385 0.0686439 
0.0913487 0.0221553 0.0313323 0.110777 0.0798821 0.0495408 0.0443106 0.0443106 0.0443106 0.0886212 
0.0313323 0.0221553 0.0495408 0.11297 0.11297 0.11297 0.0700612 0.0313323 0.0443106 0.161293 
0.0249048 0.0747145 0.194513 0.159469 0.134117 0.134117 0.0897957 0 0.078756 0.0897957 
0.0234388 0.0234388 0 0.188969 0.201628 0.142572 0.0468775 0.0234388 0.13667 0.157232 
0.0253632 0.0567139 0.179345 0.035869 0.126816 0.0914484 0.0253632 0.0802056 0.0802056 0.0507265 
0 0.0245145 0.0548161 0.0245145 0.0548161 0.0245145 0.0346688 0.0245145 0.049029 0.0346688 
0.0336028 0.0237607 0.191565 0.0712822 0.095043 0.127956 0.0336028 0.0531306 0.144531 0.0237607 
0.0475732 0.0212754 0.0300879 0.0672787 0.0212754 0 0.0300879 0.0212754 0.0425508 0.0475732 
0.0403958 0.0451639 0.0201979 0.0638714 0.0856924 0.0638714 0.0451639 0.0201979 0.0403958 0.0285641 
0.028848 0 0.0456127 0.0645061 0.0203986 0 0.0203986 0.028848 0.0407972 0.0456127 
0.136149 0 0.119411 0.0267011 0.0844363 0.0801033 0.0267011 0.0680747 0.101675 0.0566416 
0 0.0790322 0.0353443 0.0353443 0.0749766 0.0249922 0.0249922 0.0749766 0.0558842 0.0749766 
0.0455629 0.0455629 0.220404 0.245364 0.683444 0.0644357 0.0576331 0.118814 0.0288165 0.0203764 
0.0227038 0.0227038 0.0227038 0.0507673 0.0507673 0.0507673 0.0227038 0.0321081 0.0321081 0.0321081 
0.0478467 0.0239234 0.0478467 0.0756524 0.0676655 0.0478467 0.0956935 0.0676655 0.0478467 0.0478467 
0.0510776 0.0510776 0.0685278 0.16472 0.114213 0.0685278 0.0941825 0.0722347 0.0941825 0.0228426 
0.061145 0.0455748 0.0455748 0.0407633 0.061145 0.061145 0.028824 0.0644524 0.0203817 0.0734871 
0.0207928 0 0.0207928 0.0749694 0.0749694 0.0415855 0.0207928 0.0415855 0.0294054 0.0207928 
0.0328798 0 0.116248 0.0838274 0.0519875 0.0328798 0.0328798 0 0 0.0328798 
0.0509896 0.0360551 0.105118 0.0806216 0.163246 0.105118 0.0764843 0.0509896 0.0570081 0.171024 
0.0547955 0.0245053 0.0346557 0.0735159 0.0490106 0.173279 0.0547955 0.0346557 0.0245053 0.122527 
0.933295 0.0372129 0.134173 0.0263135 0.0588388 0.0588388 0.0832106 0.0948747 0.0832106 0.0372129 
0.0246838 0.0246838 0.0551947 0.0349082 0.0551947 0.0740515 0 0 0.0349082 0.0551947 
0.0552073 0.0246895 0.0552073 0.0890192 0.0349162 0.0246895 0.0349162 0.0890192 0.078075 0 
0.0979992 0.0657399 0.0657399 0.0489996 0.118007 0.0489996 0.0438266 0.0876531 0.0309901 0.0219133 
0.112183 0.0448731 0.150509 0.0501696 0.0709505 0.0501696 0.0448731 0.0224365 0.0808961 0.03173 
0.117539 0.0207782 0.0749168 0 0.0929228 0.0207782 0.0207782 0.103891 0.0464614 0.0464614 
0.0328332 0.0837087 0.395365 0.349022 0.325033 0.371466 0.0837087 0.0232166 0.0696498 0.0519139 
0.867722 0.439251 0.205798 0.0306786 0.0306786 0.110613 0.0970142 0.0306786 0.194028 0.130158 
0.027165 0.0429517 0.0692575 0.0692575 0.0960429 0 0.0429517 0.0192086 0.0960429 0.0692575 
0.0321391 0.0321391 0.0508164 0.0454516 0.0454516 0.0454516 0.0454516 0.0321391 0.0718653 0.0681774 
0 0.0545382 0.0731707 0.100564 0.0771287 0.0545382 0.0545382 0.0487805 0.0771287 0.0879403 
0.0349162 0.0349162 0.0349162 0 0.0698324 0.0349162 0.0349162 0.0552073 0.110415 0.0552073 
0.0506857 0.126714 0.0566684 0.0716804 0.0566684 0.0253429 0.0506857 0.147773 0.0760286 0.0566684 
0.0695141 0.0463428 0.0463428 0 0 0.0695141 0.0327693 0.0518128 0.0835456 0.0518128 
0.0288375 0.0455961 0.0203912 0.0865125 0.46944 0.0407824 0.084075 1.02139 0.0644826 0.057675 
0.0217391 0.0652174 0.0614875 0.0614875 0.0486102 0.0217391 0.0783815 0.0869565 0 0.0217391 
0.0513496 0.0688927 0.162382 0.091857 0.21172 0.145239 0.0229642 0.0229642 0.117095 0.0324764 
0.300804 0.11977 0.0525226 0.105045 0.142877 0.0939552 0.0742781 0.0332182 0.0234888 0.0664364 
0.0336503 0.0981066 0.0475887 0.0752444 0.0532058 0.0237944 0.0336503 0.0475887 0.0336503 0.0981066 
0.0780274 0.0551737 0.0493489 0.0780274 0.0348949 0.0348949 0.0551737 0.203471 0.0493489 0.0246744 
0.027027 0.027027 0.0604343 0.027027 0.0974473 0.120869 0.027027 0.085467 0.0604343 0.120869 
0.0371359 0.058717 0.026259 0.052518 0.0371359 0.0371359 0.0830383 0.0371359 0.0371359 0.052518 
0.0234888 0.0742781 0.117444 0.126491 0.164422 0.166091 0.0846901 0.171001 0.0846901 0.171001 
0.0368981 0.130455 0.158705 0.203776 0.188144 0.210352 0.0521818 0.133038 0.0940721 0.215151 
0.0212574 0.0212574 0.0672217 0.0300624 0.0850294 0.0601249 0.0300624 0.0601249 0.0300624 0.0300624 
0.0815944 0.0456127 0.0735482 0.0407972 0.101993 0.122392 0.028848 0.122392 0.101993 0.0912253 
0.0314095 0.0496628 0.0314095 0.0314095 0.0222099 0.0496628 0.062819 0.0222099 0.0496628 0.0915737 
0.0227729 0.0322057 0.113865 0.0322057 0.113865 0.0938951 0.0227729 0.0322057 0.0938951 0.0509218 
0.0353305 0 0.103005 0.0900755 0.103005 0.0558624 0.0499649 0 0.0249824 0.0353305 
0.0506329 0.0566093 0.113219 0.113219 0.0506329 0.0566093 0.0506329 0.0358029 0.0506329 0.0716057 
0.024345 0.0544371 0.024345 0.0769857 0.0730351 0.024345 0.024345 0.0544371 0.0486901 0.0688581 
0.0332733 0.0848306 0.0332733 0.143114 0.0848306 0.0744014 0.0526097 0.0665466 0.0848306 0.0970075 
0.192 0.0926541 0.0224719 0.0224719 0.0449438 0.0926541 0.0449438 0.11236 0.0502487 0.0926541 
0.0387419 0.0273947 0.0387419 0.0273947 0.0866296 0.098773 0.0387419 0.0612564 0.0612564 0.0547894 
0.137849 0.0270344 0.111466 0.111466 0.120902 0.0854904 0.0382325 0.0604508 0.162207 0.0270344 
0.0730838 0.0487226 0.0878358 0.0730838 0.121806 0.146168 0.100444 0.146168 0.0974451 0.0770371 
0.0551737 0.0697899 0.0348949 0.0246744 0.0493489 0.0493489 0.088965 0.0246744 0.0348949 0 
0.0800356 0.059655 0.18675 0.133393 0.0843649 0 0.0377291 0.0266785 0.059655 0.0961908 
0.0264327 0.0591054 0.0792982 0.108985 0.142345 0.0264327 0.0264327 0.0528655 0.0953046 0 
0.0665512 0 0.0998268 0.0526134 0 0.0848365 0.0332756 0.0235294 0.0665512 0.0332756 
0.162149 0.0266572 0.0533144 0.0842974 0.0961139 0.0596073 0.0533144 0.0266572 0.133286 0.0842974 
0.119198 0.0289097 0.081769 0.0408845 0 0.0646441 0.0289097 0.0289097 0.081769 0.0646441 
0.0604287 0.0604287 0.0604287 0.0604287 0.0604287 0.0810737 0.0270246 0.0540491 0.076437 0.0810737 
0.0285452 0.0570905 0.230139 0.0856357 0.0570905 0.114181 0.0285452 0.0856357 0.0638291 0.040369 
0.0263067 0.0263067 0.0588235 0.083189 0.131533 0.105227 0.0588235 0.0526134 0.0948501 0.134138 
0.0697527 0.0348764 0.0348764 0.0246613 0.0246613 0.123307 0.0348764 0.0551444 0.0551444 0.0246613 
0.498926 0.0292979 0.120798 0.0414335 0.157774 0.165734 0.0655122 0.120798 0.170835 0.0585959 
0.0602968 0.0602968 0.038135 0.0602968 0.038135 0.0269655 0.0269655 0.038135 0.0269655 0.0269655 
0.0514259 0.0727273 0.0363636 0.025713 0.025713 0.025713 0.0363636 0.025713 0.0771389 0.0927094 
0 0.0629629 0.0796424 0.116098 0.0281578 0.0629629 0.0281578 0.101525 0.0890429 0.101525 
0.0769231 0.0879649 0.153846 0.0213346 0.124401 0.067466 0.124401 0.134932 0.124401 0.0213346 
0.0392232 0.05547 0.0784465 0.223607 0.506116 0.186052 0.149358 0.881432 0.124035 0.05547 
0.0300879 0.0767095 0.0475732 0.0475732 0.0877207 0.0300879 0.0475732 0.0425508 0.106377 0.0300879 
0.0799361 0.135865 0.170614 0.0799361 0.14349 0.0960712 0.109862 0.0266454 0.14349 0.0376822 
0.0325107 0.072696 0.045977 0.0325107 0.0650213 0.0229885 0.0828862 0.0229885 0.072696 0.072696 
0.0899632 0.0352865 0.0249513 0.0249513 0.0249513 0.124757 0.0249513 0.0557928 0.078903 0.0557928 
0.0348976 0.0246763 0.132886 0.174488 0.27589 0.132886 0.0551779 0.0493526 0.0697952 0.125825 
0.067828 0.067828 0.0815191 0.050556 0.0226093 0.0452187 0.071497 0.071497 0.050556 0.0639489 
0.0416576 0.0208288 0.0658665 0.0931493 0.0931493 0.104144 0.0208288 0.0465746 0.0883692 0.0589128 
0.133363 0.0596417 0.119283 0.0754415 0.0266726 0.0188604 0.0421731 0.068002 0.109974 0.0596417 
0.0528332 0.0747174 0.143722 0.0472554 0.0747174 0.0668293 0.0528332 0.0528332 0.0974196 0.0334146 
0.0983296 0.0715453 0.0533267 0.181624 0.0337268 0.0754153 0.0754153 0.0754153 0.0533267 0.0754153 
0.0504947 0.0225819 0.0319357 0.0504947 0.0677458 0.0319357 0.0319357 0 0 0 
0.100964 0.0605783 0 0.080771 0.0638551 0.0605783 0.114227 0.990269 0.0832568 0.100964 
0.0623897 0.0441162 0.0493234 0.0311948 0.0661742 0.0220581 0.0493234 0.0697538 0.0311948 0.0493234 
0.0893039 0 0.0841965 0.10733 0.10733 0.181071 0.029768 0.716908 0.0893039 0.208376 
0.0240946 0 0.0538772 0.140495 0.0868744 0.0481893 0.0481893 0.0240946 0.0963785 0.0481893 
0.0464426 0.0519244 0.146864 0.0957439 0.148689 0.0519244 0.0519244 0.0464426 0.0328399 0.0734322 
0.0535288 0.0338546 0.0535288 0.119694 0.0987022 0.0535288 0.0535288 0.0535288 0.0757011 0.0757011 
0.0752923 0.0714286 0.0752923 0.0858465 0.138832 0.0752923 0.0238095 0.185958 0.0238095 0.0238095 
0.0240337 0 0.0866546 0.173309 0.129425 0.0240337 0.0240337 0.0480673 0.0480673 0.0679775 
0.0813116 0.0813116 0.262222 0.128565 0.181818 0.25713 0.025713 0.200825 0.329287 0.187193 
0.0717035 0.121872 0.145385 0.0239012 0.143407 0.0717035 0.106889 0.568124 0.0676027 0.0338013 
0.0923287 0.0572598 0.0256074 0.128037 0.10243 0.130573 0.0256074 0.108643 0.0572598 0.0923287 
0.0532907 0.0595808 0.08426 0.133227 0.192142 0 0.0266454 0.0960712 0.119162 0.08426 
0.0594931 0.0297466 0.063102 0.0867254 0.122648 0.063102 0.0470334 0.021034 0.0867254 0.0470334 
0.0495408 0.0443106 0.0700612 0.0700612 0.0221553 0.0664659 0.0798821 0.110777 0.0443106 0.0313323 
0.0538187 0 0.0481369 0.0992368 0.0761111 0.0538187 0.0240685 0.0538187 0.0722054 0.08678 
0.0338788 0.023956 0.023956 0.023956 0.0535672 0.0677577 0.023956 0.0479119 0.023956 0.0338788 
0.104349 0 0.104349 0.080032 0.129048 0.104349 0.0357914 0.0357914 0.178957 0.101233 
0.0540491 0 0.0270246 0.0270246 0.0270246 0.0270246 0.0604287 0.0604287 0.0382185 0.0270246 
0.134242 0.0705072 0.0352536 0.0997122 0.0557408 0.024928 0.12464 0.111482 0.0498561 0.0788294 
0 0.0237944 0.0752444 0.0237944 0.0752444 0.118972 0.0237944 0.0713831 0.106412 0.0532058 
0.0204071 0.0204071 0.0456317 0.0912633 0.104056 0.0456317 0.0456317 0.05772 0.02886 0.0204071 
0.0218361 0 0.0787311 0.117591 0.111343 0.0308809 0.0218361 0.097654 0.0900325 0.0617618 
0.0889988 0.0349082 0.123419 0.148103 0.0889988 0.203548 0.0246838 0.682721 0.150146 0.123419 
0.0577302 0.0774532 0.0577302 0.0365118 0.0365118 0.0258177 0 0.0577302 0.0774532 0.0258177 
0.0760616 0.0240528 0.0680315 0.0240528 0.0867235 0.0760616 0.0680315 0.0721583 0.0240528 0.0721583 
0.078296 0.0553637 0.039148 0.0618984 0.039148 0 0.039148 0.0830455 0.0875376 0.0875376 
0.0371872 0.0525906 0.0587981 0.108418 0.0831531 0 0 0.0262953 0.0525906 0 
0.109566 0.0903508 0.482092 0.494386 0.54827 0.438813 0.0219133 0.0903508 0.0438266 0.0219133 
0.0828862 0.0229885 0.0229885 0.0325107 0.0229885 0.0325107 0.0828862 0.0689655 0.0514039 0.0689655 
0.0486102 0 0.0217391 0.0486102 0.0434783 0.0486102 0.0217391 0.0896327 0.0217391 0.0217391 
0.0928664 0.0232166 0.103828 0.0328332 0.0837087 0.0232166 0.0519139 0 0.0696498 0.0328332 
0.0608264 0.0480875 0.173382 0.107527 0.096175 0.167962 0.0480875 0.0215054 0.167962 0.0860215 
1.19527 0.276691 0.0503075 0.112491 0.0795431 0 0.0251537 0.183122 0.0355728 0.0562455 
0.0487587 0.0545139 0.100519 0.0770943 0.0689553 0.0344776 0.0344776 0.0243794 0.0731381 0.0689553 
0.118113 0.0393711 0.100377 0.100377 0.0278396 0.0787423 0.0393711 0.0622512 0.0278396 0.0556792 
0.0799808 0.0758765 0.0758765 0.0357685 0.104282 0 0.0505843 0.0357685 0.0357685 0.056555 
0.044842 0.0672631 0.0709015 0.044842 0.044842 0.0634162 0.0709015 0.0501349 0 0.0317081 
0.0479119 0.0535672 0.0863744 0.023956 0.0535672 0.0677577 0.0338788 0.023956 0.0718679 0.098773 
0.0511879 0.0647481 0.102376 0.0323741 0.0457839 0.0647481 0.0511879 0.0915677 0.0323741 0.0723906 
0.138469 0.156406 0.0727273 0.057496 0.057496 0.057496 0.131111 0.566269 0.128565 0.025713 
0.0780274 0.088965 0.088965 0.104685 0.0551737 0.143875 0.0551737 0.0246744 0.088965 0.101735 
0.139458 0.169394 1.3721 0.598633 1.35009 0.518124 0.0892786 0.0643797 0.0910467 0.0399266 
0.0235229 0.0525988 0.126675 0.105198 0.119944 0.119944 0.0235229 0 0.0969874 0.084813 
0.24108 0.0826898 0.0942809 0.14792 0.281631 0.107814 0.03698 0.0584705 0.0942809 0.03698 
0.1034 0.0517001 0.0365575 0.234082 0.466019 0.12925 0.109673 0.596795 0.0775502 0.173407 
0.0841349 0.0233348 0.0521783 0.0737912 0.0737912 0.116674 0.0233348 0.0233348 0.16827 0.0466696 
0.0228143 0.0510144 0.068443 0.0510144 0.0228143 0.0645287 0.0645287 0.0510144 0.0228143 0.0822583 
0.072696 0.0514039 0.0650213 0.0514039 0.575172 0.344828 0.0514039 0.0514039 0.0689655 0.072696 
0.0848528 0.0565685 0.0565685 0.10198 0.10198 0.04 0.04 0.0848528 0.08 0.0632456 
0.0319744 0.0226093 0.0226093 0.050556 0 0.050556 0.050556 0.050556 0.0639489 0.071497 
0.0231994 0.0231994 0.0231994 0.0231994 0 0 0.0231994 0.0656179 0.0231994 0 
0.0256389 0 0.0810774 0.0769168 0.0924424 0.0362589 0.0256389 0.0256389 0.0256389 0.128195 
0.0967735 0.0524828 0.0524828 0.023471 0.023471 0.023471 0.023471 0.023471 0.023471 0.104966 
0.0237273 0.0474546 0.0530558 0.0530558 0.0237273 0.0237273 0.0237273 0.0237273 0.0474546 0.0855499 
0.0513903 0.0650041 0.0513903 0.0726768 0.0650041 0.0726768 0.0513903 0 0.0650041 0 
0.0237123 0.0530222 0.0335342 0.0977682 0.0335342 0.0530222 0.0749848 0.0474245 0.0670684 0.0530222 
0.0614295 0.0434372 0.0485643 0.0434372 0.0434372 0.0217186 0.0783076 0.0686803 0 0.0217186 
0.0496904 0.031427 0.0916246 0.0666667 0.113312 0.0916246 0.0222222 0.142292 0.0496904 0.111111 
0.0692959 0.0489996 0.0929702 0.0309901 0.0790095 0.0903508 0.0309901 0.0489996 0.111736 0.0903508 
0.0451639 0.0504947 0.0677458 0.182061 0.100989 0.11291 0.0504947 0.0677458 0.115146 0.0225819 
0.079996 0.0447191 0.0721074 0.0282829 0.0721074 0.0447191 0.119994 0.121649 0.0282829 0.082458 
0.134352 0.021243 0.0671762 0.0637289 0.021243 0.0300421 0 0.0671762 0.0300421 0.021243 
0.021143 0.0299007 0.0762322 0.021143 0.0945545 0.0897022 0.042286 0.123284 0.0668601 0.042286 
1.03575 0.0572598 0.128037 0.0362143 0.0923287 0.128037 0.0809776 0.0256074 0.0923287 0.128037 
0.0943858 0.0511879 0.0228919 0.0323741 0.0647481 0.0511879 0.102376 0.900092 0.0511879 0.0228919 
0.0214942 0.0480625 0.0214942 0.0429884 0.135941 0.0911921 0.0679706 0.92525 0.0774984 0.0644826 
0.0307148 0.0217186 0.0485643 0.0783076 0.0921443 0.0783076 0.0485643 0.0434372 0.0485643 0.0307148 
0.156893 0.027735 0.1 0.083205 0.1 0.11094 0 0.6 0.114354 0.0392232 
0.0944853 0.0445408 0 0.0314951 0.0222704 0.080297 0.0314951 0.0704252 0.0497981 0.0704252 
0.0338328 0.0239234 0.0239234 0.0534943 0.0756524 0.0534943 0.0478467 0.0239234 0.0534943 0 
0.0621595 0.0439534 0 0.0491414 0.0659301 0.0219767 0.0219767 0.0439534 0.0491414 0.0694964 
0.0362589 0.0512778 0.342066 0.810774 0.236379 0.493174 0.0512778 0.0810774 0.0512778 0.162155 
0.020165 0.04033 0.0450904 0.199624 0.108592 0.0450904 0 0.020165 0.0831425 0.0901807 
0.0440974 0.0493024 0.0440974 0.0909091 0.0623631 0.0909091 0.0794977 0.227005 0.0661461 0.0311816 
0.0746497 0.0851138 0.127124 0.0472126 0.0527853 0.0973313 0.0527853 0 0.100153 0.0746497 
0.0592037 0.0264767 0.0374437 0.0837267 0.0954632 0.0954632 0.0794301 0.0592037 0 0.0374437 
0.0596232 0.0533286 0.0266643 0.0596232 0.106657 0.0266643 0.106657 0.106657 0 0.0533286 
0.0274592 0.0274592 0.116499 0.0614006 0.0549183 0.0388331 0.0388331 0.0388331 0.0274592 0.0868335 
0.0770772 0.131258 0.0243739 0.0243739 0.0770772 0.0243739 0.0545018 0.0689399 0.0243739 0.0487479 
0.103071 0.0743255 0.249082 0.33047 0.420448 0.371627 0.0460947 0.219132 0.0743255 0.0583057 
0.09836 0.14083 0.0311042 0.04918 0.0622083 0.0311042 0.09836 0.0879759 0.021994 0 
0.0675641 0.075539 0.075539 0.0534141 0.0675641 0.0238875 0.106828 0.033782 0.0534141 0.047775 
0.0208333 0.0294628 0.0465848 0.0625 0.0658808 0.0658808 0.0208333 0.10623 0.0625 0.0465848 
0.0240685 0.0481369 0.0240685 0.0340379 0.0481369 0.120342 0.0680759 0.0538187 0.0240685 0.0481369 
0.0509896 0.0254948 0.180275 0.0919227 0.0806216 0.129998 0.0509896 0.0806216 0.105118 0.127474 
0.0931493 0.10334 0.0730723 0.131733 0.0730723 0.0516699 0.025835 0.0577687 0.0365362 0.0365362 
0.0243739 0.0545018 0.17235 0.0731218 0.293501 0.0243739 0.0731218 0.03447 0.0689399 0.0243739 
0.0332549 0.0525806 0.0743602 0.0847837 0.0940591 0.119902 0.0235148 0.0470295 0.0705443 0.0235148 
0.0607948 0.0774984 0.0480625 0.125332 0.0679706 0.0679706 0.0429884 0.0214942 0.0429884 0.0607948 
0.0894427 0.0350823 0.05547 0.0894427 0.0248069 0.0992278 0.0744208 0 0.105247 0.0894427 
0.0707052 0 0.0558973 0.0901317 0.152057 0.0353526 0.0558973 0.0790508 0.0353526 0.0353526 
0.0768347 0.0256116 0.0724405 0.0809909 0.0809909 0.130594 0.0768347 1.3112 0.105599 0.144881 
0.144735 0.0237944 0.242656 0.196213 0.204687 0.0951774 0.0336503 0.0336503 0.144735 0.0336503 
0.0377291 0 0.0843649 0.0754583 0.0533571 0.059655 0 0.109998 0.0266785 0.0377291 
0.0448083 0.0807792 0.192728 0.130637 0.158421 0.180628 0.233906 0.87863 0.298908 0.136279 
0.0263067 0.0372033 0.0588235 0.0372033 0.0588235 0.0372033 0.0948501 0.0526134 0.0372033 0.0526134 
0.0530222 0.0474245 0.0530222 0.0335342 0.0711368 0.0335342 0.0749848 0.0530222 0.0530222 0.0335342 
0.0858361 0.111917 0.0814313 0.0858361 0.0606953 0.0271438 0.0978682 0.111917 0.0978682 0.0383871 
0.0612105 0.136871 0.0774258 0.0612105 0.0273742 0.0612105 0.122421 0.0821225 0.0387129 0.0387129 
0.108108 0.076444 0.0241737 0.0871595 0.076444 0.0483474 0.0341868 0 0.076444 0.076444 
0.1533 0.127309 0.0636543 0.0900207 0.117373 0.127309 0.117373 0.0854011 0.0900207 0.1533 
0.100751 0.0356207 0.0755629 0.0563213 0.146868 0.151126 0.0251876 0.0563213 0.112643 0.0908153 
0.101637 0.129007 0.153393 0.0535672 0.098773 0.0535672 0.098773 0.0535672 0.0535672 0.129007 
0.0752071 0.0713477 0.106359 0.106359 0.0336336 0.0237826 0.0336336 0.0752071 0.0531795 0.0951303 
0.113993 0.0390994 0.140975 0.0618215 0.140975 0.138237 0.11059 0.11059 0.0781987 0.0552948 
0.0538772 0 0.038097 0.0851874 0.0269386 0.0851874 0.0761939 0.0602366 0.0851874 0.0269386 
0.0276805 0.0437667 0.141143 0.119058 0.0782923 0.0437667 0.0807018 0.0276805 0.0437667 0.0276805 
0.479313 0.0738717 0.251598 0.10447 0.208941 0.156706 0.116801 0.0660728 0.165182 0.0934411 
0.0531306 0.0856706 0.0475215 0.0672055 0.0531306 0.0751381 0.0856706 0.0336028 0.0531306 0.0531306 
0 0.0707052 0.0790508 0.0790508 0.127466 0.0790508 0.0353526 0.10307 0.024998 0.12499 
0.0798087 0.0504754 0.0504754 0.0356915 0.0252377 0.0713831 0.0356915 0.0356915 0.0909959 0.0798087 
0.10511 0.0525552 0.096907 0.10511 0.239689 0.0470068 0.0470068 0.12657 0.10511 0.0525552 
0.0328332 0.0519139 0.0696498 0 0.146835 0.0837087 0.0837087 0.0232166 0.0464332 0.0519139 
0 0.0496253 0.0554828 0.15093 0.0784646 0.0784646 0.0784646 0.124063 0.0350904 0.0496253 
0.0783076 0.0651558 0.456091 0.478303 0.478303 0.458155 0.0485643 0.0485643 0.477809 0.5 
0.086544 0.028848 0.130615 0.0407972 0.028848 0.0645061 0.0735482 0.028848 0.0456127 0.0456127 
0.118031 0.0263924 0.0559868 0.0933114 0.108819 0.0590153 0.0186623 0.10557 0.0186623 0.0373245 
0.0637973 0.0425315 0.0425315 0.087681 0.0300743 0.0212658 0.0475517 0.0766748 0.0212658 0.0300743 
0.139897 0.0719764 0.0865049 0.139897 0.145938 0.0865049 0.0239921 0.10179 0.107296 0.129202 
0.0603462 0.0603462 0.0973053 0.0603462 0.0853424 0.0381663 0 0.0539753 0.0809629 0.0269876 
0.0551947 0.0780571 0.281439 0.281439 0.471584 0.309288 0.0780571 0.0551947 0.14393 0.0889988 
0.0822412 0 0.164482 0.130035 0.116307 0 0.0520139 0.0367794 0.0735587 0.0260069 
0.0538655 0.0722682 0.0481788 0.0240894 0.0538655 0.0681351 0.0481788 0.0240894 0.0538655 0.0993231 
0.0332113 0.0469679 0.105023 0.193654 0.119745 0.105023 0.0525117 0.0704519 0.0525117 0.126465 
0.107927 0 0.242536 0.14072 0.144799 0.146797 0.0539635 0.0723996 0.146797 0.0870135 
0.149906 0.0599625 0.108099 0.0847998 0.0948091 0.0423999 0.0423999 0.0423999 0.0423999 0.0423999 
0.0219727 0.0310741 0.0659181 0.0878909 0.0792238 0.0439454 0.0219727 0.0694838 0.0694838 0.0439454 
0.109616 0.0775101 0.0245108 0.274039 0.197613 0.149094 0 0.0490217 0.138654 0.197613 
0.0608264 0.0480875 0.0480875 0.11581 0.152066 0.0912396 0.0775387 0.216126 0.109656 0.0645161 
0.0761774 0.0240894 0.107731 0.0481788 0.152355 0.0240894 0.0340675 0.0681351 0.0722682 0.0340675 
0.0485844 0.0614549 0.0921823 0.0687087 0.0971687 0.0217276 0.0434552 0.0651827 0.0217276 0.0217276 
0.0215041 0.0215041 0.0430083 0.068002 0.0215041 0 0.0304114 0.0215041 0.0480847 0.0480847 
0.0795315 0.0697538 0.132348 0.0795315 0.0935845 0.0493234 0.11029 0.0441162 0.155974 0.0311948 
0.120476 0.0584393 0.087659 0.116879 0.116879 0.116879 0.0584393 0.123969 0.0653372 0.105353 
0.0380006 0.0600842 0.0968828 0.0380006 0.0806114 0.0849719 0.0268705 0.0537409 0.0537409 0.0380006 
0 0.0236426 0.0528664 0.0709277 0.105733 0.0236426 0 0.0528664 0.0334357 0.120554 
0.0226965 0.0226965 0.0320977 0.113483 0.0717727 0.045393 0.045393 0.050751 0.0717727 0.045393 
0.0503753 0.0503753 0.0251876 0.0563213 0.0563213 0.0356207 0.0503753 0.0356207 0.0563213 0 
0.110659 0.0205488 0.0821952 0.0459485 0.064981 0.064981 0 0.0205488 0.0205488 0.0616464 
0.0206614 0.0462003 0.0462003 0.132298 0.103307 0.0653372 0.130674 0.261349 0.0653372 0.0744958 
0.0316525 0.0223817 0.0707771 0.0707771 0.0806983 0.0223817 0.0633049 0.0447633 0.092282 0.092282 
0.0716391 0.0453085 0.032038 0.032038 0.032038 0.0506565 0.0226543 0 0.0506565 0.032038 
0.0414424 0.0293042 0.120824 0.178251 0.483298 0.223174 0.0655262 0.696553 0.175825 0.105658 
0.0352563 0.04986 0.0898863 0.0557451 0.213002 0.134252 0.02493 0.0352563 0.0788355 0.12465 
0.0373132 0.0373132 0.0263844 0.0951303 0.200938 0.105538 0 0 0.117995 0.0834348 
0.10447 0.0738717 0.22038 0.0991093 1.00883 0.0963169 0.0738717 0.0522352 0.0991093 0 
0.0495339 0.0495339 0.024767 0.102117 0.150652 0.0892986 0.024767 0.0350258 0.158586 0.158586 
0.0485071 0.0306786 0.0613572 0.0685994 0.126491 0.0306786 0.0306786 0.021693 0.0894427 0.0433861 
0.111797 0.0903996 0.0790522 0.0790522 0.0657754 0.0620136 0.0219251 0.0693334 0.0620136 0.0219251 
0.135409 0.0593809 0.0751116 0.0531119 0.0839773 0.0531119 0.0593809 1.0147 0.0531119 0.0531119 
0.107731 0.0722682 0.0481788 0.0340675 0.152355 0.0538655 0.0761774 0.120447 0.0681351 0.0761774 
0.0503793 0.0503793 0.0318627 0.0812341 0.071247 0.0318627 0.0225303 0.0637253 0.0637253 0.0503793 
0.0986061 0.05197 0.0837991 0.069725 0.12516 0.0734966 0.0734966 0 0.0232417 0.069725 
0.0871311 0 0.0298857 0.128543 0.0633972 0.0668265 0.0472535 0.0896572 0.0761939 0.0871311 
0.853743 0.0926015 0.0926015 0.031762 0.157214 0.142044 0.0710221 0.0449183 0.127048 0.120946 
0.0224027 0.0448054 0.0923688 0.0633645 0.0923688 0.0807742 0.050094 0.050094 0.0950467 0.0896109 
0.0234259 0.0234259 0.0937035 0.0523819 0.0740792 0.0523819 0.0234259 0.0523819 0.0234259 0.0234259 
0.0830455 0.0371391 0.284059 0.0830455 0.159741 0.133907 0.058722 0.0262613 0.0742781 0.153128 
0.0434757 0 0.0434757 0 0.0486073 0 0.030742 0.0217378 0.0486073 0.0486073 
0.0603462 0.0381663 0.0763325 0.0539753 0.0381663 0.0269876 0.0853424 0.0603462 0 0.114499 
0.0239852 0.0239852 0.0959409 0.0988936 0.0239852 0.0339202 0.0479705 0.075848 0.0678405 0.0339202 
0.0266076 0.0266076 0.0841406 0.0752577 0.150515 0.0594964 0.0532152 0.0376288 0.0841406 0.0532152 
0.123504 0.0725238 0.022934 0.0324336 0.0688021 0.0725238 0.11467 0.11467 0.0324336 0.0648672 
0.0987579 0.0349162 0.0552073 0.049379 0.078075 0.0246895 0.0349162 0.110415 0 0 
0.123262 0.0725211 0.108108 0.0871595 0.175987 0.154787 0.0241737 0.0341868 0.0540541 0.0540541 
0.19664 0.097561 0.0771287 0.034493 0.0879403 0.068986 0.0487805 0.0545382 0.0879403 0.100564 
0.0313323 0.0700612 0.0700612 0.0700612 0.0495408 0.0313323 0.0495408 0 0.0313323 0.0313323 
0.0340675 0 0.107731 0.0240894 0.0761774 0.0481788 0.0240894 0.0538655 0.0240894 0.0240894 
0.157329 0.0703598 0.160445 0.0629317 0.0703598 0.113452 0.0629317 0 0.0703598 0.0703598 
0.235702 0.0547997 0.0821995 0.0387492 0.173292 0.164399 0.0612679 0.0774984 0.225945 0.159767 
0.100975 0.0252438 0 0.0357001 0.0252438 0.0252438 0.0252438 0.0564467 0.0504875 0.0357001 
0.0240894 0.0240894 0.107731 0.120447 0.122832 0 0 0.0240894 0.0340675 0.0993231 
0.0761497 0.053846 0.0761497 0.053846 0.0992871 0.0240807 0.0340552 0.0240807 0.0240807 0.053846 
0.0752444 0.0981066 0.0673006 0.0475887 0.0673006 0.0336503 0.121328 0.0475887 0.0336503 0 
0.0868744 0.034075 0.0722839 0 0.0761939 0.129754 0.0868744 0.0240946 0.0240946 0.129754 
0.0246914 0.0780809 0.0349189 0.0493827 0.0493827 0.0246914 0.0987654 0.089026 0.0349189 0 
0.0552073 0 0 0.0890192 0.0349162 0.049379 0.0349162 0.049379 0.0246895 0.0246895 
0.0313574 0.0627147 0.044346 0.022173 0.0799459 0.0313574 0.0495803 0.0313574 0.0701172 0.0313574 
0.0529367 0.0710221 0.0748639 0.023674 0.0946961 0.105873 0 0.0748639 0.0853579 0.0473481 
0.033193 0 0.023471 0.046942 0.119679 0.117355 0.033193 0.0524828 0.0742218 0.0524828 
0.0647481 0.0943858 0.196924 0.0457839 0.207295 0.166656 0.0323741 0.0228919 0.16187 0.0723906 
0.133286 0.0596073 0.037699 0.037699 0.10991 0.0596073 0.037699 0.0961139 0.0842974 0.0596073 
0.073799 0.077791 0.073799 0.0245997 0.132473 0.0491993 0.0245997 0.0550065 0.073799 0.0550065 
0.0745356 0.0235702 0.0235702 0.0745356 0 0.0707107 0.0527046 0.1 0.0666667 0.0666667 
0.0593705 0.0531025 0.185859 0.185859 0.531689 0.0531025 0.0750983 0.0531025 0.0375492 0.0265513 
0.0819997 0.0273332 0.0273332 0 0.112698 0.166261 0.0546664 0.0546664 0.109333 0.0611189 
0 0.0359066 0.101559 0.0253898 0.0802896 0.113547 0.104685 0.0253898 0.0915442 0.0761694 
0.07892 0.0588235 0.0744065 0.0263067 0.0948501 0.0526134 0 0 0.108465 0.0526134 
0.0358 0.0759433 0.0253144 0.0358 0.0358 0.0253144 0.0800512 0 0.0253144 0.0253144 
0.101797 0.0349162 0.104749 0.0987579 0.0349162 0.0246895 0.0698324 0.101797 0.0349162 0.0349162 
0.226016 0.0737788 0.129417 0.269143 0.194125 0.183023 0.122775 0.163701 0.164974 0.0915114 
0.0282251 0.0282251 0.220445 0.205482 0.16935 0.0399163 0.0282251 0.0798325 0.0631132 0.1129 
0.0243884 0.0243884 0.0545342 0.0243884 0.0879337 0 0.0243884 0.0344904 0.0879337 0.0689809 
0.0594964 0.0266076 0.112887 0.0266076 0.112887 0.0266076 0.0798228 0.0266076 0.0532152 0.0532152 
0.0770239 0.0427252 0.0675545 0.0770239 0.151056 0.0640878 0.0213626 0 0.0770239 0.0213626 
0.102262 0.0241034 0.102262 0.0681747 0.120517 0.0538968 0.0538968 0.102262 0.0241034 0.120517 
0 0.0352865 0.0249513 0.0748539 0.0352865 0.0557928 0.0352865 0.0557928 0 0.0499026 
0.0644157 0.0644157 0.0814801 0.209722 0.16296 0.103867 0.0644157 0.0644157 0.128831 0.128831 
0.0502202 0.0635241 0.0502202 0.0926015 0.031762 0.0710221 0.0502202 0.0926015 0.031762 0.0635241 
0.0785614 0.0248433 0.0702674 0.0555513 0.0248433 0.0351337 0.0248433 0.0555513 0.0496866 0.0248433 
0.0946961 0.0976105 0.149728 0.0334801 0.0334801 0.0976105 0.0473481 0.023674 0.105873 0.0748639 
0.212378 0.16584 0.187626 0.199007 0.252599 0.0331679 0.0469065 0.222497 0.201752 0.148331 
0.104685 0.020937 0.0662085 0.0754893 0.104685 0.0662085 0.020937 0.0418739 0.0296093 0.140449 
0.0824355 0.0723007 0.0723007 0.045727 0.0646677 0.0323339 0.0228635 0.0228635 0.0323339 0.0511243 
0.20205 0.124118 0.0620592 0.124118 0.0392497 0.141517 0.0277537 0.0392497 0.141517 0.100067 
0.0309901 0 0.0876531 0.0903508 0.138592 0.0979992 0.0219133 0.0790095 0 0.0619801 
0.123452 0.0242109 0.0484218 0.099824 0.123452 0.0484218 0.0242109 0.0242109 0.0342393 0.0726326 
0.0336622 0.0476056 0.0336622 0.0714083 0 0.0476056 0.0238028 0.0238028 0.075271 0.0336622 
0.0486102 0.0307438 0.0614875 0.0217391 0.0307438 0.0307438 0.0217391 0.0652174 0.0307438 0.0486102 
0 0.0853579 0 0.133921 0.120714 0.127489 0.0334801 0.0473481 0.0853579 0.0669603 
0.0336503 0 0.118972 0.0673006 0.118972 0.106412 0.0475887 0.0532058 0.0532058 0.0237944 
0.047498 0.023749 0.047498 0.047498 0.0335862 0.0531044 0.075101 0.0856283 0.0335862 0.0531044 
0 0.0240528 0.0340158 0 0.0680315 0.0537837 0.0240528 0 0.0537837 0.0537837 
0 0.0256074 0.0362143 0.0572598 0.10243 0.0362143 0 0.0362143 0.0572598 0.11452 
0.0600131 0.0670967 0.0636535 0.0848714 0.0670967 0.0424357 0.0474445 0.0636535 0.0424357 0.076502 
0.0912343 0.0215041 0.0430083 0.0430083 0.068002 0.068002 0.0430083 0.0304114 0.0480847 0.0860165 
0.0392081 0.0392081 0.0876721 0.0808297 0.0619935 0.0980204 0.043836 0.0277243 0.043836 0.125527 
0.053846 0.0240807 0.0481613 0.053846 0.0992871 0.0481613 0.0481613 0 0.053846 0.0761497 
0.795894 0.0738969 0.0330477 0.052253 0.052253 0.140209 0.116841 0.116841 0.0842554 0.0738969 
0.133552 0 0.0971732 0.11452 0.139319 0.0647821 0.0458079 0.0687118 0.0944353 0.0512148 
0.31691 0.0252922 0.239942 0.0758765 0.056555 0.0911921 0.0505843 0.0799808 0.153846 0.0911921 
0.0340158 0.0240528 0.0340158 0.0721583 0.0537837 0.0867235 0.0537837 0.0240528 0.0340158 0.0537837 
0.0513623 0.0513623 0.359536 0.43658 0.504555 0.359536 0.0574248 0.0812109 0.0770435 0.0256812 
0.0262342 0.0787025 0.0945886 0.111302 0.133768 0.159576 0 0.108166 0.165919 0.117323 
0.0210515 0.094145 0.0470725 0.134795 0.0297713 0.0665706 0.0470725 0.0470725 0.0210515 0 
0.864031 0.0381108 0.0852183 0.0852183 0.0602585 0.0381108 0.163921 2.13964 0.0971638 0.0602585 
0.0311551 0 0.0311551 0 0.0311551 0.0623101 0.0696649 0.2203 0.0311551 0.0311551 
0.0475088 0.0671875 0.0300472 0.106233 0.106233 0.0766056 0.0424931 0.108337 0.0424931 0.0671875 
0.24007 0.242368 0.840246 0.166459 0.141245 0.105278 0.268407 0.137265 0.0744426 0.169755 
0.0197671 0.0625092 0.0197671 0.0884013 0.0884013 0.0559099 0 0.0593014 0.0712714 0.0442006 
0.131475 0.0464834 0.0837991 0.0986061 0.279867 0.0929667 0.0929667 0.0734966 0.11851 0.05197 
0.05602 0.0501058 0.0903295 0.127745 0.177151 0.127745 0.0903295 0.150317 0.0751587 0.11204 
0.0217186 0.0485643 0.137361 0.223607 0.413225 0.12664 0.0307148 0.0434372 0.0686803 0 
0.0615385 0.0307692 0.283678 0.311515 0.914059 0.156893 0.243252 0.227151 0.185893 0.175412 
0.0693005 0.0231002 0.0924007 0.0462003 0.0516536 0.0730492 0.0516536 0.0231002 0.0653372 0.0462003 
0.0453493 0.0320668 0.050702 0.0226746 0.101404 0.0717035 0.050702 0.050702 0.0320668 0.113373 
0.0655606 0.0518302 0.0518302 0.0327803 0.0655606 0.0463583 0.0327803 0 0.0927166 0.0518302 
0.0336503 0.0336503 0.0237944 0.0475887 0.0532058 0.0475887 0.0475887 0.0532058 0.0532058 0.0532058 
0.0690837 0.0772379 0.124542 0 0.0690837 0.0244248 0.0772379 0.0244248 0.0244248 0.0488496 
0.0481613 0.053846 0.0240807 0 0.0240807 0 0.053846 0.0340552 0.072242 0.107692 
0.0232417 0.05197 0.0328687 0.05197 0.0328687 0.10394 0.0464834 0.0232417 0.05197 0.05197 
0.025939 0.025939 0.0778171 0.025939 0.0366834 0.0366834 0.0580015 0.0366834 0 0.0518781 
0.0231558 0.0327473 0.0834896 0.166979 0.0327473 0.0732252 0 0.0463117 0.0327473 0.051778 
0.110295 0.0275737 0.123314 0.0275737 0.0275737 0.0389952 0.0779903 0.0616568 0.0275737 0.0616568 
0.0821918 0.0612621 0.208651 0.122524 0.193728 0.159752 0.0866377 0.0612621 0.136986 0.0612621 
0.020201 0.0451708 0.0285685 0.117791 0.0451708 0.057137 0.040402 0.0903416 0.060603 0.0728357 
0.0511243 0.0228635 0.0723007 0.045727 0.0323339 0 0.0323339 0.0970016 0.0323339 0.0511243 
0.0738969 0.052253 0.052253 0.0991431 0.0701047 0.0660954 0.0233683 0 0.0233683 0.0701047 
0.0336503 0.0532058 0.0336503 0.121328 0.0532058 0.0336503 0.0673006 0.0336503 0.0532058 0.0237944 
0.0300066 0.0424357 0.0424357 0 0.0636535 0.0670967 0.0474445 0.0600131 0.0900197 0.0424357 
0.0997199 0.0788355 0.0898863 0.0898863 0.0747899 0.0352563 0.02493 0.0788355 0.0557451 0.0788355 
0.0537603 0.0537603 0.0537603 0.153946 0.0866859 0.0721271 0.0240424 0.0537603 0.0537603 0.120212 
0.0240964 0.102232 0.0868808 0.13631 0.0340774 0 0.0340774 0.0538812 0.0481928 0.0481928 
0.0332664 0 0 0.0525988 0.0705687 0.0332664 0.0235229 0.0235229 0.0665328 0.0743859 
0.0573304 0.0573304 0.0573304 0.102556 0.0924424 0.0573304 0.0362589 0.0362589 0.0573304 0.105712 
0.140389 0.0620136 0.111797 0.127844 0.198541 0.155034 0.109626 0.383533 0.109626 0.111797 
0.0246444 0.0246444 0 0.0348525 0.0779326 0.0246444 0 0.0246444 0.0246444 0.0551067 
0.034401 0.0543928 0.0243252 0 0.0688021 0.034401 0.0486504 0.034401 0.0729756 0.0688021 
0.0252177 0.0563884 0.112777 0.075653 0.0252177 0 0 0.0504353 0.0356632 0.0563884 
0.0761939 0.14176 0.0845296 0.0211324 0.0472535 0.0472535 0.0668265 0.0945069 0.133653 0.0668265 
0.0670402 0.0711068 0.0335201 0.0711068 0.0948091 0.0474046 0.0335201 0.0670402 0.0335201 0.0749532 
0.03447 0.0545018 0.0545018 0.0770772 0.0545018 0 0.03447 0.03447 0.0487479 0.0545018 
0.0722839 0.0681499 0.0481893 0.0538772 0.0538772 0.0481893 0.0993447 0.0538772 0.0761939 0.0963785 
0.077791 0.0491993 0.073799 0.073799 0.157515 0.125434 0.0550065 0.0491993 0.0550065 0.0695784 
0.0485987 0.043468 0.0687289 0.021734 0.0485987 0.043468 0.0307365 0.0307365 0.0687289 0.0485987 
0.0246763 0.0493526 0.101743 0.0246763 0.0697952 0.0348976 0.0246763 0 0.0697952 0.0348976 
0.073149 0.0344828 0 0.054522 0.0344828 0.024383 0.0344828 0.024383 0.0344828 0.0344828 
0.0886228 0.0429884 0.0429884 0.0607948 0.0679706 0.0607948 0 0.279425 0.0607948 0.0429884 
0.185439 0.0569572 0.113914 0.0569572 0.050944 0.025472 0.0360229 0.025472 0.129882 0.12736 
0.046562 0.117794 0.318533 0.333821 1.00038 0.046562 0.0858561 0.093124 0.0294484 0 
0.0759299 0.0240111 0.0480223 0.0480223 0.0536906 0.0240111 0.0759299 0.0339569 0.0720334 0.0990005 
0.0505964 0.0252982 0.0715542 0.0252982 0.0252982 0.0252982 0.0252982 0.0357771 0.101193 0.0357771 
0.167671 0.0749848 0.0474245 0.0474245 0.0237123 0.0854958 0.0335342 0.106044 0.118561 0.134137 
0 0.0662416 0.0819205 0.102872 0.161461 0.0803297 0.0865177 0.107774 0.0454413 0.10161 
0.122152 0.023956 0.145718 0.122152 0.139686 0.0757554 0.0338788 0.0338788 0.023956 0.023956 
0.0327803 0.0518302 0.10366 0.0518302 0.0927166 0.0327803 0.0655606 0.0231792 0.0231792 0.148419 
0.0831531 0.0262953 0.0262953 0.0371872 0.105181 0.13408 0.0587981 0.111562 0.131477 0.0743744 
0.0219661 0.0219661 0.0491177 0.0621295 0.0491177 0.0982353 0.0439322 0.0219661 0.0491177 0.0219661 
0.0715828 0.075925 0.0565912 0.0357914 0.104349 0 0.113182 0.0565912 0.0357914 0.0357914 
0.0220863 0.0662589 0.0312348 0.069843 0.0441726 0.0220863 0.0493865 0.0493865 0.0312348 0.0220863 
0.0325193 0.0459892 0.189618 0.231093 0.212 0.162596 0.0325193 0.0459892 0.229946 0.206951 
0.146615 0 0.129801 0.0241034 0.107794 0.0538968 0.0340873 0.0340873 0.0538968 0.086906 
0.138835 0.0392686 0.0555341 0.0277671 0.0833012 0 0.0277671 0.0620891 0.0277671 0.100116 
0.105662 0.0472535 0.0597714 0.149429 0.123222 0.0871311 0.0633972 0.0597714 0.0845296 0.0668265 
0.14085 0.0668112 0.0222704 0.0445408 0.0314951 0.0704252 0.113557 0.0497981 0.0918232 0.080297 
0 0.0502321 0.0561612 0.0794239 0.12558 0.112322 0.0561612 0.0753481 0.0753481 0.0905572 
0.0364844 0.057687 0.128992 0.0815817 0.182422 0.057687 0.057687 0 0.0257984 0.0815817 
0.0631383 0.0798643 0.189415 0.0631383 0.0399322 0.0631383 0.0798643 0.0631383 0.0798643 0.116421 
1.31473 0.0593783 0.0296891 0.209934 0.159881 0.0938853 0.0419868 0.190103 0.148446 0.132774 
0.042286 0.042286 0.0598015 0.165132 0.169144 0.0762322 0 0.0472772 0.113859 0.105715 
0.0263067 0.0263067 0.0372033 0.141666 0.083189 0.0526134 0 0.0588235 0.105227 0.0526134 
0.168479 0.120342 0.140342 0.0340379 0 0.0992368 0.122726 0.204228 0.08678 0.0538187 
0.0657063 0.0837595 0.116154 0.0328532 0.0328532 0.0232307 0.0837595 0.0519454 0.0232307 0.0232307 
0.0642285 0.0718097 0.0454164 0.0936284 0.0818757 0.0321143 0.0321143 0.0227082 0.101554 0.0936284 
0.358713 0.0827988 0.0459285 0.102699 0.0688927 0.0324764 0.0726193 0.0513496 0.0459285 0.0726193 
0.122697 0.0388002 0.139896 0.52774 0.504403 0.155201 0.122697 0.35772 0.139896 0.226242 
0.0658486 0.073621 0.0959901 0.0520579 0.046562 0.0329243 0.0520579 0.046562 0.023281 0.0329243 
0.0522664 0.0261332 0.0261332 0.0369579 0.0261332 0.0261332 0 0.0783996 0.0369579 0.0739158 
0.0232166 0.0519139 0.135375 0.926921 0.167417 0.167417 0.0232166 0.0519139 0.125025 0.0837087 
0.148865 0.131579 0.0832178 0.0948829 0.0526316 0.0526316 0.108503 0.148865 0.111648 0.0832178 
0.0424931 0.0475088 0.0950175 0.0424931 0.0637397 0.0901415 0.0901415 0.0950175 0.0300472 0.0637397 
0.0689809 0.0344904 0.0344904 0.124357 0.0731653 0.077123 0.0243884 0.0344904 0.0487769 0.0545342 
0.0685144 0.0722205 0.116452 0.0823441 0.114191 0.133168 0.0456763 0.032298 0.0823441 0.0456763 
0.0321412 0.0321412 0.0642824 0.0321412 0.0227273 0.0508197 0.0321412 0.0227273 0.0718699 0.0227273 
0.0434372 0.0217186 0.0217186 0.0217186 0.0307148 0.0686803 0.0217186 0.0307148 0.0686803 0.0895481 
0.0566048 0.0253144 0.0506289 0.0253144 0.0506289 0.0358 0.0358 0.0253144 0.0566048 0.0253144 
0.0714286 0.0238095 0.0238095 0.0532397 0.0532397 0.0858465 0 0.0238095 0.047619 0.0336718 
0.0242109 0 0.0765615 0.0765615 0.0726326 0.0541372 0.0342393 0.0342393 0 0.0765615 
0 0.024345 0.0688581 0.0486901 0.0877772 0.0344291 0.0344291 0.0769857 0.0486901 0.0344291 
0.0252659 0.0252659 0.0505318 0.0357314 0.0798978 0.0564963 0.0252659 0.0505318 0.0505318 0.0910975 
0.0240894 0.0538655 0.0538655 0.0340675 0.0340675 0.0240894 0.0340675 0.0340675 0.0240894 0.0340675 
0.0201928 0.0451524 0.0638551 0.0285569 0.0638551 0.0285569 0.0285569 0 0 0 
1.23582 0.110432 0.11978 0.113633 0.279629 0.242536 0.113633 0.215936 0.110432 0.228839 
0.084813 0.0743859 0.0525988 0.0235229 0.0665328 0.0525988 0.0969874 0.0997992 0.0743859 0.0743859 
0.0275137 0.123045 0.082541 0.226884 0.0870059 0.0615225 0.0615225 0.0870059 0.0550274 0.0778204 
0.0691663 0.0546807 0.024454 0.164042 0.100826 0.0546807 0.0546807 0.0691663 0.024454 0.0733619 
0.0889988 0.0349082 0.0246838 0.0698164 0.0551947 0.0349082 0.0551947 0.0551947 0.0246838 0.0349082 
0.0246895 0.049379 0.078075 0.078075 0.0349162 0.078075 0.0246895 0.078075 0 0.0349162 
0.0558973 0.0499961 0.0558973 0.0558973 0.0353526 0.0499961 0.0707052 0.024998 0.024998 0.0499961 
0.0950527 0.0448083 0.0224041 0.112021 0.150291 0.100194 0 0.0672124 0.0672124 0.0500972 
0.0536326 0.0339202 0.0339202 0.0536326 0.0959409 0.119926 0.0339202 0.0339202 0.075848 0.107265 
0.0649527 0.0324764 0.16075 0.0649527 0.114821 0.0688927 0.0513496 0.0324764 0.123666 0.0459285 
0.0325085 0.0514005 0.147189 0.022987 0.137922 0.0514005 0.0325085 0.0514005 0.068961 0.022987 
0.984371 0.0248433 0.111103 0.111103 0.159075 0.105401 0.0702674 0.126676 0.0895737 0.0895737 
0 0.0335862 0.075101 0.0335862 0.127892 0.0979197 0.023749 0.0531044 0.075101 0.023749 
0.0224705 0.0317781 0.0926482 0.121007 0.0317781 0.112352 0.0224705 0.0502455 0.0674115 0.044941 
0.0508616 0.0508616 0.0804193 0.056865 0.0762924 0.0254308 0.0254308 0.0508616 0.0508616 0.0254308 
0.0349189 0.0246914 0.0780809 0.0246914 0.0698377 0.0698377 0.0552116 0.0349189 0.0552116 0.0349189 
0.0765615 0 0.0541372 0.0541372 0.0242109 0.0242109 0.0242109 0.0484218 0.0342393 0.0242109 
0.0548739 0.0548739 0.0548739 0.0776034 0.101182 0.122702 0.0347053 0.0245403 0.0776034 0.0548739 
0.0865434 0.0216358 0.0216358 0.0892069 0.116513 0.0967585 0.0432717 0.0780092 0.0432717 0.0216358 
0.0711818 0.0237273 0.0978301 0.0750322 0.0855499 0.106112 0.0474546 0.0530558 0.0855499 0.0671109 
0.0539635 0.0539635 0.068259 0.068259 0.0341295 0.0341295 0.0539635 0.0539635 0.0341295 0.0995037 
0.0246239 0.0550607 0 0.0887827 0.110121 0.0492478 0.0778676 0.0550607 0.0778676 0.0696469 
0.0470556 0.0526097 0.0705834 0.0235278 0.0744014 0.0970075 0.0235278 0.0235278 0.0665466 0.0332733 
0 0.0240337 0.0537409 0.144202 0.0480673 0.0866546 0.0480673 0.0537409 0.0240337 0.101966 
0.0281578 0.0629629 0.0629629 0.0281578 0.116098 0.0281578 0.0281578 0.0398212 0.0281578 0.0563157 
0.0919169 0.030639 0.17332 0.030639 0.196185 0.11047 0.030639 0.0612779 0.11047 0.0685108 
0.02493 0.02493 0.02493 0.02493 0.0352563 0.02493 0.0352563 0.02493 0.0557451 0.0747899 
0 0.0799552 0.0565369 0.0252841 0.0758522 0.0715141 0.0357571 0.0357571 0.0357571 0.0252841 
0.0595439 0.0595439 0.0595439 0.0266288 0.106515 0.0376588 0.0266288 0.0595439 0.0532576 0 
0.0531025 0.0593705 0.112648 0.135385 0.161505 0.142983 0.0375492 0.0375492 0.106205 0.193296 
0.0249513 0.070573 0.0249513 0.0249513 0.0557928 0 0.0557928 0.0249513 0.078903 0.0499026 
0.0764161 0.0241649 0.0483298 0.154731 0.0996344 0.123217 0.0241649 0.0683486 0.102523 0.0996344 
0.0369548 0.0522619 0.0369548 0.16732 0 0.0584306 0.026131 0.0783929 0.0584306 0.152368 
0.0232307 0.0464614 0.0734619 0.0519454 0.167519 0.0957826 0.0957826 0.0957826 0.0696921 0.0957826 
0 0.0327803 0.0927166 0.0518302 0.0463583 0 0.0463583 0.0231792 0.0327803 0 
0.0866053 0 0.112919 0.0612392 0.0987452 0.0612392 0.054774 0.038731 0.0774621 0.0866053 
0.118294 0.0656179 0.0518755 0.0231994 0.0695983 0.0518755 0.073363 0.115997 0.0695983 0.0956537 
0.0248721 0.0556157 0 0.0703489 0.12436 0.0556157 0.0896776 0.888807 0.0746162 0.0351744 
0.0706555 0.0789953 0.0900684 0.049961 0.049961 0.0353277 0.0249805 0.0558581 0.0353277 0.0249805 
0.316581 0.107194 0.183939 0.169489 0.192419 0.159796 0.0798978 0.971999 0.23294 0.23294 
0.784766 0.238967 0.172831 0.0419176 0.148201 0.238967 0.0937306 0.151136 0.444603 0.177841 
0.0730351 0.0344291 0.0344291 0.0486901 0.0769857 0.0344291 0.0544371 0 0.0688581 0.108874 
0.179046 0 0.0743448 0.0235099 0.0743448 0.033248 0.0847661 0.0969338 0.0525697 0.0847661 
0.102029 0 0.094066 0.0322644 0.0721453 0.0645287 0.0645287 0.0912574 0.114072 0.068443 
0.102614 0.0351962 0.0351962 0.102614 0.145118 0.0995499 0.0787011 0.105589 0.0248875 0.049775 
0.0717701 0.0338328 0.0239234 0.0534943 0.128831 0.0239234 0.0956935 0.0986386 0.0478467 0.0338328 
0.06786 0.0239921 0.06786 0.10179 0.107296 0.0719764 0 0.0989221 0.0479843 0.0959685 
0.0850145 0.0283382 0.206305 0.0633661 0.152606 0.144497 0.0400762 0.0283382 0.160305 0.102175 
0.16687 0.0589973 0.149253 0.117995 0.16049 0.0589973 0.0373132 0.142084 0.0527688 0.0263844 
0.129079 0.0566048 0.101258 0.136322 0.151887 0.153982 0.0358 0.104374 0.1074 0.126572 
0.0407189 0.0407189 0.0407189 0.0910503 0.115171 0.0643823 0.0575853 0.0287926 0.118715 0.128765 
0 0.0665328 0.329321 0.309395 0.592292 0.0665328 0.0743859 0.0235229 0.133066 0.0525988 
0.0890517 0.0796503 0.0398252 0.0629691 0.140803 0.0844819 0.0563213 0.0398252 0.0629691 0.0890517 
0.190823 0.067466 0.108786 0.124401 0.326357 0.16248 0 0.108786 0.219653 0.0853385 
0.120352 0.0475732 0.0300879 0.0212754 0.0212754 0.0638262 0.0767095 0.114571 0.0300879 0.0212754 
0 0.0215054 0.0480875 0.0304132 0.0860215 0.0775387 0.0304132 0.0304132 0.0215054 0.0215054 
0.0222099 0 0.0702338 0.0666297 0.0915737 0.0993256 0.0222099 0.0496628 0.0444198 0.0993256 
0.02857 0.040404 0.020202 0.02857 0.10301 0.020202 0.0451731 0.0808081 0.020202 0.0571399 
0.313736 0.0759608 0.0552696 0.0582593 0.222608 0.130272 0.0368464 0.116519 0.092116 0.18238 
0.0706181 0.0446628 0.0446628 0.113868 0.080517 0.0920747 0.0706181 0.0669942 0.0706181 0.0315814 
0.0256812 0.0513623 0.0574248 0.128406 0.0770435 0.0574248 0 0.0363186 0.130949 0.108956 
0.0361167 0.0571056 0.0361167 0.0361167 0.0361167 0.09208 0.0361167 0.0571056 0.0807595 0.0571056 
0.0572598 0 0.0512148 0.0572598 0.0572598 0.0768221 0.0256074 0.0256074 0.0362143 0.0572598 
0.0462003 0.0516536 0 0.0516536 0.0231002 0.0516536 0.0231002 0.0516536 0.0231002 0.0730492 
0.0373587 0.0590693 0.118139 0.217837 0.0528332 0.0590693 0.0835366 0.0590693 0.132083 0.0590693 
0.0208153 0.106137 0.0294372 0.0294372 0.131647 0.0294372 0.0208153 0.0624458 0.0465444 0.0658237 
0.110834 0.0391856 0.123916 0.099904 0.0277084 0.138542 0.0619578 0.0831251 0.123916 0.0619578 
0.0573304 0.0573304 0.0573304 0.0362589 0.0769168 0.0512778 0.0256389 0.0512778 0.0256389 0.0256389 
0.0527688 0.0263844 0.0834348 0.0951303 0.131922 0.0589973 0.0589973 0.0263844 0.0527688 0.134535 
0.0866734 0.0240389 0.0537526 0.101988 0.175006 0.101988 0.0240389 0.0480778 0.0240389 0.0721166 
0.0273332 0.147194 0.07731 0.115965 0.0819997 0.0273332 0.0273332 0.0985513 0.0273332 0.0611189 
0.0252438 0.0564467 0.0357001 0.0564467 0.0357001 0.0252438 0.0504875 0.0252438 0.0357001 0.0357001 
0.0585959 0.0585959 0.094483 0.0585959 0.117192 0.131024 0.0828671 0.0262049 0.094483 0.0585959 
0.0418258 0.0661324 0.132265 0.125477 0.125477 0.0887259 0 0.0467627 0.0467627 0.127208 
0.0319357 0.0225819 0.0504947 0.0504947 0.0225819 0.0225819 0.0225819 0 0.0504947 0.0714104 
0.178212 0.0655122 0.223126 0.0828671 0.0878938 0.0585959 0.0828671 0.0878938 0.0926482 0.120798 
0.0497442 0.0248721 0.0351744 0.0786524 0.12436 0.0497442 0 0.0351744 0.0746162 0.0248721 
0.395687 0.261978 0.0463117 0.0732252 0.0327473 0.0327473 0.511529 0.430724 0.14645 0.0327473 
0.0916164 0 0.0610776 0.110109 0.0682868 0.0431884 0.0610776 0.0610776 0.0431884 0.0431884 
0.054522 0.048766 0.124329 0.124329 0.488269 0.0344828 0.048766 0.048766 0.0689655 0.0879141 
0.0601759 0.0877207 0.0767095 0.0601759 0.14272 0.0638262 0.0425508 0.0877207 0.0951464 0.0638262 
0.0898863 0.0557451 0 0.0352563 0.0898863 0.0557451 0.0557451 0.02493 0.0557451 0.0557451 
0.0400762 0.0566763 0.0850145 0.102175 0.0400762 0.0400762 0.0400762 0.116841 0.0633661 0.0283382 
0.0366569 0.0231838 0.0733137 0.0955894 0.0835905 0.132168 0.132168 0.87271 0.0518406 0.0819672 
0.0915737 0.0800789 0.0496628 0.0496628 0.0444198 0.0222099 0.0496628 0.0222099 0.0222099 0.0314095 
0.779579 0.130179 0.146046 0.19111 0.0540541 0.076444 0.085467 0.199341 0.0704779 0.0540541 
1.01192 0.0514124 0.104102 0.0988936 0.0875521 0.0586191 0.113806 0.109062 0.0514124 0.048774 
0.12848 0.057458 0.0978474 0.074916 0.0406289 0.0655122 0.090849 0.145358 0.0655122 0.0363396 
0.989979 0.0879157 0.0946881 0.0248663 0.0175831 0.0248663 0.0393171 0.111206 0.0393171 0.0175831 
0.0899588 0.0568949 0.11379 0.0539753 0.101777 0.0899588 0.0763325 0.9902 0.0402308 0.0508884 
0.127278 0.0648991 0.0648991 0.0569203 0.0359995 0.0539993 0.0804974 0.14843 0.0569203 0.0402487 
0.149237 0.0996825 0.0185106 0.0785338 0.0763211 0.0555318 0.0585356 0.107934 0.0370212 0.0585356 
0.666478 0.169871 0.056941 0.0360127 0.0900316 0.0720253 0.0763944 0.054019 0.0254648 0.0180063 
1.11959 0.122144 0.34425 0.144327 0.159167 0.138353 0.0903508 0.106112 0.0855499 0.0335554 
0.87073 0.127677 0.102262 0.0876889 0.0175378 0.0744065 0.0632334 0.141394 0.0248022 0.0175378 
1.03448 0.0819748 0.156075 0.0579649 0.262447 0.210996 0.104498 0.0289825 0.104498 0.168995 
0.0219727 0.0491325 0.0491325 0 0.0694838 0.0491325 0.0694838 0.0310741 0.0905958 0.0491325 
0.0245997 0.0550065 0.0983987 0.0550065 0.0550065 0.0886954 0.0550065 0.0347892 0.149634 0.101427 
0.0213821 0.0302389 0.0478119 0.0641464 0.109028 0.109028 0.0770943 0.0676162 0.0641464 0.0956238 
0.0853579 0.0529367 0.0748639 0.0334801 0.0334801 0.0710221 0.0748639 0.0473481 0.11837 0.0473481 
0.176076 0.0503075 0.103712 0.103712 0.125769 0.0795431 0.0795431 0.0562455 0.0355728 0.0251537 
0.0936191 0.0734409 0.0519305 0 0.0936191 0.0734409 0.0519305 0.107058 0.0259653 0.0580601 
0.0481369 0.0538187 0.0538187 0.0538187 0.0240685 0.0538187 0.0538187 0.122726 0.0538187 0.0538187 
0.103712 0.0207424 0.0207424 0.0747877 0.0927627 0.103712 0.0293342 0.0207424 0.0655932 0.177223 
0.0330477 0.0467365 0.0660954 0.0330477 0.0963498 0.0660954 0.052253 0.0233683 0.119155 0.116841 
0.0738717 0.0246239 0.0550607 0.0696469 0.0984956 0.0550607 0.0246239 0.0246239 0.0246239 0.0348234 
0.0349082 0.0551947 0.271522 0.346454 0.395712 0.220779 0.0246838 0.0349082 0.197471 0.132927 
0.101743 0.0551779 0.104693 0.0780334 0.0889717 0.0348976 0.0348976 0.0551779 0.0348976 0.0348976 
0.0265513 0.0839625 0.161505 0.095732 0.185859 0.193296 0.0796538 0.0375492 0.142983 0.154819 
0.0239388 0.0338546 0.0718164 0 0.0338546 0.0239388 0.0338546 0.0863126 0.0677091 0.0535288 
0.038135 0.038135 0 0.038135 0 0.0269655 0.0602968 0.038135 0.0269655 0.0269655 
0.246587 0.167145 1.01792 0.0286652 0.121616 0.143326 0.181295 0.0405387 0.231106 0.0640973 
1.07851 0.127048 0.10044 0.127048 0.193201 0.127048 0.11452 0.0449183 0.0898366 0.134755 
0.0226093 0.0319744 0.115285 0.050556 0.115285 0.0226093 0 0.0452187 0.071497 0.067828 
0.163737 0.040618 0.0837362 0.123535 0.0287213 0.0574426 0.040618 0.130041 0.0609271 0.0732252 
0.073799 0.0550065 0.104368 0.139157 0.0550065 0.0550065 0.0491993 0.0695784 0.073799 0.0347892 
0.0220273 0.0881091 0.0881091 0.0623026 0.0794205 0.158841 0.0492545 0.0492545 0.098509 0.110136 
0.112777 0.0909235 0.0356632 0 0.075653 0.0252177 0.100871 0.103975 0.0356632 0.075653 
0.026259 0.0371359 0.058717 0.026259 0.026259 0.105036 0.026259 0.026259 0.0830383 0.108269 
0.103005 0.0575817 0.0814328 0.185695 0.0928477 0.150155 0.0575817 0.0575817 0.109254 0.201124 
0.115997 0.0328089 0.0695983 0.0956537 0.236589 0.162396 0.073363 0.0231994 0.124933 0.146726 
0.108612 0.0783214 0.0971458 0.0307202 0.0434449 0.0686924 0.0783214 0.0485729 0.0307202 0.089564 
0.0673435 0.0532397 0.0858465 0.0714286 0.173336 0.0952381 0.0858465 0.0714286 0.0673435 0.0673435 
0.0794205 0.0311513 0.0794205 0.0492545 0.0492545 0.0440546 0.0881091 0.0794205 0.0623026 0.0660819 
0.0868744 0.0868744 0.0538772 0.0868744 0.216852 0.034075 0.0868744 0.0868744 0.034075 0.0240946 
0.0513496 0.0513496 0.114821 0.094684 0.094684 0.0229642 0.0229642 0.0229642 0.102699 0.0229642 
0.0512148 0.0256074 0.155764 0.229039 0.380681 0.0512148 0.0256074 0.0572598 0.0768221 0.11452 
0.0900263 0.0249688 0.180053 0.102949 0.124844 0.0900263 0 0.0353112 0.111664 0.0249688 
0.0246613 0.0493226 0.272393 0.125748 0.203362 0.203362 0.0348764 0.0493226 0.0779859 0.0246613 
0.0244668 0.0346012 0.0244668 0.0734003 0.0244668 0.0489336 0.0773707 0.0346012 0.0547094 0 
0.0566048 0.0716 0.0506289 0.0566048 0.11321 0 0.0253144 0.0253144 0 0.0566048 
0.0352563 0.0557451 0.02493 0.0557451 0.0557451 0.02493 0.04986 0.0557451 0.0898863 0.0705126 
0 0.0572598 0.105582 0.0572598 0.0362143 0.0809776 0.0256074 0.149315 0.0572598 0.0256074 
0.130033 0.0641317 0.143403 0.0427545 0.060464 0.047801 0.0881406 0.0213772 0.047801 0.0213772 
0.163332 0.0692959 0.11778 0.0516501 0 0.0230986 0.1033 0.0326664 0.0516501 0.0516501 
0.0626839 0.0626839 0.0560662 0.0792896 0.0280331 0.0626839 0.0840993 0.0840993 0.0280331 0.0626839 
0.0878815 0.03447 0.0770772 0.0487479 0.03447 0.0545018 0.0243739 0.0487479 0.0487479 0 
0.116619 0.10198 0.08 0.0632456 0 0.0632456 0.0632456 0.0894427 0.0282843 0.0565685 
0 0.0380521 0.0538138 0.0970142 0.11094 0.0269069 0.0269069 0.0269069 0 0.0601657 
0.024345 0.0344291 0.0486901 0.0769857 0.0344291 0.0486901 0.0544371 0 0.0486901 0.024345 
0.0243739 0.03447 0.109004 0.12187 0 0.0689399 0 0.03447 0.0545018 0 
0.226122 0.108465 0.0766965 0.0212718 0.0877058 0.0425436 0.0850871 0.106359 0.0475652 0.0766965 
0.127118 0 0.0557451 0.179773 0.145366 0.0747899 0.0557451 0.0557451 0.0557451 0.0788355 
0.0635999 0.0670402 0.0474045 0.0948091 0.0874097 0.0847998 0.0670402 0.106 0.0474045 0.0599625 
0.0635561 0.0224705 0.100491 0.044941 0.0502455 0.044941 0.0224705 0.0317781 0.0317781 0.0317781 
0.0606953 0.0606953 0.0858361 0.135719 0.0271438 0.0271438 0.0542875 0.121391 0.0858361 0.121391 
0.17813 0.0629785 0.162101 0.0995777 0.0497888 0.0314892 0.0704121 0.0314892 0.089065 0.0667987 
0.0434552 0.110789 0.126692 0.0783399 0.132164 0.0217276 0.0651827 0.0307274 0.0971687 0.0485844 
0.0505318 0.126329 0.0252659 0.0798978 0.0564963 0.0357314 0.0757977 0.0357314 0.0505318 0.0357314 
0.038731 0.112919 0.0612392 0.0866053 0.027387 0.038731 0.027387 0.038731 0.027387 0.116193 
0.0789583 0.0499376 0.0353112 0.0749064 0 0.0353112 0.0353112 0.055832 0.111664 0.124844 
0 0.0790508 0.0749941 0.0790508 0.0749941 0.024998 0.0790508 0.0353526 0 0 
0 0.0246895 0.0349162 0.0349162 0.0552073 0.049379 0.0349162 0 0.0552073 0.0246895 
0.0886126 0.0303939 0.0644751 0.0429834 0.0886126 0.0961139 0.0961139 0.0644751 0.0480569 0.0607877 
0.0932223 0.0621482 0.0792238 0.0659181 0.0491325 0.0694838 0.0219727 0.0694838 0 0.0310741 
0.019975 0.0399501 0.0847469 0.0399501 0.0823592 0.0399501 0.0446656 0.0599251 0.019975 0.028249 
0.084813 0.0525988 0.0969874 0.0940916 0.143084 0.171249 0.0665328 1.25644 0.0969874 0.0743859 
0.0259543 0 0.036705 0.0259543 0.0519087 0.0259543 0.0259543 0.0519087 0.036705 0.0935797 
0.0831531 0.0262953 0.0525906 0.0371872 0.0587981 0.0587981 0.0525906 0.0371872 0.0587981 0.0587981 
0.0665153 0.0470334 0.0297466 0.042068 0.0758391 0.063102 0.0470334 0.063102 0.0470334 0.0665153 
0.0513496 0.0459285 0.0513496 0.0688927 0.0324764 0.0649527 0.0827988 0.0324764 0.0513496 0.094684 
0.127227 0.0557928 0.223171 0.134367 0.157806 0.078903 0.0352865 0.0249513 0.0748539 0.078903 
0.0364844 0.0257984 0.115374 0.0257984 0.0930174 0.0729689 0.0515968 0.057687 0.0930174 0.109453 
0.0213821 0.0770943 0.0427642 0.0213821 0.149675 0.0881607 0.0604778 0.0213821 0.0770943 0.0676162 
0.0265162 0.0265162 0.0265162 0.0592921 0.109329 0.0374996 0.0374996 0 0.0749993 0.0956057 
0.0513903 0.0325021 0.0325021 0.0325021 0.0828643 0 0.0229824 0.0513903 0.0513903 0.0459649 
0.0357914 0.0253083 0.0253083 0.0253083 0.0506167 0.0253083 0.0253083 0.0253083 0.0253083 0.0357914 
0.0561379 0.0396955 0.0887619 0.0561379 0.0396955 0.0561379 0.0561379 0.0561379 0.0561379 0.0396955 
0.0285714 0 0.0285714 0.0808122 0.103016 0.0571429 0.0404061 0.0285714 0.142857 0.103016 
0.033782 0.0238875 0.0675641 0.033782 0.0984907 0.101346 0 0.0534141 0.0238875 0.0534141 
0.0252982 0.0252982 0.0565685 0.0252982 0.0565685 0.0715542 0.08 0 0.0715542 0.0357771 
0.0514039 0.0325107 0.0514039 0.0689655 0.0325107 0.0325107 0.0229885 0.0229885 0.0325107 0.0514039 
0.0959901 0.0329243 0.0839409 0.0329243 0.023281 0.0329243 0.046562 0.046562 0.0658486 0.0329243 
0.044842 0.0501349 0.0317081 0.0317081 0.0317081 0.0672631 0.0501349 0.0501349 0.0709015 0.0501349 
0.0889176 0.0493226 0.0493226 0.0986452 0.0697527 0.0779859 0.0246613 0.0493226 0.0348764 0.0779859 
0.039998 0.019999 0.126485 0.0894383 0.0721074 0.0447191 0 0.0447191 0 0 
0 0.092518 0.115648 0.124556 0.0953654 0.115648 0.092518 0.0231295 0.0231295 0.0833946 
0.77519 0.0494998 0.150548 0.148499 0.298028 0.21001 0.0494998 0.0350016 0.123749 0.110685 
0.0697899 0.0348949 0.104685 0 0.088965 0.088965 0.0246744 0.0246744 0.0493489 0.0740233 
0.0304484 0.0215303 0.0645909 0.0861211 0.0776285 0.0962864 0.0430606 0.0913453 0.0215303 0.0481432 
0.226289 0.0647864 0.0409745 0.0409745 0.11946 0.0916217 0.0289733 0.0916217 0.11946 0.0409745 
0.078266 0.0217071 0.0434142 0.0306985 0.108535 0.110685 0.0485385 0.0434142 0.0895006 0.108535 
0.0506597 0.0506597 0.0934119 0.0506597 0 0.0453114 0.0934119 0.0716436 0.0226557 0.0506597 
0.120642 0.0896109 0.050094 0.050094 0.143447 0.0672082 0.0316822 0.0633645 0.0224027 0.0923688 
0.135941 0.0480625 0.0214942 0.0480625 0.730803 0.0679706 0.0214942 0.0644826 0.0480625 0.0679706 
0.942322 0.0860007 0.0659596 0.0860007 0.106357 0.0417165 0.112325 0.0860007 0.0860007 0.0466405 
0.0479119 0.0958238 0.0479119 0.129007 0.0535672 0.0479119 0.0677577 0.023956 0.023956 0.11978 
0.0243019 0.0729056 0.034368 0.0876216 0.0543406 0.0543406 0.0543406 0.0486037 0.034368 0.0243019 
0.0466811 0.0417528 0.0417528 0.0860757 0.0933622 0.0466811 0.0295237 0.0933622 0.0417528 0.0295237 
0.0951034 0.0475517 0.120297 0.0475517 0.0425315 0.108435 0.0212658 0.0300743 0.0425315 0 
0.073149 0.024383 0.048766 0.073149 0.0344828 0.0344828 0.0344828 0 0.048766 0.0771058 
0.0458199 0.0724476 0.0229099 0.0512282 0.0458199 0.123374 0.082603 0.0971987 0.0647991 0.0647991 
0.0551444 0.0246613 0.0246613 0.0551444 0.0348764 0.0551444 0.0551444 0.0697527 0.101681 0.0551444 
0.050702 0.0226746 0.101404 0.050702 0.115618 0.050702 0.0226746 0.0320668 0.050702 0.0320668 
0.0843931 0.0667186 0.123023 0.0843931 0.233038 0.179025 0.0843931 0.0421965 0.0843931 0.152142 
0.0799459 0 0.0313574 0.0313574 0.110865 0.0940721 0.0313574 0.022173 0.113061 0.0313574 
0.0697627 0.0232542 0.0232542 0.0657729 0.0657729 0.0519981 0.0232542 0.0697627 0.0838444 0.0465085 
0 0.0320092 0.101222 0.160046 0.101222 0.0452679 0.0452679 0.050611 0.0715748 0.050611 
0.150568 0 0.193908 0.0525806 0.189582 0.231594 0.0705443 0.0525806 0.166275 0.20091 
0.04918 0.0439879 0.04918 0.0659819 0.04918 0.133784 0.0439879 0.0311042 0.04918 0.0793004 
1.07399 1.17302 0.163934 0.131148 0.249697 0.373828 0.0463677 0.0733137 0.362143 0.39887 
0.0910975 0.0611101 0.10185 0.0455488 0.10185 0.0576151 0.0644157 0.04074 0.0288076 0.0611101 
0.0222167 0.0222167 0.0628384 0.091602 0.0888669 0.0628384 0.0496781 0.0496781 0.0496781 0.0702555 
0.0216118 0.0779226 0.0483255 0 0.0305637 0.0891079 0.0683426 0.0683426 0.0683426 0.0432237 
0.0432717 0.0483792 0.0305977 0 0.0684186 0.0892069 0.0483792 0.0305977 0.116513 0.0432717 
0.080918 0.0723752 0.051177 0.163846 0.291754 0.218628 0.080918 0.137798 0.114435 0.130476 
0.0449183 0.0449183 0.0449183 0.0673775 0.231231 0.143809 0.0952861 0.031762 0.163505 0.0710221 
0.0951034 0.0300743 0.392121 0.364011 0.489575 0.472177 0.0300743 0.087681 0.0850631 0.0672483 
0.061473 0.0485987 0.137458 0.175225 0.372026 0.021734 0.061473 0.0485987 0.0307365 0.021734 
0.0741555 0.0331633 0.0741555 0.0331633 0.119572 0.02345 0.02345 0.02345 0.0966869 0.02345 
0.100556 0.0344904 0.0975537 0 0.0975537 0.077123 0.0344904 0.154246 0.077123 0.0545342 
0.112246 0.0809419 0.050198 0.031748 0.0952441 0.0952441 0.112246 0.793383 0.0809419 0 
0.125332 0.0214942 0.107471 0.0886228 0.11575 0.0214942 0.0214942 0.096125 0.12159 0.0886228 
0.0386875 0.0986343 0 0.0611704 0.0547124 0.0273562 0.112793 0.0773751 0.086508 0.0386875 
0.0801184 0.0666625 0.0444417 0.0496873 0.0801184 0.0496873 0.0993747 0.0702685 0.0222208 0.031425 
0.023749 0.023749 0.075101 0.047498 0.023749 0.047498 0.0335862 0.023749 0.023749 0.0335862 
0.031396 0 0.0496414 0.031396 0.0915342 0.0222003 0.0222003 0.031396 0.0915342 0.0915342 
0.0355728 0.0251537 0.0355728 0.0795431 0.14667 0.0251537 0.0355728 0.0795431 0.0503075 0.0906931 
0.107134 0.0535672 0.174402 0.0535672 0.153393 0.107134 0.0863744 0.0677577 0.122152 0.023956 
0.83342 0.0613572 0.178885 0.0970142 0.0306786 0 0.0685994 0.0613572 0.0867722 0.122714 
0.0677761 0.11296 0.101035 0.0505173 0.022592 0.022592 0.0714422 0.0505173 0.022592 0.0505173 
0.0830455 0 0.0325731 0.0230327 0.161229 0.0830455 0.0230327 0.0728357 0.0977193 0.0515026 
0.940571 0.0245403 0.101182 0.0884814 0.125132 0.101182 0.0490807 0.125132 0.0347053 0.0694106 
0.0953654 0.115648 0.115648 0.0693885 0.0517191 0.0654201 0.0981302 0.046259 0.0231295 0.0231295 
0.0503075 0.0503075 0.0503075 0.0906931 0.0251537 0.0503075 0.0795431 0.0906931 0.0355728 0.0355728 
0.0724947 0.0341743 0.120824 0.0871277 0.130132 0.0966595 0.0241649 0.0540343 0.0483298 0.0540343 
0.0724405 0.0809909 0.0512232 0.0809909 0.0512232 0.0362202 0.0256116 0.0362202 0.0512232 0.0512232 
0 0.0507771 0.0642285 0.113541 0.113541 0.0454164 0.0507771 0.132411 0.0507771 0.0908329 
0.0222003 0 0.0222003 0.0444006 0.031396 0.0222003 0.031396 0 0.0222003 0.031396 
0.0307365 0.078363 0.0971974 0.043468 0.0922095 0.0687289 0.061473 0.021734 0.0307365 0.0307365 
0.0903508 0.0903508 0 0.258725 0.153862 0.0404061 0.0808122 0.0903508 0.0808122 0.0903508 
0.0321537 0.0227361 0.177574 0.0909443 0.159153 0.0909443 0.0321537 0.0508394 0.0508394 0.0454722 
0.112331 0.025118 0.579894 0.429951 0.553167 0.604922 0.025118 0.128077 0.527478 0.477242 
0 0.0885949 0.125292 0.101312 0.149464 0 0.0549442 0.0982872 0.0694996 0.0245718 
0.0234888 0.0469776 0.0332182 0.0332182 0.0469776 0.0469776 0.0332182 0.0742781 0.0525226 0.0742781 
0.0245718 0.0347498 0.0694996 0.0694996 0.0777029 0.0347498 0.0549442 0.0549442 0.0245718 0 
0.0519087 0 0.0259543 0 0.0734099 0.0734099 0 0.0820748 0.036705 0.107012 
0.0517347 0.0517347 0.0932661 0.0517347 0.0578412 0.036582 0.0517347 0.0578412 0.129337 0.115682 
0.0182864 0.0932427 0.0517217 0.0408896 0.0659325 0.0365728 0.0517217 0.0408896 0.0182864 0.0258609 
0.0835057 0.0933622 0.132034 0.0590474 0.0295237 0.0295237 0.0295237 0.0933622 0.0295237 0 
0.0293042 0.0207212 0.0828849 0.0207212 0.0747114 0.0926681 0.0463341 0.0854358 0.103606 0.0586085 
0.353251 0.0292353 0.252339 0.0877058 0.231125 0.149071 0.0413449 0.0413449 0.2036 0.0745356 
0.0447633 0.067145 0.130506 0.170454 0.0707771 0.0223817 0.0895267 0.0223817 0.0316525 0.0316525 
0.128037 0.130573 0.0923287 0.0512148 0.0923287 0.0512148 0.0256074 0.0362143 0.0809776 0.11452 
0.0535672 0.023956 0.0479119 0.0958238 0.0479119 0.11978 0.023956 0.0535672 0.023956 0.0757554 
0.0507305 0.0253653 0.080212 0.0358719 0.0358719 0.0253653 0.0253653 0.0507305 0.0253653 0.0507305 
0.0929228 0.105948 0.0415563 0.0657063 0.0293848 0.0749168 0.0623345 0.0415563 0.0749168 0.0881543 
0 0.0253429 0.113337 0.239084 0.107521 0.136476 0.0253429 0.154155 0.170005 0.126714 
0.031893 0.071315 0.0676553 0.0504273 0.137177 0.159465 0.0504273 0.0225518 0.207917 0.204215 
0.0545382 0.0731707 0.175881 0.131345 0.269399 0.121951 0.100564 0.068986 0.163615 0.0879403 
0.0237273 0.0237273 0.167777 0.118636 0.0711818 0.0474546 0.0237273 0.0750322 0.100666 0.118636 
0.0681499 0.034075 0.0722839 0.0963785 0.170375 0.034075 0.0681499 0.0681499 0 0 
0 0.0371007 0.0742014 0.0262342 0.0945886 0.0586614 0.0524683 0.0829597 0.0742014 0.0586614 
0.0344087 0.0769401 0.121653 0.0243306 0.100318 0.100318 0.0486612 0.0973224 0.0729918 0.0769401 
0 0.0659301 0.0694964 0.0219767 0.0439534 0.0659301 0.0792381 0.0491414 0.0219767 0.0310797 
0.0249824 0.134535 0.0249824 0.0249824 0.103005 0.134535 0.127386 0.103005 0.158003 0.0499649 
0.0620174 0.05547 0.0392232 0.11094 0.138675 0.0877058 0.05547 0.0392232 0.0620174 0.138675 
0.0648068 0.0409874 0.0819748 0.0409874 0.208996 0.0579649 0.0289825 0.0289825 0.0409874 0.119498 
0.0289825 0.0869474 0 0.285444 0.298393 0.0409874 0.0579649 0.0648068 0.119498 0.104498 
0.0890429 0.0629629 0.116098 0.116098 0.0398212 0.0796424 0.0398212 0.0796424 0.101525 0.119464 
0.093124 0.0329243 0.200271 0.0520579 0.046562 0.0839409 0.0658486 0.0329243 0.116405 0.046562 
0.0480181 0.0429487 0.0607387 0.0214744 0.0303693 0.0214744 0.0303693 0.0644231 0.0214744 0.0303693 
0.0594964 0.0266076 0.0266076 0.0376288 0.0376288 0.0266076 0.0266076 0.0266076 0.0266076 0.0532152 
0.0884532 0.0221133 0.0699284 0.0911754 0.139857 0.0312729 0.0938187 0.0988936 0.0221133 0.0663399 
0.0547094 0.0244668 0.0346012 0.0882162 0.148826 0.0244668 0.0244668 0.0692025 0.0773707 0.0773707 
0.0321081 0.0227038 0 0 0.0321081 0 0.0507673 0.0642161 0.0227038 0.0454077 
0.024345 0 0.0688581 0.0544371 0.024345 0.024345 0 0.0344291 0.0769857 0.0769857 
0 0.0235702 0.0707107 0.0666667 0.0745356 0.0235702 0 0.0471405 0.0745356 0.0471405 
0.0479119 0.0338788 0.0338788 0.023956 0.0535672 0.0479119 0.0718679 0.107134 0.023956 0.0535672 
0.179633 0.0780274 0.0246744 0.0551737 0.0780274 0.0551737 0.123372 0.0551737 0.0551737 0.0551737 
0.120769 0.0853968 0.108019 0.0270048 0.0853968 0.114572 0.0853968 0.135024 0.170794 0.111344 
0.111511 0.0446044 0.0919544 0.135659 0.0919544 0.113719 0.0223022 0.111511 0.156115 0.0498693 
0.0734966 0 0.0657374 0.0657374 0.10394 0.11851 0.05197 0.0232417 0.0328687 0.0837991 
0.131559 0.0310087 0.18081 0.0980581 0.18081 0.138675 0.0620174 0.127852 0.155043 0.0438529 
0.0724702 0.0572927 0.0362351 0.0256221 0.130647 0.105643 0.0362351 0.0768662 0.0256221 0 
0.053846 0.053846 0.0481613 0.0340552 0.0681104 0.0761497 0.0681104 0.0340552 0.0340552 0.0240807 
0.0664659 0.0221553 0.093997 0.134765 0.247704 0.0990816 0.0443106 0.0626647 0.0700612 0.0495408 
0.094145 0.0665706 0.0842059 0.0470725 0.0470725 0.0297713 0.105257 0.0759021 0.0665706 0.0470725 
0.0843799 0.0800498 0.0843799 0.0266833 0.0843799 0.0266833 0.0266833 0.0533666 0.0843799 0.0754717 
0.0226557 0.0226557 0.0716436 0.0506597 0.0226557 0.0506597 0.03204 0.0716436 0.03204 0.03204 
0.0537837 0.0867235 0.102047 0.0240528 0.0962111 0.102047 0.0240528 0.0962111 0.0481056 0.0481056 
0.101613 0.0508066 0.0936828 0.0321329 0.0681642 0.0936828 0.0908856 0.0963987 0.0508066 0.0718514 
0.0741198 0.0331474 0.0331474 0.0966405 0.119515 0.0662948 0.0331474 0.0524106 0 0.0845096 
0.0493677 0.0740515 0.0349082 0.316107 0.0987353 0.110389 0.0349082 0.0493677 0.104725 0.0780571 
0.0465822 0.0208322 0.0416644 0.104161 0.126717 0.0858934 0.0294612 0.104161 0.0208322 0.0751116 
0.0520968 0.0840035 0.116492 0.0329489 0.104194 0.149182 0.0658978 0.0232984 0.147352 0.0988467 
0.0665328 0.0525988 0.0665328 0.0743859 0.0525988 0 0.0525988 0.084813 0 0.0235229 
0.0634162 0.0501349 0.0317081 0.0709015 0.0501349 0.044842 0.0317081 0.022421 0.022421 0.0808401 
0.0490261 0.0219251 0.138667 0.0490261 0.0790522 0.0620136 0.0490261 0.0438503 0.0930205 0.0219251 
0.0496751 0.0222154 0.0993501 0.0496751 0.0444307 0.0444307 0 0.0702512 0.0222154 0.0314173 
0.0744323 0.0588439 0.108503 0.0832178 0.0588439 0.0526316 0.0588439 0.0588439 0.0263158 0.0372161 
0.0542127 0.0874153 0.0242447 0.0542127 0.072734 0.0342871 0.0999633 0.0766683 0.0685742 0.0242447 
0.0249824 0.0499649 0.103005 0.0499649 0.0790014 0.0353305 0.0558624 0.0558624 0 0.0249824 
0.0787771 0.0830383 0.052518 0.0946783 0.058717 0.0742717 0.0830383 0.225889 0.052518 0.0830383 
0.048835 0.048835 0.124505 0.0732525 0.0545992 0.0880385 0.124505 0.09767 0.122087 0.0244175 
0.0273973 0.0547945 0.0987822 0.0612621 0.122524 0.122524 0.0866377 0.0774911 0.109589 0.0273973 
0.0407189 0.0407189 0.0643823 0.146814 0.0910503 0.0575853 0.0910503 0.0814379 0.0407189 0.0863779 
0 0.0279549 0.100793 0.0442006 0.375575 0 0.0593014 0.0197671 0.0559099 0.0395343 
0.0294229 0.0588458 0.104026 0.0208051 0.117692 0.0857818 0.0416103 0.104026 0.0930434 0.121314 
0.0527046 0.0471405 0.0971825 0.0666667 0.0849837 0.12693 0.0527046 0.141421 0.0527046 0.117851 
0.0219767 0.0439534 0.186478 0.128145 0.109883 0.0694964 0.0491414 0.0219767 0.0982828 0.0694964 
0.0850871 0.0601657 0.190261 0.0269069 0.0807207 0.0970142 0.0850871 0.0601657 0.0538138 0.0269069 
0.0501058 0.05602 0.0792242 0.0903295 0.237673 0.0354302 0.0792242 0.0250529 0.0792242 0 
0.0551779 0.0246763 0.0246763 0.0697952 0.110356 0.0780334 0.0493526 0.0246763 0.0551779 0.0348976 
0.0349162 0.0890192 0.0552073 0.0246895 0.049379 0 0.110415 0.0246895 0.0246895 0.0552073 
0.158114 0.0559017 0.0353553 0.0790569 0.0559017 0.0901388 0.05 0.0559017 0.0353553 0.0559017 
0.155546 0.031425 0.031425 0.0702685 0.0496873 0.142283 0.0628501 0.0496873 0.0801184 0.0496873 
0.0233683 0.104506 0.0467365 0.0233683 0.163578 0.0467365 0.093473 0.0467365 0.0842554 0.0738969 
0.09208 0.0361167 0.0571056 0.163525 0.0722335 0.205897 0.0571056 0.5896 0.137528 0.194495 
0.124329 0.195064 0.024383 0.0344828 0.054522 0.0344828 0.024383 0.154212 0 0.054522 
0.0354302 0.0792242 0.05602 0.0354302 0.0792242 0.05602 0.10629 0.103296 0.0708603 0.0792242 
0.0333333 0.0333333 0.0527046 0.0745356 0.0471405 0.0666667 0.0333333 0.0235702 0.0527046 0.0471405 
0.0465822 0.0589224 0.0858934 0.0465822 0.0658772 0.0589224 0 0.0208322 0.0624966 0.0465822 
0.0206175 0.0291575 0.105129 0.0291575 0.0874725 0.058315 0.0651981 0.0412349 0.0651981 0 
0.0681115 0.0642161 0.115767 0.0642161 0.0818598 0.0642161 0.0454077 0.0227038 0.0321081 0.0507673 
0.0459649 0.0325021 0.0459649 0.0459649 0.0229824 0.0726768 0.0513903 0.0513903 0.0459649 0.0229824 
0.0340552 0.072242 0.0340552 0.053846 0.0340552 0.053846 0.0240807 0.0681104 0.053846 0.0761497 
0.0557451 0.02493 0.04986 0.0898863 0.134252 0.0352563 0.0705126 0.0747899 0.02493 0.0788355 
0.0898863 0.02493 0.0557451 0.0898863 0.0352563 0.0705126 0.04986 0.02493 0.02493 0.0705126 
0.0240946 0.0240946 0.034075 0.122859 0.0538772 0.034075 0 0.0963785 0.0681499 0.0481893 
0.0806216 0.0254948 0.0570081 0.0570081 0.127474 0.0806216 0.0570081 0.0570081 0.0509896 0.0360551 
0.0253144 0.0759433 0.0253144 0.0358 0.0566048 0.0358 0.0716 0.0358 0.0253144 0.104374 
0.0347892 0.0245997 0.0886954 0.0983987 0.0347892 0.077791 0.0347892 0 0.0347892 0.077791 
0.0507673 0.0321081 0.0227038 0.0507673 0.122264 0.0507673 0.0507673 0.0507673 0.0642161 0.0321081 
0.0525498 0.0743166 0.0587524 0.0830885 0.0947354 0.0525498 0.0587524 0.0262749 0.0587524 0.0587524 
0.0253165 0.0566093 0.0506329 0.0716057 0.0912798 0.0506329 0.0506329 0.113219 0.0716057 0.0506329 
0.0502321 0.100464 0 0.128067 0.0753481 0.112322 0.0502321 0.0794239 0.0355194 0.0710389 
0.0504875 0.0357001 0.0564467 0.0757313 0.128718 0.0504875 0.0357001 0.0357001 0.0504875 0 
0.0556243 0.0556243 0.111249 0.111249 0.0556243 0.12438 0.0556243 0.0556243 0.12438 0.12438 
0.025835 0.0931493 0.0577687 0.0577687 0.0577687 0.0730723 0.0816973 0.0516699 0.0577687 0.0365362 
0.0551266 0.0275633 0.0389804 0.0779607 0.0871627 0.0551266 0 0.0275633 0.0826898 0.0275633 
0.039998 0.0447191 0.119994 0.107698 0.0447191 0.0447191 0.0632424 0.0565657 0.107698 0.0848486 
0.0983296 0.0674535 0.0238484 0.106653 0.152704 0.0983296 0.0859867 0.0337268 0.0859867 0.0674535 
0.0752923 0.0752923 0.0532397 0.047619 0.0752923 0.0238095 0.0752923 0.134687 0.047619 0.0673435 
0 0.0612564 0.0273947 0.0273947 0.0273947 0.0866296 0.0612564 0.0387419 0.0547894 0.0547894 
0.046494 0.0294054 0.0207928 0.0415855 0.103964 0.0588108 0.0657525 0.0749694 0.046494 0.0857308 
0.0901106 0.0901106 0.0558842 0.103045 0.0790322 0.0558842 0.103045 0.111768 0.0790322 0.0749766 
0.0651827 0.0485844 0.0651827 0.0217276 0.0307274 0.0614549 0.0485844 0.0869103 0.0434552 0.0485844 
0.0835877 0.118211 0.112145 0.0792982 0.0528655 0.0591054 0.0591054 0.0835877 0.132164 0.0792982 
0.0491444 0.021978 0.0792429 0.0695006 0.0792429 0.0659341 0.0310816 0.021978 0.0659341 0.021978 
0.0328687 0.0464834 0.0837991 0.0328687 0.0734966 0.05197 0.069725 0.0464834 0.0657374 0.0328687 
0.0208051 0.0416103 0.0624154 0.0857818 0.0857818 0.0588458 0.0294229 0.0588458 0.0416103 0.0657916 
0.121375 0.024275 0.100088 0.06866 0.10299 0.06866 0.0542805 0.0542805 0.0542805 0.024275 
0.0667079 0.0497211 0.113382 0.0497211 0.0994422 0.0314464 0.0801729 0.0314464 0.0703163 0.11118 
0.0889988 0 0.0551947 0.0349082 0.0551947 0.0493677 0.0740515 0.0246838 0.0246838 0.0246838 
0.0243884 0.0243884 0.0545342 0.0545342 0.0243884 0.0344904 0.0344904 0.0243884 0.0689809 0.0689809 
0.0246838 0.0551947 0.0889988 0.0889988 0.125863 0.0551947 0.0740515 0.0246838 0.0740515 0.0551947 
0.0527046 0.0471405 0.0849837 0 0.143372 0.0971825 0.0849837 0.0333333 0.0235702 0.0971825 
0.159617 0.0532058 0.118972 0.0951774 0.277487 0.128137 0.0475887 0.168251 0.0752444 0.0752444 
0.111803 0.025 0.0790569 0.0790569 0.025 0.0353553 0.025 0.0353553 0.111803 0.1 
0.0531795 0.0672673 0.0531795 0.134535 0.0531795 0.0713477 0.0475652 0.0237826 0.0857493 0.0475652 
0.0710983 0.0635923 0.0635923 0.0674498 0.13676 0.114643 0.0710983 0.0317961 0.112416 0.0810646 
0.049379 0.0698324 0.0740684 0.0698324 0.0987579 0.110415 0.0552073 0.0552073 0.143963 0.0552073 
0.0521818 0.158705 0.058341 0.0521818 0.058341 0.0782727 0.156545 0.0825067 0.0368981 0.058341 
0.0808966 0.0539311 0.0269655 0.0762701 0.0762701 0.157235 0.038135 0.038135 0.111182 0.0972257 
0.0214744 0.0214744 0.0303693 0.0429487 0.0480181 0.0644231 0.0303693 0.0214744 0.107372 0.0429487 
0.0328532 0.0232307 0.0519454 0.0657063 0.0519454 0.0985595 0.0232307 0.118454 0.0929228 0 
0.0252841 0.0357571 0 0.0357571 0 0.0799552 0.0799552 0.0252841 0.0565369 0.0565369 
0.0513733 0.0229749 0.165674 0.0229749 0.0947277 0.0513733 0.0459497 0.0229749 0 0.0324913 
0.0551737 0.0551737 0.0740233 0.104685 0.0246744 0.0246744 0.0348949 0.088965 0.110347 0.0246744 
0.0229824 0.0325021 0.0828643 0.0726768 0.0975062 0.0828643 0.0513903 0.0229824 0.0325021 0.0229824 
0.0743243 0.0705102 0.0525552 0.0235034 0.0743243 0.0525552 0.0743243 0.0705102 0.0332388 0.0847427 
0.0740233 0.0290343 0.0290343 0.119712 0.0649227 0.0290343 0 0.0459073 0.0290343 0.0740233 
0.119969 0.0470556 0.0470556 0.0744014 0.0332733 0.0470556 0.0526097 0.0332733 0.0332733 0.0744014 
0.0378066 0 0.0267333 0.0963882 0.169076 0.0597774 0.0267333 0.0801999 0.0845381 0.0597774 
0.073342 0.103721 0.110013 0.163998 0.155582 0.0819989 0.036671 0.057982 0.0819989 0.073342 
0.0866546 0.101966 0.0760011 0.0866546 0.0990934 0.0990934 0.0240337 0.0339887 0.0866546 0.0480673 
0 0.138822 0.0555288 0.138822 0.223844 0.0620831 0.100106 0.0877987 0.0392648 0.0877987 
0 0 0 0.0531044 0.047498 0.071247 0.0531044 0.0335862 0.0531044 0.0856283 
0.0497981 0.0314951 0.0445408 0.0222704 0.0222704 0.0497981 0.0497981 0.14085 0.0222704 0.0629902 
0.104349 0.0565912 0.0253083 0.075925 0.0506167 0.0253083 0.0253083 0.0565912 0.0357914 0.0357914 
0.0770943 0.0689553 0.0545139 0.0487587 0.172388 0.0243794 0.0879011 0.0344776 0.0770943 0.0731381 
0.0355728 0.0251537 0.100615 0.112491 0.0251537 0.0906931 0.0503075 0.0355728 0.0795431 0.0251537 
0.0916217 0.0409745 0.0647864 0.0647864 0.0289733 0.0579467 0.0647864 0 0.0579467 0.0647864 
0.0249922 0.0499844 0.103045 0.0499844 0.0790322 0.0790322 0.0558842 0.371536 0.0353443 0.0499844 
0.0549442 0.0694996 0.0777029 0.0347498 0.0347498 0.0777029 0.0347498 0.0549442 0 0.0549442 
0.0732252 0.0463117 0.0463117 0 0.0231558 0.0694675 0.051778 0.0327473 0.051778 0.0327473 
0.151899 0 0.0566093 0.0358029 0.0358029 0.0253165 0 0.0800577 0.0716057 0.0253165 
0.0348261 0.0246258 0.0778735 0.0696522 0.0348261 0.0550649 0.0492515 0 0.0778735 0.0246258 
0.0810774 0 0.0725178 0.130733 0.108777 0.0725178 0.0256389 0.114661 0.0924424 0.13807 
0.0840357 0.057648 0.118844 0.0455748 0.101908 0.0455748 0.0407633 0.0911495 0.057648 0.0911495 
0.125233 0.0626163 0.132829 0.0560057 0.159641 0 0.0442764 0.039602 0.0626163 0.0280029 
0.0240528 0 0.170079 0.0991722 0.140251 0.107567 0.0340158 0 0.175107 0.0481056 
0.0340675 0.0340675 0.0240894 0.154247 0.0538655 0.102203 0.0340675 0.0481788 0.0722682 0.222093 
0.158477 0.144315 0.0494998 0.1262 0.150548 0.0247499 0.089237 0.0742497 0.105005 0.0742497 
0.070661 0.0353305 0.151962 0.0249824 0.111725 0.111725 0.0900755 0.0353305 0.105992 0.0353305 
0.0677577 0.023956 0.0535672 0.0535672 0.0535672 0.023956 0.0535672 0.0479119 0.023956 0.0479119 
0.040953 0 0.0647524 0.0647524 0.0868744 0.0868744 0.0289581 0.0579163 0.0647524 0.0915737 
1.15894 0.183198 0.175562 0.159193 0.210999 0.133447 0.130856 0.0785136 0.148047 0.183198 
0.0255885 0.0572176 0.102354 0.14475 0.080918 0.0255885 0.0255885 0.0255885 0.0361876 0.080918 
0.0971171 0.0307111 0.0434321 0.122845 0.153556 0.137344 0.0434321 0.126625 0.0307111 0.122845 
0.0563884 0.0797452 0.0797452 0.0356632 0.0563884 0.0356632 0.075653 0.0504353 0.0797452 0.0563884 
0.0987915 0.0387492 0.0547997 0.0612679 0.109599 0 0 0.0612679 0.0387492 0.0774984 
0.128209 0.0238078 0.0714235 0.0238078 0.0476157 0.0238078 0.0952313 0.0532359 0.0238078 0.0858404 
0.0228381 0.0228381 0.20427 0.0722205 0.133168 0.0722205 0.032298 0.0510676 0.0510676 0.122987 
0.0683426 0.0611275 0.0611275 0.0483255 0.0305637 0.0216118 0.0483255 0.0432237 0.0483255 0.0483255 
0.0983296 0.0983296 0.0238484 0.0533267 0.0754153 0.0533267 0.0674535 0.0476968 0.0238484 0.0238484 
0.0988876 0.0663358 0.062542 0.031271 0.0221119 0.031271 0.0494438 0.0494438 0.031271 0.0442239 
0 0.0246744 0.0493489 0.0780274 0.0348949 0.0348949 0.0493489 0.0493489 0.123372 0.0986978 
0.0537454 0.0421614 0.155626 1.27019 0.282827 0.217039 0.166657 1.27621 0.0149063 0.31621 
0.0479843 0.0479843 0.0758698 0.0239921 0.053648 0.107296 0.053648 0.107296 0.03393 0.06786 
0.0497519 0.0248759 0.0556243 0.0497519 0.0497519 0.0351799 0.0703598 0.102566 0.10554 0.0896914 
1.33744 0.110347 0.314054 0.143875 0.156055 0.0780274 0.110347 0.17793 0.125815 0.143875 
0.0366834 0.025939 0.132264 0.0778171 0.0733667 0.0778171 0.0820265 0.0778171 0.139686 0.0580015 
0 0 0.024345 0.024345 0.0544371 0.0344291 0.0486901 0.0544371 0.024345 0.0344291 
0.0353443 0.0353443 0 0.0749766 0.0558842 0.0558842 0.0558842 0.0790322 0.0353443 0.134587 
0.0718282 0.0454282 0.0936525 0.122319 0.0681422 0.0908563 0.0718282 0.145441 0.0818968 0.0454282 
0.109004 0.0731218 0.0487479 0.0689399 0.0545018 0.03447 0.0731218 0.100496 0 0.0243739 
0.113813 0.0321911 0.183518 0.0820716 0.173355 0.0820716 0.0682877 0.132727 0.0910503 0.0227626 
0.0568696 0.148298 0.0359675 0.0568696 0.104862 0.0568696 0.104862 0.101731 0.0359675 0.0916995 
0.0257984 0.0257984 0.057687 0.0729689 0.0815817 0.0729689 0.0257984 0.0729689 0.0257984 0.0515968 
0.0545018 0.0243739 0.0243739 0.154154 0.0545018 0.0770772 0 0.0731218 0.03447 0 
0 0.0212658 0.0601487 0.0672483 0.17145 0.106329 0.0425315 0.0850631 0.0766748 0.0850631 
0.0335554 0.0750322 0.0949091 0.0335554 0.0671109 0.0237273 0 0.0335554 0.0978301 0.0530558 
0.0581238 0.0581238 0.0937218 0.0581238 0.0821995 0.0735215 0.0581238 0.0821995 0.0735215 0.0821995 
0.089237 0.0350016 0.0700033 0.166027 0.110685 0.089237 0.102046 0.1262 0.0553425 0.1262 
0.0454077 0.0642161 0.0642161 0.0507673 0.0454077 0.0454077 0.0454077 0.0507673 0.0227038 0.0321081 
0 0.0669762 0.0763646 0.0211797 0.0763646 0 0.0299527 0.0423595 0.0473593 0.0763646 
0.167881 0.0515642 0.218768 0.0691806 0.0461204 0.0950797 0 0.0326121 0.0652241 0.0950797 
0.0552073 0.0246895 0.101797 0.078075 0.0246895 0.0246895 0 0 0.0246895 0.0552073 
0.697142 0.0584206 0.210639 0.0942004 0.107722 0.110845 0.0584206 0.0826192 0.0826192 0.130632 
0.811407 0.106869 0.0518389 0.115915 0.165965 0.132164 0.0579576 0 0.0518389 0.0579576 
0.0707052 0.0790508 0.024998 0 0.0499961 0.0353526 0.0499961 0.024998 0.0749941 0.106058 
0.0573716 0.0573716 0.114743 0.0641434 0.118275 0.143429 0.0907125 0.453563 0.167266 0.103428 
0.0551266 0.0616334 0.140546 0.0275633 0.0993808 0.0616334 0.0616334 0.0275633 0.0871627 0.0389804 
0.0238484 0.0754153 0.0674535 0.145064 0.0476968 0 0 0.0337268 0.0337268 0.0238484 
0.0877649 0.0392497 0.0392497 0.114431 0.100067 0.124118 0.0877649 0 0.0784993 0.0784993 
0.669737 0.116941 0.0942809 0.107814 0.116941 0.14792 0.116941 0.273002 0.0584705 0.116941 
0.0760286 0.0253429 0.184499 0.0566684 0.091375 0.0801412 0.0358402 0.0358402 0.104491 0.0566684 
0.0889717 0.0493526 0.123382 0.123382 0.165534 0.143886 0 0.0697952 0.074029 0.0551779 
0.0547894 0.0387419 0.0866296 0.122513 0.147525 0.0387419 0.0866296 0.0387419 0.0387419 0.0612564 
0.102114 0.0538187 0.0538187 0.0240685 0 0.0340379 0.0481369 0.0340379 0.0481369 0.0962738 
0 0.0253083 0.0357914 0.0253083 0.0357914 0.075925 0.0506167 0 0.075925 0.0506167 
1.05483 0.0766152 0.130221 0.0807595 0.2182 0.0766152 0.0255384 0.0361167 0.0722335 0.102154 
0.0502797 0.0251398 0.177765 0.090643 0.0355531 0.090643 0.125699 0.135382 0.128189 0.0562144 
1.0614 0.0742218 0.516895 0.33193 0.422478 0.399697 0.0524828 0.0524828 0.066386 0.0524828 
0.222582 0.165647 0.0617331 0.195217 0.0617331 0.0780869 0.138039 0.123466 0.0276079 0.0390434 
0.0503537 0.0900755 0.0811929 0.0503537 0.0503537 0.0503537 0.0318465 0.0955395 0.0318465 0 
0.023471 0 0.023471 0 0.023471 0 0.0524828 0.023471 0.0524828 0.0742218 
0.0259653 0.0259653 0.0580601 0.0821094 0.0259653 0.0821094 0.0259653 0.0519305 0.0259653 0 
0.0887619 0.0396955 0.112276 0 0.140345 0.0887619 0.101204 0.179729 0.112276 0.0561379 
0.0439322 0.0310647 0.10983 0.0694629 0.0439322 0.0439322 0.0219661 0.0694629 0.0439322 0.0658983 
0.225523 0 0.078756 0.102685 0.167067 0.15149 0 0.0352208 0.0747145 0.105662 
0.0657596 0.0328798 0.0232495 0.0328798 0.0328798 0.0464991 0.0328798 0.0232495 0.0328798 0.0464991 
0.0333867 0.052789 0.052789 0 0.023608 0.023608 0.052789 0.023608 0.11804 0.023608 
0.0932392 0.0439534 0.0659301 0.0694964 0.0792381 0.0491414 0 0 0.0219767 0.0439534 
0.0507902 0.0718282 0.0507902 0.136284 0.215485 0.0507902 0.0321226 0.0507902 0.0507902 0.0227141 
0.230189 0.0632377 0.0499938 0 0.0447158 0.0707018 0.0316188 0.0223579 0.0499938 0.0499938 
0.0742781 0.0525226 0.148556 0.157568 0.058722 0.0946864 0.0742781 0.0525226 0.0525226 0.0830455 
0.04918 0 0.0659819 0.021994 0.0311042 0.0311042 0.021994 0.0439879 0.0439879 0.021994 
0.112352 0.0224705 0.0502455 0.0710579 0.121007 0.142116 0.0317781 0.044941 0.0502455 0.0224705 
0 0.0212754 0.0475732 0.0300879 0.0212754 0.0212754 0.0300879 0.0475732 0.0767095 0.0300879 
0.0558908 0.0279454 0 0 0.118562 0 0.0558908 0.0279454 0.0279454 0.0790415 
0.0609711 0.0272671 0.0609711 0.0862261 0.0862261 0.0862261 0.0272671 0.0545342 0.0385615 0.077123 
0.0338546 0.0338546 0.172625 0.0863126 0.0863126 0.0338546 0.0338546 0 0.0987022 0.0478776 
0.0266288 0.0595439 0.0376588 0.0595439 0.0266288 0.0376588 0.0798865 0.0376588 0.0532576 0.0842077 
0.0397386 0.0280994 0.125664 0.0888582 0 0.0280994 0 0.112398 0.0397386 0.0561988 
0.0366556 0.0777583 0.0366556 0.0819645 0.115915 0.0579576 0.0579576 0.0579576 0.0777583 0.0366556 
0.0643823 0.0479877 0.0214608 0.0303501 0.0773779 0.0303501 0.109429 0.0773779 0.0214608 0.0429215 
0.0225518 0.0451035 0.0929833 0.031893 0.0225518 0.0504273 0.0813116 0.0813116 0.071315 0.063786 
0.0582371 0.0939044 0.0781332 0.116474 0.130222 0.0823596 0.0260444 0.151864 0.0368324 0.0582371 
0.0743294 0.0371647 0.0371647 0.0262794 0.0743294 0.0525588 0 0.0831028 0.0788382 0.131397 
0.0784163 0.0495948 0.126442 0.0247974 0.0495948 0.0350688 0.123987 0.0247974 0.0701377 0.0350688 
0.0224492 0.031748 0.0224492 0.0224492 0.0224492 0.0224492 0.050198 0.0709908 0.0634961 0.0448985 
0.0265162 0.0530325 0.0265162 0.0530325 0.109329 0.0592921 0.0265162 0 0.0265162 0.0795487 
0.589336 0.0624695 0.100729 0.249878 0.197546 0.178885 0.111749 0.0558744 0.218197 0.203386 
0.186814 0.115857 0.260356 0.132097 0.0518128 0.0579284 0.0819232 0.0518128 0.181345 0.109911 
0.0588388 0.052627 0.052627 0 0.0588388 0.0372129 0.0832106 0.0372129 0.0588388 0.0588388 
0.123916 0.0325418 0.417056 0.386755 0.349351 0.466212 0.146438 0.162709 0.221308 0.117331 
0.170666 0.0370228 0.316864 0.1126 0.427368 0.111068 0.0585381 0.0996868 0.0667437 0.182316 
0 0.046942 0.126395 0.0742218 0.033193 0.0846259 0.023471 0.093884 0.126395 0.066386 
0 0.105769 0.0705126 0.04986 0.134252 0.0557451 0.0705126 0.105769 0.04986 0 
0.136328 0.0287406 0.0287406 0.0642658 0.427259 0.285242 0.0406453 0.0454428 0.0454428 0.0609679 
0.0475887 0 0.0752444 0.0673006 0.0857918 0.138744 0.0336503 0.0237944 0.0713831 0.0532058 
0.0364269 0.0364269 0.0728538 0.162906 0.103031 0.0728538 0.057596 0.081453 0.057596 0.057596 
0.0392799 0.0555502 0.062107 0.0392799 0.1111 0.0555502 0.194426 0.124214 0 0.0555502 
0.141871 0.0729918 0.2093 0.100318 0.23082 0.19616 0.0344087 0.0243306 0.200635 0.0688174 
0.0212718 0 0.0300828 0.0425436 0.0425436 0.0877058 0.0300828 0.0425436 0.106359 0.0475652 
0.0243739 0.0487479 0.0545018 0.03447 0.0243739 0.0689399 0.0770772 0.03447 0.0878815 0.0545018 
0.0631383 0.0282363 0.141182 0.0631383 0.0282363 0.0282363 0.0892911 0.0564726 0.0564726 0.0631383 
0.0363636 0 0.114992 0.057496 0.0363636 0.106017 0.057496 0.057496 0.0363636 0.0363636 
0.047309 0.047309 0.0946179 0.0423144 0.0762834 0.0762834 0.0211572 0.0846288 0.105786 0.141927 
0.0613572 0 0.0867722 0.0782154 0.0685994 0.110613 0 0.0485071 0.0306786 0.122714 
0.0332733 0.0235278 0.0235278 0.0235278 0.0332733 0.0705834 0.0470556 0.0744014 0.0744014 0.0470556 
0.0438255 0.0391987 0.0587981 0.087651 0.0783975 0.0979968 0.0706665 0.0277177 0.0438255 0.0391987 
0.546821 0.706209 0.475047 0.180893 0.244546 0.237524 0.150223 0.0671818 0.262353 0.255821 
0.020937 0.0296093 0.0592187 0.020937 0.0468165 0.0296093 0.0418739 0.020937 0.0468165 0.0863253 
0.164924 0.04 0.396989 0.205913 1.00439 0.266833 0.0282843 0.10198 0.189737 0.10198 
0.0551396 0.0389896 0.123296 0.118582 0.118582 0.110279 0.0194948 0.0435917 0 0.130775 
0.0441403 0.0711741 0.0441403 0.0711741 0.0441403 0.0558336 0 0.0441403 0 0.0441403 
0.0623147 0.0394113 0.0881262 0.0440631 0.111472 0.0623147 0.0440631 0.0710497 0.0197056 0.0440631 
0.0485071 0.0485071 0.165209 0.0685994 0.0782154 0.0485071 0.0613572 0.0782154 0.0782154 0.021693 
0.0217907 0.0487254 0.0689082 0.111111 0.0689082 0.065372 0.0217907 0.0689082 0.0974509 0.0217907 
0 0.0379526 0 0.0848647 0.0379526 0.0600084 0.0268366 0.0805097 0.11065 0.0848647 
0.045634 0 0.0288615 0.057723 0.0408163 0.045634 0.045634 0.0288615 0.0204082 0 
0.0774671 0.0607702 0.088587 0.0644565 0.0644565 0.0480431 0.107428 0.0607702 0.0960861 0 
0.022934 0.0826898 0.0725238 0.0512821 0.133727 0.0512821 0.0324336 0 0 0.022934 
0.168071 0.101908 0.0203817 0.0734871 0.101908 0.0644524 0.101908 0.18791 0.0455748 0 
0.0689041 0.0730838 0.0689041 0.0487226 0.034452 0.0243613 0.034452 0.0243613 0.0544735 0.0243613 
0.0841919 0.089299 0.021048 0.0595326 0.0420959 0.021048 0.0595326 0.0665595 0.0297663 0.0470647 
0.0521818 0.0737962 0.0660053 0.0737962 0.116682 0.0841406 0.0933457 0.116682 0.0841406 0.0521818 
0.0604245 0.122516 0.0604245 0.100707 0.080566 0.0201415 0.162386 0.102702 0.0726212 0.0830455 
0.112938 0.0225877 0.131708 0.0677631 0.151523 0.0931315 0.0451754 0.0903508 0.0638877 0.0677631 
0.0819391 0.0321391 0.0681774 0.0454516 0.0454516 0.0321391 0.0819391 0.0508164 0.0454516 0.0642783 
0.0375492 0.0593705 0.0265513 0.0375492 0.0839625 0.0375492 0.0375492 0.0375492 0.0265513 0.0375492 
0.0335201 0 0.0237023 0.0474046 0.0529999 0.0335201 0.0237023 0.0474046 0.0474046 0.10056 
0.0551067 0.0246444 0 0.0985778 0.0246444 0.0551067 0 0.0492889 0.123222 0.143701 
0.156079 0.0624314 0.0936472 0.0882914 0.243803 0.128706 0.0312157 0.128706 0.227254 0.0882914 
0.0896274 0.0434757 0.0486073 0 0.0652135 0.0486073 0.030742 0.0614839 0.0614839 0.0486073 
0.0444444 0.0888889 0.0222222 0.0628539 0.0444444 0.0496904 0.0222222 0.0222222 0 0.0222222 
1.39503 0.0943858 0.0844213 0.0943858 0.174039 0.277597 0.0870194 1.45014 0.141579 0.0760963 
0.170872 0.0569572 0.129882 0.101888 0.105024 0.0764161 0.137171 0.185439 0.144092 0.0569572 
0.216462 0.0664859 0.0840988 0.134624 0.0758056 0.0210247 0.0470126 0.0758056 0.0297334 0.0210247 
0.0375757 0.0168043 0.0168043 0.0237649 0.0375757 0.0336087 0.0336087 0.171371 0.0692861 0.100826 
0.0263135 0.0263135 0 0.0263135 0.0588388 0.0832106 0.0588388 0.920597 0.052627 0.0263135 
0.126506 0.0701727 0.0877159 0.267785 0.183156 0.124049 0 0.0248098 0.0744294 0.126506 
1.10476 0.0370212 0.0413909 0.170659 0.0413909 0.118526 0.0585356 1.15317 0.0943858 0.0763211 
0.0678141 0.0678141 0.0428894 0.07732 0.0214447 0.0479518 0.0303274 0.0857789 0.0428894 0.07732 
0.107527 0.0215054 0.0480875 0.096175 0.0480875 0.068006 0.0430108 0 0.0775387 0.068006 
0.0896572 0.0896572 0.0633972 0.123222 0.0472535 0.0298857 0.0472535 0.113801 0.0668265 0.0472535 
0.398761 0.122478 0.147483 0.302499 0.122478 0.082161 0.139647 0.139647 0.175362 0.136935 
0.0537409 0.0866546 0.0990934 0.107482 0.380006 0.120168 0.0240337 0.0480673 0.0679775 0.0240337 
0.110761 0.07832 0.102117 0.0892986 0.0892986 0.0553806 0.024767 0.0743009 0.144415 0.0553806 
1.20171 0.111576 0.264399 0.0978583 0.0875271 0.175054 0.111576 0.198148 0.157792 0.280224 
0.0360727 0.0510144 0.0255072 0.0255072 0.0360727 0.0360727 0.0255072 0.0570359 0.0570359 0.114072 
0.130993 0.0690394 0.0926261 0.0926261 0.111323 0.0690394 0.0308754 0.111323 0.0926261 0.0976365 
0.0786646 0 0.151314 0.0556243 0.102566 0.0786646 0 0.0497519 0.12438 0.0896914 
0.0392686 0.0555341 0.0555341 0.114487 0.0555341 0.0555341 0.0277671 0.0277671 0.100116 0.138835 
0.0637836 0.0637836 0.0855747 0.0285249 0.0637836 0.0285249 0.0637836 0.117611 0.0806806 0.0403403 
0.0493865 0.0493865 0.110432 0.0910642 0.154604 0.187409 0.160791 0.98995 0.069843 0.160791 
0.0463241 0.0655122 0.11581 0.131024 0.168622 0.0517919 0.0463241 0.0732448 0.0327561 0.0327561 
0.0688581 0.0544371 0.153971 0.121725 0 0.0486901 0.0769857 0.108874 0.0544371 0.0344291 
0.0332733 0.0235278 0.0235278 0.0235278 0.0970075 0.0235278 0 0 0.0526097 0.0332733 
0.0961555 0.0760176 0.203977 0.101988 0.0679922 0.0480778 0.0537526 0.0240389 0.120194 0.0866734 
0.0531456 0.0237675 0.0336123 0.0531456 0.0713024 0.0672245 0 0.0336123 0.0237675 0.0237675 
0.0490969 0.0219568 0.0490969 0.0490969 0 0.0658705 0.0310516 0.0219568 0.0310516 0.0439136 
0.0249513 0.0249513 0.0249513 0.078903 0.0249513 0.0748539 0.0499026 0.0352865 0.111586 0.0499026 
0.149526 0.0528655 0.0373815 0.0835877 0.0835877 0.0373815 0.0264327 0.0373815 0.0835877 0.0953046 
0.0224705 0.044941 0.0810185 0 0.0224705 0.044941 0.0502455 0.0502455 0.112352 0.0224705 
0.05547 0.124035 0.0744208 0.0248069 0.0701646 0.0744208 0.0784465 0.0248069 0.0248069 0.0744208 
0.0448985 0.0448985 0.031748 0.031748 0.0809419 0.0709908 0.050198 0.0634961 0.050198 0.0673477 
0.0889988 0.0349082 0.0349082 0.0246838 0.0246838 0.0551947 0 0.0246838 0.0987353 0.0246838 
0.0344828 0.0771058 0.100534 0 0.103448 0.0689655 0.100534 0.100534 0.124329 0.024383 
0.0493827 0.0780809 0.0246914 0.0349189 0.0349189 0.0246914 0.104757 0.0552116 0.0552116 0.0246914 
0.189504 0.0587626 0.131397 0 0.0831028 0.0831028 0.0831028 0.0525588 0.0587626 0.0262794 
0.068736 0.0543406 0.0243019 0.0486037 0.0486037 0.0972074 0.0729056 0.0768492 0.034368 0 
0.0256221 0.0923817 0.0572927 0.0810241 0.0512442 0.0810241 0.114585 0.0256221 0.0362351 0.0512442 
0.143361 0.0506857 0.0566684 0.0358402 0.0566684 0.0253429 0.0253429 0.0358402 0.0253429 0.0253429 
0.0334801 0.0334801 0.167401 0.0669603 0.0853579 0.0748639 0.0334801 0.133921 0.0748639 0.0529367 
0.0517347 0.036582 0.46633 0.442778 0.599989 0.49216 0.036582 0.0817998 0.103469 0.0932661 
0.0336694 0.0532359 0.0673387 0.075287 0.0476157 0.0858404 0.0532359 0.0238078 0.0238078 0.0858404 
0.0718282 0.11357 0.0642451 0.0718282 0.0321226 0.0507902 0.0718282 0.0818968 0.0321226 0.0507902 
0.0856948 0.118837 0.0336123 0.0237675 0.118837 0.17139 0.121191 0 0.0979957 0.0950698 
0.0255885 0.105504 0.051177 0.051177 0.0922607 0.0572176 0.105504 0.0723752 0.051177 0.080918 
0.020165 0.020165 0.0450904 0.100825 0.162576 0.127535 0.0570353 0.0831425 0.157494 0.0855529 
0 0.0689041 0 0.0487226 0.123259 0.0974451 0.0308148 0.0653682 0.0653682 0.0435788 
0.0778272 0.0215854 0.0482664 0.0305263 0.194268 0.0215854 0.0215854 0.0778272 0.0482664 0.0215854 
0.0930247 0.0451236 0.0813478 0.112809 0.0713467 0.0451236 0.0451236 0.0813478 0.0225618 0.0319072 
0.098773 0.0612564 0.0387419 0 0.0612564 0.0387419 0.0612564 0.0273947 0.0774839 0.0273947 
0.393351 0.0786702 0.0218192 0.0487892 0.0786702 0.0218192 0.0654576 0.201163 0.0786702 0.109096 
0.036705 0.0734099 0.107012 0.239287 0.183525 0.183525 0.0259543 0.0519087 0.103817 0.107012 
0.0300285 0.0212334 0.0474793 0.13596 0.0875475 0.106167 0.0671459 0.0300285 0.0765581 0.0212334 
0.097429 0.0827988 0.0324764 0.0513496 0.0827988 0.0324764 0.0459285 0.0649527 0.0649527 0.0688927 
0.0186883 0.0264293 0.467582 0.467582 0.580543 0.450074 0.0528586 0.0373766 0.0373766 0.0417884 
0.0582902 0.0206087 0.0618261 0.0412174 0.0460825 0.0412174 0.0460825 0.0651704 0.0291451 0.0460825 
0.115515 0.0396214 0.0560332 0.0280166 0.20203 0.0792429 0.0280166 0.0885962 0.118864 0.101015 
0.0490703 0.0438898 0.0310348 0.0490703 0.0490703 0.0490703 0.0219449 0.0791235 0.0658348 0.0693959 
0.0774621 0.038731 0 0.054774 0.122478 0.193655 0.038731 0.027387 0.173211 0.0774621 
0.0508066 0.0642658 0.0454428 0.0508066 0.0454428 0.0321329 0.0642658 0.0819232 0.113607 0.0936828 
0.0689245 0.0689245 0.0324913 0.0229749 0.0726529 0.0513733 0.0689245 0.0324913 0.0513733 0.082837 
0.0527046 0.0235702 0.0471405 0.105409 0.0707107 0.0471405 0.0527046 0.0527046 0.117851 0.0849837 
0.022188 0.0496139 0.022188 0.11094 0.0627572 0.0496139 0.0701646 0.0701646 0.113137 0.044376 
0.0449325 0.0317721 0.0673987 0.050236 0.0224662 0.0317721 0.0673987 0.0224662 0.0224662 0.0224662 
0.0739333 0.0246444 0.0348525 0.069705 0.110213 0.0888568 0.0348525 0.069705 0.0348525 0 
0.0447633 0.0447633 0.0633049 0.0316525 0.0707771 0.0806983 0.0316525 0.0447633 0.0447633 0.0500469 
0.0594931 0.063102 0.0297466 0.0297466 0.0470334 0.0470334 0.0665153 0.042068 0.0594931 0.021034 
1.01104 0.132756 0.135385 0.0265513 0.142983 0.207372 0.0531025 0.0593705 0.154819 0.218947 
0.15871 0.100377 0.0709773 0.0709773 0.271204 0.193079 0.04489 0.0709773 0.323707 0.287436 
0.0453983 0.0732026 0.0642029 0.0453983 0 0.0203027 0.0453983 0.0406055 0.0287124 0.0574248 
0.0538187 0.0340379 0.0340379 0 0.0340379 0 0.0240685 0.0538187 0.0538187 0.0722054 
0.0648119 0.0229145 0.0512383 0.0724619 0.0648119 0.0458289 0.0229145 0.0229145 0.114572 0.0648119 
0 0.0321226 0.0507902 0.0718282 0.0936525 0.0321226 0.0321226 0.0681422 0.0321226 0.0507902 
0.0688021 0.0512821 0.0512821 0.0826898 0.0324336 0.0512821 0.0826898 0.0458681 0.022934 0.0324336 
0 0.0544735 0.0730838 0 0.0770371 0.0544735 0.0487226 0.034452 0.0487226 0.0544735 
0.0342569 0.0342569 0.0484466 0.121117 0.0968932 0.0685138 0 0.0484466 0.0484466 0.0342569 
0.070661 0.0558624 0.0499649 0.0558624 0.174877 0.0749473 0.0499649 0.0558624 0.181875 0.103005 
0.052253 0.0330477 0 0.0233683 0.0738969 0.0991431 0.0467365 0.052253 0.0738969 0.0233683 
0 0.033193 0.0846259 0.0524828 0.0524828 0.0846259 0.033193 0.0524828 0.0524828 0.0846259 
0.111701 0.0270914 0.0856706 0.0541828 0.223402 0.0976795 0.0270914 0.0270914 0.121157 0.0541828 
0.0779859 0.0779859 0.0246613 0.0348764 0.101681 0.0246613 0.0551444 0.0697527 0.0493226 0.0348764 
0.0714235 0.0673387 0.0476157 0.0532359 0.121397 0.0238078 0.0532359 0.0714235 0.0336694 0.0532359 
0.0981692 0.0752923 0.0238095 0.0238095 0.121405 0.0714286 0.0714286 0.0532397 0.0981692 0.0714286 
0.0650325 0 0.084792 0.0616952 0.0411302 0.0290834 0.0205651 0.0290834 0.0205651 0.0290834 
0.0818124 0.0907627 0.253689 0.143508 0.215263 0.0717542 0.0962684 0.068072 0.0907627 0.0641789 
0.032038 0 0.0506565 0.0506565 0.0816811 0.0716391 0.0453085 0.032038 0.0453085 0.0716391 
0.0243794 0.0689553 0.0545139 0.109028 0.0545139 0 0.100519 0.0770943 0.0879011 0.0879011 
0.0217276 0.0869103 0.0485844 0.0307274 0.0614549 0 0.0217276 0.0895851 0.0217276 0.0485844 
0.0621595 0.0219767 0.0310797 0.0219767 0.0310797 0.0219767 0.0219767 0.0792381 0.0694964 0.0694964 
0.0522994 0.0330771 0.0992312 0.070167 0.0964354 0.046778 0.046778 0.0522994 0.0330771 0.046778 
0.0233364 0.0330027 0.0841406 0.104364 0.104364 0.0933457 0.0233364 0.0466728 0.0521818 0.0737962 
1.26545 0.0476056 0.0638696 0.0877803 0.0877803 0.0476056 0.0476056 0.0952111 0.0673244 0.0425797 
0.0547094 0.0244668 0.0547094 0.0244668 0.0489336 0.0773707 0.0489336 0.0547094 0.0346012 0.0244668 
0.019574 0.0437688 0.019574 0.0830455 0.117444 0.0998082 0.0830455 0.0998082 0.0553637 0.0875376 
0.102113 0.0379236 0.119925 0.0423999 0.0948091 0.0268161 0.0423999 0.0966867 0.0189618 0.0379236 
0.132789 0.0469478 0.104979 0.0469478 0.0296924 0.0469478 0.0419914 0.104979 0.0469478 0.0663943 
0.0214744 0.0214744 0.0644231 0.107372 0.144054 0.0644231 0 0.0303693 0.0480181 0.0607387 
0.0227258 0.0227258 0.0321391 0.0227258 0.0454516 0.0718653 0.0321391 0.0321391 0.0508164 0.0819391 
0.0219449 0.0219449 0.0438898 0.0438898 0.133486 0.0438898 0.0219449 0.0438898 0.124139 0.0931044 
0.0383131 0.0541828 0.249771 0.0856706 0.223402 0.171341 0.0541828 0.0856706 0.121157 0.0976795 
0 0.0306985 0.0686439 0.205932 0.153492 0.0217071 0.0434142 0.0686439 0.078266 0.132039 
0.0496781 0.0314192 0.0942576 0.0314192 0.125677 0.0888669 0.0444335 0.0314192 0.0888669 0.119641 
0.138793 0.0673244 0.0238028 0.075271 0.191904 0.119014 0.0532246 0.0532246 0.075271 0.0476056 
0.069725 0.0232417 0.116208 0.0328687 0.0328687 0.0328687 0.0232417 0.0328687 0.0657374 0.131475 
0.0359066 0.0567733 0.0359066 0.0567733 0.0915442 0.0507796 0.0761694 0.0915442 0.0567733 0.113547 
0.0882687 0.0465217 0.0208051 0.0465217 0.0624154 0.0657916 0.0208051 0.0657916 0.0857818 0.0832205 
0.369704 0.0660819 0.0753449 0.0626908 0.112533 0.104485 0.0467269 0.0417938 0.0753449 0.0660819 
0.0874353 0.0291451 0.0412174 0.0824348 0.0460825 0.0291451 0.0206087 0.0460825 0.0460825 0.0291451 
0.129707 0.0640578 0.0405137 0.0640578 0.264117 0.0572951 0.0286475 0.0286475 0.123218 0.0607706 
0.418803 0.0865768 0.0193592 0.0432884 0.0698005 0.027378 0.027378 0.0612191 0.0987128 0.0193592 
0.0699241 0.0494438 0.031271 0.0221119 0.279696 0.0494438 0.0494438 0.0797257 0.031271 0.0221119 
0.0528655 0.0835877 0.134781 0.0528655 0.192433 0.190609 0.0528655 0.0591054 0.0953046 0.0373815 
0.0503537 0.0318465 0.0225189 0.0503537 0.159232 0.0503537 0.063693 0.0225189 0.0712109 0.0450377 
0.146298 0.0344828 0.048766 0.024383 0.024383 0.054522 0.054522 0.109044 0.103448 0.024383 
0.0327803 0.0231792 0.0983408 0.0518302 0.0518302 0.0463583 0.0231792 0.0327803 0.0835736 0.0463583 
0.0759433 0.0358 0.11321 0.0716 0.0253144 0 0.0566048 0 0.0759433 0.0566048 
0.0683187 0.0322057 0.0644115 0 0.0821089 0.0683187 0.0227729 0.0720142 0.0227729 0.0227729 
0 0.0297581 0.0758685 0.0665411 0.0470517 0.0665411 0.0297581 0.086759 0.0841686 0.0297581 
0.0762834 0.047309 0.0762834 0.0299208 0.0423144 0.0299208 0.0872334 0.0211572 0.0598416 0.066905 
0.0517919 0.0517919 0.0517919 0.11581 0.0463241 0 0.0231621 0.0517919 0.0517919 0.0463241 
0.123307 0.123307 0.0551444 0 0.198826 0.198826 0.0986452 0.0889176 0.123307 0.155972 
0.127118 0.102789 0.0352563 0.0557451 0.02493 0.11149 0 0.02493 0.0352563 0.02493 
0.0336622 0.075271 0.0238028 0.0714083 0.0476056 0.0238028 0 0.0336622 0.0858221 0.0532246 
0.0372161 0.0372161 0.0948829 0.0372161 0.0588439 0.0372161 0.0372161 0.0263158 0.0588439 0.0263158 
0.0642783 0.0227258 0.152449 0.0819391 0.0937009 0.0964174 0.0321391 0.0508164 0.115879 0.0508164 
0.0340158 0 0.0680315 0.0240528 0.0240528 0.0760616 0.0240528 0.0340158 0.0240528 0.0680315 
0.0953342 0.0502455 0.0810185 0.0710579 0.0317781 0.0502455 0.044941 0.114577 0.0317781 0.0317781 
0.0493234 0.0220581 0 0.0795315 0.0220581 0.0795315 0.0220581 0.0493234 0.0493234 0.0220581 
0.0588235 0 0.0372033 0.0372033 0.0372033 0.0263067 0.0588235 0.0372033 0.0372033 0.0526134 
0.11725 0.0663267 0.0741555 0.0331633 0.0331633 0.0741555 0 0.0524359 0.0741555 0.0331633 
0.022987 0.022987 0.299714 0.275844 0.668206 0.0325085 0 0.022987 0.022987 0.0514005 
0.0226965 0.0717727 0.241267 0.045393 0.132342 0.122224 0.045393 0.0320977 0.0680896 0.0717727 
0.0714104 0.0225819 0.115146 0.0931077 0.0931077 0.0451639 0.100989 0.0931077 0.0319357 0.0225819 
0.0470068 0.0525552 0.0470068 0.0525552 0.0743243 0.0525552 0.0235034 0.0525552 0.10511 0.0332388 
0.0572176 0.0572176 0.051177 0.0255885 0.051177 0.051177 0.0572176 0.130476 0.051177 0 
0.0591054 0.0591054 0.0835877 0.0528655 0.0264327 0.0264327 0.0373815 0.0264327 0.0264327 0.0264327 
0.0238028 0.0238028 0.0952111 0.0858221 0.134649 0.0981414 0 0.0238028 0.0532246 0.0532246 
0.0499649 0.0558624 0.103005 0.0249824 0.0900755 0.070661 0.0353305 0.0353305 0.0558624 0.0249824 
0.0497981 0.0222704 0.0445408 0.0497981 0.111352 0.0314951 0.0497981 0.0704252 0.0704252 0.0497981 
0.0796424 0.0563157 0.0281578 0.0629629 0.0281578 0.0629629 0.0796424 0.0890429 0.0398212 0.0281578 
0.0508066 0.0321329 0 0.0321329 0.0227214 0.0321329 0.0321329 0.0227214 0.0227214 0.0227214 
0.165521 0.0851599 0.0897665 0.0283866 0.144744 0 0.0567733 0.0897665 0.0802896 0.0283866 
0.0520086 0.0328931 0.116295 0.139554 0.118598 0.116295 0 0.0838614 0.0838614 0.125253 
0.080517 0.0569341 0.018978 0.0569341 0.0848723 0.018978 0.018978 0.0848723 0 0.026839 
0.0291575 0.0412349 0.120219 0.103087 0.103087 0.085008 0.058315 0.120219 0.0412349 0.0291575 
0.0851138 0.0527853 0.0527853 0.105571 0.0973313 0 0.0236063 0.0851138 0.0333844 0.0527853 
0.0530558 0.0671109 0.0855499 0.120986 0.0711818 0.0335554 0.0335554 0 0.0335554 0.0530558 
0.0256116 0 0.171808 0.105599 0.0724405 0.0572692 0.0572692 0.0362202 0.0923438 0.0256116 
0.0842974 0.037699 0.192228 0.135926 0.133286 0.0961139 0.0596073 0 0.0961139 0.0799716 
0.0493677 0.0349082 0.148103 0.0889988 0.271522 0.0493677 0.0246838 0.0349082 0.0349082 0.0349082 
0.463253 0.526701 0.526701 0.097065 0.260854 0.298298 0.0457569 0.0915138 0.640596 0.405407 
0.0742014 0.0586614 0.0829597 0.0586614 0.131171 0.108166 0.0262342 0.0524683 0.0829597 0 
0.0325085 0.0325085 0.0514005 0.0514005 0.0514005 0.068961 0.0726912 0.022987 0.022987 0.0325085 
0.0868335 0 0.113217 0.307003 0.184202 0.33179 0.122801 0.705973 0.282709 0.253161 
0.195295 0.147345 0.10833 0.0242233 0.0242233 0.0873384 0.0726699 0.054165 0.123515 0.0998752 
0.0719292 0.056865 0.0719292 0.0508616 0.0359646 0.0804193 0.0508616 0.056865 0 0.0719292 
0.0955296 0.0238824 0.0984697 0.0534027 0.0755228 0.0755228 0.0755228 0.0861092 0.101324 0.0238824 
0.0742781 0.0525226 0.126491 0.183453 0.148556 0.136962 0.0664364 0.0332182 0.0968468 0.105045 
0.0524106 0.119515 0.104821 0.140633 0.0966405 0.117194 0.0468775 0.0741198 0.0234388 0.126222 
0.0667734 0.052789 0.052789 0.0333867 0.179793 0.0944319 0.023608 0.0667734 0.0333867 0.11804 
0.0493677 0.0493677 0.125863 0.0551947 0.0246838 0.0493677 0.0551947 0.0551947 0.0551947 0.110389 
0.0312634 0.0442131 0.0312634 0.141551 0.0911476 0.0988634 0.0494317 0.156317 0.0442131 0.0221065 
0.0604287 0.0270246 0.076437 0.0604287 0.137799 0.108098 0.0604287 0.0540491 0.0604287 0.0382185 
0 0.0256326 0.0724999 0.0256326 0.0724999 0.0724999 0.0256326 0.0573162 0.0256326 0.114632 
0.0968038 0.043292 0.030612 0.0684506 0.129876 0.10823 0.0484019 0.110373 0.0484019 0.0612241 
0.0489996 0.0929702 0.0929702 0 0.0657399 0.0692959 0.0657399 0.0692959 0.0619801 0.0489996 
0.152772 0.0947452 0.0599221 0.066995 0.119844 0.149805 0.0299611 0.108026 0.149805 0.152772 
0.0890192 0.0246895 0.0349162 0.0246895 0.101797 0.0552073 0.049379 0.0552073 0.049379 0.0246895 
0 0.0838517 0.0749993 0.0795487 0.109329 0.109329 0.0592921 0.0265162 0.109329 0.142794 
0.0669066 0.0498693 0.0804118 0.0315401 0.0919544 0.0804118 0.0446044 0.0498693 0.0223022 0.0223022 
0.0566048 0.0800512 0.0800512 0.0759433 0.0716 0.0253144 0.0800512 0.101258 0.0716 0.0566048 
0.0339202 0.0339202 0.0239852 0.122301 0.075848 0.0719557 0.0339202 0.075848 0.0339202 0.0239852 
0.105045 0.11977 0.0469776 0.0846901 0.0332182 0.0664364 0.0525226 0.117444 0.0234888 0.0525226 
0.0719292 0.104854 0.0916921 0.127154 0.0508616 0.0254308 0.129672 0.11373 0.104854 0.0254308 
0.0235034 0.0743243 0.0525552 0.0525552 0.0235034 0.0705102 0.0743243 0.0332388 0.0235034 0.0525552 
0.945469 0.0974555 0.0551292 0.0435834 0.0826937 0.0435834 0.0616363 0.0275646 0.0616363 0.0435834 
0.0896109 0.0672082 0.0316822 0.0224027 0.0708436 0.114232 0.0672082 0.0448054 0.0448054 0 
0.0497519 0.0351799 0.0556243 0.0248759 0.0248759 0.0556243 0.0248759 0.0497519 0.0497519 0.0351799 
0.0649827 0.082837 0.0513733 0 0.0324913 0.0459497 0.0513733 0.0513733 0 0.0689245 
0.14963 0.0467365 0.052253 0.052253 0.0467365 0.0738969 0.104506 0.0467365 0.0963498 0.052253 
0.0366556 0.0366556 0.0579576 0.106869 0.106869 0.151135 0.0366556 0.0579576 0.106869 0.0934539 
0.0233986 0.0739929 0.0739929 0.0467972 0.0739929 0.0467972 0.0330906 0.0467972 0.0233986 0.0467972 
0.0228919 0.0511879 0.0723906 0.0943858 0.0511879 0.0686758 0.0723906 0.0723906 0.0647481 0.0647481 
0.0854592 0.135123 0.0540491 0.0974384 0.0540491 0.0604287 0.0382185 0.0382185 0.0382185 0.111425 
0 0.0558842 0.0353443 0.0790322 0.111768 0.0558842 0.0249922 0 0.0749766 0.0749766 
0.0673244 0.075271 0.0476056 0.0238028 0.0238028 0.0532246 0.075271 0.0673244 0.0238028 0.0952111 
0.0513192 0.0827497 0.0649142 0.0229506 0.0649142 0.0725763 0.0513192 0.0229506 0.0229506 0.0513192 
0.0564963 0.0798978 0.107194 0.104174 0.101064 0.153686 0.0252659 0.0798978 0.0910975 0.0505318 
0.108786 0.230769 0.163178 0.0973009 0.141839 0.0543928 0.124035 0.034401 0.0543928 0.0543928 
0.0328865 0.0328865 0.0232542 0.0838444 0.125228 0.0697627 0.0519981 0.0232542 0.0519981 0.0465085 
0.0480764 0.0430008 0.107502 0.0775208 0.0304062 0.0304062 0.0430008 0.0215004 0.0679903 0.0215004 
0.0328687 0.0464834 0.10394 0.148819 0.05197 0.0734966 0.0232417 0.05197 0.0986061 0.0464834 
0.0459073 0.0324614 0.0827606 0.0513259 0.0513259 0.0229537 0.0513259 0.102652 0.0324614 0.068861 
0.0243902 0.034493 0.131345 0.097561 0.0879403 0.034493 0.0243902 0.034493 0 0.068986 
0.0241649 0.0483298 0.0341743 0.136697 0.0966595 0.0871277 0.0540343 0.0996344 0.102523 0.0241649 
0 0.0501886 0.04489 0.067335 0.0634841 0.04489 0.022445 0.022445 0.0501886 0.0501886 
0.0712188 0.0563034 0.0356094 0.0503593 0.0907865 0.0796251 0.135597 0.128392 0.103818 0.0356094 
0.0248069 0.0350823 0.05547 0.05547 0 0.102282 0.05547 0 0.05547 0.0784465 
0.216436 0.0228143 0.0456287 0.068443 0.153043 0.0510144 0.0322644 0.102029 0.0228143 0.094066 
0.0847837 0.0525806 0.0847837 0.0470295 0.105161 0.0525806 0.0470295 0.0470295 0.0235148 0.0470295 
0.0224027 0.0316822 0.0316822 0.0316822 0.100188 0.0708436 0.0316822 0.0448054 0.0224027 0.0224027 
0.158818 0.0487805 0.0899468 0.0436306 0.0786562 0.0487805 0.0487805 0.0487805 0.0436306 0.068986 
0.0261712 0.0523424 0.0785136 0.0585206 0.140936 0.0261712 0.0261712 0.0827606 0.0585206 0.0585206 
0.0882566 0.0302718 0.0214054 0.0478639 0.0676897 0.0605435 0.0478639 0.0676897 0.0302718 0.0302718 
0.0701646 0.0313786 0.022188 0.0992278 0.129377 0.08 0.0496139 0.0914835 0.0701646 0.0496139 
0.0253165 0.0358029 0.0253165 0.113219 0.129089 0.0566093 0.0566093 0.0566093 0.136333 0.107409 
0.0216118 0.0216118 0.0432237 0.0483255 0.0683426 0.0305637 0.0305637 0.0891079 0 0.0432237 
0.0227141 0.0818968 0.0908563 0.0454282 0.0507902 0.0321226 0.0936525 0.0718282 0.0227141 0.0227141 
0.0467206 0.0522352 0.165182 0.0700808 0.0842267 0.0522352 0.0330364 0.0963169 0.0522352 0.0842267 
0.1393 0.0734174 0.0232166 0.0464332 0.0464332 0.0734174 0.0734174 0.176812 0.0519139 0.0519139 
0.0537837 0.0340158 0.0721583 0.0340158 0.0760616 0.0537837 0.0240528 0.0240528 0 0.0240528 
0.0222208 0.031425 0.0444417 0.0222208 0.0666625 0 0.0496873 0.031425 0 0.031425 
0.0863744 0.0757554 0.143736 0.187102 0.0677577 0.0479119 0.023956 0.0535672 0.098773 0.0677577 
0.176962 0.0276369 0.0276369 0.138184 0.138184 0.0873954 0.0552737 0.138184 0.0276369 0.0552737 
0.25901 0.22617 0.040953 0.0647524 0.0915737 0.0289581 0.163812 0.414618 0.119398 0.081906 
0.0497981 0.0314951 0.0497981 0 0.0445408 0.0222704 0.0704252 0.0445408 0.0222704 0.0314951 
0.108563 0.0255885 0.0361876 0.0723752 0.108563 0.0572176 0.114435 0 0.0723752 0.0361876 
0.12436 0.0351744 0.10255 0.0351744 0.0556157 0.0556157 0.0497442 0.0556157 0.111231 0.0248721 
0.0610562 0.0546104 0.0819156 0.0610562 0.0863466 0.0386154 0.0610562 0.0386154 0.0819156 0.0546104 
0.513509 0.113937 0.0900755 0.0284844 0.0201415 0.117444 0.0726212 0.0830455 0.100707 0.0604245 
0.135457 0.0696921 0.0957826 0.125101 0.0519454 0.0657063 0.0734619 0.0929228 0 0.0328532 
0.11725 0.02345 0.0524359 0.0469001 0.0469001 0.0331633 0.0331633 0.0966869 0.0938001 0.0741555 
0.091948 0.022987 0.0726912 0.022987 0.341726 0.123789 0.0325085 0.022987 0.0325085 0.0514005 
0.0813907 0.0711741 0.120075 0.16866 0.106304 0.0987008 0.0558336 0.0624238 0.0987008 0.132421 
0.0459285 0.0229642 0.0513496 0.0459285 0.102699 0.0726193 0.0229642 0.0459285 0.0229642 0.0324764 
0.0385687 0.0545443 0.0272722 0.0771373 0.112446 0.0385687 0.0272722 0.0609824 0.0862422 0.0818165 
0.0969786 0.0242447 0.0484893 0.0484893 0.0242447 0.0242447 0.0242447 0.0242447 0.0542127 0.0542127 
0.0311948 0.118786 0.0441162 0.0493234 0.118786 0.0697538 0.0909478 0.132348 0.0441162 0.0493234 
0.0526097 0.0526097 0.0526097 0.0235278 0.105219 0 0.0235278 0.0665466 0.0665466 0 
0.0526134 0.0588235 0.0588235 0.083189 0.131533 0.083189 0.0372033 0 0.0372033 0.0263067 
0.0325021 0.0459649 0 0.0229824 0.0459649 0 0.0689473 0.0459649 0.0919297 0.0513903 
0.053524 0.0598416 0.0846288 0.0964917 0 0.053524 0.026762 0.0846288 0.0964917 0.17136 
0.123523 0.101859 0.055241 0 0.055241 0.0349375 0.0349375 0.055241 0.0247045 0.0494091 
0.0936284 0.0454164 0.113541 0.0818757 0.177357 0.0454164 0.0321143 0.0227082 0.0321143 0.0227082 
0.0712822 0.0475215 0.134411 0.0672055 0.0237607 0.0751381 0.0237607 0.0475215 0.0856706 0.0475215 
0.0630706 0.118927 0.0470101 0.0840941 0.0630706 0.0594635 0.0470101 0.0594635 0.0470101 0.105118 
0.046494 0.083171 0.0207928 0.0623783 0.0623783 0.0207928 0.083171 0.046494 0.0623783 0.046494 
0.0784465 0.114354 0.0784465 0.138675 0.11767 0.124035 0.1 0.0877058 0.0392232 0.0620174 
0.103411 0.0953399 0.0231233 0.0924933 0.0953399 0.134831 0.0731224 0.0327013 0.117906 0.0462466 
0.0625092 0.0884013 0.0197671 0.0279549 0.0442006 0 0.0593014 0.0442006 0.0884013 0.0790685 
0.0623722 0.0557874 0.115009 0.111575 0.187117 0.0882076 0.0623722 0.0788953 0.142231 0.0836811 
0.0295964 0.0661795 0.104639 0.0754562 0.127299 0.0862875 0.0661795 0.0862875 0.0862875 0.0661795 
0.0272608 0.0272608 0.0862061 0.117253 0.129309 0.0982901 0.0794781 0.117253 0.0817823 0.0431031 
0.021978 0.0310816 0.0491444 0.021978 0.0491444 0.043956 0.0310816 0.043956 0.0491444 0.043956 
0.046562 0.0208232 0.0208232 0.0208232 0.0294484 0.0658486 0.0294484 0.046562 0.0208232 0.0208232 
0.0990816 0.0495408 0.0700612 0.0221553 0.0443106 0.0221553 0.0626647 0.0700612 0.0495408 0.0221553 
1.35383 0.11802 0.080961 0.145955 0.208386 0.145955 0 0.103205 0.161922 0.181034 
0.0681422 0.0227141 0.0507902 0 0.0227141 0.0642451 0.0454282 0.0227141 0.0718282 0.0507902 
0.0332664 0.0235229 0.0235229 0.0470458 0 0.0332664 0.0235229 0.0235229 0.084813 0.0525988 
0.142044 0.031762 0.0502202 0.0710221 0.0673775 0.0926015 0.031762 0.0926015 0.0502202 0.0898366 
0.0702555 0.0444335 0.0628384 0.0496781 0.111084 0.0942576 0.0222167 0.0496781 0.0496781 0.0702555 
0.139665 0.0349162 0.0552073 0.123447 0.078075 0.078075 0.0552073 0.049379 0.049379 0.132957 
0.899121 0.0602366 0.0602366 0.0602366 0.038097 0.038097 0.0761939 0.0269386 0.0538772 0 
0.185772 0.0687574 0.110868 0.0783954 0.126782 0.0687574 0.043486 0.021743 0.043486 0.0783954 
0.0750322 0.0335554 0.0335554 0.0530558 0.0335554 0.0237273 0.0335554 0.0237273 0.0237273 0.0711818 
0.108108 0.0241737 0.0540541 0.0725211 0.0871595 0 0.0483474 0.0683736 0.0241737 0.0871595 
0.0764843 0.0806216 0.0806216 0.127474 0.155079 0 0.0806216 0.127474 0.0721101 0.0806216 
0.0778958 0.0821094 0.0580601 0.0580601 0.0580601 0.0259653 0.0367204 0.0734409 0.0367204 0.0580601 
0.0673775 0.0635241 0.0449183 0.112296 0.0449183 0.0710221 0.031762 0.0673775 0.0926015 0.0224592 
0.0486145 0.155642 0.0768662 0.137503 0.0768662 0.0543526 0.0543526 0.0243072 0.185118 0.108705 
0.975963 0.0935561 0.0507379 0.0453814 0.068072 0.0818124 0.0226907 0.0507379 0.0935561 0.0453814 
0.0689655 0.0689655 0.054522 0.054522 0.073149 0.073149 0.0344828 0.024383 0.0879141 0.048766 
0.120056 0.0990005 0.0480223 0.0536906 0.0536906 0.0536906 0.0990005 0.0720334 0.0339569 0.0536906 
0.031762 0.0502202 0.0502202 0.0449183 0.0926015 0.0502202 0.0224592 0.0224592 0.0673775 0.0502202 
0.0489058 0.0309307 0.0489058 0.0437426 0.195623 0.0788582 0.0218713 0.0309307 0.0218713 0.0218713 
0.0831028 0.0371647 0.0587626 0.0525588 0.0743294 0.0788382 0.0525588 0 0.0587626 0.0947518 
0.0462003 0.0231002 0.0653372 0.0516536 0.0832888 0.0730492 0.0231002 0.0462003 0.0832888 0.0516536 
0.0926681 0.0207212 0.0747114 0.0207212 0.0655262 0.0463341 0.0293042 0.0293042 0.0463341 0.0293042 
0.0510776 0.0228426 0.0228426 0.123011 0.116475 0.0456852 0 0.0685278 0.0510776 0.0456852 
0.0980286 0.0490143 0.158066 0.0657596 0.133333 0.0790332 0.0219199 0.0219199 0.0309994 0.0490143 
0.0660494 0.06266 0.0660494 0.106501 0.046704 0 0.106501 0.0208867 0.0295382 0.0660494 
0.193571 0.127712 0.0757011 0.0865675 0.0865675 0.169273 0.104979 0.0419914 0.127712 0.125974 
0.11161 0.0588235 0 0.117647 0.0948501 0.0948501 0.0588235 0.0588235 0.0744065 0.0588235 
0.024998 0.0707052 0.0353526 0.0353526 0.0558973 0.0353526 0.0353526 0.0499961 0.0499961 0.0353526 
0.0801184 0.0444417 0.0496873 0.0888834 0.0801184 0.031425 0.031425 0.0702685 0.0628501 0.0702685 
0.0208322 0 0.0465822 0.0465822 0.0294612 0.0589224 0.0416644 0.0294612 0.0658772 0.0208322 
0.0886484 0.0215004 0.0304062 0.0608123 0.0480764 0.0679903 0.0215004 0.0860016 0.0215004 0.0215004 
0.0766683 0 0.0999633 0.0242447 0.0542127 0.0542127 0.0242447 0.0342871 0.0242447 0 
0.0237273 0.0237273 0.0237273 0.0750322 0.0750322 0.106112 0.0474546 0.0711818 0.0237273 0.0335554 
0.0464614 0.0519454 0.0328532 0.0328532 0.0519454 0.0464614 0.0734619 0.0519454 0.0232307 0.0232307 
0.0756261 0.059326 0.262815 0.311815 0.580138 0.112953 0.0209749 0.0864818 0.0938027 0.112953 
0.0511243 0.0323339 0.0646677 0.196679 0.0824355 0.045727 0.0646677 0.0228635 0.0323339 0.0685905 
0.0859768 0.109599 0.0679706 0.0679706 0.096125 0.0859768 0.0679706 0.0480625 0 0.109599 
0.0538655 0 0.0538655 0.0538655 0.120447 0.0868555 0 0.0681351 0.0538655 0.0240894 
0.221296 0.0480625 0.0480625 0.096125 0.0429884 0.0214942 0.0644826 0.0859768 0.0214942 0.0679706 
0.0362351 0 0.0256221 0.0362351 0.114585 0.0362351 0.0362351 0.137979 0.114585 0.0572927 
0.0520016 0.0232558 0.0232558 0.0328887 0.0520016 0 0.0328887 0 0.0520016 0.0657774 
0.0730351 0.0344291 0.0877772 0.024345 0.0877772 0.100377 0.0544371 0.0544371 0.0877772 0.0688581 
0.0227141 0.0227141 0.0681422 0.0718282 0.0454282 0.0227141 0.0227141 0.0321226 0 0.0227141 
0.0328089 0.073363 0.0518755 0.164045 0.148549 0.0518755 0.0956537 0.118294 0.0463988 0.0518755 
0.0531044 0.023749 0.0531044 0.121097 0.121097 0.0979197 0.047498 0.047498 0.075101 0.0531044 
0.0750322 0.100666 0.0530558 0.0711818 0.0855499 0.0335554 0.0474546 0.0335554 0.0530558 0.0237273 
0.609385 0.0916602 0.262475 0.220747 0.249343 0.226384 0.057971 0.0648136 0.144928 0.239021 
0.0475215 0.138548 0.0979681 0.118804 0.127956 0.0979681 0.0751381 0.106261 0.0979681 0.0531306 
0.28887 0.0626647 0.0495408 0.0221553 0.140122 0.110777 0.0798821 0.0221553 0.0495408 0.11931 
0.0921839 0.0223579 0.0707018 0.0707018 0.0806125 0.130368 0.0921839 0.0707018 0.0921839 0.0223579 
0.0916812 0.0994422 0.0801729 0.0444719 0.022236 0.0943392 0.0703163 0.022236 0.0703163 0.0314464 
0.0313035 0.0699968 0.0221349 0.141733 0.161145 0.139994 0.0221349 0.156518 0.112867 0.0664048 
0.0571137 0.0285569 0.0201928 0.0571137 0.0403855 0.0201928 0.0451524 0.0571137 0.0285569 0.0201928 
0.0460947 0.0206142 0.0824567 0.103071 0.0651877 0.0291528 0.0460947 0.0206142 0.0460947 0.0291528 
0.0219767 0.0439534 0.0694964 0.0219767 0.0491414 0.0694964 0.0439534 0.0906122 0.0491414 0.0491414 
0.0329489 0.0232984 0.104194 0.0232984 0.0698951 0.0520968 0.0520968 0.0520968 0.0520968 0 
0.0921443 0.0217186 0.0783076 0.0651558 0.122859 0.108593 0.0485643 0.0485643 0.0434372 0.0921443 
0.0537409 0.0240337 0.072101 0.0480673 0.0760011 0.0760011 0.107482 0.072101 0.0339887 0.0480673 
0.0484019 0.030612 0.0780457 0 0.0865839 0.030612 0.021646 0.030612 0 0 
0.135852 0.104194 0.0465968 0.116492 0.135852 0.0840035 0.0520968 0.0465968 0.0658978 0.0465968 
0.0806125 0.0447158 0.120401 0.130368 0.184368 0.158094 0.0670737 0.199975 0.0499938 0.135998 
0.0300879 0.0300879 0.0300879 0.0672787 0.0767095 0.0951464 0.0475732 0.0475732 0.0212754 0.0212754 
0.106287 0.0212574 0.150312 0.0475329 0.200542 0.0850294 0.0601249 0.0601249 0.108392 0.0475329 
0.0697627 0.0232542 0.0465085 0.0519981 0.0657729 0.0735364 0.0328865 0.0519981 0.093017 0.118574 
0.0464614 0.0519454 0.0232307 0.0519454 0.0328532 0.0734619 0 0.0328532 0.0519454 0.0232307 
0.0511879 0.0228919 0.133482 0.0511879 0.082538 0.0511879 0.0511879 0.0457839 0.0511879 0.0457839 
0.0596656 0.136059 0.110018 0.325711 0.188679 0.246008 0.0962079 0.119331 0.133416 0.143694 
0.0238875 0.0675641 0.0861277 0.0238875 0.0675641 0.0534141 0.033782 0.0955501 0.047775 0.033782 
0.131102 0.0544371 0.0688581 0.0769857 0.0769857 0.0769857 0.0486901 0.0486901 0.131102 0.0730351 
0.0383447 0.0383447 0.121257 0 0.146012 0.0271138 0.0606283 0.121257 0.0606283 0.108455 
0.049961 0.0558581 0.111716 0.213433 0.159953 0.159953 0.111716 0.827001 0.0249805 0.180137 
0.0491436 0.0245718 0.0737154 0.101312 0 0.0491436 0.0347498 0.0885949 0.0694996 0.0694996 
0.0505318 0.101064 0.0357314 0.0357314 0.0505318 0.0357314 0.0798978 0.0714628 0.0252659 0.0505318 
0.0323381 0.0228665 0.045733 0.051131 0.045733 0.051131 0.0228665 0.0323381 0.0228665 0.0914659 
0.375481 0.0232417 0.0232417 0.0328687 0.0464834 0.0232417 0.0232417 0.116208 0.0232417 0.0232417 
0.0685108 0.0968889 0.0968889 0.0685108 0.0919169 0.0612779 0.0685108 0.0685108 0.0612779 0.126328 
0.0697486 0.0519875 0.0464991 0.0464991 0.0519875 0.0697486 0.0519875 0.103975 0.0657596 0.0657596 
0 0.0769401 0.0486612 0.131024 0.0486612 0.0688174 0.0544049 0.10881 0.0243306 0.0769401 
0.0471143 0.0971286 0.0235571 0.199889 0.105351 0.0471143 0.166574 0.179406 0.0471143 0.0526754 
0.080908 0.040454 0 0.0745935 0.179098 0.0922493 0.0180916 0.0542748 0.040454 0.162824 
0.794651 0.132822 0.0821302 0.242142 0.214895 0.152805 0.0455576 0.0911152 0.050935 0.145856 
0.068259 0.0305263 0.0482664 0.138214 0.144799 0.0778272 0.0482664 0.0215854 0.0647562 0.0431708 
0.0512148 0.0256074 0.0512148 0.0724286 0.0362143 0.0572598 0.0768221 0.0923287 0.0512148 0.0572598 
0.0245997 0.0347892 0.0245997 0.0983987 0.0245997 0.0550065 0.0347892 0.0245997 0.0491993 0.073799 
0.0956935 0.0478467 0.139496 0.151305 0.0239234 0.0338328 0.0534943 0.0239234 0.0239234 0.0239234 
0.0276818 0.0618984 0.039148 0.0875376 0.0618984 0.078296 0 0.0618984 0.110727 0.0830455 
0.0810737 0.0604287 0.0382185 0.0382185 0.0540491 0.111425 0.0270246 0.170918 0.0270246 0.0854592 
0.0839625 0.0265513 0.0375492 0.118741 0.095732 0.0593705 0.0796538 0.0750983 0.0531025 0.106205 
0.0438898 0.0658348 0.0219449 0.0438898 0.138792 0.0490703 0 0.0490703 0.0219449 0.0490703 
0.0330477 0.0233683 0.0233683 0.0738969 0.052253 0.0963498 0.0467365 0 0.0233683 0.156759 
0.0490969 0 0.138867 0.0905303 0.128029 0.0878273 0.0490969 0.0219568 0.111958 0.0658705 
0.0265513 0.0839625 0.095732 0.0839625 0.0593705 0.0750983 0.112648 0.106205 0.0750983 0.0531025 
0.0336718 0.0336718 0.0532397 0.0752923 0.144828 0.0532397 0.0336718 0 0.0238095 0.0714286 
0.0235278 0.0235278 0.0235278 0.0526097 0.0235278 0.0526097 0.0235278 0.0470556 0.0744014 0.0470556 
0.0447012 0.0447012 0.039982 0.0282716 0.0632171 0.039982 0.0282716 0.0447012 0.0894025 0.144157 
0.0572692 0 0.130594 0.0809909 0.114538 0.0923438 0.0572692 0.0362202 0.128058 0.0724405 
0.0220273 0.0220273 0.155756 0.0696564 0.098509 0.0492545 0.0220273 0.0220273 0.0696564 0.0881091 
0.156091 0.0484019 0.0484019 0.0484019 0.030612 0.021646 0.0684506 0.030612 0.030612 0 
0.120478 0.0945109 0.0945109 0.120478 0.190493 0.213958 0.0528332 0.0747174 0.120478 0.203253 
0.0547955 0.0547955 0.156911 0.122527 0.173279 0.101038 0.0346557 0 0.0490106 0.0980213 
0.0567247 0 0.0601657 0.128416 0.0567247 0.0826898 0.0283624 0.0401105 0.0723101 0.0448449 
0.186177 0.0620592 0.0620592 0.0877649 0.100067 0.0784993 0.0620592 0 0.100067 0.0392497 
0.0526097 0.0744014 0.0235278 0.0235278 0.0332733 0.0470556 0 0.0332733 0.0526097 0.0235278 
0.0534943 0.0478467 0.119617 0.0239234 0.086257 0.174165 0.0338328 0.0239234 0.0756524 0.0478467 
0 0.0219727 0.098265 0.128122 0.147397 0.0694838 0.0491325 0.0439454 0.0694838 0.0439454 
0.0237826 0.0336336 0.0672673 0.0713477 0.118913 0.106359 0.0531795 0.0752071 0.0857493 0.0713477 
0.104719 0.0718363 0.0567916 0.0761939 0.15449 0.0567916 0.025398 0.0803155 0.050796 0.0761939 
0.0270246 0.0540491 0.0270246 0.0540491 0.0974384 0.120857 0.0854592 0.0810737 0.114655 0.0854592 
0.0497888 0.0704121 0.169575 0.0944677 0.155864 0.142574 0.0314892 0.0629785 0.133597 0.0314892 
0.0698005 0.0349002 0.0740346 0.0889785 0.132896 0.0493564 0.0349002 0.0780393 0.0493564 0.0349002 
0.0310143 0.0877216 0.0310143 0.0904214 0.0310143 0.0980758 0.0310143 0.0904214 0.0490379 0 
0 0.0240389 0.120194 0.0991148 0.120194 0.0537526 0.0240389 0.0760176 0.0679922 0.0721166 
0.0900197 0.0212178 0.134193 0.0474445 0.106089 0.0670967 0.0212178 0.0948891 0.0848714 0.0300066 
0 0.0742717 0.105036 0.0371359 0.0946783 0.0830383 0.0830383 0.058717 0.026259 0 
0.025939 0.116003 0.025939 0.0518781 0.174004 0.129695 0.139686 0.0733667 0.0820265 0.0518781 
0.0947518 0.0587626 0.185824 0.117525 0.211871 0.141519 0 0.133999 0.210235 0.0947518 
0.0595162 0.0631264 0.0420843 0.0841686 0.105211 0.0470517 0.0470517 0.107294 0.0297581 0.0470517 
0.058021 0.0661541 0.041027 0.0259478 0.221698 0.116042 0.0661541 0.0259478 0.0366957 0.0661541 
0.0980535 0.0384598 0.0192299 0.0429993 0.0859986 0.12162 0.0961494 0.177291 0.0693343 0.0608102 
0.220846 0.0493827 0.22359 0.123457 0.557062 0.123457 0.0552116 0.0246914 0.101805 0.0740741 
0.200678 0.0475652 0.0766965 0.0672673 0.0475652 0.114552 0.0212718 0.0672673 0.106359 0.0212718 
0.050198 0.0448985 0.0224492 0.0709908 0.050198 0 0.050198 0.0224492 0 0.050198 
0.0314095 0.0702338 0.0444198 0.0314095 0.0496628 0.0496628 0.0314095 0.0222099 0.0222099 0.0444198 
0.0605782 0 0.167277 0.0428353 0.0478913 0.0605782 0.0908674 0.0605782 0.0856706 0.0428353 
0.136973 0 0.0968549 0.178592 0.0306282 0.0306282 0.0484274 0.0892958 0.0484274 0.0684867 
0.0796503 0.0251876 0.0563213 0.13564 0.0796503 0.112643 0.0503753 0.146868 0.0251876 0.103851 
0.060464 0.030232 0.338004 0.047801 0.286806 0.0855089 0.109003 0.12465 0.11512 0.0427545 
0.0184679 0.0261176 0.0554038 0.170266 0.118252 0.0261176 0.0369358 0.0941683 0.0369358 0.0584007 
0.0752817 0.0752817 0.159697 0.0714184 0.171669 0.0238062 0.067334 0.0238062 0 0.0752817 
0.0910087 0.0441457 0.11255 0.0493564 0.177957 0.0441457 0.0493564 0.0220729 0.0698005 0.0220729 
0.0969874 0.0969874 0.141137 0.143084 0.21687 0.0332664 0.084813 0.0969874 0.0470458 0.0665328 
0.0959409 0.0536326 0.101761 0.0479705 0.075848 0.143911 0.0678405 0.0239852 0 0.0959409 
0.0749473 0.0558624 0.181875 0.134535 0.134535 0.201415 0.0558624 0.0790014 0.151962 0.124912 
0.0674468 0.0674468 0.0476921 0.106643 0.0301631 0.0213286 0.0769012 0.0639857 0.0904894 0.0639857 
0.0433861 0.0867722 0.0306786 0.0306786 0.0433861 0 0.0685994 0.0485071 0.0485071 0.021693 
0.11615 0.0936428 0.0779155 0.0580748 0.0519437 0.0367297 0.0519437 0.0259718 0.0779155 0.0367297 
0.0240964 0.0722892 0.0761995 0.0340774 0 0.0340774 0.0993519 0.0538812 0.0240964 0.0538812 
0.0321226 0.0718282 0.0321226 0.10158 0.11582 0.0507902 0.0718282 0.0718282 0.0936525 0.0227141 
0.0938182 0.0629351 0.302554 0.0864961 0.106969 0.0663395 0.0469091 0.0890037 0.104892 0.169133 
0.0291528 0 0.0291528 0.0583057 0.0206142 0.0849944 0.0291528 0.0206142 0.0206142 0.0206142 
0.0481613 0.0681104 0.0992871 0.122788 0.0963226 0.053846 0.053846 0.053846 0.107692 0.0761497 
0.0330906 0.0467972 0.0330906 0.0843649 0.0330906 0.0843649 0.0701958 0.0701958 0.0233986 0.0467972 
0.0222222 0.0444444 0.0801234 0.0496904 0.0888889 0.0496904 0.031427 0.0444444 0.0222222 0.0496904 
0.106034 0.147043 0.29991 0.17148 0.324828 0.147043 0.0294086 0.0657596 0.16636 0.0657596 
0.0322057 0.0509218 0.0683187 0.0966172 0.0910916 0.0821089 0.0227729 0.0322057 0.0683187 0.0227729 
0.087841 0.0277778 0.062113 0.0392837 0.161971 0.087841 0.062113 0.0277778 0.138889 0.100154 
0.0606548 0.0214447 0.0428894 0.0303274 0.0428894 0.0643341 0.0214447 0.0857789 0.0303274 0.0479518 
0.0490969 0.0310516 0.0490969 0.0694336 0.0490969 0.0439136 0.0490969 0.0439136 0 0.0694336 
0.024928 0.0557408 0.111482 0.0705072 0.127109 0.0557408 0.0352536 0.0557408 0.024928 0.0557408 
0.0949661 0.0230327 0.0515026 0.103005 0.103005 0.0230327 0.0230327 0.0460653 0.0921307 0.0515026 
0.088752 0.088752 0.134964 0.044376 0.066564 0.0914835 0.0313786 0.0701646 0.0496139 0.0627572 
0.0963169 0.0330364 0.147743 0.119115 0.125799 0.0963169 0.0522352 0.0467206 0.0467206 0.119115 
0.110844 0.08763 0.141299 0.0391893 0.0554221 0.08763 0.027711 0.0554221 0.211041 0.123928 
0.0240111 0.0536906 0.0480223 0.0865734 0.0990005 0.0480223 0.0339569 0.0339569 0.0480223 0.0240111 
0.0246895 0.0246895 0.0246895 0.049379 0.049379 0.0246895 0.0552073 0 0.049379 0.0740684 
0.0493677 0.0349082 0.0246838 0.0246838 0.0246838 0.0349082 0.0246838 0.0349082 0.0551947 0.0551947 
0.0513903 0.0325021 0.0828643 0.0229824 0.130008 0.0689473 0.0325021 0.0650041 0.0919297 0.0513903 
0.0231792 0.0695375 0.0655606 0.115896 0.0835736 0.0518302 0.0327803 0.0835736 0.0518302 0.0518302 
0.115736 0.0480569 0.0774895 0.173272 0.173272 0.182363 0.0303939 1.1219 0.194616 0.130729 
0.023471 0.0524828 0.0742218 0.0524828 0.119679 0.070413 0.033193 0.0524828 0.157448 0.0846259 
0.0503593 0.0503593 0.0563034 0.0563034 0.0563034 0.0796251 0.0563034 0.0503593 0.0563034 0.0712188 
0.0771058 0 0.024383 0.024383 0.024383 0.100534 0.0344828 0 0.0879141 0.073149 
0.0876531 0.0438266 0.175306 0.127775 0.288224 0.13148 0.0309901 0.0219133 0.0489996 0.0657399 
0.263356 0.0585959 0.0370593 0.0585959 0.0262049 0.0370593 0.0262049 0.159398 0.0262049 0.0585959 
0.805398 0.130062 0.127536 0.105169 0.0721453 0.0255072 0.155154 0.137361 0.0919676 0.0360727 
0.0915342 0.0992828 0 0.031396 0.031396 0.0666009 0.0702035 0.119552 0.031396 0 
0.036671 0.057982 0.132219 0.057982 0.0518607 0.110013 0.151198 0.077791 0.057982 0.057982 
0.0844632 0.0523819 0.0331292 0.119449 0 0.0468518 0.0331292 0.0234259 0.0740792 0.0965874 
0.0745356 0 0.0745356 0.0235702 0.0666667 0.0707107 0.0235702 0.0235702 0.0527046 0.0471405 
0.0853579 0.0473481 0.0529367 0.0853579 0.0748639 0.0976105 0.10044 0.0473481 0.023674 0.0748639 
0.0233245 0.0164929 0.495062 0.492031 0.975316 0.26594 0.0840977 0.991772 0.0521552 0.068002 
0.0842554 0.0701047 0.0233683 0.052253 0.0330477 0.0963498 0.052253 0.0738969 0.0738969 0.0233683 
0.0643723 0.0203563 0.0575763 0.0203563 0.0407126 0.0455181 0.0407126 0 0.103797 0.0455181 
0.103335 0.0730687 0.103335 0.11782 0.166622 0.11782 0.0730687 0.130709 0.0730687 0.198768 
0.0482664 0.0241332 0.107927 0.107927 0.146797 0.14072 0.0965328 0.0870135 0.123056 0.14072 
0.0367297 0.0259718 0.0519437 0.0580748 0.0519437 0.0519437 0.0367297 0.0367297 0.0580748 0.0580748 
0.114181 0.0902679 0.0570905 0.0638291 0.0570905 0.040369 0.0638291 0.0638291 0.040369 0.0638291 
0.0238824 0.0238824 0.0477648 0 0.0861092 0.0238824 0.0238824 0.0955296 0 0.0238824 
0.110338 0.0581533 0.0822412 0.110338 0.183897 0.0937694 0.0367794 0.130035 0.0520139 0.0822412 
0.0512383 0.0229145 0.0944787 0.0916578 0.0512383 0.0512383 0.0229145 0.139383 0.0458289 0.0229145 
0.115501 0.0231002 0.124398 0.0516536 0.0516536 0.0516536 0.0326686 0.0693005 0.0231002 0.0462003 
0 0.0224365 0.0501696 0.0709505 0.0448731 0.0634601 0.0224365 0.0448731 0 0.0448731 
0.0229099 0.0687298 0.102456 0.0944601 0.0724476 0.0724476 0.0229099 0.116818 0.0512282 0.0687298 
0 0 0.0580357 0.0519087 0.0580357 0.0519087 0.0580357 0.0259543 0.0519087 0.103817 
0.0232417 0.0734966 0.0734966 0.0232417 0.0657374 0.0734966 0.0734966 0.0328687 0.0837991 0.0837991 
0.0222003 0.0496414 0.0992828 0.0888012 0.0666009 0.062792 0.031396 0.0496414 0.0800443 0.1132 
0.0470751 0.0868022 0.0868022 0.0893187 0.0631579 0.19861 0.607251 0.96865 0.0665743 0.219796 
0.0923688 0.0708436 0.0708436 0.0708436 0.050094 0.0708436 0.0224027 0.0448054 0.0448054 0.0807742 
0.0985263 0.0519279 0.0656842 0.0232229 0.0957503 0.0519279 0.0232229 0.0734372 0.0696686 0.0232229 
0.0693959 0 0.196281 0.124139 0.271444 0.0658348 0.0219449 0.0904812 0.109725 0.0490703 
0.0995777 0.0445325 0.0995777 0.0314892 0.0918061 0.0497888 0.0314892 0 0.0704121 0.0497888 
0.0459497 0.0649827 0.410987 0.15412 0.528921 0.0649827 0.082837 0.0726529 0.0726529 0.0689245 
0.0614549 0.0614549 0.0434552 0.0485844 0.0217276 0.0217276 0.0485844 0.0971687 0.0687087 0.0485844 
0.109096 0.0487892 0.154285 0.275993 0.87956 0.0786702 0.0218192 0.030857 0.0975784 0.109096 
0.021048 0.0297663 0.021048 0.0665595 0.0420959 0.021048 0.0665595 0 0.0420959 0.107324 
0.0742781 0.0234888 0.0742781 0.105045 0.0525226 0.0525226 0.0525226 0.0234888 0.0469776 0.0469776 
0.0551737 0.0246744 0.0551737 0.0551737 0.0740233 0.0740233 0.0780274 0.0348949 0.088965 0.0780274 
0.0525906 0.108418 0.0788859 0.0262953 0.0831531 0.0371872 0.0831531 0.108418 0.0587981 0.0525906 
0.155295 0.0644826 0.101956 0.0865125 0.10981 0.0288375 0.0735215 0.11535 0.103975 0.084075 
0.0545018 0.100496 0.0243739 0.0243739 0.177445 0.154154 0.0243739 0.0243739 0.156069 0.109004 
0.0479119 0.0479119 0.11978 0.0535672 0.11978 0.107134 0.0535672 0.0479119 0.11978 0.11978 
0.050094 0.0224027 0.0672082 0.0896109 0.170614 0.0633645 0 0.0672082 0.050094 0.0316822 
0.0471929 0.0667409 0.107616 0.0870194 0.164838 0.0943858 0.0870194 0.0471929 0.0298474 0.107616 
0.0239234 0 0.0239234 0.0338328 0.0338328 0.0717701 0.0676655 0.0956935 0.0478467 0.0239234 
0 0.0900755 0.0712109 0.0712109 0.0712109 0.100707 0.0318465 0.142422 0.100707 0.0225189 
0.0753079 0.0208867 0.046704 0.0208867 0.0660494 0.0835466 0 0.127049 0.046704 0.0208867 
0.0944677 0.0704121 0.142574 0.0445325 0.111331 0.160564 0.0497888 0.0629785 0.169575 0.0944677 
0.0481928 0.0681549 0.0240964 0.0340774 0.0481928 0.0481928 0.0481928 0.0481928 0.0681549 0.0722892 
0.0710445 0.0710445 0.025118 0.12559 0.314728 0.202508 0.0561656 0.0561656 0.128077 0.112331 
0.057711 0.057711 0.115422 0.0816157 0.0816157 0.0930562 0.0774274 0.0816157 0.0516183 0.0516183 
0.056555 0.0357685 0.25038 0.0911921 0.071537 0.101169 0.0357685 0.0911921 0.136202 0.056555 
0.0565912 0.0506167 0.0565912 0.0506167 0.0253083 0.0357914 0.0565912 0.080032 0.0253083 0.0357914 
0.0356632 0.0356632 0.075653 0.0797452 0.0252177 0.0252177 0.0252177 0.0252177 0.0252177 0.0504353 
0.0248127 0.0496253 0.0496253 0.0496253 0.13362 0.0496253 0 0.0350904 0.0496253 0.0784646 
0.0404805 0.0640053 0.0572481 0.103205 0.0858722 0.0858722 0.0572481 0.0640053 0.0286241 0.0404805 
0.0657374 0.0837991 0.05197 0.0837991 0.0929667 0.05197 0.0958279 0.0328687 0.0232417 0.0232417 
1.00652 0.055832 0.157917 0.0789583 0.0249688 0 0.0900263 0.055832 0.055832 0.055832 
0.0235229 0.0525988 0.213009 0.211706 0.258752 0 0.0235229 0.0470458 0.0235229 0.0525988 
0.0290604 0.0205488 0.116241 0.0459485 0.0581207 0.064981 0.0290604 0.0410976 0.0459485 0.0459485 
0.0322644 0.0510144 0 0.129057 0.0967931 0.0510144 0.068443 0.0645287 0.0510144 0.094066 
0.087681 0.0672483 0.0766748 0.0637973 0.142655 0.087681 0.0212658 0.0475517 0.0300743 0.108435 
0.0353526 0.0749941 0.206139 0.0499961 0.176763 0.024998 0.0558973 0.0558973 0.0353526 0.0790508 
0.808636 0.0582371 0.130222 0.0368324 0.140253 0.0582371 0.0582371 0.140253 0.0582371 0.0582371 
0.087364 0.141286 0.337491 0.0242304 0.145382 0.0685339 0.0541808 0.121152 0 0.102801 
0.0470068 0.0470068 0.137047 0.12657 0.0235034 0.0235034 0.0525552 0.0332388 0 0.0525552 
0.0874153 0.0542127 0.0542127 0.0766683 0.0542127 0.0542127 0.0242447 0.0242447 0.0484893 0.0874153 
0.136977 0.0712109 0.0811929 0.0225189 0.0503537 0.112594 0.0450377 0.171499 0.0928477 0.0712109 
0.0252982 0.0758947 0.0252982 0.0357771 0.0357771 0.0252982 0.0565685 0.0505964 0.0252982 0.0357771 
0.0693005 0.0516536 0.115501 0.166578 0.0516536 0.0516536 0 0.0653372 0.0653372 0.0653372 
0.0710445 0.025118 0.0794301 0.0561656 0.175826 0.0355222 0.0794301 0.112331 0.0561656 0.0355222 
0.0320092 0 0.182481 0.0933221 0.204959 0.227468 0.0679018 0.163216 0.14315 0.203705 
0.0434142 0.0306985 0.0306985 0.078266 0.0217071 0.0306985 0.0217071 0.0217071 0.0485385 0.0613969 
0.046102 0.046102 0.058315 0.0412349 0.0206175 0.0291575 0.046102 0.0412349 0.0651981 0.0206175 
0.0426692 0.0213346 0.106673 0.106673 0.0477057 0.0477057 0.0301717 0.067466 0.0301717 0.0301717 
0.0205488 0.0290604 0.0459485 0.0410976 0.0290604 0.064981 0.0205488 0.064981 0.0205488 0.0205488 
0.0659819 0.021994 0.09836 0.0659819 0.226442 0.10997 0.0659819 0.0793004 0.187917 0.0439879 
0.825415 0.075287 0.410987 0.0858404 0.168347 0.144817 0.0238078 0.159708 0.075287 0.144817 
0.0204071 0 0 0.0912633 0.02886 0.05772 0.0456317 0.02886 0 0.02886 
0.0524828 0.070413 0.136858 0.046942 0.046942 0.0524828 0.104966 0.0846259 0.046942 0.046942 
0.0439163 0.0439163 0.0809776 0.0809776 0.0809776 0.0833253 0.0589199 0.0878326 0.13748 0.0589199 
0.0644157 0.0734452 0.164228 0.306229 0.387566 0.0644157 0.02037 0.0288076 0.04074 0.0576151 
0.078903 0.157806 0.0499026 0.0998053 0.070573 0.070573 0.127227 0.0899632 0.0557928 0.078903 
0.0469711 0.0234856 0.183428 0.117428 0.170978 0.183428 0.0525153 0.142857 0.0525153 0.0968335 
0 0.0780869 0.0617331 0.0390434 0.0617331 0.0617331 0.0617331 0.148673 0.0617331 0.0276079 
0.0595808 0.0595808 0.08426 0.0595808 0.0753645 0.0376822 0.0595808 0.0595808 0.0595808 0.0266454 
0.0470068 0 0.0525552 0.0525552 0.0743243 0.096907 0.0525552 0.0332388 0.0743243 0.0470068 
0.0253165 0.0358029 0.0912798 0.0358029 0.0759494 0.0566093 0 0.0506329 0.0358029 0.0566093 
0.0219568 0.0791664 0.0905303 0.0490969 0.118241 0.0694336 0.0219568 0.0310516 0.0905303 0.0621033 
0.0798278 0.0357001 0.0757313 0.0504875 0.147195 0.112893 0.0714001 0.0798278 0.0252438 0.0252438 
0.0738678 0.144867 0.0647864 0.149149 0.102436 0.0916217 0 0.0916217 0.156026 0.137433 
0.057596 0.0728538 0.0515154 0.180304 0.128789 0.221576 0.0772731 0.671679 0.131339 0.293683 
0.0321039 0.101522 0.203043 0.224727 0.25883 0.195281 0.459658 0.623346 0.25883 0.274296 
0.057387 0.057387 0.057387 0.0811574 0.057387 0.0362947 0 0.0925337 0.0362947 0.105816 
0.0310348 0.0310348 0.0219449 0.0658348 0.0438898 0 0.0490703 0.0490703 0.0904812 0.0877797 
0.0227626 0 0.0227626 0.0965734 0.0820716 0.0321911 0.0227626 0.0643823 0.0910503 0.0508987 
0.0712414 0.0251876 0.100751 0.238951 0.159301 0.0563213 0 0.168964 0.0563213 0.0908153 
0.06 0.0447214 0.0447214 0.0447214 0.0565685 0.02 0.0565685 0.0282843 0.02 0.02 
0.0299208 0.0423144 0.0211572 0.0762834 0.0598416 0.0762834 0.0634716 0.113935 0.0299208 0.066905 
0.910198 0.0519139 0.0519139 0.0464332 0.125025 0.0957245 0.0656665 0.0232166 0.0928664 0.0232166 
0.108874 0.0877772 0.0344291 0.024345 0.172145 0.0730351 0.121725 0.0544371 0.0544371 0.024345 
0.88719 0.124824 0.279114 0.0518302 0.146598 0.115896 0.0732989 0.0231792 0.0327803 0.0327803 
0.0212766 0.0425532 0.0672825 0.0951518 0.0877256 0.0212766 0.0425532 0.0300897 0.0767139 0.0300897 
0.0481893 0.034075 0.0538772 0.0240946 0.146562 0.0538772 0.107754 0.034075 0.102225 0.0481893 
0.0766748 0 0 0 0.136167 0.090223 0.0300743 0.0637973 0.090223 0.0672483 
0.179837 0.0299728 0.084776 0.108069 0.170872 0.123581 0.0873851 0 0.123581 0.063582 
0.0604122 0.0270172 0.0974118 0.0974118 0.0540343 0.0540343 0.0540343 0.038208 0.0854358 0.0604122 
0.0367794 0 0.0735587 0.0367794 0.0937694 0.0581533 0.0260069 0.104028 0.0780208 0.0260069 
0.075335 0.0336909 0.0532699 0.0982249 0.0476461 0.0982249 0.10654 0.28982 0.0982249 0.121474 
0.022445 0.022445 0.0925431 0.0501886 0.022445 0.022445 0.0501886 0.0809266 0.022445 0.022445 
0.0325731 0.0651462 0.0325731 0.0325731 0 0.0460653 0.0515026 0.0230327 0 0.0728357 
0.0614295 0.0971286 0.0686803 0.0651558 0.0485643 0.0895481 0.0485643 0.0971286 0.0485643 0.0217186 
0.115163 0.0230327 0.0728357 0.0325731 0.0830455 0 0.0230327 0.0515026 0.0460653 0.0515026 
0.0803568 0.0315185 0.0945556 0.044574 0.0803568 0.0668609 0.044574 0.0498352 0.0630371 0.0803568 
0.0889988 0.0780571 0.232867 0 0.110389 0.174541 0.110389 0.0551947 0.150146 0.0780571 
0.0542875 0.0767742 0.135719 0.0271438 0.162863 0.0606953 0.0383871 0.0978682 0.173805 0.0978682 
0.0230679 0.0230679 0.0461358 0.0326229 0.0326229 0.0515813 0 0.0461358 0.0831724 0.0515813 
0.0911921 0.0799808 0.0252922 0.0252922 0.056555 0.0799808 0.056555 0.0252922 0.0799808 0.0758765 
0.0245718 0.0885949 0.0694996 0.143277 0.0777029 0.164833 0.0491436 0.0549442 0.0885949 0.101312 
0 0.047498 0.0979197 0.100759 0.075101 0.075101 0.0335862 0.0531044 0.047498 0.106209 
0.0268705 0.0268705 0.0849719 0.134352 0.0380006 0.0537409 0.0380006 0.0268705 0.0849719 0.0760011 
0 0.0234259 0.140555 0.0702777 0.178406 0.119449 0.0234259 0.0523819 0.0965874 0.0844632 
0.133538 0.0236063 0.100153 0.070819 0.0527853 0.0333844 0.0527853 0.0236063 0.105571 0.0746497 
0.0240964 0.0240964 0.0240964 0.0481928 0.0240964 0.0340774 0.0722892 0.0240964 0.0681549 0.0538812 
0.0243019 0.0543406 0.0729056 0.0768492 0.108681 0.034368 0.0486037 0.068736 0.034368 0.034368 
0.057982 0.103721 0.057982 0.036671 0.057982 0.036671 0.0259303 0.0259303 0.0259303 0 
0.0339202 0.0536326 0.206329 0.0536326 0.44031 0.169601 0.0479705 0.0536326 0.174615 0.0339202 
0.0474046 0.0474046 0.0529999 0.0335201 0.0474046 0.0237023 0 0.0237023 0.0237023 0.0335201 
0.066386 0.023471 0.023471 0.023471 0.046942 0.0524828 0.023471 0.023471 0.046942 0.0524828 
0.0696522 0.0696522 0.0492515 0.0348261 0.0348261 0.0246258 0.0246258 0.0348261 0.0738773 0.0738773 
0.0624831 0.0294548 0.0416554 0.0589096 0.139716 0.0589096 0.0294548 0.0658629 0.104138 0.0624831 
0.0469711 0.0234856 0.0332136 0.0742679 0.0525153 0.0846784 0.0469711 0.0742679 0.0525153 0.0525153 
0.0465116 0.0465116 0.0328887 0.0520016 0.0328887 0 0.0232558 0.0657774 0.0232558 0.0520016 
0.0786524 0.0497442 0.0556157 0.0786524 0.151291 0.0746162 0.0786524 0.0248721 0.0746162 0.0786524 
0 0.0320668 0.050702 0.128267 0.0906985 0.0680239 0.0226746 0.0226746 0.0934899 0.0680239 
0.123835 0.07832 0 0.150652 0.0892986 0.105077 0.0553806 0 0.0892986 0.07832 
0.0794301 0.0374437 0.0592037 0.161052 0.149775 0.0837267 0.0592037 0.0592037 0.0837267 0.132384 
0.0357685 0.0252922 0.178843 0.107306 0.203912 0.128965 0.0357685 0 0.104282 0.056555 
0.0357001 0.0252438 0.0357001 0.112893 0.0252438 0 0.0357001 0 0 0.104083 
0.0505964 0.0357771 0 0.104307 0.101193 0.0252982 0.0505964 0.0715542 0 0.0565685 
0.0463428 0.0231714 0.0231714 0.103626 0.0231714 0.0463428 0.0231714 0 0.0327693 0.0926855 
0.0354608 0.0501491 0.0501491 0.0709215 0.0560684 0.0250746 0.0250746 0.0560684 0.0560684 0.0752237 
0.0367297 0 0.0519437 0.0519437 0.0734594 0.0519437 0.0367297 0.0367297 0.0936428 0.0519437 
0.0392232 0.027735 0.027735 0.083205 0.0784465 0.05547 0.0392232 0.0392232 0.0877058 0.083205 
0.0428525 0.0677557 0.0677557 0.0642787 0.107131 0.0606026 0.0214262 0.0606026 0.0642787 0.0428525 
0.0201763 0.0403526 0.0638031 0.0451156 0.0902312 0.0451156 0.0451156 0.0201763 0.0638031 0.0285336 
0 0 0.0252177 0.0909235 0.0563884 0 0.0797452 0.0563884 0.0252177 0.0797452 
0.152654 0.0539713 0.076327 0.0724101 0.120684 0.0539713 0.0341345 0.0341345 0.0682689 0.0539713 
0.0611189 0 0 0.038655 0 0 0.038655 0.07731 0.0611189 0.0546664 
0.0321537 0.0682082 0.122438 0.0819761 0.0937433 0.0909443 0.0321537 0.0643073 0.096461 0.0937433 
0.0571056 0.0361167 0.0722335 0.0361167 0 0.0255384 0.0255384 0 0.0255384 0.0510768 
0.0339887 0.0339887 0.0339887 0.0679775 0.0537409 0.0537409 0.0537409 0.0339887 0.120168 0.0537409 
0.0301203 0.0301203 0.124189 0.0301203 0.129553 0.0673511 0.0476245 0.0476245 0.0602407 0.0301203 
0.0486037 0.121509 0.0543406 0.0243019 0.0486037 0.0243019 0.034368 0.0243019 0.0543406 0.0486037 
0.0675641 0.0534141 0.047775 0.0675641 0.075539 0.0238875 0.0238875 0.0534141 0.0534141 0.047775 
0.0231792 0.0327803 0.0518302 0.0955701 0.163901 0.0732989 0.0327803 0.0231792 0.0327803 0 
0 0.0224719 0.0449438 0.0224719 0.0502487 0.0224719 0.0674157 0.0224719 0.0502487 0.0317801 
0 0.023749 0.023749 0.047498 0.0531044 0.023749 0.023749 0.0531044 0.075101 0.023749 
0.111562 0.0831531 0.0371872 0.0371872 0.264265 0.131477 0 0.0371872 0.153327 0.153327 
0.123764 0.0513903 0.123764 0.0726768 0.0325021 0.0513903 0.0689473 0.0513903 0.0459649 0.0459649 
0.0570359 0.163326 0.171108 0.108218 0.180363 0.183935 0.229565 0.127536 0.183935 0.148731 
0.0578702 0 0 0.0818408 0.0258803 0.0517607 0.0258803 0.0517607 0.0517607 0.0578702 
0.0459013 0.0946279 0.0725763 0.0459013 0.123593 0.0513192 0.0324571 0.0229506 0.0229506 0.0649142 
0.091857 0.0229642 0.0513496 0.0229642 0.217858 0.114821 0.0513496 0.0827988 0.167182 0.0324764 
0.0226093 0.0452187 0.050556 0.0904373 0.050556 0 0.0319744 0.0226093 0.0226093 0.0815191 
0.0573162 0.03625 0.03625 0.0724999 0.10253 0.0512652 0.0256326 0.138036 0.105686 0.0724999 
0.0348949 0.0348949 0.123372 0.088965 0.174475 0.156055 0.0551737 0.0780274 0.0551737 0.0986978 
0.116083 0.0519139 0.0464332 0.0232166 0.0734174 0.0734174 0.0232166 0.125025 0.0734174 0.116083 
0.0936428 0 0.0259718 0 0.107085 0.0259718 0 0.0580748 0.0580748 0.0259718 
0.0271438 0.0383871 0.162863 0.0542875 0.0606953 0.158274 0.0606953 0.0814313 0.0767742 0.0767742 
0.0773302 0.0345831 0.0546807 0.024454 0.0546807 0.0546807 0.0345831 0.0691663 0.0546807 0.08817 
0.139241 0.0696205 0.16512 0.132554 0.179197 0.149725 0.0778381 0.0778381 0.155676 0.0887491 
0.0482068 0.0340873 0.0993808 0.0538968 0.102262 0.0241034 0.0241034 0.0482068 0.086906 0.0340873 
0.0253144 0.0253144 0 0.0566048 0.0566048 0.0566048 0.0358 0.0566048 0 0.0716 
0.0266785 0.0800356 0.0680172 0.106714 0.132052 0.0800356 0.0843649 0.0943228 0.0421825 0.0565937 
0.0810185 0.0710579 0.112352 0.0502455 0.0810185 0.0926482 0.121007 0.0502455 0.0502455 0.044941 
0.089026 0.0740741 0.0349189 0.123457 0.0349189 0 0.0740741 0.101805 0.0246914 0.0552116 
0.103327 0.0606757 0.05427 0.192831 0.192831 0.0383747 0.103327 0.103327 0.027135 0.0606757 
0 0.0392081 0.0876721 0.0784163 0.0706835 0.0392081 0.0392081 0.0706835 0.0784163 0.0277243 
0.119977 0.0970142 0.0665512 0.0970142 0.0526134 0.0470588 0.0941176 0.0970142 0.0235294 0.0332756 
0.0877058 0.0769231 0.0543928 0.0243252 0.0769231 0.0243252 0.0543928 0.0486504 0.0543928 0.0243252 
0.0957245 0.0232166 0.0957245 0.0734174 0.0656665 0.0328332 0.0519139 0.0519139 0.0519139 0.0519139 
0.0334801 0.0334801 0.0853579 0.0710221 0.023674 0.0334801 0.0748639 0.0710221 0.0473481 0.0748639 
0.0990679 0.07832 0.0743009 0.0350258 0.0700516 0.024767 0.07832 0.024767 0.07832 0.0700516 
0.104533 0.0522664 0.116871 0.10775 0.0942245 0.0942245 0.0826404 0.10775 0.0522664 0.0261332 
0.0991722 0.0240528 0.0537837 0.0537837 0.0537837 0.129528 0.0240528 0.0240528 0.0537837 0.0537837 
0.0346557 0 0.0547955 0.0547955 0.0245053 0.0547955 0 0.0774926 0.0490106 0.0883552 
0.0733667 0.0366834 0.0366834 0.0580015 0.0778171 0.0366834 0 0.025939 0.025939 0.0366834 
0 0.0285249 0.0403403 0.0285249 0.0637836 0.0902036 0.0902036 0.599023 0.0637836 0.0637836 
0.0863744 0.0863744 0.0863744 0.0479119 0.0535672 0.023956 0.0479119 0.0479119 0.0338788 0.0718679 
0.023608 0.023608 0.0667734 0.023608 0.0708239 0.0667734 0 0.0333867 0.0333867 0.0333867 
0.071247 0.0531044 0.0531044 0.023749 0.047498 0.118745 0.071247 0.047498 0.121097 0.0335862 
0.0255551 0.0571429 0.0571429 0.0255551 0.0808122 0.0255551 0.0361403 0.0921401 0.0808122 0.0511101 
0.295936 0.0551444 0.0348764 0.0348764 0.0739839 0.0348764 0.0889176 0.0739839 0.0493226 0.0493226 
0.057687 0.0364844 0.0515968 0.0515968 0.0930174 0.057687 0.0257984 0 0.0815817 0.0257984 
0.0858794 0 0.0208288 0.0294564 0.0624864 0.0465746 0.0624864 0.0931493 0.0589128 0.0624864 
0.0688927 0.0229642 0.0324764 0.0827988 0.0513496 0.0827988 0.0459285 0.0688927 0 0 
0.0658744 0.0219581 0 0.0439163 0.0694377 0.0490999 0.062107 0.0791712 0.0219581 0.0694377 
0 0.0328931 0.0465179 0.116295 0.0328931 0.0838614 0.0697769 0.104017 0.0520086 0.0930358 
0.0269264 0.0951992 0.0425744 0.0785033 0.134632 0 0.0425744 0.0686492 0.0425744 0 
0.022236 0.0703163 0.0497211 0.11118 0.0497211 0.0801729 0.0628928 0.0314464 0.0497211 0.022236 
0 0.023749 0.023749 0.047498 0.0949961 0.075101 0.047498 0.023749 0.0335862 0 
0.0279919 0.0442591 0.0559838 0.0816097 0.0885181 0.0839756 0.0559838 0.0559838 0.0279919 0.0593797 
0.0263409 0.0372516 0 0.0263409 0.0832972 0.0372516 0.0372516 0 0.0949734 0.131704 
0.0820265 0.106949 0.0366834 0.106949 0.0580015 0.0580015 0.0733667 0.0820265 0.0366834 0.025939 
0 0.037699 0.0266572 0.0596073 0.0799716 0.0266572 0 0 0.0596073 0.0596073 
0.0232495 0.0657596 0.0232495 0.0328798 0.0735215 0.191721 0.0328798 0.0735215 0.0929981 0.0697486 
0.0694336 0.0310516 0.0981939 0.0981939 0.0621033 0.0490969 0.0310516 0.0878273 0.0310516 0.0310516 
0.0272722 0.0983312 0.0609824 0.159023 0.0609824 0.0272722 0.0862422 0.0818165 0.0862422 0.0385687 
0.0500469 0.067145 0.0707771 0.0500469 0.067145 0.0223817 0 0.0447633 0.0223817 0.0500469 
0.104862 0.0568696 0.170609 0.0804258 0.16285 0.101731 0.0568696 0.127164 0.107902 0.0916995 
0.0464991 0.0519875 0.0958603 0.0697486 0.0735215 0.0697486 0.0519875 0.0232495 0.0328798 0.0464991 
0.0730492 0.0516536 0.0516536 0.0516536 0.0462003 0.0832888 0.117788 0.0516536 0 0.0693005 
0.0843303 0.0330771 0.116945 0.0935561 0.119261 0.0330771 0.070167 0.023389 0.0661541 0.023389 
0.053846 0.053846 0.0481613 0.0992871 0.107692 0.0340552 0.053846 0.072242 0.0761497 0.102166 
0.0321329 0.0508066 0.0681642 0.0718514 0.0963987 0.0681642 0.0642658 0.0819232 0.0454428 0.0508066 
0.0635706 0.0402056 0.0568593 0.0635706 0.0804111 0.0402056 0.0284296 0.0899024 0.0635706 0.0402056 
0.097474 0.0540689 0.097474 0.0604508 0.0811033 0.0270344 0.0604508 0.0604508 0.0604508 0.0854904 
0.105635 0.0292979 0.117192 0 0.120798 0.0828671 0.0585959 0.0655122 0.0926482 0.0414335 
0.0823911 0.0651359 0 0.148533 0.0291296 0.0582593 0.0291296 0.116519 0.0651359 0.0411955 
0.0220863 0.0441726 0.0493865 0.0312348 0.0220863 0.0441726 0.0312348 0.112619 0.0883452 0.0312348 
0.0835736 0.0835736 0.0518302 0.148419 0.199395 0.0983408 0.0518302 0.0732989 0.0955701 0.118191 
0.097727 0.0474046 0.118511 0.0670402 0.097727 0.13408 0.0529999 0.0237023 0.0854598 0.0749532 
0.146695 0.0229099 0.0687298 0.0971987 0.348954 0.0916398 0.0687298 0.817728 0.0323996 0.082603 
0.0743859 0.0235229 0.0470458 0.0470458 0.0525988 0.084813 0.0235229 0.0470458 0.0470458 0.0525988 
0.0762701 0.0602968 0.0972257 0.038135 0.134828 0.0602968 0.0539311 0.0602968 0.0269655 0 
0.107972 0.0359908 0.148394 0.0804778 0.0917589 0.0569064 0.0254493 0 0.0569064 0.0254493 
0.107907 0.0943616 0.0740233 0.0585206 0.0370117 0.0370117 0.104685 0.0523424 0.0523424 0.0585206 
0.138835 0.0878072 0.0785371 0.0878072 0.0620891 0.0277671 0.0620891 0.100116 0.114487 0.0277671 
0.0714083 0.0532246 0.0714083 0.0981414 0.858221 0.0336622 0.0476056 0.0238028 0.075271 0.0476056 
0.039133 0.114091 0.0553425 0.110685 0.114091 0.0618747 0.09977 0.0875041 0.141096 0.123749 
0.0923211 0.0572551 0.105573 0.0768158 0.0362113 0.0362113 0.0572551 0.0512106 0.0923211 0.0724227 
0 0.0317721 0.0317721 0.0224662 0.0317721 0.0810032 0.050236 0.0224662 0.050236 0.0224662 
0.0839807 0.0232921 0.0658799 0.125432 0.1647 0.11646 0.0465841 0.0232921 0.0520826 0.125432 
0.0493677 0.0246838 0.0551947 0.0551947 0.0987353 0.0493677 0.0246838 0.0551947 0 0.0246838 
0.0470458 0.0332664 0.0470458 0.0525988 0.0235229 0.0665328 0.0235229 0.117615 0.0705687 0.0470458 
0.0265162 0.0530325 0.0592921 0.0592921 0.0592921 0 0.0265162 0.0265162 0.0592921 0.0592921 
0.0754612 0.0562455 0.0503075 0.103712 0.0795431 0 0.0355728 0.0355728 0.0503075 0.0562455 
0.0771919 0.0545829 0.122051 0.103564 0.122051 0.0976409 0.0244102 0.0488204 0.0488204 0.0880123 
0.0925871 0.025679 0.0770371 0.0363156 0.0812043 0.0363156 0.0363156 0.025679 0.025679 0.025679 
0.0448449 0.100276 0.130744 0 0.0634202 0.0709059 0.100276 0.0709059 0 0.0448449 
0.110789 0.0307274 0.137417 0.117007 0.12291 0.0869103 0.0783399 0.0434552 0.0687087 0.0783399 
0.050611 0.0715748 0.0452679 0.0226339 0.101222 0.0320092 0.050611 0.0452679 0.050611 0 
0.0522352 0.0522352 0.119115 0.170065 0.0934411 0.0738717 0.0330364 0.0738717 0.0963169 0.0738717 
0.0843649 0.0533571 0.0800356 0.0533571 0.194223 0.0961908 0.059655 0 0.0266785 0.059655 
0.023749 0.0531044 0.0856283 0.023749 0.100759 0.0531044 0 0.075101 0.0531044 0.023749 
0.0238095 0.0238095 0.0336718 0.0752923 0.047619 0.0532397 0.0532397 0.97619 0 0.0238095 
0.022236 0.0497211 0.0703163 0.0667079 0.0703163 0.0801729 0.0444719 0.022236 0.0916812 0.0889438 
0.0644115 0.0644115 0.0644115 0.164218 0.0509218 0.0509218 0.0322057 0 0.0322057 0.0227729 
0.511031 0.0777232 0.0482019 0.0681677 0.0777232 0.0304855 0.0964037 0.25139 0.0681677 0.0215565 
0.227626 0.167888 0.128765 0 0.0455251 0.0910503 0.164143 0.291503 0.187705 0.201548 
0.0231714 0.115857 0.0231714 0.146549 0.0732743 0.0835456 0.0463428 0.0518128 0.095538 0.0518128 
0.0773779 0.0429215 0.0607002 0.0773779 0.0678649 0.0429215 0.0607002 0.0429215 0.0678649 0.0910503 
0.0475652 0.0300828 0.0850871 0.106359 0.0877058 0.0672673 0.0425436 0.142695 0.0601657 0.0300828 
0.080488 0 0.0848418 0.0379424 0.107317 0.080488 0.0536587 0.0599922 0.0379424 0.119984 
0.0565369 0.0252841 0.101136 0.0252841 0.15991 0.091163 0.0565369 0 0.0252841 0.161897 
0.075653 0.126088 0.103975 0.237903 0.295165 0.252177 0.103975 1.52332 0.128585 0.232495 
0.0231792 0.0463583 0.0231792 0.115896 0.0927166 0.0518302 0.0518302 0.0327803 0 0.0231792 
0.0224365 0.03173 0.0808961 0.112183 0.0925082 0.0634601 0.0224365 0.03173 0.0673096 0.0634601 
0 0.0252982 0.0758947 0.08 0.0565685 0.0357771 0.0252982 0.0252982 0.0758947 0.0565685 
0.0875247 0.03433 0.04855 0.0767643 0.0542805 0.04855 0.0542805 0 0.04855 0.024275 
0.0531795 0.0531795 0.0237826 0.0237826 0.0475652 0.0713477 0 0.0531795 0.0672673 0.0713477 
0.16017 0.0949405 0.153539 0.0372387 0.0263318 0.0372387 0.0949405 0.0588796 0.0744774 0.0526635 
0 0.0752444 0.0981066 0.0237944 0.0981066 0.106412 0.0475887 0.0336503 0.0336503 0.0336503 
0.0896131 0.0283382 0.113353 0.0633661 0.113353 0.0633661 0.0283382 0.120229 0.0283382 0 
0.160665 0.0908856 0.0718514 0.0508066 0.0454428 0.113607 0.0936828 0.122359 0.0819232 0.0227214 
0.0715828 0.0912505 0.075925 0.0357914 0.0506167 0.0565912 0.080032 0.0506167 0.0253083 0.0715828 
0.034493 0.0879403 0.201127 0.156174 0.0879403 0.0879403 0.0545382 0.034493 0.103479 0.0545382 
0.0533666 0.0596656 0.0800498 0.186783 0.1601 0.136059 0.0533666 0.110018 0.0754717 0.0962079 
0.0759063 0.0210526 0.446594 0.20841 1.03565 0.31649 0.0631579 0.0297729 0.0470751 0.0842105 
0.0856706 0.0475215 0.0336028 0.0751381 0.0531306 0.0751381 0.0237607 0.0751381 0.0237607 0.0751381 
0.045977 0.0514039 0.0229885 0.0229885 0.072696 0.102808 0.0229885 0.0229885 0.0325107 0.072696 
0.367607 0.114666 0.135135 0.360586 0.230919 0.292342 0.427335 0.727725 0.298523 0.217899 
0.091375 0.0801412 0.113337 0.0358402 0.091375 0.0566684 0.0253429 0.0253429 0.0358402 0.0760286 
0.0896852 0.0896852 0.215991 0.126834 0.261475 0.24397 0.0850829 0.141805 0.0850829 0.261475 
0.0208867 0.06266 0 0.132099 0.046704 0.0295382 0.046704 0.0861179 0.0208867 0.0208867 
0.091214 0.0565685 0.0357771 0.091214 0.08 0.0252982 0.0357771 0.0565685 0.0505964 0.0357771 
0.0357314 0.0564963 0.0357314 0.0757977 0.0357314 0.0798978 0.0757977 0.101064 0 0 
0.0729056 0.034368 0.034368 0.103104 0.0543406 0.0243019 0.0243019 0.034368 0.0876216 0.034368 
0.039133 0.0618747 0.0276712 0.078266 0.141096 0 0.039133 0.09977 0.09977 0.114091 
0.0918407 0.025472 0.148526 0.0569572 0.105024 0.0918407 0.0569572 0.105024 0.105024 0.050944 
0.0237607 0.0712822 0.095043 0.0475215 0.0475215 0.0856706 0.0237607 0.0712822 0.0475215 0.0237607 
0.0235278 0 0.0332733 0.0235278 0.0526097 0.0332733 0.0744014 0.0332733 0.0941111 0.0332733 
0.0769208 0.0307683 0.0769208 0.097298 0.0461525 0.0153842 0.0307683 0.0935782 0.0688001 0.0461525 
0.0713024 0 0.0237675 0.0751593 0.0672245 0.0531456 0.0713024 0.0531456 0.0531456 0.0856948 
0.977974 0.0260909 0.058341 0.0825067 0.198702 0.0940721 0.130455 0.0825067 0.0825067 0.0368981 
0.0468518 0.0234259 0.0234259 0.0523819 0.0523819 0.0331292 0.0331292 0.0468518 0.0523819 0.0468518 
0.0336694 0 0.119039 0.0858404 0.0238078 0.0238078 0.0336694 0.0532359 0.0714235 0.0532359 
0.0246895 0.0246895 0.110415 0.0987579 0.0552073 0.078075 0.0740684 0.0552073 0.0698324 0.0740684 
0.112167 0.162678 0.126697 0.0931493 0.104144 0.0658665 0.0858794 0.0465746 0.0208288 0.151636 
0.144187 0.057675 0.155295 0.0407824 0.0644826 0.0911921 0.0644826 0.057675 0.0911921 0.1189 
0.0688021 0.0324336 0.0458681 0.0945594 0.123504 0.0648672 0.0458681 0.0512821 0.0826898 0.0725238 
0.0668293 0.0472554 0.203253 0.0708832 0.0974196 0.0236277 0 0.085191 0.085191 0.0668293 
0.02797 0.0815458 0.0625428 0.02797 0.0197778 0.02797 0.0625428 0.0442244 0.0839099 0.0988888 
0.0571283 0.0201979 0.0571283 0.0403958 0.172571 0.100989 0.0638714 0.0856924 0.102989 0.0807916 
0.0292901 0.0926234 0.0207112 0.220163 0.166979 0.0621336 0.0207112 0.111533 0.0746753 0.103556 
0.0310797 0.0219767 0.0439534 0.0439534 0.0439534 0.0694964 0.0694964 0.0310797 0.0310797 0.0491414 
0.0259718 0.132431 0.0779155 0.0821302 0.0936428 0.0367297 0.0821302 0.0821302 0.0580748 0.0580748 
0.0702338 0.0314095 0.0444198 0.0496628 0.0702338 0.125638 0.0314095 0.111049 0.0496628 0.0702338 
0.0580601 0.0259653 0.0821094 0.0778958 0.0580601 0.0519305 0.0367204 0.0821094 0.0580601 0.0580601 
0.0377124 0.0596285 0.17075 0.0596285 0.0754247 0.096148 0.0596285 0 0.0596285 0.17075 
0.0373132 0.0373132 0.485071 0.333739 0.798537 0.0746263 0.34401 0.634324 0.200938 0.211075 
0.0348234 0.0246239 0.0778676 0.0984956 0.110121 0.101527 0.0550607 0.0887827 0.0550607 0.0348234 
0.0575817 0.0364178 0.0772539 0.0728357 0.115163 0.0257513 0 0.0728357 0.0772539 0.0364178 
0.0229627 0.0324742 0.147033 0.0513462 0.0324742 0.0513462 0.0513462 0.0459255 0.0726145 0.0229627 
0.0933129 0.0258803 0.0578702 0.11574 0.0818408 0.0366003 0.0732007 0.0258803 0.0258803 0.0258803 
0.034368 0 0.0729056 0.034368 0.0972074 0.034368 0.0486037 0.0243019 0.100199 0.0768492 
0.0360727 0.0255072 0.0510144 0.0360727 0.105169 0.0510144 0.0255072 0 0.0919676 0 
0.0679903 0.0912185 0.13767 0.0860016 0.135981 0.144229 0.0480764 0.0608123 0.13767 0.0860016 
0.0417893 0.0660746 0.059099 0.159129 0.0660746 0.0934437 0.0934437 0.132149 0.0295495 0.0835786 
0.0644826 0.0288375 0.103975 0.144187 0.16815 0.122347 0 0.155295 0 0.203912 
0 0.0357001 0.0504875 0.0357001 0.100975 0.0252438 0.0714001 0.0357001 0.0564467 0.112893 
0.075925 0.0565912 0.113182 0.0253083 0.169774 0.080032 0.0357914 0.104349 0.0715828 0.080032 
0.0442699 0.0442699 0.0989905 0.0221349 0.0494952 0.0221349 0.0442699 0.0699968 0.0494952 0.0313035 
0.0707107 0.0353553 0.05 0.111803 0.0901388 0.0559017 0.0353553 0.0559017 0.0353553 0.05 
0.03625 0.0256326 0.0573162 0.114632 0.03625 0.0512652 0.0573162 0.0256326 0.0256326 0.0512652 
0.0227214 0.0227214 0.0508066 0.101613 0.0321329 0.0321329 0.0227214 0 0.0321329 0.0227214 
0.0208288 0.0294564 0.0750994 0.0465746 0.0208288 0.0465746 0.0750994 0.0208288 0.0465746 0.0294564 
0.0599222 0.026798 0.163006 0.0847427 0.107192 0.0599222 0.0599222 0.13399 0.0847427 0.026798 
0.0480181 0.0214744 0 0.0858975 0.0960363 0.0679079 0.107372 0.107372 0.0679079 0.0214744 
0.132973 0.031342 0.148668 0.0221621 0.0799066 0.0221621 0.049556 0.0700827 0.049556 0.0221621 
0.0761497 0.0240807 0.161538 0.072242 0.192645 0 0.0481613 0.0681104 0.0340552 0.053846 
0.0372387 0.0372387 0.0372387 0.16017 0.0588796 0.0789953 0.0372387 0.679543 0.0526635 0.166537 
0.0246914 0.0552116 0.0349189 0.089026 0.0493827 0.0552116 0.0246914 0 0.0246914 0.0246914 
0.106558 0.182848 0.0794239 0.12558 0.0355194 0.0561612 0.152775 0.103556 0.0561612 0.100464 
0.0492889 0.0779326 0.143701 0.177714 0.0739333 0.0492889 0.0551067 0.0888568 0.0246444 0 
0.0234259 0.0702777 0.0702777 0.0965874 0.104764 0.0523819 0.0740792 0.0740792 0.0234259 0.0662584 
0.256519 0.0795431 0.0562455 0.103712 0.0355728 0.0906931 0.0906931 0.0503075 0.0251537 0.128259 
0.576858 0.0229099 0.0512282 0.0647991 0.194397 0.082603 0.0687298 0.133587 0.0229099 0.166787 
0.0336694 0.0476157 0.0532359 0.0858404 0.0238078 0.0981622 0.0532359 0.0238078 0.075287 0.0858404 
0.0336622 0.0858221 0.286623 0.212899 0.0336622 0.0532246 0.0238028 0.0476056 0.0532246 0.0336622 
0.391163 0.0330004 0.16827 0.0521783 0.0233348 0.0466696 0.0466696 0.0700045 0.0521783 0.0521783 
0.100295 0.153846 0.121626 0.0486504 0.141839 0.103203 0.153846 0.121626 0.0877058 0.0486504 
0.0593809 0.0593809 0.0531119 0.0375558 0.0957488 0.0531119 0.026556 0.026556 0.0531119 0 
0.0725238 0.0362619 0.0362619 0.025641 0.0512821 0.025641 0.0512821 0.081084 0.0362619 0.025641 
0.0865049 0.0479843 0.153625 0.053648 0.119961 0.0758698 0.053648 0.03393 0.145938 0.03393 
0.0547094 0.0489336 0.0244668 0.0346012 0.0734003 0.0882162 0.0882162 0.122334 0.0346012 0.0346012 
0.0349642 0.0349642 0.0988936 0.123617 0.0891415 0.0741702 0.0349642 0.0781823 0.0891415 0.0781823 
0.0257663 0.0515325 0.0576151 0.103065 0.072878 0.0576151 0.0814801 0.0257663 0.036439 0.106237 
0.057687 0.057687 0.182422 0.0364844 0.0257984 0.0257984 0.0515968 0.057687 0 0.057687 
0.10643 0.0376288 0 0.10643 0.0841406 0.0594964 0.0798228 0.133038 0.0594964 0.0266076 
0.132164 0.155517 0.0579576 0.0819645 0.0366556 0.0579576 0.157662 0.13958 0.0934539 0.132164 
0.0737912 0.0233348 0.0990013 0.0330004 0.0700045 0.14194 0.0521783 0.0233348 0.0466696 0.104357 
0.0744065 0.108465 0.0588235 0.083189 0.0744065 0.0372033 0.0588235 0.0588235 0.105227 0.105227 
0.0465085 0.0657729 0.0735364 0.0328865 0.125228 0.0465085 0.0519981 0.0465085 0.0232542 0.0838444 
0.0334614 0.0334614 0.137965 0.0975559 0.127417 0.0946431 0.0236608 0.0529071 0.118304 0.0975559 
0 0.0359675 0.0359675 0.0568696 0.0762986 0 0.0359675 0.0804258 0.0359675 0.0508657 
0.0226746 0.050702 0.050702 0.0320668 0.0226746 0.0641335 0.0320668 0.0641335 0.050702 0.050702 
0.0990934 0.0240337 0.0240337 0.0990934 0.101966 0.0760011 0.0339887 0.0537409 0.0339887 0.107482 
0.0679903 0.0430008 0.0775208 0.0430008 0 0.0480764 0 0.0645012 0 0.0480764 
0.0248759 0.0786646 0.0248759 0.0746278 0.0351799 0.0556243 0.0497519 0.0556243 0 0.0786646 
0.105118 0.0831028 0 0.0788382 0.0587626 0.0587626 0.0262794 0.0262794 0.0831028 0.0525588 
0.0321391 0.0227258 0.0508164 0.0508164 0.0321391 0.0227258 0.0454516 0.0227258 0.0227258 0.0321391 
0.0432237 0.0483255 0.0305637 0.0648355 0.0483255 0.0648355 0 0.108059 0.0216118 0.0216118 
0.138207 0.0749532 0.0335201 0.0335201 0.0474046 0.0529999 0.097727 0.21332 0.0749532 0.0474046 
0.0612392 0.027387 0.038731 0.147483 0.0612392 0.054774 0.054774 0.112919 0 0.0774621 
0.0689809 0.0344904 0.0545342 0.109068 0.0879337 0.0975537 0.077123 0.077123 0.124357 0.124357 
0.0245997 0.0550065 0.101427 0.172198 0.0695784 0.0491993 0.0491993 0.0550065 0.0491993 0.077791 
0.058717 0.026259 0.026259 0.058717 0.0371359 0.058717 0.0742717 0.058717 0.058717 0.026259 
0 0.0444006 0.0222003 0.129449 0.0888012 0.062792 0.031396 0.0992828 0.031396 0.0666009 
0.134629 0.05 0.0901388 0.0559017 0.0353553 0.0790569 0.0559017 0 0.0559017 0.0353553 
0 0.0237607 0.0531306 0.0979681 0.0237607 0.0336028 0.0531306 0.121157 0.0475215 0.0336028 
0.0221119 0.0494438 0.0221119 0.031271 0.0884477 0.062542 0.093813 0.0663358 0.0494438 0.0699241 
0.138022 0.068072 0.195193 0.132308 0.113453 0.068072 0.0907627 0.1157 0.101476 0.113453 
0.0611736 0.0288375 0.0288375 0.0611736 0.0735215 0.057675 0.0288375 0.0288375 0.0407824 0.0203912 
0.0902101 0.0309418 0.166627 0.069188 0.0437583 0.0788865 0.0309418 0.0218792 0.0218792 0.0656375 
0.0328798 0 0.0328798 0.135567 0.0328798 0.0838274 0.0464991 0.0735215 0.0519875 0.0657596 
0.0310797 0.0491414 0.0879068 0.0621595 0.0491414 0.0982828 0.0219767 0.0659301 0.0439534 0.0219767 
0.0470295 0.0525806 0.150568 0.0525806 0.0969539 0.105161 0.0235148 0.126631 0.0743602 0.119902 
0 0.0729056 0.0768492 0.130869 0.0543406 0.0768492 0.0768492 0.100199 0.108681 0.123916 
0.0229946 0.0229946 0.0229946 0.179593 0.0514175 0.0689837 0.0325193 0.0650385 0.0514175 0.137967 
0.0558908 0.0558908 0.0790415 0.0279454 0.0279454 0.0395208 0.0279454 0.0279454 0.0624878 0.0279454 
0.0331633 0.0703501 0.02345 0.119572 0.119572 0.0524359 0.0741555 0.0966869 0.02345 0.02345 
0.0961908 0.133393 0.136034 0.059655 0.0800356 0.059655 0.0754583 0 0.0754583 0.0533571 
0.0918915 0.0704776 0.157593 0.0704776 0.140955 0.044574 0.044574 0.0498352 0.022287 0.0803568 
0.0453114 0.0679671 0.113279 0.145067 0.06408 0.0816863 0.0506597 0.0226557 0.0453114 0.03204 
0.0837595 0.0519454 0.169122 0.187292 0 0.0519454 0.0734619 0.0734619 0.0734619 0.0519454 
0.091214 0.0357771 0.0715542 0.0565685 0.136235 0.0565685 0.0357771 0.0565685 0.147513 0.107331 
0.075287 0.0336694 0.0476157 0.0532359 0.0981622 0.0532359 0.0238078 0.0532359 0.0714235 0.0532359 
0.0531044 0.0531044 0.0856283 0.047498 0.075101 0.0671724 0.047498 0.0531044 0.118745 0.172895 
0 0.0256221 0.0572927 0.0256221 0.0768662 0.0362351 0.0256221 0.0256221 0.0256221 0.0362351 
0.0564963 0.0564963 0.101064 0.107194 0.112993 0.104174 0.0252659 0.0357314 0.0564963 0.0798978 
0.0315814 0 0 0.0631627 0.0499345 0.0315814 0.0499345 0.0499345 0.0446628 0 
0.466163 0.30697 0.58998 1.36473 1.64463 0.715891 0.620174 0.516087 0.208013 0.765858 
0.0521818 0 0.256966 0.110694 0.282216 0.175023 0.0260909 0.0260909 0.0782727 0.0368981 
0.0464991 0.0328798 0.0232495 0.0838274 0.0464991 0.0519875 0.0328798 0.0464991 0.0657596 0.0519875 
0.0780457 0.0484019 0.043292 0.030612 0 0.030612 0.0484019 0.0484019 0.0484019 0.0865839 
0.0739626 0.070167 0.0661541 0.0843303 0.0330771 0 0.0330771 0.046778 0.0522994 0.0843303 
0.0585802 0.0292901 0.138935 0.0463117 0.0926234 0.0926234 0.0463117 0.0654946 0 0.0207112 
0.132256 0.132256 0.118294 0.0529025 0.0264512 0.0836461 0.0793537 0.0374077 0.0591468 0.0374077 
0.0843799 0.0754717 0.0800498 0 0.133416 0.0754717 0.0596656 0.0596656 0.106733 0.133416 
0.0835456 0.115857 0.176468 0.0695141 0.176468 0.103626 0.0655385 0.199328 0.0835456 0.0655385 
0.155671 0.0696181 0.0984548 0.112587 0.0386172 0.11745 0.0193086 0.0796113 0.0273065 0.0193086 
0.0721219 0.0456139 0 0.0822316 0.101996 0.0228069 0.0721219 0.0509978 0.0228069 0.0322539 
0.0749168 0.0657063 0.103891 0.0929228 0.0657063 0.0749168 0.0464614 0.0207782 0.0623345 0.0207782 
0.0535806 0.023962 0.160742 0.159846 0.0718859 0.0535806 0.0987978 0.113662 0.0378872 0.0378872 
0.0587626 0 0.0525588 0.111494 0.0262794 0.0788382 0.0831028 0.0587626 0.0262794 0.0262794 
0.0324336 0 0.0458681 0.123504 0.0458681 0.0648672 0.022934 0.0458681 0.022934 0.0725238 
0.0265162 0.0265162 0.0265162 0.109329 0.0795487 0.0592921 0.0592921 0.0592921 0.0530325 0.0838517 
0.0356207 0 0.0356207 0.0503753 0.0712414 0.0356207 0.0356207 0.0563213 0.0503753 0 
0.0261332 0.0261332 0.10775 0.0584356 0 0.0261332 0.0522664 0.0826404 0.0522664 0.0584356 
0.025 0.0559017 0.0353553 0.152069 0.175 0.127475 0 0.0559017 0.0353553 0.125 
0.0552832 0.0247234 0.188288 0.0247234 0.104893 0.0699284 0.0494468 0.0552832 0.0781823 0.0552832 
0.0694377 0.0490999 0 0.0310535 0.109791 0.109791 0.0694377 0.0905357 0.0310535 0.0490999 
0.0973053 0.0269876 0.0973053 0.0603462 0.0269876 0.114499 0.0539753 0.0973053 0.0853424 0.0381663 
0.174594 0.0740741 0.0987654 0.104757 0.125902 0.125902 0.0780809 0.0552116 0.125902 0.0780809 
0.1 0.0745356 0.0235702 0.0707107 0.120185 0.0527046 0.0745356 0.105409 0.0235702 0.0527046 
0.0458614 0.0205099 0.0648579 0.10458 0.129716 0 0.0458614 0.0580106 0.0648579 0.0458614 
0.034401 0.0243252 0.108786 0.0688021 0.248069 0.0243252 0 0.034401 0.0486504 0.0243252 
0.0490703 0.0693959 0.0490703 0.0791235 0.133486 0.0904812 0.0620696 0.138792 0.109725 0.0693959 
0.0495408 0.0798821 0.0626647 0.0913487 0.0495408 0.129187 0.0313323 0.0626647 0.0495408 0.0990816 
0.146573 0.146573 0.0340774 0.0340774 0.0340774 0.0340774 0.0963855 0.144578 0.0538812 0.0240964 
0.135128 0.0534141 0.106828 0.145302 0.0238875 0.033782 0.101346 0.0675641 0.0238875 0.0534141 
0.64305 0.865245 0.151568 0.374887 0.296374 0.279961 0.0735215 0.164399 0.151568 0.303137 
0.0580357 0.0734099 0.0580357 0.0820748 0.0820748 0.0259543 0.036705 0.0820748 0.0259543 0.0519087 
0.0710445 0.0673987 0.0224662 0.050236 0.0449325 0.0317721 0.050236 0.050236 0.0317721 0.0317721 
0.0547483 0.0387129 0.0612105 0.0273742 0.0612105 0.0547483 0.0612105 0.0612105 0.0387129 0.0821225 
0.0489336 0.0489336 0.186333 0.0692025 0.131758 0.0489336 0.0489336 0.0882162 0.0346012 0.0489336 
0.0852849 0.0585049 0.0462522 0.0745794 0.0827385 0.0654105 0.0462522 0.130821 0.105471 0 
0.0721219 0.0509978 0.0684208 0.0456139 0.0456139 0.0645077 0.0509978 0.0940354 0 0.0684208 
0.0265513 0.0593705 0.0593705 0.0593705 0.0375492 0.0265513 0.0265513 0.0265513 0.0375492 0.0375492 
0.0494952 0.0494952 0.0221349 0.0442699 0.0442699 0.0494952 0.0313035 0.0221349 0 0.0313035 
0.0424931 0.0212466 0.0766056 0.150236 0.106233 0.0600943 0.0212466 0.0637397 0.0475088 0.0637397 
0 0.0584356 0.0261332 0.0739158 0.175307 0.10775 0.0826404 0.130666 0.0783996 0.0942245 
0.0730236 0.0365118 0.0816429 0.0930872 0.186174 0.150542 0.0365118 0.0516355 0.129089 0.103271 
0.0709505 0.0224365 0.134619 0.120824 0.0673096 0.114404 0.114404 0.0709505 0.03173 0.100339 
0.0844819 0.0629691 0.0717958 0.0199126 0.232219 0.0821017 0.0629691 0.0796503 0 0.0629691 
0.0545382 0.0545382 0.240216 0.163615 1.07317 0.097561 0.034493 0.0879403 0.0731707 0.034493 
0.0579649 0.0289825 0.0289825 0.0409874 0.147782 0.168995 0.0289825 0.0409874 0.0648068 0.0916506 
0.0701808 0.0350904 0.0701808 0.0784646 0.173689 0.0350904 0.0248127 0.0554828 0.0350904 0.0350904 
0.100556 0.0545342 0.0243884 0.0731653 0.109068 0.0689809 0.0487769 0.0487769 0.0545342 0.0545342 
0.0796251 0.0907865 0.0503593 0.178047 0.183311 0.103818 0.0796251 0.940789 0.0712188 0.207637 
0.0913919 0.0289006 0.0646238 0.168518 0.148775 0.148775 0.0578013 0.0456959 0.0204358 0.0913919 
0.161891 0.0212574 0.0300624 0.0300624 0.0475329 0.0212574 0.0300624 0.0475329 0.0300624 0.0212574 
0.163341 0.176913 0.121981 0.23321 0.2026 0.193533 0.476217 0.904354 0.264158 0.208835 
0.0279454 0.100759 0.0395208 0.0558908 0.0883711 0.115222 0.0883711 0.0395208 0.0279454 0.0395208 
0.0335201 0.0529999 0.0854598 0.0529999 0.0529999 0.0335201 0 0.0854598 0.0529999 0.0529999 
0.0502202 0.0224592 0.0809776 0.112296 0.0710221 0.0635241 0.0224592 0.0224592 0.0673775 0.0502202 
0.0767616 0.0212899 0.196283 0.0673244 0.134649 0.0425797 0.0638696 0.0638696 0.0952111 0.108557 
0.0886376 0.0495499 0.0313381 0.0443188 0.0700741 0 0.0221594 0.0495499 0.0221594 0.0313381 
0.0747899 0 0.0557451 0.04986 0.0557451 0.02493 0.02493 0 0.02493 0.0352563 
0.0494438 0.0699241 0.0494438 0.0797257 0.11056 0.0442239 0.031271 0.0442239 0.093813 0 
0.0243884 0.0243884 0.0545342 0.0243884 0 0.0545342 0.0545342 0.0689809 0.077123 0.0243884 
0.0442894 0.0442894 0.0816657 0.0840333 0.0280111 0.0198068 0.0816657 0.0280111 0.0792273 0.0442894 
0.058717 0.0787771 0.108269 0.0787771 0.117434 0.0371359 0.0787771 0.148543 0.0371359 0.058717 
0.0288375 0.0407824 0.0407824 0.0735215 0.084075 0.0865125 0.0407824 0.0288375 0.0407824 0.0644826 
0.0741186 0.111178 0.108045 0.131024 0.148237 0.0741186 0.0585959 0.0828671 0.159398 0.159398 
0.0316525 0.0316525 0.0500469 0.0316525 0.0223817 0.067145 0.0316525 0.0500469 0.0316525 0.0633049 
0 0.13408 0.0587981 0.0262953 0.0262953 0.0262953 0.0587981 0.0831531 0.108418 0.0831531 
0.0229642 0.0229642 0.114821 0.0324764 0.185144 0.0649527 0.0513496 0.0324764 0.0459285 0.0513496 
0.0513192 0.0324571 0.0229506 0.0229506 0.0688519 0.0324571 0.0324571 0.0229506 0.0513192 0.0725763 
0.0355222 0.0561656 0.0561656 0.025118 0.112331 0.0561656 0.0355222 0 0.0753541 0.0561656 
0.0226339 0.0226339 0 0.0320092 0.0452679 0.0226339 0.0320092 0.0320092 0.0679018 0.0452679 
0.134502 0.0494438 0.125084 0.0442239 0.112749 0.0494438 0.0221119 0 0.0221119 0.11056 
0.0659301 0.0491414 0.0982828 0.0219767 0 0.0694964 0.0491414 0.0694964 0.0491414 0.0310797 
0.0497211 0 0.0628928 0.0628928 0.0497211 0.0444719 0.0667079 0.0889438 0.0497211 0.0497211 
0.0714184 0 0.0532322 0.0476123 0.0952246 0.0476123 0.0752817 0.0476123 0.0476123 0.0238062 
0.134461 0.0499376 0 0.0499376 0.0900263 0.0900263 0.0749064 0.102949 0.0249688 0 
0.0449325 0.0673987 0.0317721 0.0224662 0.114556 0.050236 0.0224662 0.0224662 0.0224662 0.0317721 
0.0218192 0.0689983 0 0.092571 0.0975784 0.030857 0.030857 0.0689983 0.0218192 0.061714 
0.315281 0.128446 0.20309 0.118421 0.143606 0.154669 0.040618 0.0812361 0.101545 0.123535 
0 0.0605783 0.135457 0.0383131 0.13814 0.13814 0.0976795 0.0976795 0.164791 0.0766261 
0.0704235 0.0585959 0.0704235 0 0.0436748 0.019532 0.019532 0.0617655 0.0276224 0.0436748 
0.0538138 0.0538138 0.0850871 0 0 0.0601657 0.0761042 0.0850871 0.0380521 0 
0.0251398 0.0355531 0.128189 0.090643 0.0794991 0.0355531 0.0251398 0.103654 0.0251398 0.0355531 
0.101988 0.0537526 0.168272 0.173347 0.0991148 0.0961555 0.0760176 0.129453 0.0991148 0.107505 
0.0256116 0.0256116 0.102446 0.0768347 0.14934 0.0724405 0.0256116 0.0768347 0.0362202 0.108661 
0.0495188 0.0700301 0.156592 0.199616 0.178542 0.035015 0.078296 0.078296 0.0700301 0.105045 
0.0474046 0.0711068 0.106 0.172555 0.185121 0.185121 0.0237023 0.0529999 0.0749532 0.159 
0.0234259 0.0234259 0.0740792 0.0331292 0.170543 0.0234259 0.0523819 0.0234259 0 0.0662584 
0.0658486 0.0658486 0.046562 0.104116 0.046562 0.0624695 0.0416463 0.0588968 0.046562 0.0658486 
0 0.0336622 0.0532246 0.0336622 0.0238028 0.0238028 0.075271 0.0673244 0.0336622 0.0238028 
0 0.0555074 0 0 0.0277537 0.0277537 0.0392497 0.0277537 0.0555074 0 
0.0232307 0.0232307 0.0985595 0.0464614 0.0519454 0.0232307 0.0519454 0.0328532 0.0837595 0.135457 
0.089865 0.0224662 0.0635441 0.0224662 0.0449325 0.0224662 0.0317721 0.0224662 0.0710445 0.0810032 
0.0242233 0 0.0873384 0.0998752 0.0998752 0.054165 0.0484466 0.054165 0.0766008 0.0242233 
0.0392232 0.083205 0.0392232 0.149358 0.1 0.11767 0.1 0.0620174 0.0784465 0.05547 
0.0409874 0.11593 0.0409874 0.0289825 0.156075 0.0409874 0.144912 0.0869474 0.0648068 0.0648068 
0.0403896 0.0285598 0.0638616 0.0807792 0.0856793 0.0285598 0.0285598 0.0285598 0.0571195 0 
0.055832 0.0249688 0.0706225 0.0249688 0.055832 0.102949 0.0353112 0.0499376 0.0353112 0.0249688 
0.0951303 0.0531795 0.0475652 0.0857493 0.0475652 0.0531795 0.150414 0.0857493 0.0713477 0.0752071 
0.0519305 0.0519305 0.0367204 0.207722 0.0778958 0.132397 0.0580601 0.0259653 0.202795 0.146882 
0.0253165 0.0253165 0.147619 0.0716057 0.129089 0.0358029 0.0759494 0.0566093 0.104382 0.113219 
0.052789 0.023608 0.105578 0.10016 0.194676 0.0851197 0.0333867 0.0472159 0.023608 0.052789 
0.0252659 0.0564963 0.101064 0.0357314 0.0564963 0.0564963 0.0252659 0.0564963 0.0505318 0.0357314 
0.0270246 0.0540491 0.0604287 0.0604287 0.0604287 0.0270246 0 0.0270246 0 0.0270246 
0.0485987 0.0307365 0.0922095 0.078363 0.117041 0.10867 0.065202 0.065202 0.132203 0.0307365 
0.0735364 0.0232542 0 0.0232542 0.0465085 0.0328865 0.0465085 0.0232542 0.0328865 0.0232542 
0.0524359 0.0524359 0.136736 0.11725 0.0938001 0.0524359 0.0938001 0.0966869 0.0331633 0.0663267 
0.0687695 0.0687695 0.126805 0.0687695 0.240202 0.179329 0.0972548 0.717316 0.123019 0.179329 
0.0333333 0 0.0235702 0.0942809 0.0333333 0.0707107 0.0527046 0.0471405 0.0527046 0.0942809 
0.0429834 0.0303939 0.0480569 0.0886126 0.0679628 0.0774895 0.0429834 0.0303939 0.0607877 0.0429834 
0.112665 0.0563324 0.0563324 0.0890694 0.0398331 0.101555 0.0563324 0 0 0.0629816 
0.0750953 0.0208277 0.0465721 0.0750953 0.0658629 0.0465721 0 0.0624831 0.0858747 0.0465721 
0.0741702 0.0552832 0.0494468 0.199326 0.123617 0.144161 0.0781823 0.0781823 0.0552832 0.0699284 
0.0476157 0.075287 0.0532359 0.128209 0.0238078 0.0336694 0.0476157 0.0238078 0.0673387 0.0532359 
0.0883618 0.0245072 0.122536 0.0693167 0.1429 0.0774984 0 0.0735215 0.0883618 0.0774984 
0.0449325 0.0710445 0.0317721 0.0224662 0.0449325 0.050236 0.0317721 0.0224662 0.050236 0.0449325 
0.107943 0.0482734 0.14074 0.0482734 0.0870261 0.0539713 0 0.076327 0.0682689 0.0870261 
0.114135 0.0553637 0.0830455 0.14115 0.0875376 0.0618984 0 0.0618984 0.0875376 0.078296 
0.0224592 0.0673775 0.0710221 0.0809776 0.130958 0.11452 0.0635241 0.0502202 0.0926015 0.0673775 
0.024998 0.195241 0.0707052 0.024998 0.12499 0.111795 0.145762 0.0353526 0.0558973 0.0558973 
0.0229885 0.0325107 0.072696 0.0325107 0.0514039 0.0650213 0.0229885 0.0514039 0.0229885 0.045977 
0.0516699 0.0577687 0.0577687 0.10334 0.0931493 0.0816973 0.0365362 0.025835 0.129175 0.10652 
0.0570905 0.040369 0.0856357 0.0902679 0.242214 0.121107 0.0285452 0.0856357 0.145553 0.102921 
0.051177 0.0255885 0.0922607 0.0255885 0.102354 0.105504 0.0255885 0.0572176 0.080918 0.137798 
0.0246239 0.139294 0.0550607 0.0887827 0.123119 0.0887827 0.0887827 0.0738717 0.0492478 0.0550607 
0.0664048 0.0442699 0.0989905 0.0313035 0.0313035 0.0885398 0.0442699 0.0989905 0.0442699 0.0626071 
0.0224833 0.0449665 0.13676 0.0224833 0.112416 0 0.0635923 0.0502741 0.0635923 0.0810646 
0.0305977 0.0483792 0.0483792 0.0684186 0.0216358 0.0432717 0.0432717 0.0649076 0.0432717 0.0483792 
0.0456127 0.0407972 0.028848 0.136838 0.10985 0.0735482 0.0407972 0.10985 0.10985 0.0735482 
0.0496781 0.0666502 0.0942576 0.091602 0.0444335 0.0702555 0.0314192 0.0702555 0.0702555 0.0942576 
0.0308515 0.0654459 0.061703 0.0899468 0.137972 0.111237 0.0654459 0.911034 0.0308515 0.097561 
0.043836 0.0196041 0.043836 0.0554487 0.0392081 0.0277243 0.043836 0.0619935 0.043836 0.043836 
0.069551 0.0906834 0.09836 0.069551 0.131964 0.0906834 0 0.0439879 0.10997 0.118441 
0.0225819 0.0504947 0.0931077 0 0.0814203 0.095807 0.0319357 0.0903277 0.0504947 0.0319357 
0.158842 0.05547 0.126491 0.126491 0.178885 0.126491 0 0.0350823 0.0992278 0.0496139 
0.0486504 0.0217571 0.0217571 0.0688021 0.0784465 0.0307692 0.0307692 0.0688021 0.0486504 0.0217571 
0 0.0219767 0.0792381 0.0310797 0.0219767 0.0310797 0.0219767 0.0310797 0.0219767 0.0491414 
0.0895481 0.0686803 0.0868744 0.0307148 0.0307148 0.0434372 0.0485643 0.221487 0.137361 0.0307148 
0.0583088 0.0618458 0.0651912 0.0583088 0.0460971 0.0651912 0.0651912 0.0206153 0.0206153 0.0291544 
0.91076 0.0663358 0.222991 0.0469065 0.188795 0.106963 0.0209772 0.0663358 0.180453 0.0629317 
0.17671 0.109591 0.0490106 0.0490106 0.225928 0.178401 0.0346557 0.0980213 0.101038 0.0883552 
0.0269069 0.0538138 0.0970142 0.0380521 0.0601657 0.0380521 0.0761042 0 0.0269069 0.0538138 
0.0492515 0.022026 0.022026 0.0794157 0.0908153 0.022026 0.0311494 0.118613 0.0696522 0.0311494 
0.0705102 0.0743243 0.0525552 0.0743243 0.0940136 0.117517 0.0470068 0.0705102 0.0332388 0.0705102 
0.104072 0.057729 0.204103 0.0288645 0.173187 0.144323 0.057729 0.0288645 0.0865935 0 
0.141626 0.062107 0.138875 0 0.062107 0.0833253 0.0392799 0.0785598 0.0878326 0.100145 
0.157392 0.0269925 0.298142 0.0381732 0.290719 0.164189 0.0269925 0.0539851 0.0763464 0.111293 
0.14362 0.0281662 0.14362 0.0563324 0.0398331 0.15168 0.0281662 0.0844987 0.0629816 0.0629816 
0.0620891 0.0620891 0.100116 0.0878072 0.141585 0.0392686 0.117806 0.141585 0.0878072 0.0392686 
0.0570498 0.0570498 0.1141 0.134468 0.0850448 0.0570498 0.0601358 0.0425224 0.0268935 0.0570498 
0.0468165 0.0837478 0.088828 0.104685 0.0418739 0.0418739 0.020937 0.0418739 0.0754893 0.0296093 
0.0206186 0.029159 0.0461045 0.0206186 0.0206186 0.0206186 0.0461045 0.0461045 0.0583181 0.092209 
0.0795431 0.0251537 0.0355728 0.0562455 0.0251537 0 0.0711455 0.0562455 0 0.0562455 
0.0828808 0.0726912 0.0325085 0.0726912 0.091948 0.091948 0.0325085 0.0726912 0.117211 0.0947778 
0.0895481 0.0921443 0.0485643 0.0217186 0.0686803 0 0.12664 0.0307148 0.0686803 0.110744 
0.0201079 0.0635867 0.0449626 0.100539 0.157047 0.0449626 0.0603236 0.0724999 0.0402157 0.0724999 
0.0444198 0.0496628 0.0800789 0.0496628 0.113249 0.0314095 0.0314095 0.0915737 0.0314095 0.0444198 
0.0735215 0.0259938 0.103975 0.0259938 0.0821995 0.0821995 0.0259938 0.0581238 0.0259938 0.132543 
0.0714235 0.0532359 0.0476157 0 0 0.0476157 0.0336694 0.0238078 0.0238078 0.0476157 
0.0558973 0 0.0558973 0.024998 0.024998 0.0499961 0 0.0499961 0.0499961 0.024998 
0.0506597 0.0506597 0.132104 0.163373 0.03204 0.0506597 0.0506597 0.0453114 0.06408 0.06408 
0 0.0889176 0.0889176 0.101681 0.125748 0.0779859 0.0551444 0.110289 0.0779859 0.147968 
0.0580015 0.0366834 0.025939 0.0820265 0.0366834 0.0366834 0.025939 0.0778171 0.0580015 0.0366834 
0.0536326 0.0536326 0.135681 0.0239852 0.0339202 0.0536326 0.0239852 0.0239852 0.0536326 0.0678405 
0.0489058 0.0489058 0.0218713 0.138326 0.0218713 0.0618614 0.0927921 0.109357 0.0309307 0.0489058 
0.08648 0.075848 0.075848 0.075848 0.122301 0.0678405 0.0988936 0.887453 0.119926 0.122301 
0.0557451 0.04986 0.0747899 0.0705126 0.0705126 0.0705126 0.0557451 0.0352563 0.0352563 0.0788355 
0.0730838 0.100444 0.0243613 0.0544735 0.034452 0.0770371 0.108947 0.0544735 0.0487226 0.0487226 
0.0342871 0 0.0766683 0.0484893 0.108425 0.0342871 0.0542127 0.0242447 0.0342871 0.0874153 
0.0339887 0.0866546 0.0760011 0.0866546 0.0866546 0.0760011 0.0679775 0.122548 0.072101 0.0480673 
0.0419914 0.0296924 0.0419914 0.0419914 0.0757011 0.0629871 0.0296924 0.0469478 0.0296924 0.0419914 
0.0196069 0.0438424 0.0196069 0.0277283 0.0554567 0.0620025 0.0438424 0.0277283 0.083185 0.0438424 
0.0995962 0.080297 0.0222704 0.0222704 0.0314951 0.0497981 0.0445408 0.0222704 0.080297 0.080297 
0.0658808 0.0208333 0 0.0208333 0.0416667 0.0294628 0.0465848 0.0294628 0.0416667 0.0465848 
0.0217071 0.0217071 0.0686439 0.0686439 0.0613969 0.0686439 0.078266 0.0613969 0.0217071 0.0895006 
0.0456287 0.0322644 0.153043 0.0228143 0.116331 0.068443 0.0228143 0.0510144 0.0456287 0.0510144 
0.914143 0.0492515 0.125567 0.0348261 0.149793 0.0738773 0.0492515 0.101535 0.0550649 0.149793 
0.0563213 0.103851 0.0908153 0.0712414 0.0563213 0.0356207 0 1.06177 0.0503753 0.0712414 
0.0469091 0.0419568 0.104892 0.0296679 0.0419568 0.0469091 0.0296679 0.104892 0.0419568 0.0419568 
0.0495408 0.0700612 0.0221553 0.0495408 0.0221553 0.0913487 0.0626647 0.0495408 0.0221553 0.0495408 
0.0760011 0.0480673 0.214964 0.107482 0.101966 0.072101 0.0537409 0.0480673 0.0961347 0.0679775 
0.0641954 0.0226965 0.0226965 0.152253 0.182985 0.143545 0.0320977 0.0717727 0.050751 0.0962932 
0 0.0298591 0.0597181 0.0422271 0.0633406 0.0597181 0.076126 0.0944226 0.076126 0.0422271 
0.256921 0.0671818 0.0475047 0.180893 0.0950095 0.167955 0.0856404 0.467867 0.106224 0.118762 
0.0569976 0.0806068 0.113995 0.201517 0.12091 0.117504 0.0569976 0.127451 0.12091 0.102754 
0.0328089 0.0836467 0.0328089 0.0518755 0.0984268 0.0836467 0.073363 0.0656179 0.0984268 0.0463988 
0.0529999 0.0474046 0.0335201 0.0711068 0.0529999 0.0335201 0.0529999 0.118511 0.0670402 0.097727 
0.0463428 0.0231714 0 0.115857 0.0231714 0.0327693 0.0655385 0.0463428 0.0231714 0.0327693 
0.0723906 0.0228919 0.0457839 0.0228919 0.0971222 0.0323741 0.0228919 0.0323741 0.0723906 0.082538 
0.0453814 0.0320895 0.0717542 0.0507379 0.0907627 0.0453814 0.0226907 0.0320895 0.0507379 0.0226907 
0.104485 0.0208969 0.133806 0.0861602 0.140181 0.0626908 0.0208969 0.0467269 0.0626908 0.0861602 
0.132385 0.0227038 0.0454077 0.0454077 0.0321081 0.0507673 0.0717958 0.0507673 0.0227038 0.0227038 
0.0998199 0.0235278 0.0941111 0 0.0941111 0.0526097 0.0332733 0.0332733 0.0470556 0.0235278 
0.0726912 0.022987 0.068961 0.022987 0.068961 0.065017 0.0325085 0.0514005 0.0514005 0.045974 
0.0217071 0.0217071 0.0306985 0.0217071 0.0970771 0.0485385 0.0306985 0.110685 0.0970771 0.0613969 
0.0293042 0.0207212 0.0747114 0.0586085 0.0207212 0.0828849 0.105658 0.103606 0.0854358 0.0854358 
0.050556 0.0452187 0.050556 0.113047 0.0959233 0 0.0226093 0.050556 0.0319744 0.050556 
0.86945 0.0876216 0.108681 0.0768492 0.217362 0.200398 0.0768492 0.0972074 0.17692 0.194415 
0 0.050094 0.0807742 0.050094 0.050094 0 0.0708436 0.0224027 0.0316822 0.0224027 
0.17686 0.0519279 0.0957503 0.141259 0.146874 0.0957503 0.0328421 0.0232229 0.0696686 0.0837312 
0.132801 0.0781332 0.132801 0.0260444 0.0260444 0.0823596 0.0368324 0.0939044 0.0260444 0.0582371 
0.0458289 0.0687434 0 0.0944787 0.0229145 0.0229145 0.0229145 0.0458289 0.0324059 0.0458289 
0 0.0525552 0.0235034 0.0743243 0.096907 0.0235034 0.0705102 0.0235034 0.0470068 0.0235034 
0.0212466 0.0300472 0.0876018 0.0637397 0.106233 0.0637397 0.0300472 0.0950175 0.0300472 0.0876018 
0.0685994 0.0485071 0.0306786 0.0650791 0.0970143 0.021693 0.0782154 0.0894427 0.0306786 0.0485071 
0.0742781 0.0742781 0 0.0234888 0.0332182 0.0525226 0.0846901 0.0968468 0.0234888 0.0234888 
0.0346583 0.0774984 0.0547997 0.103975 0.0774984 0.0547997 0.0346583 0.131975 0.0346583 0.0490143 
0.105045 0.058722 0.0742781 0.141421 0.0742781 0.141421 0.0525226 0.105045 0.105045 0.211725 
0.200928 0.025116 0.0502321 0.112322 0.0561612 0.0561612 0.0710389 0.025116 0.0794239 0.0561612 
0.068547 0.0306552 0 0.122621 0.116731 0.116731 0.043353 0.0781556 0.0919655 0.0969401 
0.0948501 0.11161 0.0526134 0.0372033 0.105227 0.0588235 0.0948501 0.0526134 0.134138 0.083189 
0.0861768 0.0338013 0.119506 0.0676027 0.216434 0.0956046 0.0676027 0.0755821 0.0338013 0.0338013 
0.117428 0.0234856 0.200661 0.117428 0.189347 0.169357 0.105031 0.0846784 0.0469711 0.132854 
0.0731419 0.0231295 0.0231295 0.0731419 0.0517191 0.046259 0.0517191 0.046259 0 0 
0.157125 0.0628501 0.0628501 0.0222208 0.0666625 0.0496873 0.0702685 0.0222208 0.0942751 0.0496873 
0.0759433 0.101258 0.0759433 0.136322 0.126572 0.104374 0.126572 0.0800512 0.0566048 0.151887 
0.0537409 0.0679775 0.0339887 0.107482 0.120168 0.0537409 0.0866546 0.0537409 0 0.169944 
0.0850054 0.0601079 0.106257 0.153246 0.195928 0.154712 0.0212514 0.106257 0.030054 0.0425027 
0.0371359 0.0830383 0.0830383 0.0787771 0.0830383 0.058717 0.058717 0.058717 0.159727 0.0371359 
0.0227082 0.0321143 0.0454164 0.0227082 0.0507771 0.0321143 0.113541 0.0818757 0.0681247 0.0507771 
0.0993447 0.140495 0.0681499 0.0481893 0.0993447 0.102225 0.0681499 0.0722839 0.107754 0.0481893 
0.0819232 0.0227214 0.0454428 0.0819232 0.0321329 0.0819232 0.0508066 0.0227214 0.0227214 0.143703 
0.100989 0.0504947 0.158074 0.0714104 0.115146 0.0638714 0.121607 0.858411 0.0677458 0.0319357 
0.0566093 0.0566093 0.104382 0.0566093 0.104382 0.0566093 0.101266 0.0358029 0.0912798 0.0566093 
0.147431 0.109888 0.172003 0.125292 0.0885949 0.0347498 0.0549442 0.0347498 0.0245718 0.0347498 
0.0470725 0.0842059 0.0665706 0.105257 0.0297713 0.0297713 0.133141 0.105257 0.0842059 0.0470725 
0.0967735 0 0.117355 0.0846259 0.093884 0.119679 0.0524828 0.033193 0.046942 0.070413 
0 0.0420215 0.0630323 0.0891411 0.132884 0.0297137 0.0210108 0.0630323 0.0664419 0.0594274 
0.0864227 0.172845 0.0611101 0.0910975 0.103867 0.0910975 0.155133 0.14259 0.0611101 0.11523 
0.186908 0.0217276 0.0434552 0.0307274 0.0307274 0.0485844 0.0614549 0.0307274 0.0687087 0.0217276 
0.0224492 0.0224492 0.0673477 0.031748 0.0634961 0.0634961 0 0.0224492 0.0224492 0.031748 
0.0538812 0.0481928 0.0240964 0.0240964 0.0481928 0.0240964 0.0538812 0.0538812 0 0.0240964 
0.0552116 0.0493827 0.0552116 0.101805 0.0552116 0.0493827 0.0493827 0.0493827 0.089026 0.0552116 
0 0.0328798 0.14887 0.0986394 0.0657596 0.0464991 0.0232495 0.0232495 0.0735215 0.0519875 
0.0335862 0.0335862 0.0531044 0.0335862 0.047498 0.023749 0.0531044 0 0.0335862 0.047498 
0.0566093 0 0 0 0.0253165 0 0.0253165 0.0506329 0.0566093 0.0253165 
0.0464332 0.0232166 0.0328332 0.135375 0.0837087 0.125025 0.0328332 0.0928664 0.0696498 0.0328332 
0.03433 0.024275 0.147659 0.147659 0.195711 0.147659 0.0542805 0.024275 0.153529 0.147659 
0.0601657 0.0850871 0.0380521 0.0380521 0.120331 0.156893 0.0601657 0.0601657 0.0601657 0.0850871 
0.0770943 0.0982764 0.165798 0.138984 0.0982764 0.027257 0.109028 0.0545139 0.0545139 0 
0.0408142 0.0204071 0.0645329 0.02886 0.0735788 0.0408142 0.0204071 0.0912633 0 0.05772 
0.105198 0.0332664 0.0332664 0.0332664 0.105198 0.0525988 0.0525988 0.084813 0.0470458 0.0235229 
0.0454516 0.0508164 0.0454516 0.0718653 0.132513 0.0642783 0.0321391 0.0819391 0.0718653 0.0454516 
0.0672787 0.0601759 0.0475732 0.0672787 0.0672787 0.0212754 0.0672787 0.0877207 0.124056 0.0877207 
0.0533144 0.0596073 0.133286 0.113097 0.203015 0.0842974 0.037699 0.0842974 0.106629 0.0533144 
0.051131 0.051131 0.130359 0.0361551 0.130359 0.0808452 0.0571662 0.607685 0.130359 0.0808452 
0.0493489 0.0348949 0.0246744 0.0551737 0.0551737 0.0780274 0.0246744 0.0246744 0.0348949 0.0551737 
0.0714001 0.0757313 0.0798278 0.100975 0.104083 0.0357001 0.0564467 0.1428 0.0798278 0.0564467 
0.0331633 0.0331633 0.0469001 0.02345 0.0845503 0.0524359 0 0.0331633 0.0741555 0.02345 
0 0.0452187 0.067828 0.0452187 0.067828 0.0452187 0.050556 0.0319744 0.0452187 0.050556 
0.319064 0.114469 0.0634961 0.0709908 0.031748 0.050198 0.0448985 0.0448985 0.0634961 0.050198 
0.0830455 0.0460653 0.140102 0.115163 0 0.115163 0.0515026 0.212351 0.069098 0.0325731 
0.0633684 0.0224041 0.0224041 0.0672124 0.143456 0.0896165 0.0633684 0.0224041 0.0448083 0.0950527 
0.0470458 0.0470458 0.0743859 0.0525988 0.0525988 0.084813 0.0470458 0.084813 0.084813 0.0332664 
0.940859 0.030303 0.042855 0.181818 0.0677596 0.0677596 0.0606061 0.0958266 0.0958266 0.0958266 
0.0862422 0.0609824 0.0609824 0.0818165 0.0272722 0.0545443 0.0609824 0 0.0862422 0.0272722 
0.0268705 0.0268705 0.0380006 0.161223 0.0600842 0.0806114 0.0268705 0.0806114 0.0600842 0.0600842 
0.0655932 0.0414848 0.120948 0.085523 0.0207424 0.0414848 0.0622271 0.120948 0.0747877 0.0293342 
0.0218936 0.0656807 0.0437872 0.0309622 0 0.0309622 0.111636 0 0.0979111 0.0979111 
0.0299813 0.0599625 0.0670402 0.0423999 0.0423999 0.0635999 0.0423999 0 0.108099 0.0899438 
0.0735413 0.0520016 0.0657774 0.0465116 0.0958862 0.0958862 0.104003 0.0465116 0 0.0232558 
0.0223314 0.0223314 0.149804 0.113868 0.141236 0.141236 0.126325 0.889059 0.113868 0.120258 
0.0860217 0.0709353 0.0688174 0.103226 0.10881 0.158616 0.0384701 0.0344087 0.0172043 0.0243306 
0.0792381 0.0310797 0.0310797 0.0792381 0.0310797 0.11206 0.0439534 0.0491414 0.11206 0.13186 
0.0538812 0.0681549 0.120482 0.129763 0.0481928 0.0340774 0.0240964 0.0481928 0.0538812 0.0340774 
0.0232558 0.0735413 0.0735413 0.135604 0.0958862 0.0735413 0.0465116 0.0697674 0.0520016 0.0657774 
0.0572176 0.080918 0.0572176 0.0922607 0.0572176 0.0572176 0.051177 0.108563 0.0572176 0.0572176 
0.091163 0.0565369 0.143028 0.15991 0.0357571 0.091163 0.0505681 0.0252841 0.0252841 0.0252841 
0.0934899 0.0226746 0.0320668 0 0.0453493 0.050702 0 0.0320668 0.0226746 0.0320668 
0.072242 0.0761497 0.0240807 0.0340552 0.0340552 0.053846 0.0340552 0.072242 0 0.0340552 
0.091214 0.0565685 0.0357771 0.136235 0.107331 0.0715542 0.0565685 0.0357771 0.0565685 0.0565685 
0.112643 0.0844819 0.0629691 0.112643 0.0629691 0.0563213 0.0398252 0.0890517 0.0629691 0.0890517 
0.0344828 0.073149 0.054522 0.0879141 0.073149 0.048766 0.054522 0.0689655 0.0689655 0.054522 
0.0311494 0.0311494 0.0622988 0.0696522 0.0622988 0.0985031 0.0492515 0.0492515 0.0311494 0.0934482 
0.108874 0.0344291 0.0730351 0.121725 0.0544371 0.108874 0.024345 0.0486901 0.0486901 0.024345 
0.038208 0.120824 0.038208 0.0604122 0.0270172 0.038208 0.0540343 0.0604122 0.038208 0.0270172 
0.0554961 0.0369974 0.0261611 0.0261611 0.0554961 0.0762721 0.0413644 0.0413644 0.0413644 0.0554961 
0.0212983 0 0.0425966 0.0767921 0.0602407 0.0476245 0.0476245 0.0638949 0.0476245 0.120481 
0.120168 0.0760011 0.0480673 0.0760011 0.0537409 0.0679775 0.0760011 0.0339887 0 0.0679775 
0 0.0671724 0.047498 0.185486 0.14446 0.0856283 0.0335862 0.0531044 0.0671724 0.0531044 
0.115944 0.0861211 0.198499 0.125542 0.109783 0.0215303 0.0481432 0.0215303 0.0481432 0.0776285 
0.0460653 0.0651462 0.0921307 0.0742781 0.0824042 0.0460653 0.0742781 0.0651462 0.0460653 0.0742781 
0.142966 0.148649 0.0235034 0.0332388 0 0.0470068 0.12657 0.150495 0.0235034 0 
0.155505 0.0408376 0 0.0577531 0.0288765 0.0645699 0.0408376 0.147242 0.0408376 0.0645699 
0.034075 0.034075 0.0761939 0.0963785 0.120473 0.0240946 0.034075 0.0240946 0 0.0481893 
0.0225189 0.0503537 0.0503537 0.340772 0.0928477 0.0955395 0.0675566 0.213633 0.0503537 0.131306 
0.0297137 0.0664419 0.0840431 0.105054 0.234908 0.134535 0.093963 0.0297137 0.093963 0.132884 
0.0232542 0.0232542 0.0232542 0.0657729 0.0519981 0.0697627 0.0232542 0.0232542 0.0328865 0.0232542 
0.0294612 0.0416644 0.0658772 0.0931644 0.0294612 0.0208322 0.0624966 0.0416644 0.0208322 0.0208322 
0.0652588 0.0652588 0.218885 0.230725 0.285391 0.303471 0.0978883 0.0978883 0.186016 0.163147 
0.0240807 0.0340552 0.0681104 0.0340552 0.053846 0.0992871 0.053846 0.0481613 0.053846 0.0761497 
0.0665328 0.0705687 0.0470458 0.0705687 0.0332664 0.0470458 0.0525988 0.0743859 0.0525988 0.0665328 
0.0499345 0.0706181 0.0706181 0.0920747 0.0446628 0.0499345 0.080517 0.080517 0.0315814 0.0315814 
0.071247 0.0503793 0.0318627 0.322585 0.278684 0.131373 0.0503793 0.121329 0.114882 0.137046 
0.0470068 0.0332388 0.0332388 0.0743243 0.117517 0.0332388 0.0332388 0.0525552 0.0525552 0.0525552 
0.048766 0.024383 0.048766 0.0879141 0.0689655 0.109044 0.073149 0.024383 0.024383 0.073149 
0.051778 0.0327473 0.0327473 0.0231558 0.095474 0.0732252 0.0327473 0.0732252 0.0654946 0.0694675 
0.0476056 0 0.0532246 0.0532246 0.144787 0.0532246 0.0238028 0.0532246 0.0238028 0.0238028 
0.0835877 0.0591054 0.0528655 0.0264327 0.0792982 0.0591054 0.0591054 0.0591054 0.0264327 0.0792982 
0.0217894 0.0308148 0.08984 0.200888 0.235688 0.108947 0.0616297 0.0308148 0.0308148 0.214601 
0.0256221 0 0.0362351 0.0572927 0.130647 0 0.0512442 0.0256221 0.0512442 0.0362351 
0.0486037 0.0243019 0.034368 0.068736 0.0768492 0.0243019 0 0.0243019 0.0543406 0.034368 
0.0434106 0.0800452 0.122784 0.11809 0.0699975 0.0613919 0.0613919 0.0274553 0.0434106 0.0989914 
0.164399 0.11855 0.116248 0.0697486 0.125203 0.103975 0.135567 0.0958603 0.0838274 0.0735215 
0.0252982 0.0357771 0.0357771 0 0.0505964 0.128996 0.0252982 0.0505964 0.0252982 0.0357771 
0.0501886 0.04489 0.08978 0.0925431 0.04489 0.12087 0.031742 0.0634841 0.022445 0.0709773 
0.0236956 0.0236956 0.118478 0.0947825 0.0976995 0.0976995 0.052985 0.0670213 0.0854358 0.0976995 
0.0953654 0.0231295 0.0231295 0.0693885 0.124556 0.0731419 0.0231295 0.0231295 0.0517191 0.0693885 
0.0492889 0.0348525 0.0888568 0.101612 0.0492889 0.0739333 0.0739333 0.0492889 0.104558 0.0348525 
0.0229642 0.0459285 0.0513496 0.0513496 0.094684 0.0229642 0.0688927 0 0.0459285 0.0459285 
0.0450235 0.0928183 0.142377 0.131265 0.242459 0.112559 0.0811672 1.10124 0.0636728 0.0636728 
0.0454428 0.0321329 0.0454428 0.376106 0.250966 0.122359 0.138209 0.584166 0.0908856 0.173041 
0.0439534 0 0.14072 0.158476 0.155399 0.0694964 0.0219767 0.0932392 0.0219767 0.0310797 
0.0349642 0.0247234 0.0349642 0.0891415 0.243497 0.16585 0.0552832 0.179989 0.0552832 0.101937 
0.0532246 0.0532246 0.0336622 0.0336622 0.0858221 0.0714083 0.106449 0.0532246 0.0532246 0.0238028 
0.0235148 0.0705443 0.0705443 0.0705443 0.0743602 0.0235148 0.0470295 0 0.0235148 0.0525806 
0.0981998 0.0658744 0.062107 0 0.0310535 0.0310535 0.0310535 0.0219581 0.0490999 0.062107 
0.0230327 0.0728357 0.0230327 0.145671 0.124035 0.069098 0.0830455 0.0515026 0.0325731 0.0728357 
0.0475349 0.0237675 0.134449 0.138587 0.150319 0.159437 0.0713024 0.19014 0.0336123 0.0979957 
0.123916 0.0277084 0 0.114245 0.0554168 0.0619578 0.0277084 0.0831251 0.099904 0.138542 
0.0549442 0.0737154 0.0549442 0.286554 0.198104 0.122859 0.125292 0.125292 0.0491436 0.122859 
0.0458289 0.0324059 0.226842 0.0512383 0.226842 0.102477 0.0724619 0.0826192 0.0972178 0.0944787 
0.0538187 0.0240685 0.0240685 0.0538187 0.0240685 0.0538187 0.0240685 0.0240685 0.0340379 0.0761111 
0.0496873 0.0496873 0.201218 0.169229 0.199988 0.113305 0.0496873 0.0801184 0.031425 0.0444417 
0.0240964 0.0538812 0.0240964 0.0340774 0 0.0868808 0.0340774 0.0240964 0.0340774 0 
0.121255 0.0294086 0.0929981 0.251267 0.106034 0.147043 0.0294086 0.0588172 0.0294086 0.147043 
0.0512232 0.0256116 0.0362202 0.0768347 0.0809909 0.0256116 0.0512232 0.0362202 0.0256116 0.0512232 
0.046778 0.023389 0.104599 0.0964354 0.14227 0.0522994 0.046778 0.046778 0.0739626 0.0522994 
0.0321329 0.0227214 0.0819232 0.145488 0.0681642 0.113607 0.0321329 0.0227214 0.0819232 0.0963987 
0.0918146 0 0.087103 0.0918146 0.123182 0.0580687 0 1.0883 0.119712 0.0649227 
0.0249922 0 0.0249922 0.0706886 0.127436 0.0353443 0.0353443 0 0.0353443 0.0353443 
0.127451 0.0901212 0.113995 0.117504 0.180242 0.173352 0.145316 1.02991 0.0901212 0.0569976 
0.101681 0.125748 0.150009 0.0348764 0.0779859 0.101681 0.0348764 0.0889176 0.150009 0.110289 
0.0328332 0.0519139 0.0464332 0.0464332 0.0837087 0.0232166 0.0656665 0.0328332 0.0328332 0 
0 0.0232166 0.0928664 0.0656665 0.0837087 0.0957245 0.0696498 0.0656665 0.0519139 0.0734174 
0.0352317 0.0249126 0.0557062 0.0787805 0.0704634 0.0498251 0.0249126 0.0996503 0.0787805 0.124563 
0.177998 0.0398015 0.0398015 0.11604 0.101474 0.143506 0.0844317 0.0889988 0.11604 0.0562878 
0.0232542 0.0232542 0.0657729 0.0986594 0.169293 0.0838444 0.0328865 0.0232542 0.0465085 0 
0.0344828 0.0344828 0.024383 0.048766 0.073149 0.048766 0.024383 0.024383 0.0344828 0 
0.0506289 0.0358 0.0566048 0.147607 0.1074 0.0800512 0.0358 0.0566048 0.0566048 0.0253144 
0.0647524 0.0647524 0.0289581 0.119398 0.119398 0.147658 0.040953 0 0.040953 0.040953 
0.752604 0.435224 0.29938 0.182384 0.0859768 0.135941 0.096125 0.0679706 0.194638 0.0911921 
0.0474739 0.0300252 0.765494 0.284844 0.740654 0.627303 0.042462 0.108257 0.165819 0.0765494 
0.057596 0.057596 0.0364269 0.0515154 0.0928708 0.0257577 0.057596 0.0772731 0.0257577 0.0257577 
0.0239921 0.0239921 0.0479843 0.0758698 0.0758698 0.03393 0.0479843 0 0.053648 0.0479843 
0.0761995 0.0481928 0.0761995 0.0722892 0.0761995 0.0481928 0.0481928 0.0240964 0.0963855 0.0868808 
0.0349162 0.0349162 0.0552073 0.0890192 0.0698324 0.0740684 0.0246895 0.0246895 0.0698324 0.0552073 
0.0240424 0.0480847 0.0866859 0.0760286 0.0537603 0.0760286 0.0240424 0.0721271 0.0240424 0.0480847 
0.127077 0.0401853 0.179714 0.153021 0.269571 0.153021 0 0.170492 0.14489 0.200926 
0.0231714 0.0518128 0.0518128 0.186814 0.118151 0.103626 0.0327693 0.0518128 0.0518128 0.0463428 
0.0944787 0.0944787 0.0944787 0.0648119 0.0972178 0.0229145 0.0324059 0.0972178 0.0687434 0.0324059 
0.0486102 0.0687452 0.0307438 0.0307438 0.0217391 0.0217391 0.0307438 0.0217391 0.0486102 0.0307438 
0.0687087 0 0.0434552 0.0434552 0.0434552 0.0783399 0.0307274 0.0434552 0.108638 0.0783399 
0.0475007 0.0300421 0.0300421 0.19585 0.221783 0.153185 0.0424859 0.77907 0.087587 0.153185 
0.186736 0.0835107 0.0622452 0.0556738 0.178243 0.0787347 0.0622452 0.0835107 0.0622452 0.0393673 
0.0665098 0.119902 0.0743602 0.0665098 0.166275 0.119902 0.0743602 0.0470295 0.0525806 0.0235148 
0.182913 0.0888799 0.0215565 0.0304855 0.107783 0.0681677 0.0681677 0.0964037 0.125695 0.107783 
0.0468518 0.0468518 0.0523819 0.0234259 0.0740792 0.0702777 0.0234259 0.0468518 0.0844632 0.0468518 
0.0684186 0.0305977 0.0649076 0.151451 0.229992 0.174434 0.0216358 0.0483792 0.0432717 0.0780092 
0.0659301 0 0.128145 0.0491414 0.109883 0.0792381 0.0491414 0.0310797 0.0621595 0.0694964 
0.0739929 0.0330906 0.149824 0.0330906 0.116993 0.11931 0.0330906 0.0523209 0.104642 0.149824 
0.0451639 0.0814203 0.0814203 0.0225819 0.0638714 0.0931077 0.0638714 0.0714104 0.0931077 0.0319357 
0 0.0486901 0.0544371 0.0486901 0.108874 0.0877772 0.0486901 0.0688581 0.0544371 0.0544371 
0.0349162 0.049379 0.078075 0.0349162 0.0246895 0.0246895 0.0987579 0.049379 0.0698324 0.0246895 
0.0586147 0.046339 0.046339 0.046339 0.0655333 0.0414469 0.0655333 0.131067 0.0293074 0.046339 
0.0232417 0.069725 0.0734966 0.0328687 0.0328687 0.05197 0.0464834 0.0464834 0.0232417 0.0232417 
0.0952861 0.0502202 0.142044 0.0224592 0.207063 0.0926015 0.0710221 0.0898366 0.157214 0.0502202 
0.0655395 0.0655395 0.0900755 0.0218465 0.0977006 0.0690847 0.0218465 0.0218465 0.0787687 0.0787687 
0.0407633 0.028824 0.408142 0.4285 0.48916 0.469221 0.0203817 0.028824 0.0407633 0.0203817 
0.114191 0.0228381 0.0510676 0.116452 0.0685144 0.032298 0.0228381 0.064596 0.0228381 0.032298 
0.0322141 0.0455576 0.0911152 0.16426 0.21001 0.16107 0.0455576 0.113894 0.113894 0.138558 
0.0640878 0.0302113 0.0770239 0.108928 0.128176 0.0302113 0.0427252 0.0675545 0.0675545 0.0302113 
0.0738773 0.0246258 0.0492515 0.123129 0.177579 0.0778735 0.0246258 0.123129 0.0696522 0.0778735 
0.0828671 0.0370593 0.0262049 0.104819 0.0786146 0.0585959 0.0585959 0.0262049 0.0262049 0.0585959 
0.034493 0.0771287 0.034493 0.109076 0.0731707 0.0545382 0.0243902 0.0545382 0.0243902 0.0243902 
0.0335107 0.052985 0.0854358 0.0947825 0.118478 0 0.0236956 0.052985 0.052985 0.0473912 
0.0531644 0.0237759 0.100872 0.0751858 0.150372 0.0336241 0.0237759 0.0475517 0.0751858 0.0531644 
0.0627572 0.0701646 0.113137 0.0701646 0.08 0.0313786 0 0.022188 0.08 0.0313786 
0.0663399 0 0.14834 0.0911754 0.13268 0.0221133 0.0494468 0.0312729 0.0797306 0.0442266 
0.0948091 0.13408 0.0335201 0.0948091 0.097727 0.0335201 0.0335201 0.0237023 0.0237023 0.0474046 
0.0227361 0.0321537 0.0819761 0.0819761 0.245928 0.0454722 0.0227361 0.0508394 0.0508394 0.0643073 
0.194032 0.105401 0.0555513 0.0745298 0.133785 0.0745298 0.0248433 0.0248433 0.0702674 0.0785614 
0.693109 0.0499688 0.0223467 0.111734 0.149906 0.031603 0.0499688 0.031603 0.0948091 0.0632061 
0.0274721 0.0434372 0.0434372 0.0868745 0.0824163 0.0549442 0.0700404 0.0614295 0.0434372 0.0434372 
0.128745 0.0814252 0.0455181 0.0287882 0.0455181 0.0610689 0.0733957 0.0407126 0.0814252 0.0643723 
0.189932 0.0824042 0.0651462 0.0291343 0.0921307 0.020601 0.0460653 0.0460653 0.0460653 0.0742781 
0.0491414 0.0491414 0.0219767 0.0932392 0.0439534 0.0906122 0.0491414 0.0792381 0.0491414 0.0310797 
0.0746162 0.0786524 0.13394 0.111231 0.126823 0.12436 0.0556157 0.159259 0.12436 0.175872 
0.0285452 0.0570905 0.0285452 0.040369 0.0285452 0.0570905 0.0638291 0.0285452 0.0638291 0.0570905 
0.0231002 0.0326686 0.0952444 0.103307 0.0832888 0.0980057 0.0832888 0.0326686 0.0516536 0.0516536 
0.0529367 0 0.10044 0.0669603 0.023674 0.0669603 0.023674 0.0976105 0.023674 0.0669603 
0 0 0.192246 0.0550398 0.155676 0.0550398 0.0550398 0.0492291 0 0.0246146 
0.0514175 0.0229946 0.0727153 0.0514175 0.0514175 0.0229946 0 0.0229946 0.0514175 0.0229946 
0.0218936 0.0218936 0.0692336 0.0309622 0 0.0437872 0 0.0309622 0.0489555 0.0309622 
0.0326229 0.0230679 0.117624 0.0831724 0.147707 0.103163 0.072947 0.154744 0.0922715 0.115339 
0.0310647 0.0439322 0.155324 0.0219661 0.0310647 0.0439322 0.0791999 0.0439322 0.0694629 0.0694629 
0.107296 0.053648 0.0758698 0.145938 0.107296 0.129202 0.053648 0.0758698 0.0719764 0.0479843 
0.0627147 0.0627147 0.110865 0.0495803 0.088692 0.0701172 0.066519 0.066519 0.0701172 0.044346 
0.0289445 0.0457653 0.131052 0.0457653 0.0818674 0.0457653 0.110217 0.110217 0.0457653 0.0647219 
0.0248069 0.0248069 0.05547 0.105247 0.126491 0.0894427 0.102282 0.0248069 0.0496139 0.0701646 
0.0243902 0 0.034493 0.0545382 0.0879403 0.0771287 0.0243902 0.0243902 0.034493 0.0545382 
0.029806 0.021076 0.0471274 0.180073 0.173797 0.141382 0.0759906 0.0894179 0.151981 0.14903 
0.0762271 0.0681796 0.350976 0.0340898 0.194342 0.183579 0.099388 0.0762271 0.12981 0.099388 
0.108425 0.169713 0.0999633 0.0484893 0.0542127 0.0542127 0.108425 0.0242447 0.0969786 0.0542127 
0.0657596 0 0.0328798 0.0519875 0.116248 0.0838274 0.0519875 0.0657596 0.0697486 0.0929981 
0.0486468 0 0.0343985 0.0543888 0.0729702 0.0243234 0.0876993 0.0543888 0.0543888 0.0543888 
0.0503793 0.0225303 0.112651 0.0318627 0.0955879 0.0450606 0.0318627 0.0318627 0.0318627 0.0318627 
0.050198 0.0709908 0.112246 0.112246 0.100396 0.0809419 0.1309 0.031748 0.0952441 0.0809419 
0.0310797 0 0.0310797 0.0219767 0.0439534 0.0310797 0.0219767 0.0439534 0.0219767 0.0310797 
0.415227 0.437096 0.215866 0.152641 0.195475 0.155664 0.136526 0.0431733 0.330212 0.276444 
0.0936284 0.0507771 0.0642285 0.145404 0.0963428 0.0507771 0.0321143 0.0642285 0.0507771 0.113541 
0.11804 0.0851197 0.223965 0 0.190333 0.127133 0.052789 0.023608 0.14931 0.0851197 
0.0254948 0.0509896 0.148659 0.0570081 0.0570081 0.0254948 0.0570081 0 0.0254948 0.0570081 
0.0444028 0.0444028 0.062795 0.0397151 0.0818747 0.0794301 0.0595726 0.0842484 0.0595726 0.0444028 
0.0300828 0.0672673 0.0212718 0.0475652 0.106359 0.106359 0.0475652 0.0475652 0.0601657 0.0425436 
0.0327473 0.0327473 0.0231558 0.166979 0.0694675 0.0694675 0.0732252 0.0732252 0.0834896 0.0732252 
0.0328931 0.0735513 0.0958991 0.0657863 0.104017 0.0520086 0.023259 0.0465179 0.135622 0.0735513 
0.0515813 0.0326229 0.0230679 0.0515813 0.0515813 0.0831724 0.0230679 0.0515813 0.0515813 0.0652458 
0.086508 0.043254 0.069745 0.0820687 0.220553 0.183511 0.0273562 0.0797564 0.0967189 0.135406 
0.166378 0.139886 0.0308956 0.0690847 0.0488503 0.0488503 0.224924 0.216269 0.0308956 0.0690847 
0.0570905 0.0638291 0.0285452 0.114181 0.180536 0.121107 0.0638291 0.0638291 0.0570905 0.0638291 
0.0277751 0.0392799 0.0392799 0.0555502 0.0878326 0.0833253 0.0277751 0 0.0833253 0.0555502 
0.0982249 0.0858952 0.0858952 0.075335 0.0532699 0 0.0714691 0.0532699 0.0714691 0.023823 
0.0532246 0.0336622 0.0238028 0.0714083 0 0.0476056 0.0858221 0.0336622 0.0336622 0.0532246 
0.0858221 0.0981414 0.0858221 0.075271 0.075271 0.0238028 0.119014 0.0476056 0.0336622 0 
0.078075 0.0349162 0.0246895 0.049379 0.078075 0.049379 0.0246895 0.0890192 0.0349162 0.0552073 
0.0941176 0.0970142 0.0235294 0.0332756 0.0526134 0.0526134 0.0941176 0.0970142 0.0470588 0.0332756 
0.0339202 0.0536326 0.0479705 0.0479705 0.0239852 0 0.075848 0.0988936 0.0239852 0.0239852 
0.0487769 0.0243884 0.0344904 0 0.0344904 0.0545342 0.0344904 0.0487769 0.0243884 0.0731653 
0.0253144 0.0358 0.0358 0.129079 0.0759433 0.0506289 0.0253144 0.0566048 0.0912725 0.0358 
0.0262953 0.0262953 0.0831531 0.117596 0.0743744 0.0525906 0.0525906 0.0587981 0.0587981 0.0948091 
0.0353526 0.0353526 0.0558973 0.0558973 0.0707052 0.0707052 0.0558973 0.024998 0.0749941 0.0790508 
0.0244668 0 0.0547094 0.0244668 0.100879 0.100879 0.0547094 0.0346012 0.0547094 0.148826 
0.104575 0.0253632 0.0253632 0.129328 0.0760897 0.035869 0.0567139 0.104575 0.107607 0.0507265 
0.0547483 0.0387129 0.0547483 0.0547483 0.0612105 0.0865647 0.0387129 0.0547483 0.139581 0.193565 
0.0238028 0.0858221 0.0238028 0.0532246 0.100987 0.0336622 0.0238028 0.075271 0.0336622 0.0336622 
0.0929667 0.05197 0.0232417 0.0464834 0.05197 0.0464834 0.0464834 0.0232417 0.05197 0.05197 
0.0551737 0.0740233 0.0348949 0.143875 0.0697899 0.0493489 0.088965 0.0493489 0.088965 0.0348949 
0.0679138 0.0990005 0.107381 0.0536906 1.40931 0.0536906 0.0759299 0.0536906 0.0240111 0.0536906 
0.123298 0.0540699 0.0683936 0.194952 0.130217 0.130217 0.0483616 0.0341968 0.123298 0.0725423 
0.0227258 0.0454516 0.0454516 0.0642783 0.0819391 0.0454516 0.0227258 0.0321391 0 0.0321391 
0.108353 0.0831028 0.0262794 0.0831028 0.117525 0.0371647 0.0947518 0.0525588 0.0587626 0.0587626 
0.0468165 0.0418739 0.213516 0.187266 0.440174 0.0468165 0.122082 0.0754893 0.0468165 0.0296093 
0.0465746 0.104144 0.0465746 0.0416576 0.147282 0.139724 0.0658665 0.0858794 0.106207 0.0208288 
0.0707937 0.075088 0.0791497 0.0250293 0.125147 0.0250293 0.0250293 0.0250293 0.103199 0.075088 
0.0688021 0.0688021 0.0923077 0.156893 0.11094 0.0307692 0.0973008 0.11094 0.0688021 0.0307692 
0.0354302 0.0354302 0.215513 0.0501058 0.05602 0.103296 0.05602 0.0501058 0.0792242 0.160417 
0.0219661 0.0310647 0.0491177 0.0310647 0.0982353 0.0658983 0.0491177 0.0310647 0.0491177 0.0491177 
0.0362351 0.0362351 0.0572927 0.0362351 0.0810241 0.12811 0.0810241 0.0810241 0.0572927 0.0256221 
0.0846901 0.0469776 0.18791 0.0525226 0.11977 0.126491 0.117444 0.0525226 0.11977 0.132873 
0.051131 0.051131 0.051131 0.129352 0.051131 0.051131 0.0228665 0.0824463 0.051131 0.102262 
0.0514005 0.0726912 0.068961 0.195051 0.102801 0.022987 0.045974 0.0828808 0.0325085 0.0514005 
0.0529367 0.105873 0.260414 0.105873 0.0529367 0.0710221 0.0853579 0.11837 0.120714 0.0710221 
0.102383 0.119398 0.159927 0.0457869 0.0457869 0.0844268 0.131114 0.0614295 0.0738291 0.0915737 
0.0531644 0.0237759 0.106329 0.15224 0.181071 0.0980303 0.0531644 0.150372 0.0531644 0.0237759 
0.106746 0.0301923 0.7971 0.746917 0.894121 0.477383 0.0301923 0.153951 0.190953 0.114969 
0.0770772 0.03447 0.03447 0.0243739 0.0731218 0.0878815 0.0545018 0.0243739 0.12187 0.0545018 
0.0611275 0.0683426 0.0779226 0.0216118 0.0483255 0.0216118 0.0216118 0.116383 0.0305637 0.0305637 
0.0487226 0.0308148 0.146168 0.0689041 0.13952 0.0924445 0.0435788 0.0785628 0.165943 0.108947 
0.0642658 0.0718514 0.0227214 0.0718514 0.0508066 0.0508066 0.0963987 0.160665 0.0908856 0.0227214 
0.0410283 0.0580228 0.129743 0.0290114 0.119617 0.0580228 0.0820567 0.102571 0.0205142 0.0648715 
0.113047 0.071497 0.0452187 0.0932207 0.0815191 0.0815191 0.0319744 0.067828 0 0.0319744 
0.0944253 0.0527853 0.0236063 0.100153 0.223949 0.0851138 0.0333844 0.0944253 0.0527853 0.0472126 
0.0323996 0.082603 0.13746 0.0323996 0.102456 0.0971987 0.0687298 0.139356 0.0724476 0.0323996 
0.0772136 0 0.0677208 0.107076 0.107076 0.0214152 0.0428304 0.107076 0.0302857 0.0642456 
0.490064 0.605586 0.166091 1.00788 0.40283 0.341812 1.01029 0.62536 0.576764 0.598849 
0.0413644 0.0784834 0.130806 0.377301 0.305088 0.116996 0.0784834 0.0413644 0.0369974 0.167513 
0.241584 0 0.0266785 0.0800356 0.0266785 0.059655 0.0377291 0.0961908 0.0377291 0.0533571 
0.0434372 0.0434372 0.0485643 0.0217186 0.0614295 0.0307148 0.0485643 0.0307148 0.0686803 0.0307148 
0.0557928 0 0.0499026 0.0249513 0.0352865 0.0899632 0.0249513 0.0352865 0.0899632 0.0557928 
0.0800512 0.0358 0.0358 0.0912725 0 0.0912725 0.0566048 0.0566048 0.0358 0.0506289 
0.0437426 0.0788582 0.0691632 0.174971 0.159226 0.154654 0.0927921 0.0927921 0.0901777 0.131228 
0.0262794 0.0525588 0 0.0371647 0.0371647 0.0525588 0.0788382 0.0587626 0.0525588 0.0371647 
0.050236 0.0224662 0.0317721 0.050236 0.0449325 0.050236 0.0224662 0 0.050236 0.0449325 
0.875708 0.881097 0.66279 0.123077 0.905473 0.3046 0.0688021 0.165697 0.925637 0.440548 
0.149229 0.0619638 0.0391893 0.141299 0.0554221 0.0619638 0.08763 0.0999136 0.0619638 0.117568 
0.0461973 0.0326664 0.212959 0.115493 0.212959 0.0461973 0.0516501 0.0832833 0 0.0730443 
0.0724405 0.0512232 0.0923438 0.0923438 0.0572692 0.0256116 0.0923438 0.0256116 0.130594 0.0362202 
0.0820541 0.0550436 0.0550436 0.0661541 0.165131 0.0733914 0.041027 0.0661541 0.041027 0.0550436 
0.0768978 0.0512652 0.0810574 0.03625 0 0.0512652 0.0573162 0.0256326 0.0810574 0.0724999 
0.0277751 0.0392799 0.0277751 0.062107 0.1111 0.11452 0.0277751 0.062107 0.100145 0 
0.0588439 0.0588439 0.0948829 0.0832178 0.212165 0.224842 0.0263158 0.0588439 0.186081 0.0789474 
0.0512778 0.0256389 0.0573304 0.0362589 0.102556 0.0573304 0 0.0362589 0.0362589 0.0362589 
0.75673 0.203141 0.237759 0.0751858 0.252741 0.150372 0.106329 0.106329 0.0980303 0.173091 
0.0263135 0 0.0948747 0.0263135 0.134173 0.166421 0.0372129 0.0372129 0.0832106 0.0789405 
0.0509978 0.0684208 0.0509978 0.0322539 0.0822316 0.0721219 0.101996 0.166037 0.101996 0.178128 
0.109998 0.059655 0.0754583 0 0.0961908 0.0533571 0.0533571 0.0266785 0.059655 0.0533571 
0.0409745 0.0289733 0.104465 0.0289733 0.147736 0.0289733 0.0289733 0.0579467 0.104465 0.0409745 
0.0273998 0.0547997 0.0273998 0.0273998 0.147553 0.109599 0.0821995 0.193746 0.0387492 0.0612679 
0.116003 0.0820265 0.129695 0.025939 0.0778171 0.0778171 0.0580015 0.183417 0.0518781 0.0518781 
0.0502741 0.0502741 0.0810646 0.0635923 0.0317961 0.112416 0.0449665 0.0317961 0.0635923 0.0635923 
0.0554487 0 0.123987 0.0701377 0.0894083 0.0495948 0.105207 0.0350688 0.0247974 0.0784163 
0.0550398 0 0.177498 0.0246146 0.0348103 0.0348103 0.0348103 0.0348103 0.0550398 0.0550398 
0.0343756 0.0543526 0.153732 0.108705 0.0768662 0 0.0729217 0.100221 0.0486145 0.087641 
0.0697486 0.0464991 0.103975 0.0929981 0.0958603 0.103975 0.0838274 0.0232495 0.0464991 0.11855 
0.192414 0.172101 0.284097 0.0816345 0.0384829 0.121694 0.0860504 0.121694 0.146538 0.138752 
0.0784465 0.05547 0.149358 0.114354 0.0392232 0.027735 0.0620174 0.0877058 0.11767 0.05547 
0.0307148 0 0.0921443 0.184289 0.0307148 0.0921443 0.0868744 0.110744 0.0686803 0.130312 
0.10179 0.0959685 0.0865049 0.0758698 0.139897 0.0865049 0.0758698 0.0758698 0.0959685 0.03393 
0.0724619 0.0229145 0.0324059 0.0324059 0.0687434 0.0944787 0.0512383 0.0648119 0.0512383 0.123398 
0.0228665 0 0.0824463 0.114332 0.129352 0.0942809 0.0323381 0.045733 0.0824463 0.051131 
0.04986 0.0557451 0.0352563 0.0997199 0.0747899 0.0898863 0.02493 0 0.02493 0.0352563 
0.0695016 0.0609569 0.0545215 0.0982901 0.140333 0.0578288 0.0695016 0.0963813 0.0545215 0 
0.0533571 0.047724 0.604138 0.095448 0.463316 0.192382 0.033746 0.023862 0.203877 0.0533571 
0.055832 0.055832 0.0706225 0.0789583 0.0749064 0.0353112 0.0749064 0.0499376 0.0706225 0.055832 
0.101937 0.0552832 0.110566 0.0699284 0.0247234 0.0552832 0.0552832 0.0494468 0.0247234 0.0494468 
0.0681378 0.0507869 0.101574 0.0227126 0.0963615 0.0454252 0.0321205 0.0681378 0.0454252 0.0227126 
0.0375923 0 0.0840588 0.0375923 0.0531635 0.0265817 0.0265817 0 0.0531635 0.0265817 
0.0304114 0.0480847 0.0480847 0.0304114 0.0480847 0.0480847 0.0215041 0 0.0961694 0.0608229 
0 0.0531635 0.0797452 0.0840588 0.0797452 0.0751845 0.0265817 0.0594386 0.0265817 0.109599 
0.0338328 0.0239234 0.0338328 0 0.0478467 0.0338328 0.0239234 0.0534943 0.119617 0.086257 
0.130455 0.0521818 0.110694 0.058341 0.058341 0.0737962 0.116682 0 0.0737962 0.0260909 
0.0273742 0.0774258 0 0.112867 0.0986989 0.0986989 0.0612105 0.0387129 0.0547483 0.0547483 
0.0624695 0.0312348 0.0220863 0.0441726 0.0441726 0.0662589 0.0493865 0.0662589 0 0.0220863 
0.0608018 0 0.212372 0.138649 0.233909 0.121604 0.0769089 0.0543828 0.0980399 0.0608018 
0.0486037 0.034368 0.0729056 0.0543406 0.121509 0.068736 0.0486037 0.0486037 0.068736 0.0729056 
0.111231 0.0786524 0.149232 0.0248721 0.0703489 0.0351744 0.0556157 0.0556157 0.10255 0.0497442 
0.301853 0.0897461 0.112183 0.0709505 0.0808961 0.0673096 0.0448731 0.0501696 0.16334 0.0501696 
0.0362619 0.025641 0.105721 0.153846 0.0573351 0.0512821 0.0573351 0.0362619 0.0362619 0 
0.0818968 0.0454282 0.0507902 0.143656 0.143656 0.143656 0.0718282 0.163794 0.11582 0.160613 
0.0646762 0.051131 0 0.045733 0.0323381 0.051131 0.0323381 0.045733 0.0323381 0.0228665 
0.0679671 0.0453114 0.0506597 0.0934119 0.0226557 0.0226557 0.0226557 0.06408 0.0716436 0.03204 
0.0222099 0.0222099 0.0702338 0.0496628 0.0702338 0.0444198 0 0.0496628 0.0496628 0.0222099 
0.033667 0.0752817 0.0532322 0.0238062 0.0952246 0 0.0238062 0.0238062 0.0714184 0.0476123 
0 0.0615385 0.0307692 0.0486504 0.0217571 0.0307692 0.0688021 0.0784465 0.0307692 0.0217571 
0.0489336 0.0244668 0.100879 0.100879 0.0547094 0.0244668 0.0346012 0.0734003 0.0244668 0.103804 
0.167951 0.0625918 0.0559838 0.0625918 0.0279919 0 0.0395865 0.0395865 0.0279919 0.0713656 
0.0689983 0.0487892 0.109096 0.0689983 0.030857 0.0218192 0.0218192 0.0487892 0.0487892 0.0436384 
0.0437872 0.0656807 0 0.0789384 0.0309622 0.0692336 0 0.0489555 0.0437872 0.0619244 
0.0498097 0.0556889 0.0556889 0.0498097 0.0704415 0.0249048 0.0747145 0.0556889 0.0498097 0.102685 
0.0313786 0.0313786 0.022188 0.0496139 0.0701646 0.0313786 0.0313786 0.0627572 0.0313786 0.044376 
0 0.021693 0.0306786 0.0433861 0.0613572 0.0970143 0.021693 0.021693 0.0306786 0.021693 
0.052627 0.111639 0.0744259 0.0832106 0.108493 0.0263135 0.0263135 0.0948747 0.0789405 0.131568 
0.022987 0 0 0.0325085 0.022987 0.045974 0.022987 0.022987 0.0514005 0.045974 
0.0508616 0.0254308 0.127154 0.0916921 0.148286 0.056865 0.101723 0.104854 0.104854 0.0359646 
0.219199 0.0265817 0.0797452 0.118877 0.0375923 0.0265817 0.0375923 0.135541 0.0797452 0.0265817 
0.0890429 0.0398212 0.0281578 0.0844735 0 0.0890429 0.0281578 0.0629629 0 0.0398212 
0.0296891 0.066387 0.0419868 0.0296891 0.0890675 0.0296891 0 0.0419868 0.0938853 0.0938853 
0.0259938 0 0.0821995 0.0259938 0 0.0259938 0.0259938 0.0259938 0.0821995 0.0581238 
0.0389102 0.0550274 0.0615225 0.0275137 0.123045 0.113442 0.0550274 0.0275137 0.0615225 0.0778204 
0 0.0776106 0.0215253 0.137829 0.121765 0.0215253 0.0913241 0.0861012 0.0645759 0.0215253 
0.0526571 0.047098 0.0999098 0.0333033 0.047098 0.023549 0.0333033 0.0333033 0.0526571 0.0706469 
0.038222 0.0974473 0.038222 0.085467 0.0604343 0.0540541 0.0810811 0.111435 0.108108 0.038222 
0.0710389 0.0710389 0.0753481 0.12558 0.0710389 0.142078 0.0794239 0.0355194 0.0561612 0.0753481 
0.10932 0.0592869 0.13257 0.149985 0.0592869 0.201924 0.0749927 0.0265139 0.0795417 0.167689 
0.053648 0.03393 0.053648 0.03393 0.0239921 0.0239921 0.0239921 0.053648 0.0239921 0.03393 
0.0407972 0.0912253 0.028848 0.0841056 0.028848 0.0611958 0.028848 0.0735482 0.0203986 0.0456127 
0.0253083 0.0506167 0.0715828 0.129048 0.104349 0.0253083 0.0565912 0.080032 0.0357914 0.13629 
0.0544049 0.0769401 0.103226 0.0729918 0.0486612 0.0877253 0.0544049 0.0486612 0.0769401 0.0243306 
0.0538655 0.0481788 0.0240894 0.0340675 0.0340675 0.0340675 0.0538655 0.0681351 0.0538655 0.0481788 
0.0423999 0 0.0423999 0.0670402 0.0948091 0.0423999 0.0423999 0.0635999 0.0635999 0.0899438 
0.102477 0.0458289 0.0324059 0.0324059 0.0826192 0.0512383 0.0324059 0.0229145 0.0229145 0.0724619 
0.0900325 0.0308809 0.111343 0.10918 0.154404 0.0218361 0.0218361 0.0617618 0.0308809 0.048827 
0.0249513 0 0.078903 0.0748539 0.070573 0.0557928 0.0352865 0.078903 0.078903 0.0249513 
0.0800789 0.0702338 0.0888395 0.062819 0.0496628 0.0496628 0.0496628 0.0666297 0.0496628 0.0702338 
0.0505681 0.0565369 0.0505681 0.0357571 0.0252841 0.0565369 0.0357571 0.0505681 0.0252841 0.0252841 
0.0270172 0.0270172 0.038208 0.0270172 0.0270172 0.0540343 0.0270172 0.038208 0.0604122 0.0604122 
0.0791497 0 0.0707937 0.111935 0.0250293 0.0250293 0.0500587 0.0500587 0.0353968 0.0353968 
0.0752444 0.0237944 0.29432 0.312966 0.478261 0.0475887 0.0857918 0.0532058 0.0237944 0.0336503 
0.0796661 0.116132 0.0398331 0.0890694 0.178139 0.101555 0.116132 0.101555 0.0281662 0.0563324 
0.0472159 0.0708239 0.151165 0.0333867 0.0472159 0.0333867 0.0333867 0.0746549 0.0333867 0.023608 
0.0610562 0.0863466 0.0863466 0.0273052 0.0386154 0.0273052 0.0863466 0.0863466 0.0610562 0.0610562 
0.0468653 0.0937306 0.0468653 0.132555 0.0296402 0.0468653 0.0209588 0.0209588 0.0296402 0.0296402 
0.180815 0.103385 0.224274 0.106382 0.202157 0.125373 0.0709215 0.0560684 0.127856 0.112137 
0.057496 0.057496 0.0927094 0.025713 0.0927094 0.025713 0.025713 0.025713 0.106017 0.057496 
0.0317721 0.050236 0.0635441 0.0810032 0.0953162 0.0710445 0.0810032 0.050236 0.0317721 0.0224662 
0.0487254 0.0487254 0.0689082 0.158639 0.117346 0.0217907 0.0898453 0.111111 0.0487254 0.0487254 
0.0316822 0.0224027 0.0672082 0.0316822 0.0807742 0.050094 0.050094 0.050094 0.100188 0.143447 
0 0.0256074 0.10243 0.186425 0.105582 0.108643 0.0572598 0.11452 0.0572598 0.0572598 
0.0540491 0.0270246 0 0.076437 0.0540491 0.0854592 0.0604287 0.111425 0.111425 0.120857 
0.0522664 0.130666 0.104533 0.0783996 0.0522664 0.116871 0.104533 0.0826404 0 0.0783996 
0.0578194 0.0578194 0.0289097 0.104235 0.0578194 0.155684 0.0578194 0.0867291 0.0646441 0.104235 
0.0629629 0.0629629 0.0281578 0.0796424 0.0398212 0.101525 0.0844735 0.116098 0.0281578 0.0844735 
0.025641 0.025641 0.128205 0.130744 0.105721 0.0769231 0.0769231 0.025641 0.0512821 0.0573351 
0.0214657 0.0479988 0.0303571 0.137448 0.109454 0.0773957 0.0678805 0.0643971 0.0479988 0.0959975 
0.0771058 0.073149 0.054522 0.175828 0.0879141 0.054522 0.054522 0.109044 0.121915 0.0771058 
0.634207 0.357647 0.0980399 0.0608018 0.121604 0.219224 0.112113 0.0769089 0.0980399 0.121604 
0.0820265 0.0366834 0.11005 0.11005 0.260684 0.0518781 0.0580015 0.11005 0.103756 0.129695 
0.772413 0.0215141 0.152128 0.0887048 0.240535 0.0860563 0.060851 0.0887048 0.060851 0.048107 
0.0313574 0.044346 0.0495803 0.0313574 0.113061 0.022173 0.044346 0.0313574 0.044346 0.022173 
0 0.019996 0.0447124 0.107682 0.0632329 0.0720966 0.0282786 0.039992 0.0565572 0.0447124 
0.0481788 0.0538655 0.0240894 0.0963576 0.0538655 0 0.0761774 0.0761774 0.0538655 0.0240894 
0.108045 0.0828671 0.0585959 0.094483 0.104819 0.0524097 0.0741186 0.0585959 0.0370593 0.0370593 
0.0564963 0.0757977 0.0252659 0.0252659 0.159796 0.0714628 0.104174 0.153686 0.0910975 0.0564963 
0.0375923 0.0265817 0.0594386 0.0375923 0.0375923 0.0531635 0.0265817 0 0.0594386 0.0265817 
0.0465721 0.0465721 0.0750953 0.0858747 0.0294548 0.0931442 0.0294548 0.0465721 0.0208277 0.0750953 
0.0733667 0.103756 0.0733667 0.0580015 0.155634 0.0580015 0.116003 0.139686 0.0820265 0.0580015 
0.0351799 0.0556243 0.102566 0.0896914 0.159284 0.0746278 0.102566 0.0995037 0.0896914 0.0556243 
0.203069 0.0778735 0.143592 0.222996 0.17413 0.0778735 0.104478 0.104478 0.0778735 0.11013 
0.027387 0.027387 0.027387 0.027387 0.0612392 0.054774 0.027387 0.038731 0.038731 0.038731 
0.024383 0.0689655 0.0344828 0.0344828 0.109044 0.109044 0.0344828 0.054522 0.100534 0.054522 
0.0837256 0.0464426 0.0519244 0.0232213 0.0928852 0.0232213 0.0656798 0.0656798 0.125051 0.0232213 
0.0547894 0.0547894 0.0612564 0.0387419 0.0612564 0.0774839 0.0774839 0.0612564 0.0866296 0 
0.0579649 0.0289825 0.168995 0.168995 0.208996 0.233664 0.0648068 0.667226 0.183301 0.185578 
0.117444 0.0234888 0.117444 0.117444 0.202058 0.140933 0.0332182 0 0.0939552 0.0469776 
0.0331633 0.0331633 0.0703501 0.0663267 0.170719 0.0845503 0.0469001 0.0469001 0.0524359 0.0524359 
0.0480847 0.0480847 0.0480847 0.0304114 0.068002 0.0430083 0.0215041 0.0215041 0.0304114 0.0430083 
0.0724619 0.0229145 0.0229145 0.0826192 0.0229145 0.0229145 0.0324059 0.0229145 0.0324059 0.0687434 
0.086508 0.0386875 0.166401 0.0773751 0.183511 0.136781 0 0.0273562 0.0547124 0.166401 
0.0488503 0 0.0787687 0.0308956 0.0617913 0.0218465 0 0.0308956 0.0218465 0.0218465 
0.0769012 0.0476921 0.0301631 0.0953842 0.0301631 0.0476921 0.0639857 0.0213286 0.0476921 0.0426571 
0.0717701 0.0239234 0.0534943 0.0534943 0.0986386 0.0338328 0.0534943 0.0534943 0.0534943 0.0338328 
0.0984907 0.135128 0.119438 0.075539 0.0534141 0.047775 0.0534141 0.0716625 0.0534141 0.0716625 
0.02345 0 0.0845503 0.0741555 0.0524359 0.0524359 0 0.02345 0.0741555 0.0966869 
0 0.0721583 0.0537837 0.0240528 0.0760616 0.0537837 0 0.0537837 0.0240528 0.0537837 
0 0.0240894 0.0240894 0.0340675 0.0761774 0.0340675 0.0240894 0.0340675 0.0538655 0.0538655 
0 0.0723101 0.051131 0.0808452 0.0255655 0.051131 0.0255655 0.0571662 0.0255655 0.0571662 
0.0454164 0.0507771 0.0718097 0.0642285 0.101554 0.0321143 0.0227082 0.0718097 0.0718097 0.0321143 
0.023471 0.0846259 0.0742218 0.066386 0.033193 0.066386 0.046942 0.033193 0.023471 0.033193 
0.0358402 0.0358402 0.0716804 0.0801412 0.104491 0.0253429 0.0358402 0.091375 0.091375 0 
0.193999 0.252506 0.190545 0.0665411 0.0941033 0.107294 0.207241 0.491234 0.147295 0.086759 
0 0.0246444 0 0.0246444 0.0348525 0.0246444 0.0492889 0.0348525 0.0246444 0.0348525 
0.114774 0.0513285 0.162315 0.0362947 0.0925337 0.0725894 0.0513285 0.0256642 0.0513285 0.0362947 
0.942775 0.751209 0.0338328 0.0956935 0.128831 0.174165 0.0717701 0.765922 0.192876 0.182195 
0.0348103 0.0492291 0.0738437 0.174051 0.0887491 0.132554 0.0778381 0.748623 0.155676 0.177498 
0.0235702 0.0235702 0.0471405 0.0849837 0.0745356 0.0527046 0.0471405 0.0707107 0.1 0.0527046 
0.0255072 0.0510144 0.108218 0.0806609 0.105169 0.0570359 0.0255072 0.0570359 0.0570359 0.105169 
0.0470295 0.0665098 0.0332549 0.0332549 0.0235148 0.0235148 0.0332549 0.0470295 0.0235148 0.0235148 
0.0769231 0.0573351 0.025641 0.0362619 0.025641 0.0512821 0.0769231 0.081084 0.0573351 0.025641 
0.0807742 0.0448054 0.0316822 0.0672082 0.0224027 0.114232 0.0224027 0.0316822 0.0316822 0.0316822 
0.040369 0.0638291 0.0807381 0.040369 0.0638291 0.0638291 0.0638291 0.0285452 0.0570905 0.117695 
0.0519139 0.0519139 0.0464332 0.0734174 0.0519139 0.0519139 0.0519139 0.0464332 0.0328332 0.0232166 
0.159697 0.278644 0.101001 0.0858343 0.067334 0.033667 0.0752817 0.119031 0 0.033667 
0.0262794 0.0525588 0.0525588 0.0371647 0.111494 0.0587626 0.0525588 0.0262794 0.0371647 0.105118 
0.210802 0.0702674 0.0702674 0.180862 0.151116 0.179147 0.0785614 0.124216 0.14486 0.189201 
0.0490807 0.0245403 0.0245403 0.0548739 0.0548739 0.0245403 0.0548739 0.0347053 0.0776034 0.0347053 
0.028069 0.028069 0.0842069 0.028069 0.0627641 0.028069 0.0627641 0.0396955 0.028069 0.0627641 
0.0293832 0.0415541 0.0293832 0.0657028 0.0293832 0.0293832 0 0.12115 0.0929178 0.105943 
0.996871 0.0204082 0.0645363 0.0204082 0.0735827 0.0645363 0.104062 0.045634 0.0735827 0.0288615 
0.0306282 0.0216574 0.0612564 0.0433148 0.0484274 0.0306282 0.0684867 0.0484274 0.0684867 0.0484274 
0 0.0407972 0.168211 0.174286 0.129012 0.14279 0 0.0456127 0.057696 0.0841056 
0.0862875 0.0661795 0.0862875 0.168725 0.0935919 0.1127 0.0209278 0.0467959 0.0591927 0.0661795 
0.0595228 0.0595228 0.0959776 0.0266194 0.0595228 0.0595228 0.0532388 0.0841779 0.0376455 0.0376455 
0.10881 0.0973224 0.0243306 0.147997 0.121653 0.0544049 0.0877253 0.0243306 0.0769401 0.0243306 
0.055832 0.055832 0.0499376 0.0789583 0.102949 0.0499376 0.055832 0.124844 0.0249688 0.0249688 
0.0317081 0.0317081 0 0.130736 0.0924442 0.0709015 0.0501349 0.022421 0.0317081 0.0896841 
0.102403 0.0482734 0.14074 0.0682689 0.0724101 0.0241367 0.0241367 0.136538 0.0241367 0.0682689 
0.117041 0.126949 0.141933 0.0634745 0 0.0851599 0.0634745 0.0802896 0.0401448 0.0283866 
0.0544371 0.024345 0.0688581 0.024345 0.0877772 0.0769857 0.024345 0.0486901 0.0344291 0.0344291 
0.0660819 0.0492545 0.0440546 0.0492545 0.0908208 0.0623026 0.0794205 0.139313 0.0492545 0.0794205 
0.0240685 0.0538187 0.0240685 0.136152 0.102114 0.0538187 0.0538187 0.0538187 0.0340379 0.0240685 
0.051131 0.0228665 0.116597 0.116597 0.102262 0.0323381 0.0323381 0.0323381 0.0323381 0 
0.060045 0.107784 0.250787 0.141528 0.494334 0.082524 0.082524 0.082524 0.082524 0.0721652 
0.0210235 0.0210235 0.107199 0.0594635 0.113215 0.0594635 0.0940201 0.0210235 0.0470101 0.0210235 
0 0.0328532 0 0.0519454 0.0232307 0.0734619 0.0519454 0.0328532 0 0.0232307 
0.0540491 0.0270246 0.794816 0.0810737 1.13921 0 0.0382185 0.0270246 0.0604287 0.0382185 
0.0618215 0 0.0276474 0.0781987 0.0618215 0.0618215 0.0618215 0.0276474 0.0276474 0.0276474 
0.0357914 0.0253083 0.0565912 0.104349 0.104349 0.129048 0 0.0506167 0.080032 0.0253083 
0.0734099 0.0935797 0.0820748 0.132342 0.107012 0 0.0734099 0.0935797 0.0519087 0.036705 
0.0262342 0.0262342 0.133768 0.104937 0.211507 0.131171 0.0371007 0.0945886 0.0524683 0.0742014 
0.0724999 0.0512652 0.03625 0.0768978 0.105686 0.0512652 0.0573162 0.0573162 0.0256326 0.0256326 
0.0507379 0.068072 0.0507379 0.0818124 0 0 0.0507379 0.0507379 0.0818124 0.0507379 
0.034493 0.034493 0.109076 0.103479 0 0.0545382 0.034493 0.034493 0.0545382 0.0545382 
0.0232166 0.0328332 0.0696498 0.0464332 0.0519139 0.0696498 0.0464332 0.0656665 0.0696498 0 
0.02493 0.02493 0 0.0705126 0.0788355 0.0747899 0.02493 0.0557451 0.0557451 0.0557451 
0.0574248 0.0574248 0.0574248 0.232553 0.0513623 0.236769 0.0574248 0.149746 0.130949 0.217912 
0.0332733 0.0235278 0.0470556 0.0470556 0.0526097 0.0665466 0.0332733 0.0848306 0.0470556 0.0470556 
0.0519981 0.0328865 0.0232542 0.093017 0.0519981 0.0735364 0.0735364 0.135594 0.0519981 0.0465085 
0.0728357 0.0485571 0.0767756 0.0767756 0.0485571 0.0971143 0.0242786 0 0.123797 0.103005 
0.0330004 0.0330004 0.0990013 0.0700045 0 0.104357 0.0330004 0.0521783 0.0330004 0.0466696 
0.0564467 0 0.0357001 0.0714001 0 0.0798278 0.0252438 0.0252438 0 0.0252438 
0.0672055 0.0237607 0.0237607 0.0751381 0.0336028 0.0979681 0.0751381 0.0475215 0.0751381 0.100808 
0.320087 0.432719 0.132909 0.186072 0.135541 0.240708 0.0594386 0.0375923 0.132909 0.187961 
0.034401 0 0 0.0769231 0.0769231 0.0543928 0.0543928 0.0729756 0.0543928 0.0243252 
0.038208 0.0764161 0.0604122 0.0270172 0.0604122 0.0810515 0.0270172 0.038208 0.0540343 0.0270172 
0.121965 0.0818165 0.0862422 0.0545443 0.0385687 0 0.112446 0.196662 0.136361 0.0983312 
0.0340379 0.0538187 0.0538187 0.0538187 0.0240685 0.0340379 0 0.0481369 0.0481369 0.0240685 
0.0263135 0.0832106 0.105254 0.0263135 0.052627 0.0263135 0.0832106 0.0832106 0.0588388 0.052627 
0.0482327 0.0215703 0.0610101 0.0482327 0.157034 0.12202 0.0431406 0.125775 0.0610101 0.107852 
0.0461358 0.0230679 0.0515813 0.0515813 0.0922715 0.0230679 0.0230679 0.0230679 0.072947 0.0461358 
0.0332756 0.0235294 0.0848365 0.0332756 0.0526134 0.0235294 0.0332756 0.0998268 0.0332756 0.0470588 
0.0755629 0.100751 0.0356207 0.103851 0.128432 0.0563213 0.0563213 0.0503753 0.0563213 0.0503753 
0.0810241 0.0362351 0.171878 0.0362351 0.0572927 0.0572927 0.0362351 0.0512442 0.0256221 0.0810241 
0 0.0507673 0.0321081 0.0321081 0.152302 0.113519 0.0227038 0.0642161 0.0321081 0.0818598 
0.0249824 0.0558624 0.0790014 0.0558624 0.0558624 0.0499649 0.0900755 0.0249824 0.0558624 0.0249824 
0.063132 0.0199641 0.0446411 0.0399282 0.0446411 0.063132 0.121437 0.981495 0.0719816 0.208431 
0.0867235 0.0481056 0.0721583 0.0537837 0.0340158 0.0991722 0.0340158 0.0537837 0.0537837 0.0340158 
0.973219 0.149617 0.108366 0.0856706 0.154445 0.192521 0.038313 0.17347 0.214176 0.172409 
0.040618 0.103556 0.0642228 0.14645 0.0861639 0.0861639 0.192668 0.118421 0.0642228 0.0908247 
0.0725763 0.0725763 0.253498 0.0459013 0.207827 0.0827497 0.0229506 0.0827497 0.19609 0.0649142 
0.116003 0.0518781 0.155634 0.0820265 0.132264 0.0935246 0.0580015 0.0580015 0.0935246 0.0580015 
0.0454516 0.0227258 0.122382 0.0454516 0.0909032 0.0227258 0.0227258 0.0681774 0.0227258 0.0227258 
0.0596285 0.0377124 0.0596285 0.0596285 0.0596285 0.08 0.0533333 0.0596285 0.0377124 0.0377124 
0.0551067 0.0348525 0.0246444 0.0348525 0.0246444 0.0246444 0.0779326 0.0779326 0.0551067 0.0779326 
0.0300472 0.0475088 0.0671875 0.0475088 0.0950175 0.0637397 0.0475088 0.0424931 0.0212466 0.0475088 
0.0820265 0.0366834 0.106949 0.139686 0.0580015 0.0935246 0.0518781 0.0778171 0.0366834 0.0778171 
0.0324336 0.0324336 0.0324336 0.022934 0.0512821 0.0458681 0.022934 0.0324336 0.0973008 0.0725238 
0.0502455 0.044941 0.0502455 0.114577 0.0710579 0.0635561 0 0 0.0317781 0.044941 
0.106017 0.102852 0.057496 0.114992 0.0514259 0.0514259 0.057496 0.102852 0.057496 0.057496 
0.078756 0.0498097 0.0352208 0.0249048 0 0 0.12699 0.102685 0.0556889 0 
0.0962079 0.0843799 0.0962079 0.0266833 0.0754717 0 0.0533666 0.0266833 0.113208 0.0266833 
0.0936428 0.0259718 0.0259718 0.0519437 0.107085 0.107085 0.0259718 0.0779155 0.0580748 0.0821302 
0.0540097 0.0540097 0.0270048 0.0540097 0.0853968 0.0270048 0.0270048 0.0540097 0.0603847 0.0603847 
0.0827606 0.152603 0.0827606 0.0370117 0.0370117 0.0585206 0.0370117 0.0827606 0.0523424 0.0785136 
0.0327101 0.140691 0.0327101 0.0693885 0.0693885 0.103438 0.190731 0.115648 0.0833946 0.0953654 
0.0848365 0.0526134 0.291043 0.150662 0.291043 0.263067 0.119977 0.137199 0.105227 0.0470588 
0.0232542 0 0.0697627 0.0657729 0 0.0465085 0.0465085 0 0 0.0465085 
0.0442699 0.0699968 0.0494952 0.0221349 0.0798087 0.0798087 0.0221349 0.0442699 0.0885398 0.0939106 
0.028467 0 0.145154 0.117373 0.173158 0.102639 0.0402585 0.0402585 0.127309 0.0900207 
0.0498097 0.0498097 0.0897957 0 0.0747145 0.0249048 0.0249048 0.0556889 0.0556889 0.0352208 
0.0340675 0 0 0.0240894 0.0340675 0.0340675 0.0240894 0.0538655 0.0993231 0.0761774 
0.0219568 0.0310516 0.0219568 0.0621033 0.138867 0.0621033 0.0439136 0.0439136 0.0905303 0.0490969 
0.0564963 0 0.0564963 0.0252659 0.112993 0.0757977 0.0357314 0.0252659 0.0757977 0.0564963 
0.0547094 0.0489336 0.0547094 0.0244668 0.0547094 0.0244668 0.0489336 0.0547094 0.0489336 0.0244668 
0.103065 0.0576151 0.0515325 0.131383 0.131383 0.0576151 0.106237 0.106237 0 0.036439 
0.0735159 0.0693115 0.122527 0.0883552 0.109591 0.0735159 0.0980213 0.0490106 0.0490106 0.0735159 
0.132164 0.0777583 0.0819645 0.0819645 0.106869 0.0934539 0 0.0777583 0.0777583 0.13958 
0.0340379 0.0538187 0.140342 0.0240685 0.17019 0.0992368 0.0340379 0.08678 0.102114 0.0481369 
0.0750099 0.0465192 0.2172 0.0930384 0.145628 0.0657881 0.0465192 0.15002 0.0588426 0.0930384 
0.0873851 0 0.119891 0.0670213 0.128918 0.0473912 0.021194 0.021194 0.0473912 0.021194 
0.0703598 0.0746278 0.159284 0.0248759 0.102566 0.0703598 0 0.0896914 0.102566 0.0351799 
0.0524359 0.0331633 0 0.02345 0.0663267 0.0741555 0.0331633 0.0663267 0.0741555 0.02345 
0.0867235 0.0760616 0.107567 0.0481056 0.0867235 0.0680315 0.0867235 0.107567 0.0962111 0.0721583 
0.0310087 0.0310087 0.0877058 0.138675 0.0693375 0.093026 0.0310087 0.0310087 0.127852 0.0980581 
0.0826404 0.0584356 0.0826404 0.0369579 0.0261332 0.0584356 0.0942245 0.0584356 0.0261332 0.0261332 
0.0259938 0 0.0519875 0.129969 0.0367607 0.0259938 0.0581238 0.103975 0.0821995 0.0581238 
0.0210235 0.0210235 0.0420471 0.0630706 0.0210235 0.0210235 0.0210235 0.0470101 0.0594635 0.0758014 
0.168843 0.0667409 0.188772 0.0667409 0.0596948 0.0298474 0.0943858 0.0667409 0.0844213 0.0667409 
0.245101 0.0975537 0.0243884 0.0344904 0.0731653 0.124357 0.146331 0.272671 0.077123 0.077123 
0.0971286 0.0971286 0.107754 0.0269386 0.0602366 0.0602366 0.0269386 0.120473 0.137361 0.0851874 
0.100759 0.115222 0.142494 0.0558908 0.0624878 0.100759 0.0558908 0.0790415 0.0838362 0.0395208 
0.117232 0.0262139 0.037072 0.074144 0.0945155 0.058616 0.058616 0.108083 0.058616 0.058616 
0.0928477 0.0811929 0.142422 0.159232 0.239379 0.127386 0 0.0928477 0.112594 0.112594 
0.13715 0.0216854 0.04849 0.0433708 0.173483 0.0685752 0.0433708 0.04849 0.0613356 0.04849 
0.0477546 0.0213565 0.0477546 0.0675352 0.077002 0.0675352 0.0213565 0.120811 0.0213565 0.106783 
0.0534141 0.0716625 0.0238875 0.0984907 0.047775 0.075539 0.0238875 0.0955501 0.0675641 0.075539 
0.0708603 0.0250529 0.125265 0.152391 0.125265 0.11204 0.0250529 0.11204 0.125265 0.0501058 
0.030742 0.0614839 0.030742 0.0614839 0.0972146 0.0652135 0 0.0217378 0.0486073 0.0486073 
0.0969539 0.0525806 0.0525806 0.0332549 0.0470295 0.0847837 0.0332549 0.0969539 0.0525806 0.0470295 
0.022173 0.0701172 0.0495803 0.182843 0.110865 0.044346 0.0495803 0.044346 0.0313574 0.0495803 
0.106989 0 0.0797452 0.0797452 0.126088 0.103975 0.0504353 0.0909235 0.0713263 0.0504353 
0 0.0532246 0.0714083 0.0714083 0.166619 0.0673244 0.0238028 0 0.0476056 0.0476056 
0.0948747 0.0832106 0.0744259 0.108493 0.105254 0.0588388 0.052627 0.0948747 0.0263135 0.0263135 
0.0253898 0.0567733 0.129463 0.0359066 0.0802896 0 0.0359066 0.0718132 0.0253898 0.0567733 
0.0734966 0.0734966 0.05197 0.05197 0.10394 0.0328687 0.0328687 0 0.0232417 0.0837991 
0.0246895 0.104749 0.0698324 0.0552073 0.0698324 0.125892 0.0698324 0.0890192 0.101797 0.0740684 
0.024383 0.0344828 0 0.0344828 0.024383 0.054522 0.024383 0.054522 0.048766 0.048766 
0.111636 0.0619244 0.0692336 0.111636 0.0309622 0.0218936 0.0309622 0.0489555 0.0309622 0.0656807 
0.0493677 0.0246838 0.174541 0.0551947 0.0246838 0.123419 0.0349082 0.0349082 0.0551947 0.0349082 
0.0319744 0.067828 0.0452187 0.0904373 0.050556 0.113047 0.0959233 0.0226093 0.0904373 0.0959233 
0.0352563 0.0557451 0.04986 0.0557451 0.0788355 0.11149 0.0557451 0.04986 0.0352563 0.0788355 
0.121626 0.0543928 0.296927 0.100295 0.108786 0.189986 0.130995 0.341421 0.175412 0.100295 
0.0817451 0.0258501 0.0817451 0.0517001 0.0517001 0.0258501 0.073115 0.106583 0.0932037 0.0258501 
0.0823441 0.0510676 0.0685144 0.0722205 0.032298 0.0913525 0.0685144 0.0510676 0.0228381 0.0228381 
0.0992871 0.053846 0.0868241 0.0681104 0.0868241 0.120403 0.0481613 0.0240807 0.0240807 0.0340552 
0.0531795 0.0336336 0.118913 0.0672673 0.100901 0.100901 0.0336336 0.0237826 0.0752071 0.0237826 
0.0718679 0.0535672 0.107134 0.023956 0.0535672 0 0.0338788 0.023956 0.0479119 0.023956 
0.0594386 0.0594386 0.0840588 0.0375923 0.0751845 0.0594386 0.0751845 0.0375923 0.0797452 0.0265817 
0.05547 0.0248069 0.0496139 0.0350823 0.0248069 0.0496139 0.0248069 0.0350823 0.0496139 0.0496139 
0.295641 0.098547 0.119506 0.0534446 0.0861768 0 0.0534446 0.0338013 0.0755821 0.0478023 
0.770863 0.309703 0.116139 0.112867 0.164245 0.0865647 0.0387129 0.0986989 0.193565 0.17528 
0.199442 0.141027 0.0414069 0.0828138 0.0925886 0.0925886 0.0944222 0.186101 0 0.0944222 
0.0798087 0.107075 0.128688 0.181992 0.0798087 0.112867 0.252377 0.217103 0.259838 0.287754 
0.0714083 0.0714083 0.0673244 0.0336622 0.0532246 0.0532246 0.0952111 0.119014 0.0532246 0.0476056 
0.0531456 0.0531456 0.0237675 0.106291 0.0237675 0.121191 0.0336123 0 0.0336123 0 
0.265516 0 0.220923 0.232873 0.073641 0.310692 0.073641 0.0658665 0.147282 0.232873 
0.0781556 0.0650294 0.0216765 0.0919655 0.0306552 0.0306552 0.0216765 0.068547 0.068547 0.0306552 
0.0514259 0.0514259 0.0363636 0.0813116 0.149931 0.0813116 0 0.102852 0.0813116 0.102852 
0.033667 0.106464 0.106464 0.0714184 0.144807 0.0981553 0.0238062 0.0714184 0.0981553 0.144807 
0.175243 0.0729056 0.0876216 0.0768492 0.121509 0.108681 0.0543406 0.0486037 0.103104 0.100199 
0.0649527 0.0649527 0.0649527 0.0688927 0.0229642 0.094684 0.0513496 0.0726193 0.0726193 0.0513496 
0.0543406 0.0243019 0.108681 0.0243019 0.0729056 0.0543406 0.0243019 0.034368 0.0486037 0.123916 
0.0530558 0.0530558 0.0474546 0.0978301 0.0530558 0.0335554 0.0530558 0.0530558 0.0711818 0.0530558 
0.0996842 0.0781987 0.952132 0.113993 0.156397 0.0618215 0.0618215 0.0552948 0.0874288 0.0781987 
0.158422 0.0260444 0.147329 0.0823596 0.184162 0.164719 0.0520888 0.130222 0.0260444 0.0823596 
0.620436 0.021693 0.130158 0.0782154 0.126491 0.174895 0.021693 0.0485071 0.126491 0.137199 
0.0687087 0.0485844 0.0921823 0.0485844 0.0307274 0.0651827 0.0614549 0.0434552 0.0217276 0.0485844 
0.0483298 0.0241649 0.216137 0.0724947 0.152832 0.174255 0 0.0341743 0.227971 0.108069 
0.136436 0.0843649 0.0701958 0.0661813 0.0523209 0.0843649 0.0330906 0.0661813 0.0739929 0.0739929 
0.0229642 0.0324764 0.0324764 0.0513496 0.094684 0.0229642 0.0726193 0.091857 0.094684 0.0229642 
0.021693 0.021693 0.0867722 0.0433861 0.0970143 0.021693 0.0433861 0.021693 0.0613572 0.0485071 
0.0493526 0.0246763 0.0551779 0.0551779 0.074029 0.0348976 0.074029 0.074029 0.0493526 0.0551779 
0.075079 0.046562 0.0208232 0.046562 0.046562 0.0832927 0.046562 0.046562 0.0588968 0.0294484 
0.0889988 0.0551947 0.0493677 0 0.0246838 0.0349082 0.0551947 0.0246838 0.0349082 0.0246838 
0.0336123 0.0336123 0.0475349 0.0237675 0.0713024 0.0336123 0.0531456 0.0237675 0.0336123 0.0336123 
0.0725894 0.0256642 0.0925337 0.0925337 0.0513285 0.057387 0 0.0513285 0.105816 0.0925337 
0.0519437 0.0367297 0.0580748 0.103887 0.0821302 0.0821302 0.0580748 0.0519437 0.107085 0.157981 
0.0684506 0.0484019 0.030612 0.131667 0.0484019 0.030612 0.0484019 0.0484019 0.021646 0.0612241 
0.0542885 0.0485571 0.100103 0.100103 0.130744 0.108577 0.0542885 0.0242786 0.121393 0.0767756 
0.0750322 0.0335554 0.0335554 0.127775 0.0530558 0.0530558 0.0750322 0.0530558 0.138353 0.0530558 
0.0751157 0.0931695 0.0465848 0.0465848 0.0465848 0.125 0.085898 0.0931695 0.117851 0.0751157 
0.154741 0.122334 0.0692025 0.0244668 0 0.0547094 0.109419 0.109419 0.124757 0.100879 
0.124329 0.054522 0.148316 0.073149 0.156127 0.124329 0.0879141 0.793853 0.142176 0.154212 
0.062542 0.0911698 0.134502 0.0797257 0.0494438 0.0663358 0.0911698 0.0221119 0.0494438 0.0221119 
0.0798087 0.0757132 0.153515 0.0564333 0.0713831 0.0356915 0.0356915 0.0356915 0.0356915 0.0713831 
0.057657 0.0644625 0.0815393 0.057657 0.0644625 0.0407697 0.0288285 0.0815393 0.0864855 0.0911637 
0 0.0809776 0.0572598 0.0572598 0.0362143 0.0768221 0.0362143 0.1379 0.0809776 0.0572598 
0.0766965 0.155299 0.18471 0.3581 0.262342 0.223607 0.228808 1.33769 0.207223 0.189426 
0.0537603 0.0537603 0.129472 0.120212 0.168296 0.153946 0.0537603 0.0240424 0.14019 0.0721271 
0.0321226 0.0321226 0.0936525 0.10158 0.0718282 0.0908563 0.0227141 0.0227141 0.0227141 0.10158 
0.14416 0.0679579 0.0339789 0.129388 0.161176 0.0961069 0.120134 0.101937 0.0339789 0.0990648 
0.0246895 0.0552073 0.0890192 0.123447 0.078075 0.104749 0.0740684 0.049379 0.0740684 0.0890192 
0.0390994 0.0618215 0.0618215 0.0874288 0.123643 0.0618215 0.0781987 0.0996842 0.0276474 0.0618215 
0.0333333 0.0745356 0.0666667 0.0235702 0.117851 0.0527046 0.0333333 0.0333333 0.117851 0.0745356 
0.0558973 0.0558973 0.0790508 0.0499961 0.0558973 0.0353526 0.024998 0.0707052 0.0790508 0.024998 
0.0580601 0.0367204 0.0580601 0.110161 0.0821094 0.0580601 0.0734409 0.0259653 0.0367204 0.0821094 
0.0497211 0.0703163 0.022236 0.0667079 0.0497211 0.0497211 0.0314464 0.022236 0.0916812 0.0628928 
0.0900684 0.0558581 0.159953 0.0558581 0.157991 0.102997 0.0558581 0.102997 0.15195 0.0558581 
0.107296 0.053648 0.119961 0 0.053648 0.0758698 0.0719764 0.0239921 0.06786 0.122336 
0.0340675 0.0722682 0.0868555 0.0538655 0.0722682 0.0761774 0.0340675 0 0.0340675 0.0340675 
0.0871277 0.0540343 0.102523 0.0683486 0.0764161 0.0683486 0.0540343 0.0483298 0.108069 0.130132 
0.0901415 0.0475088 0.0212466 0.0475088 0.191219 0.0300472 0.0876018 0.0950175 0.142526 0.108337 
0.0197488 0.0197488 0.120127 0.0558581 0.118493 0.0883194 0.0624512 0.0592464 0.0883194 0.027929 
0.0778958 0.0367204 0.0821094 0.0259653 0.0519305 0.0778958 0.0519305 0.0580601 0.11612 0.0259653 
0.0353443 0.0706886 0.0790322 0.127436 0.0901106 0.0790322 0.0558842 0.0706886 0.0749766 0.134587 
0.112607 0.0563034 0.0563034 0.075539 0.0563034 0.0563034 0.0563034 0.125898 0.0503593 0 
0.0958211 0.0428525 0.0428525 0.107131 0.0772534 0.0303013 0.0303013 0.0428525 0.0677557 0.0479105 
0.0637973 0 0.0601487 0.090223 0.0601487 0.0212658 0.0212658 0.0425315 0.0425315 0.120297 
0.127316 0.0353112 0.0249688 0.0998752 0.127316 0.111664 0.0749064 0.0499376 0.0499376 0.102949 
0 0.0358 0.0716 0.0566048 0.0253144 0 0.0759433 0.0358 0.0800512 0.0506289 
0.105219 0.0332733 0.0705834 0.0848306 0.133093 0.0744014 0.0470556 0.0970075 0.105219 0.0998199 
0.0694996 0.0549442 0.0549442 0.0737154 0.125292 0.104249 0 0.0347498 0.0347498 0.0777029 
0.0470295 0.0997647 0.0525806 0.0847837 0.0525806 0.0332549 0.0470295 0.0235148 0.0235148 0.0470295 
0.0753079 0 0.0861179 0.046704 0.0208867 0.0295382 0.0861179 0.0861179 0.0295382 0.046704 
0.0262953 0.0262953 0.0788859 0.0525906 0.0262953 0.0371872 0.0371872 0.0525906 0.0262953 0.0262953 
0.120857 0.0540491 0.0540491 0.076437 0.0604287 0.0974384 0.0382185 0.0810737 0.0540491 0 
0.0547483 0.0612105 0.112867 0.116139 0.147414 0.122421 0.0612105 0.0273742 0.112867 0.0865647 
0.0550607 0.0550607 0.0887827 0.0738717 0 0.0246239 0.0738717 0.0246239 0.0550607 0.0550607 
0.072101 0.0866546 0.360505 0.36607 0.161223 0.0760011 0.0679775 0.0480673 0.0866546 0.0760011 
0.0798087 0.0798087 0.0909959 0 0.0252377 0.0757132 0.0252377 0.0252377 0.0564333 0.0564333 
0.0852725 0.107862 0.120594 0.0852725 0.120594 0.0602968 0.0852725 0.120594 0.038135 0.0972257 
0.10983 0.0439322 0.0982353 0.0310647 0.0791999 0.0931942 0.0439322 0.0439322 0.0621295 0.0694629 
0.106291 0.0475349 0.0751593 0.0336123 0.0531456 0.0237675 0.0751593 0.0751593 0.118837 0.0237675 
0.0718514 0.0908856 0.0454428 0.0508066 0.0227214 0.0454428 0.101613 0.0718514 0.0718514 0.101613 
0.0961694 0.0537603 0.120212 0.0991292 0.0760286 0.0480847 0.068002 0.034001 0.0721271 0.068002 
0.0493827 0.101805 0.0349189 0.0246914 0.0987654 0.0698377 0.0780809 0.0493827 0.0349189 0.089026 
0.0673006 0.0673006 0.0475887 0.0475887 0.128137 0.0237944 0.0752444 0.0237944 0.0752444 0.0981066 
0.0702338 0.0942286 0.0444198 0.0496628 0.0496628 0.0666297 0.0800789 0.0314095 0.0993256 0.0496628 
0.0979957 0.0950698 0.0856948 0.0751593 0.0751593 0.0336123 0.0979957 0.0856948 0.0856948 0.0672245 
0.0790014 0.0900755 0.0999298 0.0499649 0.0249824 0.0353305 0.0499649 0.0499649 0.0749473 0.0558624 
0.0642658 0.0454428 0.0508066 0.0508066 0.0908856 0.0508066 0.0508066 0.0508066 0.0819232 0.0681642 
0.0743243 0.0235034 0.0525552 0.0332388 0.142966 0.0705102 0.0525552 0.0525552 0.0940136 0.137047 
0.0914216 0.022173 0.113061 0.0701172 0.113061 0.0313574 0.022173 0.0313574 0.0627147 0.066519 
0.0991722 0.0680315 0.102047 0.0481056 0.0680315 0.0240528 0.0721583 0.0240528 0.0240528 0.0240528 
0.058717 0.0371359 0.0787771 0.105036 0.026259 0.026259 0.0371359 0.0946783 0.026259 0.0830383 
0.0371359 0.0946783 0.131295 0.0830383 0.0787771 0.108269 0.0946783 0.026259 0.105036 0.131295 
0 0.0660954 0.0233683 0.0233683 0.0330477 0.0330477 0.104506 0.0467365 0.0233683 0.052253 
0.070661 0.0790014 0.0900755 0.0790014 0.0353305 0.0353305 0.0558624 0.0499649 0.0558624 0.0558624 
0.0766152 0.0807595 0.0571056 0 0.137528 0.0510768 0.0766152 0.0361167 0.0571056 0.0571056 
0.0589973 0.0746263 0.16049 0.0527688 0.176992 0.0834348 0.0589973 0.0746263 0.117995 0.0263844 
0.0800512 0.0566048 0.0716 0.0566048 0.0566048 0 0.0800512 0.0800512 0.0253144 0.0506289 
0.0872936 0.099824 0.0242109 0.0726326 0.0968435 0.099824 0.0726326 0.0765615 0.0684787 0.099824 
0.103975 0.103975 0.183804 0.132543 0.129969 0.0735215 0.129969 0.0581238 0.116248 0.0581238 
0.0514005 0.0975255 0.0325085 0.0325085 0.0947778 0.068961 0.0726912 0.045974 0.0726912 0.065017 
0.0965469 0.0539713 0.188514 0.0482734 0.188514 0.102403 0.076327 0.076327 0.0995182 0.0724101 
0.0682868 0.0863768 0.0965722 0.0682868 0.172754 0.0863768 0.0682868 0.110109 0.193144 0.0965722 
0.0710389 0.0355194 0.112322 0.0710389 0.0502321 0.0502321 0.0561612 0.0753481 0.103556 0.0502321 
0.102801 0.0325085 0.022987 0.022987 0.065017 0.045974 0.0514005 0.0325085 0.0828808 0.0726912 
0.0780274 0.0697899 0.0493489 0.0780274 0 0.0740233 0.0493489 0.0348949 0.0697899 0.0493489 
0.035015 0.0495188 0.0742781 0.158537 0.180251 0.123797 0.0700301 0.110727 0.102086 0.123797 
0.0645077 0.0322539 0.144244 0.132986 0.114035 0.101996 0.0228069 0.0509978 0.0509978 0.0456139 
0.0207928 0.0294054 0.083171 0.103964 0.158353 0.126477 0.0294054 0 0.166342 0.0415855 
0.0240528 0.0680315 0.0537837 0.0240528 0.0760616 0.0760616 0.0481056 0.0481056 0.0481056 0.0481056 
0.0314192 0.0314192 0.0702555 0.0444335 0.111084 0.091602 0.0222167 0.0222167 0.119641 0.0222167 
0.0796756 0.0503913 0.112678 0.035632 0.0796756 0.112678 0.0796756 0.035632 0.0251956 0.0251956 
0.0538187 0.0340379 0.0240685 0.0340379 0.0538187 0.0722054 0.0240685 0.0340379 0.0481369 0.0538187 
0.0779155 0.0259718 0.0367297 0.0367297 0.0519437 0.0259718 0.0580748 0.0367297 0.0580748 0.0519437 
0.0409745 0.0289733 0.202813 0.0647864 0.267121 0.104465 0.115893 0.122923 0.0289733 0.11946 
0.0332388 0.0235034 0.14102 0.0743243 0.10511 0.0332388 0.0235034 0.0332388 0.0525552 0.0664777 
0.0295753 0 0 0.147877 0.0836516 0.0467627 0.0467627 0.127208 0.0295753 0.106635 
0.0340552 0.0481613 0.0868241 0.0761497 0.0340552 0.053846 0.053846 0.0240807 0.0340552 0.0481613 
0.915442 1.04222 2.46065 0.0802896 0.823702 0.559152 0.658423 0.144744 3.01086 0.443414 
0.0256221 0.0256221 0.0362351 0.0512442 0 0.114585 0.0512442 0.0572927 0.0256221 0.0256221 
0.155271 0.0753177 0.266288 0.109793 0.133144 0.0842077 0.0266288 0.0266288 0.0798865 0.143401 
0.0710579 0.0224705 0.0710579 0.0317781 0.100491 0.0635561 0.0317781 0.044941 0.0317781 0.0502455 
0.0335862 0.0979197 0.0531044 0.0335862 0.047498 0.071247 0.0335862 0.071247 0.0531044 0.0531044 
0.0563157 0.0629629 0.101525 0.0398212 0.0629629 0.0629629 0.0796424 0.0398212 0.125926 0.0796424 
0.0243902 0.0243902 0.0545382 0.0545382 0.0487805 0.0243902 0.0545382 0.034493 0.0545382 0.0545382 
0.153715 0.123398 0.0944787 0.0229145 0.0826192 0.102477 0.0648119 0.0944787 0.0324059 0.0229145 
0.355796 0.475158 0.161558 0.252879 0.14895 0.153268 0.108377 0.219743 0.0510893 0.194542 
1.46402 0.369484 0.188401 0.304685 0.165238 0.152342 0.184742 0.369484 0.0738969 0.261265 
0.0556243 0.0703598 0.0786646 0.0248759 0.0746278 0.0248759 0.0351799 0.0786646 0.0497519 0.0786646 
0.049961 0.0353277 0.0789953 0.0706555 0.0789953 0.0353277 0.0249805 0 0.0749415 0.0789953 
0.0545018 0.0487479 0.0487479 0.0545018 0.0243739 0.03447 0.0731218 0.03447 0.0243739 0.0243739 
0.0624315 0.0910087 0.148069 0.0662186 0.128706 0.0795848 0.118866 0.110364 0.0698005 0.0312157 
0.0496139 0.0627572 0.0313786 0.0701646 0.022188 0.044376 0.0701646 0.0701646 0.0496139 0 
0.0561656 0.103564 0.0561656 0.160834 0.160834 0.0905643 0.0355222 0.050236 0.0905643 0.0794301 
0.174004 0.0820265 0.0580015 0.0518781 0.0778171 0.0733667 0.0935246 0.106949 0.0518781 0.0518781 
0.216165 0.0524277 0.141166 0.0262139 0.108083 0.0786416 0.0524277 0.111216 0.037072 0 
0.153004 0.0711455 0.100615 0.0906931 0.181386 0.0795431 0.0251537 0.100615 0.0906931 0.0906931 
0.166905 0.0286241 0.166905 0.171744 0.11802 0.114496 0.0404805 0.0640053 0.128011 0.145955 
0.173292 0.122536 0.116248 0.0612679 0.109599 0.0774984 0.0273998 0.0612679 0.0547997 0.0612679 
0.135733 0.0266194 0.133097 0.133097 0.119046 0.075291 0.106478 0 0.0266194 0.0841779 
0.324324 0.0540541 0.170934 0.135135 0.137811 0.027027 0.085467 0.0604343 0.027027 0.038222 
0.159737 0.0774839 0.112951 0.0774839 0.0821841 0.0387419 0.0387419 0.139686 0.0273947 0.147525 
0.022421 0.044842 0.10027 0.0317081 0.114325 0.022421 0.0808401 0.022421 0.022421 0.022421 
0.0282251 0.0399163 0.0399163 0.0282251 0.0631132 0.0282251 0.0399163 0.0631132 0.0631132 0.0282251 
0.0785614 0.0745298 0.0555513 0.0351337 0.151116 0.0895737 0.0248433 0.0248433 0.0496866 0.124216 
0.0339202 0.0536326 0.075848 0.0239852 0.143911 0.0959409 0.0536326 0.075848 0.075848 0.0479705 
0.0328865 0.0328865 0.0465085 0.116271 0.0838444 0.0328865 0.0519981 0.0328865 0.0232542 0.0519981 
0.026762 0.026762 0.113542 0.17136 0.228655 0.119683 0.026762 0.053524 0.0598416 0.0378472 
0.0487769 0.0731653 0.0689809 0.100556 0.0545342 0.0344904 0.0344904 0.0344904 0.0487769 0.0243884 
0.0333333 0.0471405 0 0.0333333 0 0.0745356 0.0471405 0.0666667 0.0471405 0.0707107 
0.121358 0.0282152 0.0598535 0.116334 0.119707 0.10744 0.112861 1.53741 0.0997559 0.0798047 
0.0919783 0 0.0325193 0.0514175 0.0229946 0.0689837 0.0514175 0.0325193 0.0514175 0.0689837 
0.0482664 0.0723996 0.0723996 0.0763159 0.120666 0.0341295 0.0723996 0.068259 0.0723996 0.0341295 
0.0381663 0.0269876 0.111273 0.0973053 0.0809629 0.0603462 0 0.0269876 0 0.0603462 
0.0229946 0.0727153 0.0325193 0.0325193 0.12383 0.0229946 0.0229946 0.0650385 0.0229946 0.0325193 
0.0238062 0.0752817 0.067334 0.0532322 0.0714184 0.0714184 0.0238062 0.0238062 0.0752817 0.0238062 
0.182282 0.0226093 0.050556 0.0226093 0.050556 0.0226093 0.0319744 0.0319744 0.0815191 0.0319744 
0.0321412 0.0321412 0.0227273 0.0321412 0.0227273 0.0508197 0.0321412 0.0642824 0.0508197 0.0937069 
0.117906 0.103411 0.124523 0.0833723 0.103411 0.117906 0.0654026 0.0327013 0.0953399 0.124523 
0.0519437 0.0580748 0.0367297 0.129859 0.0821302 0.0734594 0.11615 0.0519437 0.0259718 0.11615 
0.0624695 0.0279372 0.0592638 0.120162 0.0712262 0 0.0197546 0.0790184 0.0624695 0.0883452 
0.0235294 0.0665512 0.0705882 0.12671 0.0998268 0.0332756 0.0665512 0.0470588 0.0744065 0.105227 
0.0224705 0.0224705 0.0810185 0.0502455 0.0502455 0.0502455 0.0502455 0.0635561 0.0224705 0.0502455 
0 0.0216765 0.068547 0.156311 0.0919655 0.110529 0.043353 0.0613103 0.0216765 0.0613103 
0.0449183 0.0224592 0.0502202 0.112296 0.0673775 0.127048 0.0898366 0.0809776 0.0502202 0.0502202 
0.0243884 0.0487769 0.0545342 0.0879337 0.121942 0.0545342 0.0344904 0.0243884 0.0243884 0.077123 
0.0225518 0.031893 0.0504273 0.0451035 0.0451035 0.0451035 0.0676553 0.0504273 0.031893 0.063786 
0.0280828 0.0280828 0.120789 0.177611 0.177611 0.120789 0.0818747 0.0444028 0.0444028 0.0888056 
0.0886212 0.0700612 0.0700612 0.0313323 0.0221553 0.0443106 0.0313323 0.0221553 0.0495408 0.0443106 
0.04918 0.09836 0.0439879 0.0659819 0.0439879 0.04918 0.0906834 0.09836 0.0439879 0.021994 
0.043836 0.0277243 0.11431 0.0619935 0.0196041 0.0588122 0.0196041 0.0808297 0.0196041 0.0196041 
0.0487479 0 0.154154 0.0731218 0.0487479 0.0689399 0.0243739 0.0731218 0.109004 0.0689399 
0.075271 0.0238028 0.0238028 0.0336622 0.0336622 0.0476056 0.0238028 0.0532246 0.0238028 0.0476056 
0.0439322 0.0219661 0.0219661 0.0491177 0.0694629 0.0491177 0.0310647 0.0310647 0.0219661 0.0491177 
0.0332549 0.0470295 0.0235148 0.0332549 0.0235148 0.0332549 0.0743602 0.0332549 0.0332549 0.0332549 
0.0205537 0.0726682 0.0930607 0.234348 0.162491 0.0411073 0.0599237 0.123322 0.078266 0.0290673 
0.0302389 0.0427642 0.0427642 0.0427642 0.0427642 0.0427642 0.0427642 0.0676162 0 0.0881607 
0.0630323 0.0664419 0.0840431 0.0594274 0.0210108 0.0594274 0.0297137 0.0891411 0.0664419 0.113146 
0.0508066 0.0321329 0.0681642 0.0321329 0.0963987 0.0718514 0.0508066 0.0508066 0.113607 0.0718514 
0.287129 0.0808401 0.0672631 0.0634162 0.0709015 0.10027 0.0709015 0.0924442 0.0634162 0.0924442 
0.0573162 0 0.105686 0.0810574 0.0810574 0.0256326 0 0.0573162 0.0810574 0.0512652 
0.117434 0.052518 0.141409 0.131295 0.058717 0.058717 0.0787771 0.0742717 0.026259 0.026259 
0.130733 0.0362589 0.130733 0.0810774 0.0924424 0.0810774 0.0573304 0.114661 0.0256389 0.0810774 
0.0545382 0.0545382 0 0.131345 0.0545382 0.0545382 0 0.0243902 0.0771287 0.0487805 
0.643 0.439384 0.112167 0.0883692 0.214446 0.104144 0.254248 0.780733 0.0658665 0.104144 
0 0.0269362 0.0425898 0.0602311 0.076187 0.0971198 0.0952338 0.0425898 0.121959 0.114281 
0.024275 0.024275 0.03433 0.0542805 0.100088 0.0875247 0.04855 0.0542805 0.024275 0.024275 
0.0836467 0.0463988 0.0695983 0.103751 0.0956537 0.0836467 0.115997 0.0231994 0.0836467 0.103751 
0.0464614 0.0831127 0.0657063 0.0415563 0.0464614 0 0.0207782 0.0587695 0.0623345 0.0415563 
0.0289733 0.102436 0.205894 0.20893 0.498897 0.08692 0.0579467 0.0458109 0.0289733 0.0458109 
0.0253898 0.0718132 0 0.0359066 0.0359066 0.0359066 0.0359066 0.0359066 0.0253898 0 
0.0997165 0.0705102 0 0.0332388 0.0332388 0.096907 0.0705102 0.0470068 0.0847427 0.0847427 
0.0329243 0.0329243 0.131697 0.149071 0.073621 0.023281 0.046562 0.0520579 0 0.0959901 
0.124035 0.0460653 0.0460653 0.0977193 0.0325731 0.0949661 0.0230327 0.0921307 0.0230327 0.0515026 
0.0614839 0.030742 0.0614839 0.0783769 0.0783769 0.0486073 0.0687411 0.0217378 0.0869514 0.0896274 
0.0619578 0.0277084 0.0391856 0.099904 0.0277084 0.0277084 0.0876216 0.099904 0.123916 0.0831251 
0.0266572 0.037699 0.0533144 0.178822 0.188495 0.0533144 0.0266572 0.0266572 0.0753979 0.0266572 
0.0273358 0.0985605 0.112708 0.0611246 0.0546715 0.0546715 0.0273358 0.0546715 0.0273358 0.0864433 
0.0942576 0.0314192 0.0942576 0.0702555 0.0222167 0.0628384 0.0496781 0.169198 0.0942576 0.0801036 
0.0697527 0.0493226 0.0779859 0 0.0551444 0.0348764 0.0348764 0 0.110289 0.0493226 
0.0589224 0.0624966 0.0658772 0.0751116 0.0465822 0.0208322 0.0658772 0.0465822 0.0883835 0.0294612 
0.0254329 0.0804258 0.0762986 0.127164 0.0359675 0.127164 0.0762986 0.071935 0.0804258 0.0254329 
0.0594993 0.0886964 0.0198331 0.0280483 0.1599 0.0443482 0.081774 0.0560965 0.0841448 0.0594993 
0.0513496 0.0688927 0.0827988 0.114821 0.123666 0.0649527 0.0513496 0.0688927 0.0726193 0.114821 
0.0232417 0.0464834 0.0232417 0.11851 0.0986061 0.0837991 0.0232417 0.05197 0 0.0232417 
0.0688927 0.0324764 0.0513496 0.0513496 0.0688927 0.102699 0.0459285 0.0229642 0.0827988 0.0324764 
0.0717532 0.0562878 0.311496 0.259474 0.481335 0.0281439 0.107169 0.0597022 0.0281439 0.0444994 
0.0766445 0.0475329 0.234795 0.283609 0.574342 0.0766445 0.0475329 0.0212574 0.0425147 0.0475329 
0.0328887 0.0232558 0.0958862 0.0328887 0.181634 0.104003 0.0232558 0.0328887 0.0465116 0 
0.0240894 0.0340675 0.0538655 0.0240894 0.0761774 0 0.0481788 0.0240894 0.0538655 0.0538655 
0.0470295 0 0.0332549 0.0743602 0.0665098 0.0705443 0.0235148 0.0235148 0.0235148 0.0332549 
0.0264327 0.105731 0.0835877 0.132164 0.0792982 0.0591054 0.0264327 0.0528655 0.149526 0.0528655 
0.0238095 0 0.0336718 0.106479 0.0238095 0.047619 0 0.0238095 0.0532397 0.0238095 
0.0443106 0.0221553 0.0495408 0.0221553 0.0495408 0.0443106 0.0313323 0 0.0700612 0.0495408 
0.0433148 0.0433148 0.0433148 0.0433148 0.0684867 0.0968549 0.0306282 0 0.0684867 0.0780869 
0 0.038285 0.0428039 0.0541431 0.0690192 0.139359 0.0976079 0.672444 0.154332 0.157853 
0.0993231 0.0240894 0.122832 0.0481788 0 0.0722682 0.0240894 0.0340675 0.0761774 0.0538655 
0.0508394 0.0227361 0.0682082 0.0454722 0.0718978 0.0321537 0.0508394 0.0321537 0.0508394 0.0718978 
0.0694996 0.0245718 0.0245718 0.143277 0.0777029 0.0245718 0.0491436 0.0245718 0.0245718 0.0245718 
0.0328089 0.0328089 0.0328089 0.0518755 0.0231994 0.073363 0.0518755 0.0328089 0.0328089 0.0836467 
0.123073 0 0.0550398 0.0887491 0.101488 0.123073 0.0492291 0.0696205 0.149725 0.0246146 
0.0432717 0.0483792 0.0917931 0.0684186 0.108179 0.0216358 0.110322 0.0483792 0.0216358 0.0684186 
0.0657383 0.0881972 0.0587981 0.176394 0.149906 0.117596 0.092968 0.0587981 0.0657383 0.092968 
0.0336622 0.0238028 0.0336622 0.0336622 0.0714083 0.0238028 0.0336622 0.0476056 0.0714083 0.0336622 
0.377533 0.0477546 0.278455 0.0477546 0 0.0955092 0.0337676 0.0955092 0.121751 0.101303 
0.0882258 0.0294086 0.185996 0.16636 0.106034 0.0882258 0.04159 0.0294086 0.149955 0.0929981 
0.0489233 0.0437583 0.0978466 0.0875167 0.0309418 0.0618836 0.0489233 0.069188 0.0218792 0.0978466 
0.0383131 0.121157 0.0856706 0.0976795 0.0605783 0.0270914 0.135457 0.162549 0.0605783 0.0605783 
0.0751381 0.0475215 0.0751381 0.0712822 0.0751381 0.0531306 0.0336028 0.0531306 0.0237607 0.0475215 
0.0555074 0.0620592 0.0784993 0.0620592 0.0392497 0.0277537 0.0620592 0.0620592 0.0620592 0.0277537 
0 0.0336123 0.0531456 0.0475349 0.0531456 0.0531456 0.0475349 0.0531456 0.0475349 0.0237675 
0.0510768 0.0571056 0.130221 0.0255384 0.10835 0.0807595 0.0722335 0.0766152 0.144467 0.0571056 
0.110356 0.0551779 0.0889717 0.0493526 0.0551779 0.0348976 0.132886 0.0348976 0.074029 0.0551779 
0.0752071 0.0531795 0.0475652 0.0336336 0.0672673 0.0336336 0.0951303 0.0752071 0.0237826 0.0475652 
0.0561612 0.025116 0.0561612 0.025116 0.025116 0.025116 0.0355194 0.112322 0.025116 0.025116 
0.0485385 0.0485385 0.0485385 0.0970771 0.0686439 0.0920954 0.0613969 1.38467 0.110685 0 
0.075539 0.075539 0.119438 0.119438 0.172255 0.0984907 0.0675641 0.033782 0.0238875 0.0716625 
0.0670684 0.0335342 0.0749848 0.191174 0.0749848 0.0854958 0.0670684 0.0670684 0.127694 0.100603 
0.0210108 0.0630323 0.0757554 0.0469815 0.0840431 0.0210108 0.0469815 0.0469815 0.0469815 0.0210108 
0.0795487 0.0749993 0.0592921 0.0530325 0.0592921 0.0592921 0.0530325 0.0265162 0.0265162 0.0374996 
0.0806609 0.0255072 0.0510144 0.0360727 0.0255072 0 0.0721453 0.0570359 0.0765216 0 
0.0474046 0.0529999 0.0529999 0.0529999 0.0749532 0.0474046 0.0237023 0.0474046 0.0335201 0.0529999 
0.0362351 0.0724702 0.0362351 0.0362351 0.105643 0.162048 0.0724702 0.0724702 0.0362351 0.0512442 
0.0484274 0.0306282 0.0612564 0.0216574 0.0433148 0.0484274 0.0684867 0.0433148 0.0612564 0.0968549 
0 0.0395555 0.0442244 0.0625428 0.0395555 0.0593333 0.0395555 0.02797 0.0593333 0.120303 
0.062113 0.087841 0.0277778 0.0277778 0.0392837 0.0392837 0.0555556 0.0555556 0.0277778 0.0277778 
0.0997122 0.024928 0.0352536 0.0997122 0.0898793 0.0788294 0.0788294 0.0788294 0.0705072 0.0997122 
0.0226557 0.0453114 0.0506597 0.0226557 0.03204 0.03204 0.0453114 0.0453114 0.101319 0.0506597 
0.022421 0.0317081 0.0317081 0.044842 0.0501349 0.044842 0.022421 0.0501349 0.0808401 0.0501349 
0.0486102 0 0.0652174 0.0687452 0.0434783 0.110848 0.0307438 0.0614875 0.0896327 0.0896327 
0.0307148 0.0434372 0.0971286 0.153574 0.130312 0.12664 0.0307148 0.0307148 0.0485643 0.0895481 
0.11342 0.0534666 0.0597774 0.133666 0.0378066 0.0597774 0.133666 0.0963882 0 0.0267333 
0.0240424 0 0.0760286 0.0480847 0.0240424 0.068002 0.0991292 0.107521 0.0537603 0.0991292 
0.0211548 0.0872237 0.0872237 0.0299175 0.0762749 0.0423097 0.0897524 0.11967 0.0598349 0.0897524 
0.09208 0.0255384 0.0255384 0.0571056 0.18416 0.0361167 0.0255384 0.0361167 0.0571056 0.0571056 
0.051131 0.0228665 0.045733 0.051131 0.0323381 0.0824463 0.0228665 0.0228665 0.0228665 0.051131 
0.0232495 0.0232495 0.0735215 0.0735215 0.0519875 0.0735215 0.0519875 0.0232495 0.0657596 0.0464991 
0.082538 0.0647481 0.0686758 0.0323741 0.0943858 0.0915677 0.0228919 0.0323741 0.0511879 0.0323741 
0.066698 0.0827287 0.058498 0.0261611 0.0784834 0.0827287 0.0184987 0.066698 0.066698 0.0261611 
0.0291343 0.0742781 0.020601 0.138196 0.0582686 0.0651462 0.0651462 0.0921307 0.020601 0.0460653 
0.0433677 0.0699284 0.0274282 0 0.0988936 0.0613312 0.0699284 0.0274282 0.0433677 0.0581839 
0.0775343 0.0430083 0.0304114 0.0608229 0.0645124 0.0215041 0.0480847 0.0608229 0.0480847 0.0912343 
0.0240946 0.0240946 0.0481893 0.0538772 0.0538772 0.0538772 0.0240946 0.0993447 0.0681499 0.0538772 
0.0334801 0.105873 0.0473481 0.151588 0.120714 0.0334801 0.0473481 0.0334801 0.0529367 0.11837 
0 0.0550607 0.0492478 0.0887827 0.0550607 0.0550607 0.0778676 0.0246239 0.0348234 0.0348234 
0.0499345 0.0223314 0.0631627 0.080517 0.0315814 0.0315814 0.0499345 0.0315814 0.0706181 0.099869 
0.139328 0.0519244 0.0696639 0.0957439 0.118406 0.14125 0.0985196 0.0656798 0.0837256 0.164199 
0.131052 0.0655262 0.0879127 0.103606 0.0747114 0.0586085 0.0621637 0.146521 0.0854358 0.0463341 
0.0362143 0.0512148 0.11452 0.0362143 0.0923287 0.0809776 0.105582 0.10243 0.128037 0.0362143 
0.021034 0.021034 0.0297466 0.021034 0 0.021034 0.0594931 0.021034 0.0758391 0.0470334 
0.0679138 0.0240111 0.0480223 0.0480223 0.0536906 0.0759299 0.0339569 0.0240111 0.0480223 0.0339569 
0.0464332 0.0232166 0.0464332 0.0464332 0.0464332 0.0232166 0.0232166 0.0837087 0.0464332 0.0519139 
0.107628 0.0269069 0.172288 0.134535 0.180497 0.163668 0.0269069 0.0269069 0.194028 0.120331 
0.0291963 0.0923268 0.0291963 0.0923268 0.0583926 0.0652849 0.0412898 0.13057 0.0291963 0.0206449 
0.0484701 0.0306552 0.0216765 0.0484701 0.068547 0.0306552 0.0306552 0.0306552 0.0216765 0.0306552 
0.0268705 0.0600842 0.152002 0.0380006 0.0268705 0.0380006 0.0760011 0.0268705 0.0600842 0.0537409 
0.0279454 0.0790415 0.169985 0.257644 0.475893 0.169985 0.0624878 0.100759 0.0279454 0.0279454 
0.0236426 0.0528664 0.0852445 0.194962 0.0668713 0.0709277 0.0236426 0.0472852 0.0472852 0.0472852 
0.108947 0.0952713 0.167117 0.052847 0.0952713 0 0 0.052847 0.132118 0.0373685 
0.097474 0.0702895 0.097474 0.137849 0.166564 0.0435917 0.0584844 0.0435917 0.0551396 0.0275698 
0.0935797 0.0580357 0.0820748 0.0820748 0.107012 0.0580357 0.0734099 0.0580357 0.077863 0.036705 
0.0578702 0.0517607 0 0.103521 0.0517607 0.11574 0.0578702 0.106707 0.0578702 0.077641 
0.0223579 0.0921839 0.0223579 0.0806125 0.0499938 0.0707018 0 0.0499938 0.0223579 0.0921839 
0.168385 0.166789 0.0833946 0.0517191 0.13084 0.0517191 0.092518 0.103438 0.0517191 0.046259 
0.0323741 0.0228919 0 0.0323741 0.0511879 0.0323741 0.0511879 0.0457839 0.0323741 0.0228919 
0.0220273 0.0220273 0.0311513 0.0623026 0.0660819 0.0623026 0.0311513 0.0311513 0.0311513 0.0908208 
0.0860215 0 0 0.0215054 0.068006 0.0430108 0.0304132 0.068006 0.0645161 0.0304132 
0.0483255 0.0305637 0.0683426 0.0683426 0.0648355 0.0683426 0.0483255 0.0216118 0.0864473 0.0216118 
0.0298375 0 0.0298375 0 0.0895124 0.10758 0.0667186 0.0667186 0.0895124 0.0421965 
0.130399 0.0368824 0.20369 0.0260798 0.10753 0.110647 0.0940321 0.0521596 0.0583162 0.0824716 
0.0929981 0.0929981 0.04159 0.0929981 0.12477 0.0882258 0.0294086 0.04159 0.0929981 0 
1.15279 1.16706 0.0972548 0.153773 0.110888 0.0687695 0.110888 0.260962 0.110888 0 
0.135024 0.0540097 0.0973674 0.170794 0.0603847 0.0540097 0.120769 0.120769 0.111344 0.0270048 
0.0593705 0.0265513 0.0375492 0.132756 0.0839625 0.095732 0.0375492 0.118741 0.0375492 0.0531025 
0.137698 0.0810145 0.459876 0.426984 0.0381906 0.0270048 0.0973674 0.135024 0.0603847 0.0540097 
1.07591 0.0259653 0.0821094 0.0821094 0.166259 0.183602 0 0.132397 0.209339 0.0936191 
0.102974 0.0807792 0.180628 0.145627 0.269432 0.173722 0.0807792 0.142799 0.142799 0.0571195 
0.0900755 0.0284844 0.0900755 0.120849 0.102702 0.040283 0.0569687 0.127386 0.063693 0 
0.0398331 0.0629816 0.0281662 0.116132 0.0398331 0.119499 0.0796661 0.140831 0.0281662 0.0629816 
0.0993808 0.0496904 0.0444444 0.0801234 0.0916246 0.031427 0.031427 0.0666667 0.0916246 0 
0.0434321 0.0971171 0.0307111 0.0921334 0.0614223 0.0434321 0.0971171 0.179075 0.0686722 0.0686722 
0.0773751 0.0273562 0.086508 0.193438 0.0986343 0.086508 0.0386875 0.086508 0.0820687 0.0386875 
1.05075 0.79421 0.219006 0.248069 0.296282 0.190261 0.108465 0.212718 0.0601657 0.182987 
0.0617331 0.0995416 0.0276079 0.110432 0.0617331 0.0617331 0.0276079 0.0828236 0.0276079 0.0276079 
0.108166 0.0262342 0.131171 0.111302 0.0262342 0 0.0262342 0.0586614 0.0586614 0 
0.204937 0.0916506 0.0869474 0.0579649 0.0289825 0 0.0289825 0.0409874 0.0648068 0.0579649 
0.80785 0.651385 0.0664048 0.110675 0.0626071 0.0221349 0.0939106 0.812687 0.0626071 0.0494952 
0.158319 0.106 0.092968 0.149906 0.092968 0.0415765 0.12473 0.106 0.0587981 0.0415765 
0.0908903 0.0406474 0.174831 0.172452 0.271152 0.14371 0.0812948 0.224483 0.181781 0.0908903 
0 0.0843274 0.08 0.119257 0.0596285 0.0843274 0.0596285 0.194136 0 0.08 
0.119246 0.037709 0.0596232 0.037709 0.106657 0.0843199 0.0843199 0.113127 0.119246 0.0596232 
0.0785674 0.0833333 0.0555556 0.141639 0.0785674 0.138889 0.0277778 0.0392837 0.0277778 0.0392837 
0.0810737 0.0604287 0.0270246 0.0854592 0.0270246 0.0270246 0.076437 0.0974384 0.0382185 0.0604287 
0.0501886 0.022445 0.04489 0.022445 0.0809266 0.0501886 0.031742 0.04489 0.0501886 0.04489 
0.0258674 0 0.036582 0.0258674 0.036582 0.0817998 0.0517347 0.0517347 0.0578412 0.0258674 
0.0302891 0 0.0883072 0.124885 0.244199 0.149924 0.107088 0.250687 0.151446 0.0772224 
0.0330771 0.0330771 0.0992312 0.023389 0.0330771 0 0.0739626 0.0739626 0.0330771 0.070167 
0.236379 0.309796 0.0810774 0.252514 0.252514 0.186654 0.105712 0.220554 0.130733 0.130733 
0.148187 0.0740936 0.214547 0.143849 0.308932 0.0459509 0.0649844 0.0459509 0.0459509 0.0581238 
0.0366218 0.0258955 0.10677 0.109865 0.10677 0.115808 0.0818888 0.129478 0.10677 0.0776866 
0.0717542 0 0.138022 0.0320895 0.0935561 0.0935561 0.0226907 0.0818124 0.0935561 0.0641789 
0.0292103 0.0876309 0.249573 0.123929 0.105319 0.0653162 0.0653162 0.0653162 0.175262 0.0826192 
0.0235034 0.0235034 0.0235034 0.0235034 0.0525552 0 0.0470068 0.0332388 0.0332388 0 
0.780344 0.0859391 0 0.0979856 0.0607681 0.0859391 0.0607681 0.0429695 0.0960828 0.0192166 
0.0274398 0.0433861 0.0274398 0.0989355 0.0388057 0.0613572 0.0274398 0.0433861 0.0613572 0.0274398 
0.0420215 0.0297137 0.0210108 0.0420215 0.0630323 0.0420215 0.0210108 0.0757554 0.0757554 0.0210108 
0.0718282 0.0227141 0.0818968 0 0.0681422 0.0507902 0.0507902 0.0227141 0.0227141 0.0321226 
0.069907 0.069907 0.0911476 0.0988634 0.168358 0.0911476 0.0797062 0.134469 0.0494317 0.0625267 
0.0307148 0 0.0485643 0.0217186 0.0217186 0 0.0434372 0.0217186 0.0307148 0 
0.0891953 0.132965 0.151603 0.107199 0.151603 0.107199 0.0297318 0.0297318 0.0297318 0.178391 
0.236167 0.0628384 0.0628384 0.0702555 0.169198 0.119641 0 0.0666502 0.0496781 0.111084 
0.0389896 0.0194948 0.0275698 0.0584844 0.0702895 0.061648 0.0435917 0.0702895 0.0803791 0.0827095 
0.0199432 0.028204 0.0398865 0.14102 0.12131 0.179489 0.0630661 0.084612 0.183868 0.101691 
1.33675 0.0592037 0.0592037 0.0374437 0.132384 0.0529534 0.0374437 0.0748875 0.0748875 0.109166 
0.0335107 0.0710869 0.052985 0.203837 0.118478 0.0335107 0.0335107 0.0236956 0.0473912 0.0854358 
0.0547894 0.0387419 0.0273947 0.0547894 0.0273947 0.0273947 0.0821841 0.0387419 0.0547894 0.0612564 
0.0535672 0.0535672 0.0338788 0.0479119 0.107134 0.153393 0.0677577 0.0757554 0.023956 0.0757554 
0.0233683 0.052253 0.104506 0.052253 0.119155 0.093473 0.116841 0.0701047 0.0233683 0.052253 
0 0.0308956 0.0900755 0.0900755 0.0900755 0.0488503 0.0655395 0.0308956 0.0787687 0.0617913 
0.0236608 0.0236608 0.0236608 0.0975559 0.0236608 0.0529071 0.0334614 0.0334614 0.0334614 0.0975559 
0.0729217 0.0243072 0.0543526 0.185118 0.121536 0.0343756 0.0729217 0.0486145 0.0543526 0.087641 
0.0649227 0.0459073 0.0649227 0.0649227 0.0290343 0.0615911 0.0918146 0.928418 0.0580687 0.0918146 
0.0245403 0.0245403 0.0245403 0.0694106 0 0.0245403 0.0490807 0 0.0490807 0.0548739 
0.0206087 0.0412174 0.0460825 0.0849719 0.0460825 0.0412174 0.0849719 0.0291451 0.0291451 0.0460825 
0.0694838 0.0659181 0.0491325 0.0219727 0.0310741 0.0491325 0.0659181 0.0439454 0.0310741 0.0491325 
0.103433 0.0689553 0.0545139 0.0344776 0.0545139 0.0731381 0.0770943 0.0243794 0.109028 0.109028 
0.0732252 0.051778 0.051778 0.0231558 0.051778 0.095474 0.0231558 0.051778 0.0231558 0.0732252 
0.106581 0.0376822 0.133227 0.155368 0.193981 0.0376822 0.0595808 0.0532907 0.106581 0.0960712 
0.117791 0.040402 0.040402 0.0638811 0.057137 0.040402 0.040402 0.0857055 0.080804 0.0285685 
0.0902071 0.063786 0 0.0813116 0.0451035 0.031893 0.063786 0.0504273 0.0451035 0.0451035 
0.0508066 0 0.0718514 0.101613 0.0508066 0.122359 0.0508066 0.0508066 0.0508066 0.0718514 
0.141927 0.0872334 0.149604 0.0897624 0.200715 0.200715 0.0762834 0.0872334 0.113935 0.047309 
0.042713 0.042713 0.077002 0.0880551 0.183716 0.129907 0.0604053 0.090608 0.0302027 0.0880551 
0 0.0222167 0.0801036 0 0.0666502 0.0444335 0.0666502 0 0.0496781 0.0314192 
0.0513192 0.0324571 0.0324571 0.0827497 0.0946279 0.0827497 0.0324571 0.0324571 0.0513192 0.0513192 
0.0496139 0.0496139 0.0496139 0.066564 0.0496139 0.0627572 0 0.022188 0.0496139 0.044376 
0.0913525 0.0510676 0.0456763 0.0228381 0.0456763 0.0228381 0.0685144 0.032298 0.0228381 0.0510676 
0.0296402 0.0662775 0.118561 0.0592804 0.0419176 0.0889206 0 0.0296402 0.0838352 0.0889206 
0.0263135 0.0263135 0.0372129 0.0832106 0.0588388 0.0263135 0.0588388 0.052627 0.0263135 0.0372129 
0.0829651 0.0586652 0.0927578 0.0655896 0.131179 0.0829651 0.0414825 0.0879977 0.10576 0.0655896 
0.185287 0.104334 0.12941 0.12941 0.0578738 0.0647049 0.040923 0.040923 0.0578738 0.0647049 
1.06675 0.0995416 0.38651 0.0617331 0.176777 0.138039 0.0780869 0.0552158 0.16098 0.11383 
0.106359 0.0300828 0.0475652 0.0475652 0.0902485 0.0638153 0.0212718 0.0300828 0.0212718 0.0877058 
0.0877216 0.0310143 0.0490379 0.0438608 0.0980758 0.0310143 0.0310143 0.0490379 0.109652 0.0657912 
0.0501491 0.0250746 0.0560684 0.0501491 0.0501491 0.100298 0.0250746 0 0 0.0560684 
0.0864473 0.0216118 0.0891079 0.0216118 0.0864473 0.0916912 0.0216118 0.0611275 0.0891079 0.0648355 
0.0650294 0.0216765 0.0216765 0.0969401 0.068547 0.0484701 0.0613103 0.0650294 0 0.068547 
0.0434757 0.0486073 0.108689 0.0922259 0.110842 0.030742 0.030742 0.030742 0.0783769 0.0783769 
0.0706886 0.0558842 0.127436 0.0558842 0.111768 0.158064 0.0499844 0.0499844 0.0790322 0.103045 
0.0517191 0.0517191 0.166789 0.0833946 0.115648 0.0731419 0 0.0654201 0.161907 0.0833946 
1.70651 0.075271 0.48197 0.171644 0.0336622 0.0336622 0.0673244 0.271393 0.150542 0.121371 
0.0689399 0.0545018 0.142123 0.03447 0.12187 0.12187 0.0243739 0.0545018 0.100496 0.0487479 
0.137535 0.137535 0.0852958 0.0852958 0.0762909 0.0381454 0.0972522 0.0381454 0.0852958 0.0381454 
0.0480223 0.0536906 0.0240111 0.0240111 0.0480223 0.0240111 0.0536906 0.0536906 0.0679138 0.0240111 
0.0608123 0.0215004 0.0480764 0.0215004 0.0886484 0.0304062 0.0215004 0.0480764 0.0480764 0.0480764 
0.102556 0.181295 0.217553 0.13807 0.261467 0.206708 0.0810774 0.0362589 0.0810774 0.102556 
0.10307 0.024998 0.0499961 0.0558973 0.0749941 0.0790508 0.0558973 0.0499961 0.0558973 0.0558973 
0.0301203 0.0301203 0.0673511 0.090361 0.0767921 0.0476245 0.0212983 0.0767921 0.0673511 0.0212983 
0.271567 0.105268 0.152673 0.105268 0.0618156 0.0437102 0.0276448 0.0552896 0.0805977 0.0618156 
0.985813 0.133486 0.133486 0.0219449 0.0931044 0.0219449 0.0490703 0.0310348 0.0438898 0.0310348 
0.023674 0.0748639 0.0334801 0.0669603 0.0529367 0.0529367 0.0946961 0.105873 0.0748639 0.0334801 
0.0600503 0.021231 0.106155 0.0671383 0.042462 0.021231 0.042462 0.021231 0.042462 0.108257 
0.0224492 0.0224492 0.0224492 0.0448985 0.050198 0.0224492 0.031748 0.050198 0.031748 0.0224492 
0.0225189 0.0318465 0.0225189 0.0318465 0.0503537 0 0.0503537 0.112594 0 0.0225189 
0.0816444 0.0506337 0.0960707 0.121942 0.101267 0 0.0226441 0.0905764 0.0679323 0.115463 
0.0749473 0.0900755 0.0499649 0.0499649 0.0999298 0.0249824 0.0558624 0 0.0749473 0.0558624 
0.0817545 0.0717035 0.0717035 0.0226746 0.050702 0.0226746 0.0962003 0.143407 0.0641335 0.0680239 
0.0810236 0.0710624 0.0502487 0.0635602 0.0502487 0.0224719 0.0635602 0.0502487 0.0317801 0.0674157 
0.0463341 0.0747114 0.0621637 0.0207212 0 0.0207212 0.0293042 0.0414424 0.0293042 0.0207212 
0.0232495 0 0.116248 0.0838274 0.0735215 0.0232495 0.0328798 0.0232495 0.0328798 0.0232495 
0.0348525 0.0492889 0.0348525 0.0551067 0.295733 0.179414 0.0551067 0.0492889 0.104558 0.101612 
0.32738 0.0799459 0.134873 0.0701172 0.088692 0.0313574 0.0701172 0.140234 0.0799459 0.0627147 
0.0491993 0.0491993 0.0550065 0.077791 0.0245997 0.0347892 0.0347892 0.110013 0 0.0245997 
0.0559017 0.0790569 0.0901388 0.025 0.125 0.106066 0.0559017 0.141421 0.0790569 0.0353553 
0.0932223 0.0439454 0.0491325 0.0621482 0.256244 0.20729 0.0621482 0.118327 0.098265 0.124296 
0.0552073 0.0890192 0.0246895 0.0552073 0.0740684 0.0552073 0.0698324 0.049379 0.0246895 0.0698324 
0.0344828 0.024383 0.054522 0.054522 0.0771058 0.103448 0.054522 0.024383 0.054522 0.0879141 
0.0796333 0.0441726 0.168204 0.0493865 0.098773 0.0312348 0.0312348 0.0220863 0.0493865 0.098773 
0.133333 0.0261488 0.16538 0.0261488 0.130744 0.0584705 0.0261488 0.03698 0.0584705 0.11094 
0.0249922 0.0558842 0.0749766 0.0790322 0.0353443 0.0706886 0.0249922 0.160028 0.0353443 0.0499844 
0.0777029 0.0549442 0.202624 0.104249 0.0982872 0.0777029 0.0245718 0.0549442 0.0245718 0.0549442 
0.0689041 0.034452 0.155988 0.0878358 0.108947 0.0243613 0 0.0243613 0.0878358 0.0544735 
0.105769 0.04986 0.189861 0.0997199 0.102789 0.04986 0.12465 0.04986 0.04986 0.04986 
0.183399 0.0508657 0.0568696 0.0804258 0.0916995 0.0762986 0.071935 0.154702 0.129683 0.0568696 
0.0481056 0 0.0537837 0.0481056 0.0991722 0.0240528 0.0240528 0.0340158 0.0680315 0.0340158 
0.0729056 0.034368 0.068736 0.0729056 0.0486037 0.0243019 0 0.0543406 0.0486037 0.0768492 
0.706714 0.120118 0.179406 0.0666297 0.169873 0.137361 0 0.137361 0.120118 0.301679 
0.159023 0.0545443 0.272722 0.0545443 0.903693 0.192843 0.0272722 0.112446 0.0862422 0.154275 
0.0520826 0.0520826 0.0465841 0.219737 0.199007 0.156248 0.0520826 0.073656 0.118767 0.0988198 
0.0434783 0.0307438 0.0486102 0.0614875 0.0307438 0.0783815 0.0486102 0.0217391 0.0687452 0.0217391 
0.16538 0.0458681 0.0324336 0.0725238 0.0512821 0.0688021 0.0458681 0.022934 0.0324336 0.0324336 
0.0948091 0.0229946 0.0229946 0.0829081 0.0514175 0.0325193 0.0650385 0.139871 0.0727153 0.0459892 
0.109784 0.0310516 0.0694336 0.0490969 0.0310516 0.0791664 0.0310516 0.20714 0.0931549 0.109784 
0.0685144 0.0510676 0.0913525 0.0510676 0.0722205 0.032298 0.0456763 0.0228381 0.116452 0.064596 
0.0297663 0.021048 0.021048 0.12803 0.0941294 0.086783 0.021048 0.0420959 0.0941294 0.12273 
0.078075 0.0349162 0.0890192 0.049379 0.0349162 0.078075 0.0246895 0.0349162 0.078075 0.0552073 
0.0483255 0.0483255 0.0305637 0.0483255 0.0864473 0.0779226 0.0432237 0.0216118 0.0432237 0.195704 
0.0493226 0.0779859 0.0739839 0.0246613 0.0493226 0.0246613 0.0348764 0.0493226 0.101681 0.0779859 
0.0440519 0 0.124598 0.0985031 0.139304 0.0440519 0.0440519 0.0696522 0.0660779 0.0908153 
0.0717727 0.0320977 0.0818335 0.0226965 0.0226965 0.0320977 0.0226965 0.045393 0.050751 0.0935801 
0.0303013 0.0214262 0.0606026 0.0428525 0.128557 0.0428525 0.0479105 0.0479105 0.0677557 0.0428525 
0.111657 0.080517 0.0669942 0 0.0499345 0.0446628 0.0920747 0.0947441 0.0315814 0.0223314 
0.0421029 0.0297713 0.0470725 0.0421029 0.0595425 0.0297713 0.0297713 0.0421029 0.0210515 0.0470725 
0.108069 0.152832 0.0540343 0.458496 0.411513 0.120824 0.0540343 0.543038 0.120824 0.170872 
0.0495803 0.0799459 0 0.022173 0.266998 0.044346 0.0495803 0.044346 0 0.022173 
0.0207782 0.0415563 0.0293848 0.0464614 0.0464614 0 0.0623345 0.0464614 0.0464614 0.0415563 
0.139497 0 0.0464991 0.0735215 0.0697486 0.0735215 0.0464991 0.0735215 0.0464991 0.0838274 
0.0288555 0.0408078 0.0645228 0.0204039 0.0456245 0.0204039 0.0408078 0.0288555 0.0456245 0.0865665 
0.058341 0.0260909 0.0825067 0.116682 0.0368981 0.107576 0.0825067 0.058341 0.0521818 0.0260909 
0.0364844 0.0257984 0.0729689 0.0930174 0.0773952 0 0 0.0815817 0.0515968 0.0815817 
0.022987 0.0325085 0.022987 0.068961 0.0325085 0.0325085 0.0514005 0.022987 0.0726912 0.0828808 
0.0519981 0.0232542 0.0465085 0.0465085 0.0328865 0.0519981 0.0519981 0.0232542 0.0838444 0.0657729 
0.0301203 0.0212983 0.171712 0.162203 0.136376 0.0638949 0.0851932 0.0476245 0.0851932 0.0638949 
0.0237273 0.0237273 0.120986 0.0335554 0.0855499 0.100666 0.0237273 0.0530558 0.138353 0.0237273 
0.108947 0.0243613 0.142049 0.0730838 0.155988 0.0544735 0.100444 0.0689041 0.034452 0.100444 
0.0476968 0.0533267 0.0238484 0.0674535 0.119242 0.0337268 0.0337268 0.0533267 0.0715453 0.0476968 
0.0553806 0.0553806 0.0350258 0.07832 0.0495339 0.024767 0 0.102117 0.0990679 0.024767 
0.0227258 0.0227258 0.0718653 0.0454516 0.132513 0.0681774 0.0819391 0.0454516 0.101633 0.0321391 
0.0367204 0.0734409 0.0936191 0.0936191 0.0580601 0 0.0259653 0.0367204 0.110161 0.0519305 
0.0347892 0.073799 0.0347892 0.0491993 0.0491993 0.0347892 0.0245997 0.0347892 0.077791 0.0695784 
0.0502455 0.0810185 0.562212 0.496389 0.51731 0.494861 0.044941 0.044941 0.044941 0.360229 
0.0332182 0.0846901 0.142877 0.0742781 0.0968468 0.0525226 0.0742781 0.105045 0.0939552 0.0846901 
0.022445 0.031742 0.04489 0.100377 0.022445 0.04489 0.022445 0.0501886 0.0925431 0.112225 
0.0361167 0.0571056 0.0255384 0.0571056 0.0361167 0.09208 0 0.0361167 0.0255384 0.0361167 
0.0645228 0.0408078 0.057711 0.0456245 0.0456245 0.0288555 0.0612117 0.0612117 0.0735674 0.0841275 
0.763973 0 0.0277671 0.0878072 0.211468 0.14953 0.114487 0.0392686 0.0392686 0.138835 
0.0673387 0.0858404 0.075287 0.0858404 0.0714235 0.0952313 0.0532359 0.0238078 0 0.0238078 
0.0549774 0.0549774 0.0388749 0.116625 0.143364 0.164013 0.0716818 1.02323 0.122933 0.140165 
0.0839625 0.0531025 0.0375492 0.0750983 0.132756 0.0593705 0.095732 0.0593705 0.118741 0.187746 
0 0.0495803 0.066519 0.0701172 0.022173 0.0313574 0.0313574 0.0313574 0.0495803 0.044346 
0.0370593 0.0262049 0.0262049 0.0786146 0.108045 0.0262049 0.0524097 0.0262049 0.0741186 0.0585959 
0.0340675 0.0240894 0 0.0240894 0.0538655 0.0340675 0 0.0240894 0.0240894 0.0240894 
0.0240894 0.0240894 0.0481788 0.0538655 0.0340675 0.0538655 0.0240894 0.0240894 0.0538655 0.0538655 
0.0232417 0.0958279 0.0328687 0.0464834 0.0232417 0.0328687 0.0232417 0.0232417 0.0232417 0.0958279 
0.0266643 0.0596232 0.162193 0.0843199 0.0596232 0.0596232 0.10994 0.135962 0.0799929 0.0961395 
0.0677091 0.0772003 0.0882819 0.197404 0.193889 0.107058 0 0.0478776 0.0478776 0.0772003 
0.0504947 0.0319357 0.0714104 0.0225819 0.0504947 0.0814203 0.0225819 0.0225819 0.0504947 0.0225819 
0.0348976 0.0246763 0.125825 0.0551779 0.0780334 0.0246763 0.0246763 0.0246763 0.0348976 0.0246763 
0.091948 0.022987 0.290765 0.091948 0.329124 0.102801 0.0325085 0.0514005 0.114935 0.0325085 
0.04918 0.021994 0.04918 0.021994 0.0439879 0.021994 0.0793004 0.021994 0.0659819 0.069551 
0 0.0219767 0.0491414 0.0310797 0.153837 0.133679 0.0932392 0.0219767 0.0621595 0.0491414 
0.0993808 0.0241034 0.086906 0.120517 0.129801 0.107794 0.0964135 0.0340873 0.086906 0.107794 
0.0667483 0.0422153 0 0.0597015 0.0597015 0 0.0298507 0.0298507 0.0298507 0.123078 
0.111576 0.0875271 0.123782 0.0309455 0.061891 0.0309455 0.0691963 0.0437636 0.0875271 0.0437636 
0.057137 0.040402 0.0285685 0.057137 0 0.0638811 0.0285685 0.040402 0.0638811 0.117791 
0.558209 0.209198 0.187112 0.167358 0.0418395 0.209198 0.0935561 0.132308 0.0836791 0.264616 
0.0595359 0.0595359 0.0678814 0.0678814 0.0595359 0.0776254 0.0959988 0.0798758 0.0595359 0.0776254 
0.045138 0.045138 0.0356847 0.124641 0.112845 0.0159587 0.121538 0.11508 0.0159587 0.045138 
0.0289825 0.0579649 0.156075 0.156075 0.156075 0.0819748 0.0648068 0.0916506 0.0648068 0.0648068 
0.0955201 0.0955201 0.102878 0.0270172 0.139079 0.0604122 0.0974118 0.0604122 0.135086 0.0427179 
0 0.0834348 0.0791532 0.105538 0.117995 0.0373132 0.0527688 0.0373132 0.0263844 0.0527688 
0.0285249 0.0637836 0.0855747 0.0637836 0.102848 0.0637836 0.0637836 0.0285249 0.0902036 0.1141 
0 0.0608018 0.112113 0.0384544 0.0815742 0.0543828 0.0815742 0.0543828 0.0608018 0.0608018 
0.0249688 0.0499376 0.0789583 0.0900263 0.149813 0 0.0249688 0.0353112 0.0900263 0.111664 
0.0239852 0 0.101761 0.0536326 0.075848 0.0719557 0.0239852 0.0239852 0 0.119926 
0.0480181 0.0214744 0.0885411 0.130623 0.0885411 0.0214744 0.0214744 0.0480181 0.109498 0.0480181 
0.430505 0.0743373 0.0206175 0.0291575 0.0412349 0.046102 0.0618524 0.0291575 0.046102 0.0206175 
0.0753645 0.0799361 0.178742 0.34639 0.784116 0.0753645 0.0595808 0.0595808 0.08426 0.0799361 
0.0607702 0.0214855 0.088587 0.0480431 0.375228 0.109555 0.0303851 0.088587 0.088587 0.042971 
0.0252177 0.0252177 0.0563884 0 0.0252177 0.0504353 0.0909235 0.0504353 0.0909235 0.0563884 
0.0387129 0 0.0821225 0.0547483 0.0387129 0.0774258 0.0774258 0.16651 0.136871 0.0612105 
0.0492515 0.0550649 0 0.0985031 0.0246258 0.0550649 0.0985031 0.101535 0.0550649 0 
0.0532246 0.0238028 0.0532246 0 0.0238028 0.0981414 0.0858221 0.0532246 0.0532246 0.0858221 
0.0222704 0.0314951 0.0222704 0.0314951 0.135466 0.0704252 0.0995962 0.0704252 0 0.0314951 
0.0419868 0.107046 0.0890675 0.173116 0.0938853 0.122411 0.118757 0.347503 0.148446 0.066387 
0.0744942 0.0471143 0.0744942 0.0471143 0.0333148 0.0666297 0.0333148 0 0 0.0471143 
0.403722 0.0415855 0.046494 0.046494 0.0857308 0.0882162 0.0623783 0.0207928 0.046494 0.0749694 
0.0650294 0.0484701 0.0484701 0.0306552 0.14541 0.0781556 0 0.0969401 0.0306552 0.0893744 
0.0832106 0.0948747 0.0263135 0.0832106 0.0588388 0.0588388 0.0372129 0.052627 0.0263135 0.111639 
0.792147 0.267637 0.0769401 0.0544049 0.19616 0.172043 0.10881 0.0344087 0.17713 0.15388 
0.0440183 0.0196856 0.0811657 0.0393711 0.24666 0.0622513 0 0.0622513 0.0393711 0.0278396 
0.0514005 0.0325085 0.0828808 0.117211 0.0947778 0.068961 0.045974 0.344805 0.022987 0.0726912 
0.0458289 0.0324059 0.114572 0.114572 0.102477 0.0648119 0.0458289 0.0458289 0.0458289 0.0944787 
0.0299728 0.021194 0.0764161 0.0473912 0.10597 0 0 0.10597 0.0764161 0.021194 
0.040402 0.020201 0.0451708 0.020201 0.127762 0.0903416 0.0285685 0.0832908 0.0285685 0.0728357 
0.0659301 0.0659301 0.0621595 0.118348 0.171643 0.153837 0.0219767 0.14072 0.0491414 0.155399 
0.110064 0.0482664 0.125863 0.068259 0.0431708 0.0647562 0.0482664 0.0215854 0.136518 0.068259 
0.0618031 0.0412021 0.0582686 0.0742781 0.11094 0.0742781 0.0651462 0.775486 0.0412021 0.0651462 
0.0959533 0.0643675 0.0643675 0.0303431 0.0884646 0.0678493 0.0479767 0.0479767 0.0214558 0.0214558 
0.0423097 0.0598349 0.0211548 0.126929 0.0762749 0.113922 0.0634645 0.0598349 0.0668975 0.11967 
0.0700107 0.0274605 0.137302 0.0274605 0.151655 0.118112 0.0194175 0.104566 0.104566 0.0970874 
0.0456127 0 0.147096 0.0407972 0.14424 0.136838 0 0.0407972 0.0456127 0.0611958 
0.137607 0.0435153 0.0973032 0.0615399 0.0435153 0.0435153 0.0583819 0.104799 0.113474 0.0275215 
0.0619987 0.0490143 0.133333 0.0438397 0.133333 0.118042 0.0309994 0.0490143 0 0.0980286 
0.0277243 0.0196041 0.153113 0.153113 0.0784163 0.0196041 0.0588122 0.0196041 0.043836 0.0588122 
0.049556 0.031342 0.0443242 0.0221621 0.129226 0.204325 0.031342 0.099112 0.141907 0.031342 
0 0.0297466 0.0758391 0.127945 0.0665153 0.0297466 0.0665153 0 0.021034 0.063102 
0.994033 0.0802821 0.211236 0.0497888 0.149367 0.142574 0.0314892 0.0629785 0.149367 0.0314892 
0.0238028 0.0858221 0.128182 0.407438 0.185906 0.075271 0.0532246 0 0.0981414 0.075271 
0.238639 0.0709908 0.185121 0.222236 0.211786 0.0634961 0.050198 0.203287 0.089797 0.089797 
0.0908674 0 0.0214176 0.109209 0.0478913 0.0677285 0.0772224 0.0478913 0.0214176 0.0856706 
0.0840925 0.057687 0.0865305 0.0288435 0.317278 0.164433 0.0456056 0.057687 0.0815817 0.0456056 
0.098773 0.0796333 0.0493865 0.098773 0.168204 0.0220863 0.0493865 0.0312348 0.0441726 0.0493865 
0.0469013 0.029663 0.0469013 0.0663285 0.281408 0.127585 0.0629248 1.12426 0.0469013 0.0419498 
0.0723939 0.0634937 0.0634937 0.0401569 0.100392 0.0448968 0.0634937 0.0401569 0.0448968 0 
0.0496751 0.0314173 0.0496751 0.0314173 0.0444307 0.0800986 0 0.0222154 0.111077 0 
0.0300472 0.0475088 0.0424931 0.114416 0.114416 0.0671875 0.0300472 0.108337 0.0212466 0.108337 
0.029159 0.0461045 0.0743413 0.0850125 0.0850125 0.0412371 0.0206186 0.125418 0.0618557 0.0824742 
0.984183 0.0393673 0.0984183 0.0278369 0.158695 0.100367 0.0393673 0.0393673 0.0393673 0.0196837 
0.0314095 0.0496628 0.0222099 0.0993256 0.0915737 0.142213 0.173465 0.725145 0.0222099 0.142213 
0.0315401 0 0.0315401 0.183909 0.162363 0.0705258 0.0223022 0.0315401 0.0223022 0.0804118 
0.0432818 0.0306049 0.0780274 0.0306049 0.0216409 0.0780274 0.0432818 0.0306049 0.0780274 0.0216409 
0.0668265 0.0597714 0.0298857 0.152388 0.113801 0.0871311 0.0422648 0.0298857 0.0298857 0.0668265 
0.0335862 0.0335862 0.191471 0.127892 0.171257 0.106209 0.023749 0.0335862 0.118745 0.075101 
0.0749775 0 0.0929981 0.04159 0.15139 0.0464991 0.0294086 0.020795 0.020795 0.0464991 
0.0411585 0.0205792 0.0460165 0.0741995 0.0920331 0.0741995 0.0291034 0.102896 0.0205792 0.0460165 
0.0309418 0.069188 0.0437583 0.127576 0.109396 0.0618836 0.0618836 0.0902101 0.069188 0.0788865 
0.0203226 0.0406453 0.158725 0.147951 0.406961 0.114962 0.0642658 0.0454428 0.0203226 0.142258 
0.0451639 0.0451639 0.0571283 0.0451639 0.0638714 0.0451639 0.0403958 0 0.0638714 0.0451639 
0.0845296 0.0422648 0.0472535 0.0761939 0.14176 0.128543 0.105662 0.107754 0.107754 0.0472535 
0.0767139 0.0212766 0.0877256 0.12942 0.258841 0.0951518 0.0425532 0.0425532 0.0601793 0.0300897 
0.0193438 0.043254 0.123861 0.247721 0.147318 0 0.0547124 0.0273562 0.0386875 0.043254 
0.0722054 0.0538187 0.0340379 0.0538187 0.0722054 0.0538187 0.08678 0.0680759 0.120342 0.107637 
0.942916 0.0638949 0.162203 0.0301203 0.192864 0.155054 0.0476245 0.0476245 0.12779 0.0673511 
0.0203912 0.0455961 0.0203912 0.0735215 0.103975 0.10981 0.0203912 0.0203912 0.0611736 0.0644826 
0.0624695 0.0294484 0.075079 0.0658486 0.186248 0.139686 0.075079 0.197546 0.0208232 0.0858561 
0.0208322 0.0208322 0.104161 0.147306 0.0658772 0.0624966 0.0294612 0.0465822 0.0658772 0.0883835 
0.0294484 0.0294484 0.0883452 0.139686 0.0416463 0.046562 0.046562 0.046562 0.0208232 0.106178 
0.060009 0.0282885 0.0447281 0.0282885 0.0848655 0.0282885 0.040006 0.0824745 0.0447281 0.063255 
1.0301 0.0638844 0.0451731 0.108791 0.121212 0.040404 0.020202 0 0.127769 0.0832951 
0.108448 0.0891437 0.0960107 0.0735098 0.0891437 0.11416 0.0398663 0.0504273 0.112759 0.0756409 
0.0650772 0.0460165 0.0650772 0.0617377 0.119996 0.0873103 0.0411585 0.0582068 0.104934 0.0582068 
0.0794998 0.0675619 0.404504 0.0936915 0.314111 0.206121 0.0562149 0.0675619 0.201818 0.0838002 
0.0685742 0.0242447 0.0342871 0.102861 0.0242447 0.0542127 0.0342871 0.0484893 0.0342871 0.072734 
0.0321391 0 0.209522 0.177494 0.0642783 0.122382 0.0227258 0.0508164 0.0321391 0.0508164 
0.0371359 0.058717 0.0946783 0.117434 0.026259 0.058717 0.026259 0 0.0371359 0.026259 
0.920294 0.0744014 0.0332733 0.143114 0.202394 0.0970075 0.0665466 0.157829 0.0332733 0.0526097 
0.0258803 0.0933129 0.106707 0.0366003 0.0517607 0 0.0578702 0.0366003 0.106707 0.0732007 
0.0545018 0.0243739 0.0545018 0.03447 0.0770772 0.0878815 0.0545018 0.0878815 0.131258 0.0731218 
0.0742781 0.0525226 0.0469776 0 0.0846901 0.0664364 0.0704664 0.0332182 0.0469776 0.0234888 
0.02493 0.04986 0.0557451 0.02493 0 0.02493 0.0747899 0.0352563 0.02493 0 
0.0224592 0.0809776 0.031762 0.0673775 0.0502202 0.0449183 0.031762 0.0710221 0.0224592 0.0952861 
0.0372161 0.0526316 0.0832178 0.0588439 0.0372161 0.0832178 0.0372161 0.0372161 0.0832178 0 
0.122859 0.0549442 0.0885949 0.0347498 0.0777029 0.0245718 0.0347498 0 0.0777029 0.0347498 
0.106581 0.0532907 0.0595808 0.119162 0.08426 0.0376822 0.0532907 0.109862 0.0376822 0 
0.122923 0.0289733 0.0647864 0.0647864 0.0647864 0.0916217 0.0579467 0.0409745 0.0647864 0.0289733 
0.0336622 0.0238028 0.075271 0.075271 0.0858221 0.106449 0.0336622 0.0336622 0.0532246 0.0673244 
0 0.0744014 0.0744014 0.105219 0.0526097 0.0526097 0 0.0470556 0.0526097 0.0665466 
0.076437 0.0604287 0 0.0382185 0.0270246 0.076437 0.0604287 0.0382185 0.0382185 0.137799 
0.102556 0.0573304 0.0362589 0.0256389 0.0362589 0.0573304 0.0924424 0.0362589 0.0573304 0.0256389 
0.0774258 0.0387129 0.0986989 0.0612105 0.225733 0.0821225 0.0273742 0.109497 0.0612105 0.0612105 
0.0362351 0.0256221 0.0512442 0.0362351 0.0512442 0.0512442 0.0768662 0.0572927 0.0256221 0.0256221 
0.122998 0.0347892 0.073799 0.073799 0.0245997 0 0.0245997 0.0347892 0.0550065 0.0245997 
0.0766683 0.0874153 0.0685742 0.121223 0.0999633 0.072734 0.121223 0.189357 0.0999633 0.155242 
0 0.0366834 0.025939 0.129695 0.0820265 0.0820265 0.139686 0.164053 0.0366834 0 
0.0673477 0.031748 0.0448985 0.0673477 0.0673477 0.031748 0.0448985 0.050198 0.0673477 0.0673477 
0.0270246 0 0.0854592 0.0540491 0.0540491 0.0540491 0.0382185 0 0.0540491 0.0540491 
0.0232984 0.0232984 0.0329489 0.0658978 0.104194 0.0698951 0.0520968 0.0988467 0.149182 0.0232984 
0.105263 0.0470751 0.0421053 0.0297729 0.107348 0.0297729 0.0470751 0.105263 0.0297729 0.0421053 
0.0759299 0.0536906 0.0990005 0.0339569 0.120056 0.0720334 0.0480223 0.0339569 0.107381 0.0240111 
0.114538 0.0362202 0.130594 0.130594 0.0923438 0.0724405 0.0809909 0.0809909 0.0923438 0.0512232 
0.097561 0.0545382 0.068986 0 0.0879403 0.0243902 0.0879403 0.0545382 0.0243902 0.034493 
0.104339 0.0289384 0.0737788 0.0457557 0 0.0204626 0.0457557 0.0457557 0.0204626 0 
0.132417 0.0662085 0.0468165 0.118437 0.713087 0.0296093 0.0296093 0.0863253 0.0418739 0.0468165 
0.0299813 0.0212 0 0.0474045 0.0474045 0.0212 0.0212 0.0299813 0.0423999 0.0474045 
0.0550649 0.0985031 0.0246258 0.123129 0.139304 0.0348261 0.0348261 0.0985031 0.0492515 0.0492515 
0.114239 0.0448083 0.100194 0.0923746 0.100194 0.0448083 0.0316842 0.0708481 0.0923746 0.0500972 
0.0905915 0.109087 0.0905915 0.0452957 0.0730372 0.0452957 0.0835212 0.0286475 0.0286475 0.0286475 
0.0786702 0.0975784 0.0872768 0.0218192 0.0872768 0.030857 0.0436384 0.0218192 0.030857 0.0689983 
0.0507902 0.0818968 0.0227141 0.10158 0.0321226 0.0454282 0.0454282 0.0454282 0.0642451 0.0227141 
0.0235148 0.0332549 0.0235148 0.117574 0 0.0525806 0.0332549 0.0332549 0.0743602 0.0743602 
0.237809 0.118905 0.118905 0.0704806 0.156382 0.0781912 0 0.0437102 0.105268 0.0195478 
0.107731 0.0538655 0.0993231 0.0681351 0.0681351 0.107731 0.0963576 0.0240894 0.0240894 0.0240894 
0.128965 0 0.0505843 0.159962 0.192619 0.197538 0.0799808 0.071537 0.159962 0.182384 
0.0821371 0.0519481 0.12987 0.151453 0.155844 0.0367328 0.0580797 0.0734656 0.0367328 0.0367328 
0.0251537 0.0562455 0.0562455 0.103712 0.0562455 0.0355728 0.0251537 0.0754612 0.0795431 0.0251537 
0.0287882 0.0287882 0.0455181 0.0407126 0.0455181 0.0287882 0.0287882 0.0455181 0.0407126 0.0407126 
0.901524 0.128163 0.0724999 0.0810574 0.0573162 0.0924197 0.138036 0.105686 0.0573162 0.105686 
0.0190615 0.0381229 0.0852454 0.115946 0.114369 0.115946 0.0602776 0.0808709 0.0971947 0.102649 
0.040416 0.0745234 0.0255613 0.0180746 0.0651688 0.105392 0.114314 0.127807 0.0180746 0.0651688 
0.0298857 0.0472535 0.0298857 0.105662 0.0945069 0.0298857 0.0211324 0.0298857 0.0298857 0.0761939 
0.0896914 0.102566 0.10554 0.0995037 0.200556 0.0351799 0.0703598 0.179383 0.151314 0.0497519 
0.0344904 0.0344904 0.0344904 0.0545342 0.148349 0.248714 0.100556 0.46016 0.0689809 0.124357 
0.0506857 0.0253429 0.0506857 0.0253429 0.0253429 0.0358402 0.0506857 0.0253429 0.0566684 0.0566684 
0.0317081 0.022421 0.0317081 0.0808401 0.158541 0.150405 0.0317081 0.022421 0.0951243 0.0501349 
0.0519305 0.0367204 0.0259653 0.0821094 0.0259653 0.103861 0.0519305 0 0.0734409 0.0734409 
0.0214447 0.0428894 0.143856 0.0479518 0.0959037 0.0428894 0.07732 0.0643341 0.0678141 0.0214447 
0.050236 0.0224662 0.0673987 0.050236 0.089865 0.0710445 0.050236 0.0317721 0.0810032 0.0673987 
0.0233348 0.0521783 0.0660008 0.0700045 0.149416 0.0962119 0.0700045 0.0737912 0.0466696 0 
0.0738269 0.0348024 0.110055 0.0348024 0.101465 0.0696047 0.0738269 0.0887289 0.0778204 0.0778204 
0.0248433 0.0351337 0.0993731 0.0248433 0.0555513 0.0555513 0.0248433 0.0785614 0.0785614 0.0496866 
0.0205488 0.0459485 0.0410976 0.0410976 0.104779 0.0616464 0.0410976 0.0581207 0.104779 0.0616464 
0.034452 0.034452 0.100444 0.034452 0.0487226 0.034452 0 0.0243613 0.0243613 0 
0.0519981 0.0232542 0.0735364 0.0657729 0.093017 0.0328865 0.0328865 0.0232542 0.0328865 0.0519981 
0.947667 0.02493 0.127118 0.0352563 0.11149 0.102789 0.0788355 0.0788355 0.102789 0.0352563 
0.0979957 0.0531456 0.0713024 0.0531456 0.0979957 0.0531456 0.0672245 0.0336123 0.121191 0.0475349 
0.0357771 0.0758947 0.0252982 0.104307 0.0565685 0.0565685 0.0252982 0.0715542 0.0565685 0.0715542 
0.0529999 0.0237023 0 0.0711068 0.0529999 0.0529999 0.0335201 0.0474046 0.0749532 0.0529999 
0.024345 0.024345 0 0.024345 0.153971 0.103287 0.0544371 0.0486901 0.0544371 0.0769857 
0.524751 0.0950175 0.0424931 0.0475088 0.0600943 0.106233 0.0901415 0.912366 0.148726 0.153211 
0.030742 0.0217378 0.030742 0.030742 0.0434757 0.0486073 0.0217378 0.0434757 0.0217378 0.030742 
0.0748639 0.0748639 0.0334801 0.0334801 0.0473481 0.0334801 0.0853579 0.0669603 0.023674 0.0710221 
0 0.0243902 0.034493 0.0545382 0.0879403 0.034493 0.0731707 0.0243902 0.0243902 0.0879403 
0.0809776 0.0572598 0.0572598 0.0724286 0.0572598 0.0256074 0.0362143 0 0.0572598 0.0768221 
0.0480847 0.0215041 0.0480847 0.0304114 0.107521 0.0775343 0 0.0430083 0.0215041 0.0215041 
0.0675496 0.0534027 0.0534027 0.0534027 0.0984697 0.0675496 0.0861092 0.121777 0.0477648 0.0477648 
0.023749 0 0.047498 0.121097 0.0949961 0.0531044 0.023749 0.075101 0.023749 0.023749 
0.0741555 0.0524359 0.0469001 0.0524359 0.02345 0.02345 0.0469001 0.0331633 0 0 
0.0241737 0.0341868 0.076444 0.0341868 0.170934 0.0540541 0.0683736 0.281911 0.0483474 0.0241737 
0.0367297 0.110189 0.157981 0.11615 0.107085 0.209392 0.0936428 0.0367297 0.174224 0.139863 
0.123596 0.0276369 0.0276369 0.0617979 0.0552737 0.0617979 0.0390844 0.140921 0.0996461 0 
0.106515 0.0798865 0.135781 0.0960116 0 0.0753177 0.0532576 0.0532576 0.0842077 0.0376588 
0.0635999 0 0.0212 0.0670402 0.0764375 0.0847998 0.0299813 0.0474045 0.106 0.0299813 
0.164025 0 0.0602968 0.0269655 0.164025 0.0852725 0.038135 0.0602968 0.0972257 0.0602968 
0.0203817 0.101908 0.101908 0.123977 0.061145 0.130506 0.0911495 0.0407633 0.148381 0.028824 
0.0321391 0.0321391 0.0681774 0.0227258 0.0964174 0.0937009 0.0508164 0.0227258 0.0454516 0.0508164 
0.0212658 0.0425315 0.0300743 0.0300743 0.0672483 0.0212658 0.0212658 0.0475517 0.0475517 0.0475517 
0.0325021 0.0325021 0.0325021 0.0325021 0.0325021 0.0459649 0.0513903 0.0513903 0.0975062 0.0975062 
0 0.101345 0.143324 0.152018 0.115552 0.0506727 0.0679846 0.152018 0.0226615 0.0453231 
0.0958797 0.0735364 0.116271 0.0697627 0.0657729 0.0519981 0.0735364 0.0465085 0.0697627 0.0465085 
0.0974118 0.120824 0.0270172 0.0810515 0.0604122 0.0270172 0.0604122 0.0270172 0.0854358 0 
0.0790014 0.0353305 0.0353305 0.0353305 0.0790014 0.0558624 0.0249824 0.0249824 0.0558624 0.0353305 
0.0409874 0.0648068 0.147782 0.0819748 0.0289825 0.0409874 0.0648068 0.0579649 0.122962 0.0579649 
0.106653 0.0983296 0.128428 0.0533267 0.15998 0.0983296 0.0533267 0.106653 0.0533267 0.0715453 
0.031748 0.031748 0.0224492 0.0709908 0.031748 0.0224492 0.050198 0.0673477 0.0224492 0.0224492 
0.0552073 0.0246895 0.078075 0.0246895 0.0246895 0.0740684 0.049379 0.0349162 0.078075 0.104749 
0.117615 0 0.0525988 0.0743859 0.0470458 0.0665328 0.0470458 0.0235229 0.0235229 0.0235229 
0.0525806 0.0470295 0.0470295 0.0332549 0.0525806 0.0525806 0.0525806 0.0665098 0.0470295 0.0665098 
0.129187 0.0221553 0.0221553 0.0221553 0.0664659 0.0221553 0.0221553 0.0313323 0.0443106 0.0313323 
0.0707018 0.0223579 0.0921839 0.0447158 0.111789 0.0921839 0.0707018 0.0806125 0.0499938 0.0921839 
0.0310647 0 0.0491177 0.0658983 0.0905685 0.0439322 0.0439322 0.0310647 0.0694629 0.0905685 
0.044941 0.0502455 0.0224705 0.0926482 0.114577 0.121007 0.0502455 0.0635561 0.0224705 0.0317781 
0.134557 0.0212754 0.0877207 0.0601759 0.124056 0.0300879 0.0212754 0.0638262 0.0475732 0.0672787 
0.0224592 0.0224592 0.0926015 0.0502202 0.0809776 0.0502202 0.031762 0.031762 0.0673775 0.0635241 
0.0336503 0 0.0532058 0.0237944 0.0237944 0.0475887 0.0336503 0.0475887 0.0532058 0.0475887 
0.232138 0.0653328 0.0653328 0.0832833 0.1033 0 0.0730443 0.0692959 0.0326664 0.0516501 
0.0240685 0 0.08678 0.0538187 0.0340379 0.0340379 0.0240685 0.0340379 0.0240685 0.0240685 
0.0490969 0.0490969 0.0439136 0.0439136 0.0621033 0.0310516 0.0310516 0.0905303 0.0490969 0.0791664 
0.0972548 0.0687695 0 0.0869874 0.0972548 0.0972548 0.0687695 0.130481 0.0615094 0.137539 
0.0743744 0.0371872 0.0371872 0.0262953 0.0371872 0.0525906 0.0371872 0.0743744 0.0371872 0.0262953 
0.044941 0.0502455 0.0710579 0.114577 0.0224705 0 0.0224705 0.0502455 0.044941 0.044941 
0.0265817 0.0375923 0 0.0840588 0.0265817 0.0840588 0.0375923 0.0531635 0.0375923 0.0594386 
0.0755629 0.0503753 0.125938 0.100751 0.0563213 0.0356207 0.0503753 0.125938 0.0503753 0.0251876 
0.142084 0.0373132 0.0527688 0.186566 0.0951303 0.0951303 0.0527688 0.0746263 0.0373132 0.0834348 
0.0376188 0.0594806 0.0841183 0.133003 0.106402 0.0798016 0.0841183 0.109677 0.0752377 0.0594806 
0.073363 0.0518755 0.073363 0.0328089 0.0927977 0.0956537 0.0328089 0.0463988 0.0231994 0.0518755 
0.0289581 0.0647524 0.040953 0.144791 0.040953 0.040953 0.0579163 0.0647524 0.0579163 0.10441 
0.112673 0.09375 0.0698771 0.09375 0.209631 0.159344 0.03125 0.0698771 0.190086 0.0988212 
0.031748 0.031748 0.031748 0.0925606 0 0.050198 0 0.0634961 0.0448985 0.0224492 
0.14285 0.0903462 0.0451731 0.0808081 0 0.02857 0.0857099 0.0606061 0.040404 0.020202 
0.0494952 0.0221349 0.0664048 0.0664048 0.0494952 0.0442699 0.0221349 0.0221349 0.0313035 0.0626071 
0.0537837 0 0.0340158 0.102047 0.0721583 0.0340158 0.0340158 0.0537837 0.0721583 0.0867235 
0.113636 0.0551213 0.11693 0.0275607 0.0616275 0 0.0389767 0.123255 0.0616275 0.0616275 
0.0340552 0.053846 0.146477 0.154191 0.264887 0.242008 0.0761497 0.120403 0.0481613 0.194144 
0.0634601 0.0709505 0.0808961 0.0501696 0.0808961 0.0448731 0.03173 0.0224365 0.0808961 0.0448731 
0.0498097 0.0897957 0.0996194 0.0249048 0.105662 0.0556889 0.111378 0.0897957 0.0897957 0.0498097 
0.0783399 0.0614549 0.0485844 0.0651827 0.17917 0.0614549 0.0783399 0.117007 0.0485844 0.139124 
0.0299813 0.0670402 0.0948091 0.216198 0.276414 0.108099 0.123616 0.0847998 0.0423999 0.0847998 
0.0590693 0.0792498 0.0590693 0.177208 0.0264166 0.105666 0.0264166 0.0373587 0.0792498 0.0590693 
0.0204765 0.0457869 0.373661 0.185423 1.31305 0.040953 0.0457869 0.0647524 0.0204765 0.131114 
0.0792868 0.0543903 0.12162 0.112129 0.128998 0.139996 0.0769195 0.0429993 0.0859986 0.0608102 
0.022421 0.0317081 0.0634162 0 0 0.0317081 0.022421 0.022421 0.044842 0.0501349 
0.0481928 0.0481928 0.120482 0.0538812 0.0681549 0.0538812 0.0761995 0.0681549 0.0761995 0.0340774 
0.130637 0.0316842 0.280723 0.0316842 0.136279 0.114239 0.0224041 0.0448083 0.112021 0.0807792 
0.0219767 0.0792381 0.0219767 0.0906122 0.124319 0.109883 0.0982828 0.0439534 0.0439534 0.0906122 
0.0603132 0.0762909 0.0852958 0.0762909 0.170592 0.134864 0.0852958 0.0603132 0.172711 0.0852958 
0.128137 0.0752444 0.138744 0.201902 0.106412 0.0857918 0.0673006 0.909181 0.0713831 0.118972 
0.111182 0.0762701 0.0269655 0.0602968 0.0852725 0.0602968 0.038135 0.0602968 0.0808966 0.0808966 
0.177234 0.024345 0.0544371 0.0769857 0.0486901 0.121725 0.0688581 0.024345 0.0769857 0.0769857 
0.0800512 0.0506289 0.0253144 0.0716 0.0253144 0.0358 0.0566048 0.0253144 0.0800512 0.0566048 
0.118777 0.0910975 0.0288076 0.0644157 0.04074 0.0288076 0.103867 0.0644157 0.0576151 0.14689 
0.141367 0.0392081 0.161659 0.196041 0.211142 0.0392081 0.0392081 0.117624 0.0876721 0.247974 
0.0794772 0.0888582 0.0628322 0.0888582 0.0842983 0.140497 0.0888582 0.112398 0.0280994 0.0628322 
0.0258955 0 0.157516 0.0732436 0.157516 0.103582 0.0517911 0.0818888 0.0818888 0.0732436 
0.0602968 0.038135 0.107862 0.0539311 0.0539311 0.0269655 0.0269655 0.0269655 0.038135 0.038135 
0.0771058 0 0.024383 0.054522 0.024383 0.0344828 0.0344828 0.024383 0.048766 0.0344828 
0.192757 0.183499 0.0868744 0.0681499 0.0722839 0.0681499 0.0993447 0.0722839 0.0681499 0.034075 
0.0226543 0.0226543 0.121997 0.0716391 0.113271 0.101313 0.0226543 0.0453085 0.0961139 0.0640759 
0.0946404 0.123609 0.0459073 0.0459073 0.0973841 0 0.0725858 0.0513259 0.0229537 0.0229537 
0.0487479 0.0545018 0.0487479 0.0770772 0.0689399 0.0878815 0 0 0 0.0545018 
0.0543888 0.0243234 0.0543888 0.147954 0.121617 0.0729702 0.0243234 0.0769174 0.0343985 0.0543888 
0.0376288 0.0266076 0.0532152 0 0.0841406 0.0752577 0.0594964 0.0798228 0.0594964 0.0532152 
0.0325107 0.0325107 0.0229885 0.072696 0.0689655 0.0229885 0.0514039 0.045977 0.045977 0.045977 
0.0965696 0.0846971 0.0757554 0.107134 0.0267836 0.0846971 0.0378777 0.0598899 0.0598899 0.0757554 
0.0334801 0.023674 0.195221 0.0529367 0.0710221 0 0.023674 0.0529367 0.0853579 0.0853579 
0.024383 0.054522 0.0879141 0.054522 0.048766 0.121915 0.054522 0.024383 0.024383 0.054522 
0.920171 0.0335107 0.0236956 0.127605 0.052985 0.052985 0.0854358 0.10597 0.052985 0.0335107 
0.0725238 0.0648672 0.373339 0.344774 0.305978 0.347055 0.0512821 0.0512821 0.0458681 0.0458681 
0.0633049 0.0223817 0.0500469 0.067145 0.0633049 0.0223817 0.0223817 0.0633049 0.100094 0.0500469 
0.0237607 0.0531306 0.0531306 0.0712822 0.0531306 0.0751381 0.0336028 0.0531306 0.138548 0.0475215 
0.121268 0.0485071 0.147529 0.0542326 0.18471 0.137199 0.1 0.141421 0.0970142 0.108465 
0.0256116 0.0256116 0.102446 0.0768347 0 0.0768347 0.0572692 0.0724405 0.0572692 0.0572692 
0.0237123 0.0670684 0.0237123 0.0854958 0.0749848 0.0335342 0.0854958 0.0749848 0 0.0237123 
0.0231714 0.0463428 0.103626 0.21363 0.124782 0.0983078 0.0732743 0.0518128 0.0655385 0.0695141 
0.0490106 0.0490106 0.0346557 0.0735159 0.0490106 0.0693115 0.0547955 0.0774926 0.0547955 0.0490106 
0.0892421 0.0705521 0.130092 0.220863 0.157759 0.133863 0.0631037 0.0705521 0.211656 0.141104 
0.0370593 0.0828671 0.0262049 0.0524097 0.133619 0.0524097 0.0786146 0.0741186 0.0741186 0.0262049 
0.0323741 0.0323741 0.0323741 0.0511879 0.0943858 0.0943858 0.0323741 0.0228919 0.0647481 0.0228919 
0.097474 0.108138 0.120902 0.0382325 0.0854904 0.0604508 0.0382325 0.0270344 0.097474 0.0854904 
0.03173 0.0634601 0.0448731 0.0501696 0.03173 0.0224365 0.0501696 0.0448731 0.0501696 0.0224365 
0 0.0595808 0.0595808 0.135865 0.08426 0.0376822 0.0266454 0.0376822 0 0.0753645 
0.0283952 0.108126 0.0283952 0.117077 0.0851857 0.0448968 0.0283952 0.0897936 0.0602354 0.0851857 
0 0.051778 0.095474 0.0654946 0.232713 0.140851 0.051778 0.051778 0.0732252 0.0463117 
0.0219449 0.0981407 0.0791235 0.111898 0.0490703 0.0219449 0.0791235 0.0310348 0.0791235 0.0438898 
0.0588388 0.0588388 0.0744259 0.0372129 0.0263135 0.0588388 0.0372129 0.0263135 0.0789405 0.0263135 
0.0259543 0 0.107012 0.107012 0.036705 0.077863 0.0259543 0.0580357 0.0935797 0.0820748 
0.102305 0.0554828 0.124063 0.0248127 0.0554828 0.0496253 0.0350904 0.0554828 0.0554828 0.0350904 
0.0727923 0.0460379 0.0690568 0.0230189 0.082996 0.123961 0.0514719 0.0514719 0.0514719 0.0325537 
0.0774269 0.121477 0.107372 0.0679079 0.115643 0.0214744 0.109498 0.156336 0.0480181 0 
0.0916812 0.0314464 0.445275 0.519104 1.06941 0.11118 0.125786 0.0444719 0.0314464 0.0801729 
0.051177 0.0572176 0.0255885 0.0572176 0.080918 0.0572176 0.0255885 0.0572176 0.0255885 0.0572176 
0.126178 0.0623147 0.167208 0.194078 0.0812484 0.124629 0.0591169 0.0623147 0.119865 0.143459 
0.0210526 0.0210526 0.164426 0.0941502 0.0759063 0.0941502 0.0470751 0.0297729 0.0595458 0.0470751 
0.0341295 0.0341295 0 0.227672 0.144799 0.120666 0.0241332 0.0723996 0.0482664 0.0965328 
0.0854598 0.0711068 0.10056 0.0529999 0.097727 0.0854598 0.0529999 0.0749532 0.106 0.0529999 
0.161411 0.14115 0.114135 0.0998082 0.276818 0.123797 0.138409 0.175075 0.149071 0.110727 
0.0308809 0.048827 0.0617618 0.0308809 0.097654 0.0218361 0.0218361 0.0218361 0.0873444 0.0690518 
0.0240807 0.0481613 0.0681104 0.072242 0.129678 0.0992871 0.0340552 0.0340552 0.0992871 0.0868241 
0.127475 0.0353553 0.251247 0.111803 0.0353553 0.0353553 0.0559017 0.0707107 0.103078 0.160078 
0.0409745 0.0204872 0.0409745 0.0844711 0.0647864 0.0647864 0.0289733 0.0738678 0.104465 0.0204872 
0.0255551 0.0255551 0.0571429 0.0255551 0.0361403 0.0255551 0 0.0571429 0.0361403 0.0361403 
0.0232495 0.0328798 0.11855 0.0519875 0.187444 0.0929981 0.0519875 0.0328798 0.0735215 0.0697486 
0.0350823 0.0248069 0.124035 0.0894427 0.178885 0.0744208 0.0248069 0.0248069 0.0744208 0.13359 
0.0330477 0.052253 0.0330477 0.0701047 0.093473 0 0.052253 0.0660954 0.0467365 0.0330477 
0.0222003 0.0222003 0.0941879 0.0666009 0.129449 0.0915342 0 0.0666009 0.0992828 0.062792 
0.116928 0.0543702 0.0271851 0.0768911 0.0429834 0.0429834 0.0429834 0.0768911 0.0607877 0.0961139 
0.0229642 0.0229642 0.0688927 0.0513496 0.0513496 0.0324764 0.0459285 0.0649527 0.0229642 0.0513496 
0.27735 0.0729756 0.034401 0.0729756 0.0543928 0.0543928 0.0973009 0.121626 0.121626 0.145951 
0.0259543 0.0580357 0.0259543 0.197662 0.132342 0.209251 0.0259543 0.0734099 0.0820748 0.110115 
0.0218713 0.0437426 0.0309307 0.0978115 0.0489058 0.0691632 0.0309307 0.0656139 0.0901777 0.0309307 
0 0.0269069 0.0538138 0 0.11094 0.0538138 0.0269069 0.0850871 0.0269069 0.0601657 
0 0.0231002 0.0693005 0.0516536 0.0326686 0.0730492 0.0231002 0.0516536 0.0516536 0 
0.0332388 0.0235034 0.0235034 0.0525552 0.0847427 0.0664777 0.0525552 0.0332388 0 0 
0.0277671 0.0620891 0.177796 0.111068 0.0277671 0.0878072 0.0277671 0.100116 0.0878072 0.0277671 
0.0500972 0.0807792 0.130637 0.0224041 0.0896165 0.0316842 0.0807792 0.0923746 0 0.0316842 
0.13958 0.0246744 0.20937 0.110347 0.0740233 0.101735 0.0740233 0.0551737 0.0246744 0.0780274 
0.0725238 0.0725238 0.162168 0.0725238 0.0324336 0.0648672 0.102564 0.0826898 0.0512821 0.022934 
0 0.0519454 0 0.0696921 0.0232307 0.0232307 0.0232307 0.0657063 0.0464614 0.0328532 
0.0826192 0.0229145 0.116841 0.0512383 0.114572 0.0916578 0.0512383 0.0512383 0.114572 0.0724619 
0.0752923 0.047619 0.128218 0.0714286 0.128218 0.106479 0.0238095 0.047619 0.0858465 0.0858465 
0.0666297 0.0702338 0.0444198 0.0314095 0.0702338 0.0942286 0.0222099 0.0222099 0.0666297 0.062819 
0.0469001 0.0524359 0.0331633 0.0966869 0.0741555 0.0845503 0.0524359 0.126282 0.0845503 0.0663267 
0.0227258 0.0681774 0.0321391 0.0642783 0.101633 0.113629 0.0227258 0.0964174 0.101633 0.0321391 
0.0905357 0.0490999 0.109791 0.0694377 0.0694377 0.062107 0.0219581 0.0905357 0.0878326 0.0658744 
0.0884188 0 0.07732 0 0.07732 0.0479518 0.0214447 0.0303274 0 0.0214447 
0.0749058 0.0334989 0.12756 0.0473746 0.142124 0.0236873 0.0473746 0.0334989 0.0529664 0.0236873 
0.0737912 0.0700045 0.0521783 0.0737912 0.0841349 0.0330004 0.0330004 0.0521783 0.0330004 0.0933393 
0.0713936 0.0442764 0.0280029 0.0442764 0.0713936 0.0442764 0.019801 0.039602 0 0.019801 
0.0548739 0.073621 0.0548739 0 0.0245403 0.104116 0.101182 0.0245403 0.0694106 0.0884814 
0.0222167 0.0496781 0.111084 0.111084 0.0496781 0.0314192 0.0314192 0.0496781 0.119641 0.0666502 
0.0532907 0.0532907 0 0.0266454 0.0376822 0 0.0266454 0.0266454 0.0532907 0.0376822 
0.0451524 0.0403855 0.0201928 0.0201928 0.0832568 0.0903047 0.0638551 0.072806 0.0451524 0.072806 
0.0777029 0.0347498 0.0885949 0.101312 0.0245718 0.0245718 0 0.0245718 0.0491436 0.0885949 
0.0362589 0.0573304 0.0256389 0.0362589 0.0573304 0.0512778 0.0725178 0.0256389 0.0362589 0.0573304 
0.0572176 0.0723752 0.0572176 0.0255885 0.0767655 0.161836 0.0922607 0.051177 0.0572176 0.0255885 
0.0540541 0.027027 0.027027 0.076444 0.135135 0.038222 0.038222 0.085467 0.0810811 0.0604343 
0.050556 0.0319744 0.050556 0.0226093 0.0639489 0.0319744 0.071497 0.0452187 0.121755 0.0932207 
0.0256326 0.0256326 0.0573162 0.03625 0.03625 0.0573162 0.0924197 0.0512652 0.0924197 0.0768978 
0.0421965 0.0943543 0.133437 0.0421965 0.123023 0.0667186 0.0298375 0.329565 0.123023 0.0667186 
0.12652 0.0701808 0.102305 0.0248127 0.0701808 0.124063 0.0554828 0.074438 0.158879 0.0894634 
0.0458681 0.0512821 0.022934 0.123504 0.0458681 0.0512821 0.0512821 0.0324336 0.0512821 0.116941 
0.0328865 0.0232542 0.0735364 0.0328865 0.093017 0 0.0232542 0.0697627 0.0519981 0.0519981 
0.0549598 0.0388624 0.0549598 0.0824397 0.113302 0.0549598 0.0777249 0.0388624 0.0777249 0.137399 
0 0.0267333 0.0801999 0.0378066 0.0597774 0.0267333 0.0378066 0.0378066 0.106933 0.0756131 
0.024454 0.08817 0.0978159 0.197154 0.124691 0.0489079 0.024454 0.0489079 0.0773302 0.024454 
0.0294054 0.0415855 0.0294054 0.0294054 0.0294054 0.0929881 0.0623783 0.0207928 0.0657525 0.103964 
0.0324913 0.0513733 0.0918994 0.0459497 0.0229749 0.0918994 0.0726529 0.0513733 0.0947277 0.0726529 
0.0336336 0.0237826 0.0336336 0.0531795 0.0237826 0.0752071 0.0336336 0.0237826 0.0672673 0.0475652 
0.0256326 0.03625 0.0573162 0.0573162 0.0256326 0.03625 0.0256326 0.0256326 0.0810574 0.0724999 
0.0765216 0.0570359 0.0570359 0.0570359 0.0255072 0.0570359 0 0.0510144 0.0919676 0.0806609 
0.0352208 0.0498097 0.0249048 0.0249048 0.134117 0.0556889 0.0352208 0.0556889 0.0897957 0 
0.189373 0.11977 0.0469776 0.0742781 0.0234888 0.0332182 0.0939552 0.0968468 0.0525226 0 
0.0702338 0.0314095 0.0993256 0.0222099 0.0800789 0.0702338 0.062819 0 0.062819 0.0496628 
0.0854904 0.0540689 0.0764649 0.0854904 0.0540689 0.0540689 0.097474 0.097474 0.0540689 0.0811033 
0.0300828 0.0212718 0.0300828 0.0601657 0 0.0212718 0.0212718 0.0951303 0.0475652 0.0300828 
0.0857918 0.0237944 0.0237944 0.0857918 0.0532058 0.0752444 0.0336503 0.0475887 0.0857918 0.0532058 
0.0558973 0.0749941 0.0353526 0.0558973 0.0558973 0.0558973 0.024998 0.0499961 0 0.0558973 
0.0567139 0.0507265 0.0802056 0.0507265 0.104575 0.035869 0.101453 0.0914484 0.0253632 0 
0.0429884 0.0679706 0.135941 0.292353 0.817062 0.0429884 0.0679706 0.0679706 0.0214942 0.0429884 
0.0889319 0.0397716 0.196457 0.477259 0.766674 0.0562455 0.175176 1.22054 0.0397716 0.153004 
0.0335554 0.0474546 0.0750322 0.0237273 0.0978301 0.0530558 0.0530558 0.0530558 0 0 
0.050702 0.0226746 0.050702 0.0717035 0.0226746 0.0226746 0.0817545 0.0453493 0.0453493 0.0906985 
0 0.050611 0.0960277 0.0715748 0.0933221 0.0679018 0.0226339 0.050611 0.0640184 0.0640184 
0.0792927 0.0560684 0.125373 0.112137 0.0792927 0.141843 0.0250746 0.0501491 0.0709215 0.112137 
0.0240528 0.0537837 0.0537837 0.0240528 0.0340158 0.0240528 0 0.0537837 0.0537837 0.0721583 
0.049379 0.0246895 0.0349162 0.078075 0.0698324 0.078075 0.0246895 0.0740684 0 0.0349162 
0.0602968 0.0269655 0.0852725 0.038135 0.038135 0.0539311 0.0269655 0.0972257 0.134828 0.0269655 
0.0214054 0.0478639 0.128432 0.128432 0.0771782 0.0605435 0.0642161 0.0642161 0.0302718 0.0605435 
0.0293326 0.0293326 0.131179 0.0414825 0.146663 0.157961 0.0655896 0.0655896 0.0293326 0.0414825 
0.0313786 0.0701646 0.066564 0.044376 0.0496139 0.022188 0.088752 0.08 0.08 0.0496139 
0.031425 0.0222208 0.0666625 0.0496873 0.113305 0.031425 0.0702685 0.0496873 0.0666625 0.0702685 
0.0491325 0.0491325 0.245662 0.334678 0.534619 0.0694838 0.0491325 0.0792238 0.0491325 0.109864 
0.134587 0.103045 0.0558842 0.0353443 0.22493 0.0249922 0.111768 0.0499844 0.0499844 0.0901106 
0.0340675 0.0481788 0.0481788 0.120447 0.0340675 0.0340675 0.0538655 0.0538655 0.0481788 0.0481788 
0 0.0248069 0.0248069 0.0248069 0.0701646 0.0248069 0.05547 0.05547 0.126491 0.0350823 
0.0879337 0.0487769 0.0344904 0.0243884 0.0879337 0.0545342 0.0545342 0.0344904 0.0689809 0.0487769 
0.0534141 0.0534141 0.0716625 0.0716625 0.033782 0.033782 0.0238875 0 0.0238875 0.0238875 
0 0.0208051 0.131583 0.0588458 0.112039 0.0657916 0 0.0930434 0.0832205 0.0294229 
0.023608 0.0333867 0.0333867 0.137657 0.0708239 0.052789 0.023608 0.052789 0.0944319 0.0333867 
0.0351799 0.0556243 0.278121 0.367289 0.351799 0.299546 0.0248759 0.0896914 0.0556243 0.0746278 
0.0446628 0 0.205885 0.0947441 0.135837 0.0706181 0.0223314 0.0499345 0.0446628 0.0446628 
0.139848 0.0442239 0.0442239 1.10759 0.0699241 0.0221119 0.0494438 0.209772 0.0494438 0.031271 
0.916911 0.0865434 0.0483792 0.0684186 0.0216358 0.0892069 0.129815 0.0611954 0.0483792 0.0432717 
0.0331633 0.0741555 0.0524359 0.170719 0.0469001 0.0966869 0.126282 0.132653 0.0469001 0.0469001 
0.0679018 0.0226339 0.0960277 0.0320092 0.0933221 0.0226339 0.050611 0.0640184 0.0640184 0.0816078 
0.0685742 0.0242447 0.171436 0.0685742 0.072734 0.0542127 0.0542127 0.0484893 0.0685742 0.0484893 
0.023956 0.0535672 0.0535672 0.023956 0.0479119 0.0338788 0.0479119 0.0479119 0.0535672 0.0677577 
0.0481613 0.0240807 0.0481613 0.0761497 0.0481613 0.053846 0.0240807 0.0240807 0 0 
0.174107 0.0734099 0.157874 0.0734099 0.0580357 0.0935797 0.0580357 0.0580357 0.16415 0.107012 
0.0873384 0.0342569 0.0726699 0.0484466 0.0766008 0.0726699 0.054165 0.0968932 0.0766008 0.054165 
0.0509218 0.116119 0.0455458 0.152765 0.101844 0.0683187 0.0720142 0.0938951 0.0509218 0.0938951 
0.0969874 0.0332664 0.0705687 0.0743859 0.0470458 0.0470458 0.0665328 0.0235229 0.0665328 0.0705687 
0.0470334 0.042068 0.16019 0.10517 0.10517 0.107253 0.021034 0.0594931 0.021034 0.0297466 
0.249771 0.0302891 0.109209 0.0908674 0.109209 0.0677285 0.0428353 0.151446 0.0856706 0.151446 
0.021048 0.0420959 0.0297663 0.0758895 0.141194 0.10524 0.0420959 0.0420959 0.179834 0.12273 
0.20509 0.058717 0.052518 0.117434 0.108269 0.0742717 0.0371359 0.058717 0.058717 0.105036 
0.145069 0.111071 0.0971286 0.18071 0.0602366 0.0971286 0.0761939 0.0971286 0.120473 0.0761939 
0.0229506 0.0229506 0.0324571 0.0229506 0.0513192 0.0229506 0.0459013 0.0324571 0.0229506 0.0725763 
0.0776662 0.0990054 0.122801 0.0823775 0.192214 0.173667 0.0614006 0 0.173667 0.194166 
0.0393673 0.0278369 0.0278369 0.0835107 0.088028 0.114775 0.0278369 0.0622452 0.0622452 0.0278369 
0.0547894 0.0273947 0.0547894 0.0273947 0.0612564 0.0273947 0.0387419 0.0821841 0.0273947 0.0273947 
0.114035 0 0 0.0456139 0.0912277 0.0228069 0.0322539 0.0645077 0.116293 0.0228069 
0.0547483 0.0387129 0.0774258 0.116139 0.0612105 0.0865647 0.0547483 0.122421 0.136871 0.0865647 
0.112809 0.0638144 0.0676854 0.0902473 0.121499 0.0319072 0.0319072 0.0713467 0.0451236 0.0451236 
0.0317721 0.0317721 0.0224662 0.050236 0.120984 0.112331 0.0317721 0.0673987 0.0810032 0.0224662 
0.0532576 0.0595439 0.0595439 0 0.0595439 0.109793 0.0376588 0.0376588 0.0960116 0.0266288 
0.0531795 0.0237826 0.0531795 0.0713477 0.106359 0.0980581 0.0336336 0.0713477 0.0475652 0.128073 
0.0415855 0.0207928 0.046494 0.046494 0.147027 0.0749694 0.0294054 0.0857308 0.121242 0.0207928 
0.0642451 0 0.0718282 0.0507902 0.165361 0.0227141 0 0.0227141 0.0321226 0.0507902 
0.146835 0.0519139 0.146835 0.0464332 0.146835 0.155742 0.0464332 0.0837087 0.0837087 0.103828 
0.0224041 0.0708481 0 0.100194 0.0633684 0.0448083 0.0224041 0.0500972 0.0500972 0.0500972 
0.0536326 0.0239852 0.075848 0.0536326 0 0.0339202 0.0239852 0.0479705 0.0339202 0.0339202 
0.0735364 0.093017 0.0697627 0.0465085 0.0519981 0.155994 0.135594 0.860407 0.167689 0.147073 
0.0232307 0.0657063 0.0519454 0.0464614 0.146924 0.0657063 0.116154 0 0.148749 0.0696921 
0.038135 0.038135 0.0602968 0 0.0762701 0.0762701 0.038135 0.038135 0.0602968 0.038135 
0.0572598 0.0256074 0.105582 0.0724286 0.11452 0.0768221 0.0809776 0.0256074 0.0572598 0.0256074 
0.0532359 0.0476157 0.0532359 0.075287 0.075287 0.0336694 0.0476157 0.0532359 0.0714235 0.075287 
0.206406 0.108786 0.458967 0.153846 0.62776 0.103203 0.0688021 0.0486504 0.248069 0.0688021 
0.0324336 0.0324336 0.378238 0.34401 0.395903 0.25641 0.0458681 0.0458681 0.0826898 0.022934 
0.0722839 0.034075 0.102225 0.0963785 0.154281 0.122859 0.0240946 0.034075 0.102225 0.0538772 
0.0485844 0.0217276 0 0.0217276 0.0895851 0.0307274 0.0485844 0.0434552 0.0651827 0 
0.0671109 0.0335554 0.0237273 0.0335554 0.0237273 0 0.0530558 0.0237273 0.0671109 0.0750322 
0.0550065 0.0550065 0.296219 0.073799 0.104368 0.0695784 0.0550065 0.101427 0.304281 0.226798 
0.0519437 0.0367297 0.0580748 0.0580748 0.155831 0.0519437 0.0779155 0.0519437 0.0734594 0.0580748 
0.0582408 0.0460434 0.0460434 0.0920867 0.218888 0.102956 0.0460434 0.0651152 0.0651152 0.0651152 
0.0328532 0.0232307 0.116154 0.0519454 0.0519454 0.0837595 0.0232307 0.0464614 0.0837595 0.0464614 
0.0689399 0.0878815 0.142123 0.131258 0.163505 0.13788 0.10341 0.961767 0.0731218 0.0487479 
0.0582902 0.0460825 0.0460825 0.0291451 0.120168 0.0460825 0.0291451 0.0651704 0.0874353 0.0849719 
0.0830383 0.058717 0.0787771 0.026259 0.058717 0.058717 0.058717 0.0371359 0.131295 0.0742717 
0.139824 0.022987 0.134036 0.022987 0.114935 0.0828808 0.0828808 0.068961 0.130034 0.045974 
0.0532058 0.0532058 0.0713831 0.0981066 0.0336503 0.0532058 0.0475887 0.0475887 0.0336503 0.0475887 
0.118866 0 0.0662186 0.0882914 0.0220729 0.0795848 0.0493564 0.0441457 0.0312157 0.0312157 
0.0454252 0.0321205 0.0507869 0.0681378 0.0227126 0.101574 0.0963615 0.101574 0.0507869 0.122311 
0.09245 0.105721 0.09245 0.0725238 0.105721 0.0769231 0.0573351 0.0769231 0.0573351 0.0725238 
0.0252438 0.0252438 0.0798278 0.0357001 0.1785 0.0252438 0.0910176 0.0564467 0.0504875 0.0798278 
0.0628384 0.0222167 0.0628384 0.0222167 0.0993563 0.0496781 0.0222167 0.0444335 0.0628384 0.0444335 
1.14261 0.054165 0.0726699 0.054165 0.123515 0.121117 0.054165 0.0766008 0.0998752 0.0998752 
0 0.0740792 0.0523819 0.0523819 0.0331292 0.0234259 0.0740792 0.0523819 0.0523819 0.0662584 
0.365617 0.20905 0.0680239 0.0453493 0.0453493 0.0320668 0.204072 0.891548 0.0226746 0.137924 
0.0768221 0 0.0256074 0.0923287 0.0256074 0.0724286 0.0572598 0.0768221 0.0256074 0.0256074 
0.0525988 0 0.0470458 0.0332664 0.0940916 0.0332664 0.0470458 0.0525988 0.0525988 0.0332664 
0.0531119 0.0475047 0.191498 0.0751116 0.0531119 0.167955 0.0531119 0.0475047 0.180893 0.0237524 
0.0947518 0.0831028 0.0371647 0.148659 0.153234 0.105118 0.0587626 0.0831028 0.105118 0.159851 
0.0362589 0.0256389 0.0362589 0.0256389 0.0362589 0.0256389 0 0 0.0810774 0.0256389 
0.0545139 0.0487587 0.0487587 0.0879011 0.0770943 0.0545139 0.0243794 0.0487587 0.0487587 0.0487587 
0 0.0612392 0.054774 0.0612392 0.0774621 0.054774 0.027387 0.0612392 0.0612392 0.038731 
0.0688021 0.034401 0.0543928 0.0877058 0.0543928 0.0243252 0.0486504 0.0543928 0.0688021 0.0486504 
0.051177 0.0723752 0.0922607 0.0572176 0.127943 0.0572176 0.0723752 0.051177 0.0255885 0.0723752 
0.11266 0.0624924 0.128831 0.0441888 0.132566 0.0988091 0.0312462 0.0441888 0.156231 0.0312462 
0.0339887 0.0537409 0.0537409 0.072101 0.0679775 0.0760011 0.0240337 0.0240337 0.0760011 0.0240337 
0.922232 0.122636 0.145818 0.101844 0.144028 0.0509218 0.228865 0.101844 0.0938951 0.0455458 
0.444645 0.105028 0.0582593 0.116519 0.0873889 0.092116 0 0.120105 0.148533 0.0582593 
0.0557451 0.04986 0.02493 0.02493 0.0352563 0.0705126 0 0.0557451 0.0898863 0.0557451 
0.077123 0.0243884 0.077123 0.0545342 0.0344904 0.0243884 0.0545342 0.0344904 0 0.0243884 
0.160071 0.106714 0.136034 0.347845 0.253095 0.11931 0.16873 0.458995 0.136034 0.213428 
0.130856 0.0943616 0.152603 0.133447 0.341231 0.0740233 0.0585206 0.0261712 0.133447 0.0785136 
0 0.0763325 0.0973053 0.0853424 0.244383 0.13761 0.0603462 0 0.0763325 0.0603462 
0.0258674 0.0258674 0.0731639 0.0578412 0.0258674 0.106654 0.0731639 0.0731639 0.0731639 0.0578412 
0.0552073 0.0552073 0.0552073 0.123447 0.199053 0.174581 0.0552073 0.049379 0.110415 0.125892 
0.0242109 0.0242109 0.0541372 0.121054 0.099824 0.0242109 0.0342393 0.0765615 0.0968435 0.0726326 
0.03433 0.024275 0.0875247 0.0542805 0.0767643 0.03433 0.0542805 0.03433 0.024275 0.0542805 
0.0714001 0.0564467 0.0564467 0.0357001 0.104083 0.0252438 0.0757313 0.0798278 0.0504875 0.0757313 
0.056467 0.0399282 0.056467 0 0.0910503 0.0399282 0.0643823 0.056467 0.056467 0.0505056 
0.0603434 0.0381645 0.0381645 0.0688021 0.0853385 0.0426692 0.0190823 0.0426692 0.0688021 0.0688021 
0.0366218 0.0732436 0.0776866 0 0.0579042 0.0258955 0.0933677 0.0258955 0 0.0258955 
0.0656665 0.0328332 0.116083 0.0734174 0.0464332 0.0328332 0.0232166 0.0734174 0.0957245 0.0328332 
0.0232542 0.0735364 0.0232542 0.0465085 0.118574 0.0735364 0.0232542 0.0519981 0.0958797 0.093017 
0.0492545 0.0492545 0.0934539 0.0220273 0.118621 0 0.0623026 0.0794205 0.0220273 0.0492545 
0.119572 0.0469001 0 0.132653 0.169101 0.0938001 0.02345 0.09949 0.136736 0.18906 
0.022188 0 0.0313786 0.08 0.0496139 0.0496139 0.0313786 0.0496139 0 0.0313786 
0.112756 0.0221133 0.203874 0.128942 0.0699284 0.156365 0.0494468 0.0625458 0.257883 0.0312729 
0 0.0556243 0.0556243 0.102566 0.111249 0.102566 0 0.0248759 0.0351799 0.102566 
0.0472852 0.0528664 0.0472852 0.0747644 0.0709277 0.0334357 0.0528664 0 0.0236426 0.0528664 
0.0217378 0.0217378 0.0434757 0.0972146 0.0687411 0.0217378 0.0434757 0 0.0486073 0.0217378 
0.0215854 0.0778272 0.0778272 0.168587 0.0215854 0.0482664 0.0889988 0.0778272 0.0482664 0.0482664 
0.0616952 0.0459849 0.0411302 0.0919698 0.0581668 0.0650325 0.0872502 0.0459849 0.0581668 0.0650325 
0.0300252 0.0300252 0.0300252 0.120101 0.134277 0.16169 0.0300252 0 0.192255 0.192255 
0.0962111 0.0537837 0.0721583 0.0340158 0.120264 0.146307 0.0537837 0.0481056 0.236892 0.120264 
0.0249048 0.0249048 0.0556889 0.0249048 0.102685 0 0 0.0556889 0.0249048 0.078756 
0.0338788 0.0338788 0.0535672 0.0479119 0.122152 0 0.0958238 0.0677577 0.023956 0.0535672 
0.0604343 0.0604343 0.135135 0.0604343 0.298523 0.0974473 0.0604343 0 0.0974473 0 
0.0231792 0.0463583 0.140993 0.0655606 0.0927166 0.0463583 0.0835736 0.0518302 0.0955701 0 
0.08 0.147513 0.178885 0 0.143108 0.113137 0.0758947 0.08 0.0565685 0.08 
0.0507673 0.0454077 0.145375 0.0818598 0.0936103 0.0454077 0 0.0454077 0.0454077 0.0454077 
0.0772534 0.0214262 0.0214262 0.0303013 0.0214262 0.0479105 0.0606026 0.135511 0 0.0479105 
0.0234888 0.0469776 0.282843 0.164422 0.45607 0.178885 0.0234888 0.0846901 0.148556 0.0704664 
0.0266076 0.0798228 0.118993 0.118993 0.0376288 0 0.0752577 0.0594964 0.0266076 0.0841406 
0.0986989 0.0387129 0.0986989 0.0387129 0.0387129 0.0387129 0.0612105 0.0387129 0.0865647 0.0547483 
0.148886 0.0618215 0.0552948 0.193532 0.113993 0.0390994 0.0874288 0.140975 0.0874288 0.168173 
0.867722 0.613572 0.130158 2.77196 1.56431 0.548796 1.13137 0.823193 0.21693 2.96965 
0 0.0367328 0.0734656 0.025974 0.025974 0 0 0 0.0936507 0.0519481 
0.0603847 0.0381906 0.0381906 0.0603847 0.108019 0.0603847 0.0381906 0.0603847 0.0973674 0.0381906 
0.0769168 0.0256389 0.220554 0.0573304 0.13807 0.105712 0.0362589 0.0362589 0.0810774 0 
1.3491 0.632329 0.377284 0.126466 0.20392 0.19996 0.113114 0.113114 0.239952 0.39992 
0.0963987 0.0321329 0.0642658 0.0908856 0.194132 0.143703 0.0454428 0.183186 0.0718514 0.0227214 
0.0815191 0.0452187 0.115285 0.067828 0.159872 0.071497 0.0959233 0.135656 0.071497 0.071497 
0.0727273 0 0.109091 0.0363636 0.0771389 0.057496 0.025713 0.057496 0.0813116 0.025713 
0.0214447 0.0479518 0.0643341 0.0643341 0.109347 0.135628 0.0303274 0.0643341 0.0678141 0.0214447 
0.0310797 0.0310797 0.0659301 0.0310797 0.0621595 0.0491414 0.0491414 0.0659301 0.0310797 0.0982828 
0.0500469 0 0.111908 0.0500469 0.111908 0.0633049 0.0500469 0.0949574 0.0633049 0.0223817 
0.106 0.0335201 0.165916 0.212 0.0948091 0.106 0.0474046 0.0335201 0.0529999 0.0237023 
0.0569572 0.0360229 0.129882 0.0764161 0.0360229 0.101888 0.0720458 0.0569572 0.113914 0.0918407 
0.179891 0.0651462 0.0325731 0.0728357 0.0325731 0.0460653 0.0515026 0.0921307 0.0230327 0.0325731 
0 0.0553806 0.180306 0.0553806 0 0.0892986 0.126287 0.024767 0.024767 0.024767 
0.0257984 0.057687 0 0.057687 0.057687 0 0.057687 0.0815817 0.0257984 0.0930174 
0.0245053 0.0774926 0 0.0346557 0.0490106 0.0735159 0.0547955 0.122527 0.0547955 0.0490106 
0.0310741 0.0219727 0.0439454 0.0491325 0.0219727 0.0905958 0.0310741 0.0491325 0.109864 0.098265 
0.088587 0.0303851 0.0480431 0.042971 0.0774671 0.130691 0.0480431 0.0214855 0.0480431 0.0644565 
0.0215054 0.107527 0.183742 0.0775387 0.0608264 0.0480875 0.0775387 0.0480875 0.096175 0.0304132 
0.0304114 0.0480847 0.0480847 0.0304114 0.0480847 0 0.0304114 0.0608229 0.0645124 0.0961694 
0.0229749 0.0726529 0.0229749 0.0726529 0.117149 0.0459497 0.0459497 0.0229749 0.114874 0.0324913 
0.021194 0.0473912 0.0473912 0 0.0764161 0.0764161 0.0670213 0.0670213 0.0670213 0.108069 
0.197742 0.0726912 0.102801 0.0726912 0.145382 0.134036 0.175064 0.262092 0.236666 0.205602 
0.217345 0.183939 0.182195 0.126329 0.176861 0.183939 0.0714628 0.215872 0.153686 0.112993 
0.837098 0.903647 0.113453 0.0641789 0.068072 0.138022 0 0 0.1157 0.0507379 
0.0288076 0.04074 0.118777 0.0576151 0.0814801 0.118777 0.0644157 0.155133 0.04074 0.0288076 
0.114753 0.0725763 0.0688519 0.0324571 0.0229506 0 0.0513192 0.137704 0.102638 0.0324571 
0.0254329 0.0359675 0.0254329 0.071935 0.0508657 0.0568696 0.0508657 0.0568696 0.0916995 0.0254329 
0.0702777 0 0.0937035 0.0844632 0.117129 0.0740792 0.0468518 0 0.0234259 0.0662584 
0.0423097 0.0211548 0.0598349 0.0423097 0.0473037 0.0598349 0.0299175 0.0473037 0.0598349 0.0299175 
0.0792238 0.0659181 0.248593 0.118327 0.0792238 0.0792238 0.0310741 0.0694838 0.0491325 0.0219727 
0.0369579 0.0369579 0.0261332 0.0261332 0.0826404 0.0369579 0 0.0584356 0.0522664 0.0522664 
0.0965734 0.0508987 0.0910503 0.0227626 0.0910503 0.0508987 0.0321911 0.0455251 0.0227626 0.0227626 
0.0426227 0.0426227 0.114369 0.215656 0.134785 0.134785 0.0381229 0.0426227 0.0971947 0.145168 
0.071497 0.0226093 0.0319744 0.0226093 0.071497 0.0226093 0.0226093 0.0226093 0.0319744 0.0452187 
0.0328865 0.0328865 0.0232542 0.0232542 0.0232542 0.0657729 0.0465085 0.0232542 0.0838444 0.0657729 
0.0671459 0.0424668 0.123811 0.0212334 0.0300285 0.0600571 0.0424668 0.0474793 0 0.0300285 
0.0214744 0.0644231 0.0679079 0.0679079 0.0214744 0.0303693 0.0214744 0.0214744 0.0214744 0.0214744 
0.181246 0.0453114 0.06408 0.19357 0.1602 0.137809 0.03204 0.0226557 0.09612 0.1602 
0.312009 0.118582 0.0328887 0.0697674 0.0697674 0.08385 0.0657774 0.239433 0.164443 0.0735413 
0.0565912 0.0253083 0.0357914 0.0565912 0.208698 0.153945 0.075925 0.13629 0.153945 0.169774 
0.021734 0.0307365 0.021734 0.0971974 0.0687289 0 0.0485987 0.061473 0.0485987 0.043468 
0.0354302 0.0501058 0.0354302 0.0250529 0.05602 0.0708603 0.05602 0.0708603 0.0903295 0.0250529 
0.0243252 0.034401 0.100295 0 0.137604 0.0486504 0.034401 0.0543928 0.121626 0.0486504 
0.0313323 0 0.0221553 0.0443106 0.0443106 0.0495408 0.0495408 0.0313323 0.0495408 0.0495408 
0.101005 0.020201 0.103005 0.0638811 0.0451708 0.0451708 0.020201 0.0638811 0.040402 0.020201 
0.0738717 0.0467206 0.177907 0.0522352 0.0963169 0.0330364 0.0660728 0.0660728 0.0522352 0.0233603 
0.0537409 0.0339887 0.120168 0.144202 0.0240337 0.072101 0.0760011 0.0339887 0.0990934 0.0240337 
0.0710624 0.0449438 0.0674157 0.0898876 0.0926541 0.0449438 0.100497 0.0710624 0.0953402 0.0224719 
0.0689473 0 0.0513903 0.0513903 0.114912 0 0.0229824 0.0229824 0.0325021 0.0513903 
0.0843199 0.0266643 0.135962 0.0843199 0.0533286 0.10994 0 0.0799929 0.0961395 0.0533286 
0.0558624 0.0249824 0.0900755 0.0558624 0.111725 0.0353305 0.0249824 0.0249824 0.0558624 0.0249824 
0.0579042 0.0732436 0.0258955 0.10677 0.0517911 0.0818888 0.0776866 0.109865 0.0579042 0.0933677 
0.0349082 0.0551947 0.0349082 0.0246838 0.0246838 0.0349082 0.0740515 0.0698164 0.0889988 0.0889988 
0.0227214 0.0718514 0.0454428 0.0508066 0.0642658 0.0321329 0.0819232 0.0321329 0 0.0227214 
0.877122 0.0868808 0.0868808 0.0240964 0.0481928 0.0722892 0.0681549 0.335624 0 0.107762 
0.0935561 0.101476 0.0226907 0.0226907 0.0320895 0.068072 0.0818124 0.245437 0.0717542 0.0226907 
0.0537837 0.0340158 0.0680315 0.0481056 0.0760616 0.0481056 0.0481056 0.0721583 0.0340158 0.0537837 
0.0687298 0.082603 0.11455 0.0229099 0.0512282 0.0323996 0 0.0323996 0.0512282 0.0458199 
0.0542805 0.0767643 0.108561 0.0542805 0.10299 0.0542805 0.04855 0.03433 0.024275 0.024275 
0.0813116 0 0.057496 0.0727273 0.106017 0.057496 0.025713 0.0363636 0.106017 0.0927094 
0.086899 0.0614469 0.147984 0.0274799 0.086899 0.0990802 0.0614469 0 0.137399 0.0274799 
0.0821094 0.0821094 0.255728 0.151402 0.260948 0.0367204 0.0259653 0.0580601 0.0821094 0.0259653 
0.0716472 0.0238824 0 0.0534027 0.0861092 0.0337748 0.0675496 0.139257 0.0238824 0.0755228 
0.0502487 0.0674157 0.0710624 0.0502487 0.0710624 0.0317801 0.0317801 0.0317801 0.0449438 0.0317801 
0.0439136 0 0.0621033 0.0490969 0.0490969 0.0310516 0 0.0310516 0.0219568 0.0694336 
0.0816973 0.0816973 0.163395 0.0365362 0.0730723 0.0516699 0.0931493 0.0365362 0.0931493 0.0730723 
0.0327101 0.0327101 0.0654201 0.0517191 0.0517191 0.046259 0.0517191 0.0231295 0.0693885 0 
0.0361551 0.0361551 0.105409 0.130359 0.051131 0.114332 0.051131 0.0723101 0.0808452 0.108465 
0.0718514 0.0508066 0.0227214 0.0936828 0.0508066 0.0227214 0.0321329 0.0227214 0 0.0227214 
0.049029 0.049029 0.0310087 0.127852 0.109632 0.049029 0.0219264 0.153485 0.049029 0.111803 
0.0961395 0.0961395 0.0266643 0.0596232 0.037709 0.0533286 0.0843199 0.0843199 0.0533286 0.0596232 
0.0724702 0.0362351 0 0.0810241 0.0768662 0.0572927 0.0256221 0.0768662 0.0572927 0.0572927 
0.121951 0.0545382 0.097561 0.0243902 0.100564 0.0545382 0.068986 0.0771287 0.0545382 0.0243902 
0.024275 0.0875247 0.0767643 0.108561 0.024275 0.06866 0 0.0542805 0.024275 0.121375 
0.0362351 0.0362351 0.0256221 0.0362351 0.0923817 0.0768662 0.0572927 0.0572927 0.130647 0.0768662 
0 0.0818408 0.109801 0.131964 0.077641 0.0517607 0.0258803 0.0578702 0.0578702 0.0818408 
0.164199 0.0470101 0.0470101 0.0297318 0.0630706 0.0866822 0.0297318 0.0866822 0.0594635 0.0297318 
0.0821302 0.11615 0.107085 0.107085 0.129859 0.16426 0.107085 0.129859 0.0734594 0.107085 
1.11508 0.141104 0.141104 0.260183 0.50483 0.290894 0.0315519 0.378622 0.321767 0.220863 
0.0219449 0.0490703 0.0490703 0.111898 0.0620696 0.111898 0.0620696 0.133486 0.0877797 0.0658348 
0.0226557 0.0226557 0.0716436 0.0453114 0.0226557 0 0.0226557 0.0506597 0.03204 0.0679671 
0.0995037 0.0995037 0.143506 0.079603 0.14072 0.139305 0.0995037 0.0629317 0.0889988 0.0562878 
1.07584 0.0238078 0.0952313 0 0.277645 0.168347 0.0238078 0.0532359 0.144817 0.106472 
0.0524106 0.0331474 0.150081 0.104821 0.178504 0.0741198 0.0524106 0.0845096 0.0524106 0.0994422 
0.0334801 0.0334801 0.0529367 0.023674 0.0748639 0.0976105 0.023674 0.0473481 0.0748639 0.0529367 
0.024345 0.024345 0.0344291 0.0544371 0.0486901 0.0544371 0.0344291 0.024345 0 0 
0.087841 0.0555556 0.0833333 0.087841 0.141639 0.0277778 0.062113 0.087841 0.0555556 0.087841 
0.0243252 0.0486504 0.0729756 0.130995 0.163178 0.034401 0.0729756 0.100295 0.0243252 0.0769231 
0.105504 0.0361876 0.080918 0.0572176 0.0361876 0.0361876 0.0255885 0.0572176 0.080918 0.0572176 
0.123119 0.0984956 0.0887827 0.110121 0.0348234 0.0348234 0.0348234 0.0887827 0.0550607 0.0696469 
0.050944 0.0569572 0.0918407 0.025472 0.0764161 0.050944 0.0569572 0.0569572 0.0918407 0.050944 
0.0810145 0.0603847 0.137698 0.0270048 0.0853968 0.0540097 0 0.0270048 0.0853968 0.0270048 
0.158102 0.0558973 0.0353526 0.190379 0.111795 0.0353526 0.0558973 0.0901317 0.0353526 0.0901317 
0.0280042 0.118812 0.0885571 0.144161 0.0713971 0.100971 0.0594059 0.0280042 0.140021 0.0885571 
0.094784 0.045977 0.0514039 0.117219 0.0828862 0.072696 0.0229885 0.0689655 0.045977 0.0325107 
0.077123 0.0243884 0.0487769 0.0545342 0.0344904 0.121942 0.0731653 0.0689809 0.121942 0.0689809 
0.0222099 0.0496628 0.0496628 0.0702338 0.0444198 0.062819 0.0496628 0.0915737 0.0496628 0.0496628 
0.0525552 0 0.14102 0.14102 0.0235034 0.0743243 0.0847427 0.0525552 0.137047 0.0847427 
0.0268366 0.0268366 0.0268366 0.0759053 0.0268366 0.120017 0.0600084 0.11065 0.0805097 0.0600084 
0.0328798 0.0519875 0.0958603 0.0232495 0.0735215 0.0328798 0.0464991 0.0958603 0.116248 0.0232495 
0.103203 0.0243252 0.0973009 0.0769231 0.0543928 0.0243252 0.0243252 0.0243252 0.0729756 0.0486504 
0.608254 0.0511879 0.0723906 0.0457839 0.0686758 0.0228919 0.0943858 0.8547 0.0511879 0.0686758 
0.115409 0.0516123 0.0516123 0.263172 0.253899 0.227328 0.0832223 0.209014 0.228497 0.263172 
0.038655 0.07731 0.0864352 0.07731 0.0611189 0.0864352 0.0546664 0.122238 0.0273332 0.0611189 
0.217581 0.107951 0.0603462 0.0973053 0.111273 0.134938 0.152665 0.145333 0.0269876 0.157364 
0.0505173 0.0677761 0.0814567 0.0714422 0.0638999 0.0319499 0.022592 0.0714422 0.0505173 0.022592 
0.0236426 0.0236426 0.0236426 0.0236426 0.0236426 0.0236426 0.0709277 0.0747644 0.0528664 0.0334357 
0.0978301 0.0237273 0.0855499 0.0671109 0.20411 0.151929 0.0335554 0.150064 0.0855499 0.0978301 
0.100951 0.118972 0.106412 0.0981066 0.0237944 0.0237944 0.0532058 0.0981066 0.0532058 0.0752444 
0.123835 0.0553806 0.0892986 0.024767 0.0495339 0.0495339 0.0495339 0.0495339 0.07832 0.0350258 
0.142494 0.111782 0.176742 0.0558908 0.0395208 0.0279454 0.0838362 0.150491 0.0790415 0.0790415 
0.0729756 0.0688021 0.0729756 0.0243252 0.0543928 0.0877058 0.0769231 0.0877058 0.0543928 0.0973009 
0.0542127 0.0242447 0.0766683 0.0342871 0.0342871 0.0242447 0.0242447 0.0542127 0.0685742 0.0542127 
0.0728357 0.069098 0.0230327 0.0460653 0.0949661 0.0230327 0.0515026 0.0325731 0.0230327 0 
0.0790322 0.0499844 0.103045 0.149953 0.0249922 0.0499844 0.0790322 0.0706886 0.0558842 0.0790322 
0.102747 0.0229749 0.15412 0.082837 0.416092 0.0513733 0.0229749 0.0726529 0.0229749 0.102747 
0.0203986 0.0203986 0.0456127 0.0456127 0.0407972 0.0456127 0.0645061 0.057696 0.028848 0 
0.0214262 0.0883427 0.167344 0.0606026 0.0958211 0.0606026 0.0214262 0.0479105 0.0479105 0.0214262 
0.101498 0.0478467 0.128831 0.0717701 0.153184 0.0986386 0.0534943 0.0534943 0.0986386 0.0478467 
0.0235278 0.0526097 0.0848306 0.0665466 0.0665466 0.0332733 0.0332733 0.0470556 0.0470556 0.0470556 
0.114332 0.0942809 0.0942809 0.0914659 0.16169 0.139091 0.0228665 0.133333 0.0685994 0.139091 
0.0406055 0.0907966 0.0287124 0.0642029 0.0642029 0.0453983 0.158569 0.118384 0.0453983 0.0574248 
0.0520016 0.0328887 0.104003 0.116279 0.0465116 0.0232558 0.0697674 0 0 0.0465116 
0.0353968 0 0.0500587 0.100117 0.0500587 0.0500587 0.0353968 0.0353968 0.0559673 0.0791497 
0.0232166 0.0328332 0.0519139 0.0519139 0.0519139 0.0519139 0.0464332 0.0232166 0.0696498 0.0519139 
0.046562 0.0658486 0.046562 0.124939 0.0624695 0.0416463 0.046562 0.046562 0.075079 0.075079 
0.0207603 0.0207603 0.0928427 0.0207603 0.0928427 0.0656497 0.13293 0.0415205 0.0855967 0.0748522 
0.0564808 0.0420983 0.0188269 0.0188269 0.0188269 0.0595359 0.120551 0.0798758 0.0776254 0.11452 
0.0245145 0.049029 0.109632 0.0346688 0.101076 0.0346688 0.0775217 0.0735435 0.0548161 0 
0.0758014 0.0891953 0.0664823 0.0297318 0.0866822 0.0758014 0.134616 0.107199 0.0940201 0.0840941 
0.0233301 0.0961923 0.0329937 0.125636 0.141911 0.0699902 0.11665 0.215093 0.0329937 0.0933202 
0.0662948 0.0524106 0.0524106 0.0468775 0.13259 0.0524106 0.0845096 0.0234388 0.0234388 0.104821 
0.0622181 0.0439948 0.0811225 0.175979 0.157401 0.149841 0.0439948 0.200647 0.114725 0.125982 
0.125514 0.0496139 0.0627572 0.0701646 0.0941357 0.08 0.088752 0.022188 0.11094 0.08 
0.0214719 0.0607317 0.0480126 0.0960252 0.125202 0.0214719 0.130608 0.173112 0.137487 0.0303658 
0.0827988 0.102699 0 0.0513496 0.0229642 0 0.0649527 0.0513496 0.0459285 0.0726193 
0.0226965 0.0226965 0.122224 0.0320977 0.050751 0.050751 0.050751 0.0717727 0.0717727 0.0320977 
0.0232307 0.0734619 0.0232307 0.0232307 0.0328532 0.0328532 0.0232307 0.0328532 0.0232307 0.0232307 
0.0211797 0 0.114056 0.0635392 0.148258 0.0635392 0.0299527 0.0473593 0.084719 0.084719 
0.0644565 0.0774671 0.0644565 0.0679432 0.0960861 0.042971 0.042971 0.0303851 0.0774671 0.109555 
0.03447 0.03447 0.317797 0.393018 0.342104 0.341235 0.0545018 0 0.0770772 0.0243739 
0.0234888 0.0332182 0.0525226 0.0664364 0.11977 0.0742781 0.0234888 0.0469776 0.0234888 0.0525226 
0.280795 0.132368 0.113505 0.539594 0.459097 0.531899 0.855737 0.806122 0.552803 0.763102 
0.0223607 0.05 0.05 0.1 0.0921954 0 0.0316228 0.1 0.0223607 0 
0.0926482 0.0585959 0.0828671 0.0292979 0.0585959 0.0828671 0 0.0414335 0.0292979 0.0655122 
0.176516 0.0263135 0.0372129 0.0372129 0.0372129 0.0588388 0.0263135 0.111639 0.0744259 0.0588388 
0.108874 0.100377 0.0544371 0 0.0544371 0.0486901 0.0486901 0.0544371 0.0973801 0.103287 
0.204749 0.101404 0.140622 0.0281244 0.0795479 0.0795479 0.11596 0.0562488 0.219659 0.0889372 
0.108098 0.0270246 0.0854592 0.0270246 0.0974384 0.0604287 0.0540491 0.0974384 0.0540491 0 
0.0943964 0.208955 0.0667483 0.15221 0.0943964 0.0667483 0.0895522 0.191138 0.0298507 0.160751 
0.147414 0 0.0865647 0.0273742 0.159617 0.0612105 0.0865647 0.0865647 0.0612105 0.0865647 
0.0246613 0.0246613 0.0493226 0.123307 0.0889176 0.0348764 0.0551444 0.0493226 0.0889176 0.0348764 
0.0741198 0.0468775 0.0331474 0.0741198 0.142572 0.0845096 0.0234388 0 0.0845096 0.0994422 
0.0521676 0.0521676 0.147552 0.164968 0.11665 0.0659874 0.0466601 0.11896 0.0233301 0.0699902 
0.0728246 0.0451639 0.0638714 0.0201979 0.0451639 0.202986 0.0571283 0.0201979 0.142821 0.102989 
0.0929178 0 0.146916 0.213913 0.12115 0.0657028 0.0831082 0.146916 0.0929178 0.171332 
0.0647864 0 0.0647864 0.0289733 0.137433 0.0289733 0.0579467 0.950396 0.0579467 0.0579467 
0.0582068 0.0205792 0.0650772 0.110823 0.0848503 0.0650772 0.0411585 0.0460165 0.0873103 0.0411585 
0.100883 0.0563951 0.0563951 0.0909344 0.0735302 0.0909344 0.135817 0.228383 0.0563951 0.22558 
0.0470647 0.0297663 0.10524 0.0470647 0.0470647 0.0297663 0.0420959 0.021048 0.0665595 0.021048 
0.0481893 0.0481893 0.034075 0.034075 0.034075 0.0240946 0.0538772 0.0868744 0.0481893 0.0240946 
0.054522 0.0689655 0.024383 0.124329 0.103448 0.103448 0.0344828 0.097532 0.024383 0.100534 
0.159872 0.0595808 0.133227 0.113047 0.0532907 0.0266454 0 0.0266454 0.0799361 0.0595808 
0.0889988 0.0493677 0.110389 0.0493677 0.0698164 0.0493677 0.0246838 0.0349082 0.0740515 0.0493677 
0.100295 0 0.108786 0.100295 0.0543928 0.034401 0.0243252 0.0877058 0.0688021 0.100295 
0.0233348 0.0521783 0.0700045 0.0841349 0.0962119 0.118985 0.0521783 0.0521783 0.116674 0.116674 
0.0228919 0.0228919 0.0457839 0.0686758 0.0511879 0.0228919 0.0686758 0.082538 0.0228919 0.0457839 
0.0263135 0 0.0948747 0.117678 0.0832106 0.160059 0 0.0832106 0.134173 0.131568 
0.0303501 0.0773779 0.0643823 0.0214608 0.0479877 0.085843 0.0643823 0.0214608 0.0429215 0.0678649 
0.0487479 0.0243739 0.0689399 0.0545018 0.0878815 0.0487479 0.0487479 0.0487479 0.0545018 0.03447 
0.100377 0.0354887 0.168338 0.0709773 0.0709773 0.150566 0.0561125 0.0752828 0.0501886 0.0709773 
0.057137 0.057137 0.057137 0.040402 0.0857055 0.040402 0.0285685 0.0285685 0.0638811 0.0638811 
0.108418 0.0587981 0.0371872 0.0371872 0.0371872 0.0525906 0.0788859 0.0587981 0.13408 0.0371872 
0.113131 0.0565657 0.019999 0 0.0848486 0.0447191 0.082458 0.0721074 0.0282829 0.039998 
0.0587315 0.0830589 0.126307 0.10588 0.188033 0.0928627 0.0880973 0.0293658 0.103824 0.0587315 
0.069098 0.0949661 0.0515026 0.069098 0.103005 0.0830455 0.0230327 0.0977193 0.0651462 0.069098 
0.0470588 0.0332756 0.117647 0.0235294 0.0665512 0.0848365 0.0332756 0 0.0665512 0.0848365 
0.0683034 0.0189439 0.04236 0.0267908 0.0683034 0.0378879 0.0757758 0.0947197 0.0189439 0.04236 
0.411986 0.08678 0.192548 0.107637 0.08678 0.102114 0.0761111 1.21635 0.129613 0.0240685 
0.066386 0 0.046942 0.0995791 0.070413 0.0742218 0.070413 0.033193 0.0524828 0 
0.0500469 0.0447633 0.0223817 0.0223817 0.0223817 0.0223817 0.0707771 0.0447633 0.0500469 0.0707771 
0.930508 0.0201856 0.0285467 0.0451363 0.0403711 0.0570934 0 0 0.0201856 0.0201856 
0.0310741 0 0 0.0491325 0.0905958 0.0310741 0.0219727 0 0.0439454 0.0310741 
1.00909 0 0.04918 0.10997 0.0879759 0.0622083 0.069551 0.128246 0.0311042 0.069551 
0.0224027 0.0224027 0.0448054 0.0708436 0.0923688 0.0448054 0 0.050094 0 0 
0.0927921 0.0691632 0.0309307 0.133038 0.0788582 0.0788582 0.109357 0.140045 0.0437426 0.0618614 
0.0248759 0.0351799 0 0.0556243 0.0497519 0.0556243 0.0703598 0.0351799 0.0786646 0.0556243 
0.0214262 0.0958211 0.0883427 0.143732 0.0479105 0.0772534 0.0479105 0.0479105 0.0677557 0.0479105 
0.0397386 0.0397386 0.0628322 0.0280994 0.0397386 0.0628322 0.0397386 0.0561988 0.0280994 0.0397386 
0.0243739 0.0545018 0.0487479 0.0487479 0.0770772 0.0545018 0.03447 0.0731218 0.03447 0.0689399 
0.0470126 0.0210247 0.0594668 0.105123 0.0210247 0.086687 0.0210247 0.0758056 0.0664859 0.0420494 
0.0430108 0.0215054 0.0645161 0.096175 0.245199 0.096175 0.0886689 0.0886689 0.0215054 0.0860215 
0.0274398 0.0613572 0.0823193 0.104488 0.069958 0.137199 0.069958 0.104488 0.0194028 0.0194028 
0.0501696 0 0.0808961 0.0634601 0.0808961 0.0709505 0 0.0224365 0.0709505 0.0224365 
0 0.0529367 0.023674 0.0748639 0.0529367 0.0334801 0.0748639 0.023674 0.0473481 0 
0.106066 0.0559017 0.0559017 0.05 0.127475 0.1 0.0707107 0.025 0.145774 0.075 
0.0243739 0.0243739 0.0770772 0.03447 0.0243739 0.0487479 0.0243739 0.0243739 0.0770772 0.0770772 
0.0703489 0.0351744 0.0248721 0.0248721 0.111231 0.0703489 0.0786524 0.0248721 0.0248721 0.0786524 
0.0219449 0.0219449 0.0620696 0.0693959 0.12796 0.0791235 0 0 0 0.0658348 
0.0545018 0.0545018 0.0545018 0 0.0487479 0.0545018 0.0545018 0 0.03447 0.03447 
0.0872936 0.0242109 0.102718 0.147269 0.155025 0.193687 0.0541372 0.531538 0.195194 0.145265 
0.0524683 0.117323 0.108166 0.0524683 0.0586614 0.0829597 0.0945886 0.131171 0.111302 0.0742014 
0.0546155 0.0488496 0 0.0880648 0.109231 0.0772379 0.0880648 0.0880648 0.0546155 0.100706 
0.0389804 0.0616334 0.0871627 0.0389804 0.0389804 0.0275633 0.0779607 0.0389804 0.0275633 0.0826898 
0.117826 0.0416576 0.0294564 0.0589128 0.0833153 0.0589128 0.0931493 0.124973 0.0589128 0.147282 
0.0487587 0.0731381 0.0545139 0.121897 0.0487587 0.0545139 0.0487587 0.0545139 0 0.0487587 
0.262635 0.0783996 0.10775 0.0369579 0.0369579 0.0369579 0.0261332 0.10775 0.0942245 0.0522664 
0.0841177 0.0233301 0.136036 0.0521676 0.0961923 0.0737761 0.0329937 0.0659874 0.0659874 0.0521676 
0.047775 0.033782 0.16891 0.0534141 0.0716625 0.0861277 0 0.0534141 0.0238875 0 
0.0684787 0.0537191 0.28741 0.285521 0.399296 0.227911 0.0569777 0.127406 0.0424687 0.0569777 
0.0470101 0 0.127881 0.190376 0.151603 0.16011 0.0297318 0.0840941 0.0664823 0.0470101 
0.0749694 0.0207928 0.103964 0.121242 0.106023 0.145549 0.0623783 0.0657525 0.046494 0.0657525 
0.136858 0.0742218 0.38208 0.571556 0.258181 0.352065 0.046942 0.0524828 0.0967735 0.0846259 
0.0633565 0.116824 0.107892 0.0400702 0.156479 0.0447998 0.0633565 0.0601053 0.0447998 0.0850017 
0.0253144 0.0912725 0.0566048 0.0800512 0.204091 0.202515 0.104374 0.169814 0.1074 0.0912725 
0.034452 0.034452 0.0243613 0.0544735 0.0730838 0.0487226 0 0.0544735 0.034452 0.0974451 
0.149315 0.1379 0.108643 0.236088 0.161955 0.128037 0.105582 0.0512148 0.0256074 0.0809776 
0.0525226 0.0525226 0.0234888 0.0664364 0 0.0234888 0.0525226 0.0332182 0.0332182 0.0525226 
0.0353277 0.0900684 0.0789953 0.0900684 0.0353277 0.049961 0.0558581 0.0249805 0.0249805 0.105983 
0.10044 0.031762 0.0710221 0.0449183 0.031762 0.031762 0.11452 0.130958 0.10044 0.15881 
0.123523 0.0349375 0.13975 0.055241 0.0890735 0.0247045 0 0.055241 0.0741136 0.0494091 
0.36162 0.0620174 0.149358 0.0620174 0.083205 0.05547 0.0784465 0.027735 0.141421 0.083205 
0.0864352 0 0.147194 0.193275 0.0819997 0.0546664 0.038655 0.247513 0.0546664 0.0864352 
0.0526134 0.0372033 0.0263067 0.0263067 0.0263067 0.0372033 0.0263067 0.0263067 0.0526134 0.0263067 
0.0689655 0.048766 0.097532 0.073149 0.0771058 0.0879141 0.0771058 0.054522 0.024383 0.048766 
0.0532359 0.0238078 0.0476157 0.0532359 0.101008 0.0714235 0.0336694 0.0238078 0.0673387 0.0238078 
0.0489996 0.0489996 0.0309901 0.0309901 0.0790095 0.0489996 0.0489996 0.0903508 0.0489996 0.0219133 
0.117444 0.0234888 0.0469776 0.0704664 0.0742781 0.0525226 0.0332182 0.150402 0.0525226 0 
0.088587 0.0214855 0.042971 0.0679432 0.085942 0.0774671 0.0214855 0.0679432 0.042971 0.0303851 
0.0974808 0.0528664 0.118213 0.180056 0.0668713 0.127319 0.105733 0.0472852 0.0747644 0.0668713 
0.0232166 0.0232166 0.0328332 0.0519139 0.0464332 0.0328332 0.0328332 0.0328332 0.0519139 0.0734174 
0.0332388 0.0235034 0.0940136 0.0235034 0.096907 0.0332388 0.0332388 0.0235034 0.0664777 0.0664777 
0.0309994 0.0490143 0.109599 0 0.0657596 0.0438397 0.0693167 0.0619987 0.0619987 0.0657596 
0.176208 0.0696522 0.181631 0.0492515 0.11013 0.0622988 0.0311494 0.0696522 0.0622988 0.0660779 
0.0487892 0.030857 0.0487892 0.170413 0.21928 0.0689983 0.0218192 0.0436384 0.0487892 0.0689983 
0.0695141 0 0.0327693 0.0518128 0.0732743 0.0463428 0.0231714 0.0231714 0.0327693 0.0835456 
0.0657063 0.0328532 0.0328532 0.0519454 0.0734619 0.0519454 0.0734619 0.0328532 0.0837595 0.0519454 
0.0243884 0.0344904 0.0545342 0.121942 0.0487769 0.0545342 0 0.131336 0.0243884 0.100556 
0.575162 0.371992 0.535244 0.335309 0.323828 0.330438 0.164399 0.164399 0.493197 0.297739 
0.133066 0.0969874 0.0235229 0.0525988 0.126675 0.0235229 0.0743859 0.0332664 0.0332664 0.0235229 
0.0800443 0.031396 0.062792 0.0444006 0.17339 0.0800443 0.031396 0.0496414 0.0800443 0.0222003 
0.0252438 0.0564467 0.0714001 0.0910176 0.208165 0.153552 0.0564467 0.0252438 0.135942 0.1071 
0.0469815 0.0469815 0.0594274 0.0210108 0.105054 0.122513 0.0210108 0.0469815 0.0840431 0.0757554 
0.0865734 0 0.144067 0.0990005 0.0679138 0.0480223 0.0339569 0.0240111 0.0865734 0 
0.0481788 0.0240894 0.0240894 0.0481788 0.0481788 0.0240894 0.0240894 0.0340675 0.0240894 0.0240894 
0.106718 0.0355728 0.0906931 0.0355728 0.0355728 0.0251537 0.0355728 0.0795431 0.0251537 0.0251537 
0.0819645 0.0366556 0.13958 0.0819645 0.0934539 0.115915 0.0579576 0.109967 0.0579576 0.0733112 
0.0734409 0.0367204 0.103861 0.0821094 0.0580601 0 0.0519305 0.0580601 0.0259653 0.0259653 
0.123749 0.0989996 0.166027 0.0700033 0.0247499 0.0350016 0.0247499 0.0350016 0.0350016 0.0247499 
0.153924 0.0721166 0.135984 0.0537526 0.107505 0.0679922 0.0537526 0.0679922 0.0961555 0.0721166 
0.0497981 0.0222704 0.0890816 0.0445408 0.0704252 0.0497981 0.0704252 0.0668112 0 0.0445408 
0.0645161 0.0456198 0.0967742 0.173715 0.288525 0.196218 0.0322581 0.837468 0.228099 0.288525 
0.0956537 0.115997 0.213888 0.0518755 0.0518755 0.0328089 0.0695983 0.0518755 0.0836467 0.0518755 
0.115449 0.0860504 0.165521 0.112196 0.0272115 0.0384829 0.0860504 0.0981125 0.136058 0.0981125 
0.0540541 0.0540541 0.0683736 0.120869 0.10256 0.123262 0.076444 0.0540541 0.140956 0.10256 
0.0351337 0 0.0248433 0 0.0248433 0.0702674 0 0.0248433 0.0351337 0 
0.0656532 0.0464238 0.088083 0.0207614 0.126286 0.029361 0.029361 0.058722 0.0830455 0.0207614 
0.240509 0.0963169 0.303684 0.0842267 0.221615 0.192634 0.0467206 0.0522352 0.136213 0.10447 
0.117678 0.0263135 0.052627 0.0789405 0.117678 0.0588388 0.0832106 0.0372129 0.131568 0.0588388 
0.108069 0.0974118 0.0270172 0.0540343 0.0540343 0.0764161 0.0540343 0 0.0764161 0 
0.0547483 0.0273742 0.0612105 0 0.0865647 0.112867 0.0273742 0.0387129 0.0387129 0.0387129 
0.0579284 0 0.0409616 0.104432 0.0915929 0.104432 0.0409616 0.129532 0.0579284 0.0915929 
0.0258674 0.036582 0.036582 0.0578412 0.0578412 0.0578412 0.0258674 0 0.0258674 0.0258674 
0.0543828 0.0384544 0.0384544 0 0.0769089 0.112113 0.0384544 0.0608018 0.0608018 0.0815742 
0 0.0289733 0.0579467 0.104465 0.0579467 0.0289733 0.0289733 0.0289733 0.0289733 0.0409745 
0.0617655 0.0781278 0.0617655 0.222699 0.105183 0.105183 0.0704235 0.0585959 0.105183 0.308827 
0.112793 0.0611704 0.0820687 0.086508 0.112793 0.086508 0.0273562 0.0547124 0.0611704 0.0386875 
0.0243739 0.0243739 0.03447 0.0487479 0.0243739 0.12187 0.0243739 0.03447 0.0545018 0.03447 
0.0499026 0.0557928 0.0352865 0.0557928 0.0557928 0.0748539 0.0499026 0.0499026 0.0249513 0.0249513 
0.0558624 0.070661 0.0249824 0.0558624 0.070661 0.159966 0.0353305 0.0558624 0.0499649 0.0353305 
0 0.0527688 0.0527688 0.16049 0.0589973 0.0373132 0.0589973 0.0951303 0 0.0951303 
0.0263135 0.0263135 0.0948747 0.131568 0.0948747 0.0789405 0.0372129 0.0372129 0.111639 0.176516 
0.0717542 0.0320895 0.0641789 0.1157 0.0507379 0.113453 0.0717542 0.068072 0.122193 0.0507379 
0.0510768 0.0510768 0.0255384 0.0255384 0.0807595 0.0571056 0.0255384 0.0255384 0.0510768 0.0361167 
1.02628 0.0725238 0.0573351 0.0573351 0.081084 0 0.025641 0.025641 0.0573351 0.025641 
0.0487226 0.034452 0.0243613 0.0770371 0.0770371 0.0243613 0.0689041 0.0770371 0.0878358 0.0544735 
0.863911 0.073621 0.116405 0.073621 0.0959901 0.098773 0.069843 0.046562 0.104116 0.0959901 
0.0533267 0.0476968 0.0337268 0.0674535 0.10118 0.0533267 0.0476968 0.0476968 0.0337268 0.0337268 
0.052847 0.052847 0.0835585 0.0835585 0.0590848 0.0590848 0.0590848 0.108947 0.074737 0.0373685 
0.0297466 0.0867254 0.0470334 0.0867254 0.134683 0.10517 0.0297466 0 0.021034 0.0470334 
0.0990375 0.0892712 0.102086 0.347514 0.771126 0.175075 0.078296 0.322823 0.0247594 0.245105 
0.230024 0.0425315 0.154817 0.0425315 0.124 0.0850631 0.0212658 0.090223 0.0212658 0.087681 
0.105169 0.0255072 0.114072 0.0255072 0.102029 0.105169 0.0255072 0.0255072 0.0570359 0.130062 
0.0344904 0.0243884 0.0344904 0.100556 0.0487769 0.103471 0.0545342 0.0243884 0.121942 0.109068 
0.118745 0.023749 0.118745 0.023749 0.0531044 0.0531044 0.023749 0.047498 0.0531044 0 
0.0802896 0.0915442 0.0253898 0.113547 0.104685 0.0915442 0.104685 0.0802896 0.0567733 0.0359066 
0.0336622 0.0336622 0.168311 0.0336622 0.271393 0.075271 0.0532246 0.0238028 0.0532246 0.0532246 
0.0550065 0.0550065 0.0245997 0.0550065 0.143439 0.0491993 0.0347892 0.122998 0.0245997 0.0491993 
0.0428894 0.0479518 0.07732 0.0959037 0.0214447 0.0909822 0.0214447 0.0479518 0.0214447 0.0884188 
0.0369484 0.0369484 0.201021 0.252766 0.201021 0.0738969 0.0467365 0.0467365 0.100511 0.116841 
0.0492478 0.0550607 0 0.0887827 0.110121 0.0246239 0.0778676 0.0246239 0.0246239 0.0246239 
0.0328865 0.0519981 0.0465085 0.116271 0.125228 0.0465085 0.0697627 0.0519981 0.0328865 0.0232542 
0.0655311 0.0655311 0.0908753 0.131062 0.0908753 0.0749377 0.0574746 0.833877 0.0406407 0.0406407 
0.0206142 0.0849944 0.0743255 0.138284 0.227691 0.0412284 0.0291528 0.0412284 0.0206142 0.0651877 
0.0656665 0.0928664 0.0837087 0.25957 0.287174 0.169019 0.0464332 0.0464332 0.0656665 0.0232166 
0 0.0532359 0.075287 0.0476157 0.138822 0.0238078 0.0336694 0.0532359 0.075287 0.0714235 
0.0532359 0.0336694 0.0858404 0.0336694 0.0673387 0.128209 0.0238078 0.0532359 0.0476157 0.0238078 
0.0774984 0.0214942 0.0303974 0.125332 0.11575 0.0303974 0.0859768 0.0480625 0.0480625 0.0480625 
0.234848 0.165238 0.0467365 0.052253 0.177967 0.0233683 0.125842 0.142144 0.0233683 0.0233683 
0.06266 0.0417733 0.0861179 0 0.168394 0.046704 0.104433 0.238145 0.0861179 0.046704 
0.0633645 0.0923688 0.0633645 0.0807742 0.150282 0.0448054 0.0672082 0.0224027 0.050094 0.0224027 
0.0285336 0.0451156 0.0201763 0.117647 0.0807052 0.0638031 0.0201763 0.0570672 0.0201763 0.0451156 
0.0227141 0.0718282 0.0454282 0.0321226 0.0321226 0.160613 0.0936525 0.0507902 0.0227141 0.0507902 
0.066386 0.046942 0.023471 0.093884 0.0967735 0.0742218 0.023471 0.0995791 0.0524828 0.066386 
0.0659181 0.0792238 0.118327 0.0905958 0.140694 0.0932223 0.0792238 0.0310741 0.0792238 0.0659181 
0.04216 0.101535 0.0777391 0.0942725 0.0679809 0.0843199 0.0942725 0.0596232 0.0777391 0.075418 
0.054522 0.054522 0.109044 0.0879141 0.124329 0.137931 0.048766 0.054522 0.073149 0.073149 
0.05065 0.0816706 0.1155 0.0961015 0.1155 0.113257 0.0716299 0.121981 0.0906054 0.05065 
0.134352 0.0849719 0.0760011 0.144702 0.134352 0.137013 0.0268705 0.0268705 0.0760011 0.11079 
0.0341295 0.0241332 0.0763159 0.129961 0.282472 0.068259 0.0241332 0 0.0870135 0.0482664 
0.0246239 0.0492478 0.0246239 0.101527 0.143581 0.0696469 0.0246239 0.101527 0.0778676 0.149781 
0.0338788 0.0338788 0.101637 0.0863744 0.215604 0.0535672 0.0479119 0 0.0863744 0.107134 
0.075291 0.0798582 0.0376455 0.0841779 0.075291 0 0.0841779 0.161919 0.0595228 0.0532388 
0.0555513 0.0702674 0.0351337 0.0895737 0.0745298 0.0745298 0.0351337 0.0248433 0.0555513 0 
0.080032 0.0357914 0.0715828 0.13629 0.080032 0.0565912 0.0253083 0.0565912 0.107374 0.0506167 
0.0799361 0.0565233 0.116526 0.0893712 0.0446856 0 0.019984 0.0823962 0.116526 0.0999201 
0.0332549 0.0470295 0.0235148 0.0235148 0.0665098 0.0743602 0.0525806 0.0665098 0.0743602 0.0665098 
0.120798 0.0292979 0.0655122 0.0414335 0.207168 0.124301 0.0585959 0.0926482 0.14649 0.124301 
0.0974118 0.135086 0.0854358 0.108069 0.0270172 0.0540343 0.038208 0.0270172 0.0604122 0.038208 
0.095505 0.079465 0.0749203 0.118459 0.079465 0.0264883 0.0837634 0.0529766 0.0374601 0.0529766 
0.0224492 0.0448985 0.031748 0.0925606 0.0448985 0.0709908 0.050198 0.0709908 0 0 
0.0710221 0.0710221 0.0449183 0.0224592 0.031762 0.0224592 0.031762 0.0224592 0 0.0635241 
0.157554 0.0830383 0.108269 0.0787771 0.0830383 0.0830383 0.0371359 0.0742717 0.058717 0.058717 
0.0546104 0.0386154 0.122112 0.122112 0.159215 0.163831 0.109221 0.159215 0.0546104 0.136526 
0.0769231 0.0543928 0.155757 0.0486504 0.0486504 0.124035 0.034401 0.034401 0.130995 0.0243252 
0.0746162 0.0248721 0.10255 0.0556157 0.0896776 0.105523 0.0248721 0.0556157 0.0556157 0.0896776 
0.021978 0.0310816 0.021978 0 0.0310816 0.0491444 0.0310816 0.021978 0.043956 0.021978 
0.0212754 0.0300879 0.0425508 0.0475732 0.0672787 0.0475732 0.0475732 0.0212754 0 0.0425508 
0.0578412 0 0.036582 0.0731639 0.036582 0.0258674 0.0578412 0.0258674 0.0517347 0.0258674 
0.0780869 0.0216574 0.0216574 0.0216574 0.0216574 0.0612564 0.0484274 0.0306282 0.126283 0.0684867 
0 0 0.0484893 0.0242447 0.0542127 0.0542127 0.0342871 0.0342871 0.0342871 0 
0.0246744 0.0740233 0.0986978 0.125815 0.157994 0.156055 0.0246744 0.110347 0.123372 0.220695 
0.0673817 0.0336909 0.0858952 0.075335 0.0532699 0.10654 0.075335 0.075335 0.15067 0.0858952 
0.11725 0 0.12383 0.0459892 0.0514175 0.0229946 0.0229946 0.0514175 0.102835 0.0459892 
0.0366834 0.0580015 0.025939 0.0733667 0.0580015 0.0820265 0.025939 0.0366834 0.025939 0 
0.0248433 0.0555513 0.0555513 0.126676 0.0895737 0.111103 0.0496866 0.745712 0.0895737 0.212261 
0.0545018 0.0545018 0.03447 0.0878815 0.03447 0.0243739 0.0487479 0.902165 0.03447 0.185626 
0.0735364 0.0657729 0.118574 0.0735364 0.0958797 0.135594 0.0232542 0.0519981 0.125228 0.118574 
0.0240946 0.0240946 0.0963785 0.0240946 0.0993447 0.0722839 0.034075 0.0722839 0.152388 0.0240946 
0.114317 0.0942686 0.045727 0.161669 0.116581 0.129335 0.0723007 0.133316 0.0824355 0.153373 
0.0246895 0.0698324 0.0246895 0.0349162 0.049379 0.078075 0.0552073 0.0349162 0.0552073 0.132957 
0.0494438 0.0911698 0 0.0221119 0.0884477 0 0.0663358 0.0797257 0.0442239 0.0442239 
0.0837362 0.0732252 0.103556 0.0642228 0.0454123 0.0642228 0.109367 0.0908247 0.0287213 0.0454123 
0.242801 0.0303501 0.0214608 0 0.0429215 0.0303501 0.0214608 0.0607002 0.0303501 0.0479877 
0.10654 0.10865 0.142938 0.0852319 0.17179 0.10865 0.0476461 0.0426159 0.087855 0.021308 
0.0212658 0.0637973 0.0766748 0.154817 0.0601487 0.0475517 0.0672483 0.127595 0.0850631 0.0637973 
0 0.0237944 0.0752444 0.0237944 0.134601 0.0532058 0.0532058 0.0475887 0.0532058 0.0532058 
0.0484218 0.0242109 0.174587 0.0242109 0.141172 0.0342393 0.0484218 0.0541372 0.123452 0.0242109 
0.0572598 0.0572598 0.0512148 0.0572598 0.0724286 0.128037 0.0512148 0.0256074 0.0724286 0.0923287 
0.906436 0.16177 0.0993747 0.111104 0.0666625 0.0801184 0.0993747 0.142283 0.0702685 0.149062 
0.0314095 0.0444198 0.0444198 0.0496628 0.0222099 0 0.0666297 0.0314095 0.0496628 0.0314095 
0.0730838 0.108947 0.0974451 0.0730838 0.2246 0.0770371 0.108947 0.0243613 0.0689041 0.0730838 
0.801758 0.700342 0.58644 0.206641 0.217524 0.320487 0.0759628 0 0.601019 0.322283 
0.0551067 0.069705 0.0551067 0 0.0492889 0.0888568 0.0246444 0.0246444 0.0739333 0.0492889 
0.0819997 0.0819997 0 0.038655 0.0864352 0.038655 0.0546664 0.0273332 0.038655 0.0273332 
0 0 0.0240111 0.0720334 0.0240111 0.0536906 0.0339569 0.0240111 0.0536906 0.0240111 
0.190157 0.0353112 0.0249688 0.127316 0.055832 0.0499376 0.055832 0.0499376 0.0353112 0.102949 
0.0896914 0.0248759 0.0248759 0 0.0248759 0.0703598 0.0351799 0.0786646 0.0556243 0.0703598 
0.0355194 0.0502321 0.0561612 0.128067 0.106558 0.112322 0.0355194 0.025116 0.100464 0.0355194 
0.111768 0.0558842 0.0790322 0.0999688 0.0790322 0.0249922 0 0.0499844 0.0499844 0.0499844 
0.0707107 0.0790569 0.0559017 0.0353553 0.0901388 0.0559017 0.103078 0.0559017 0.0559017 0.0790569 
0.0594019 0.0594019 0.354426 0.0840069 0.404631 0.332863 0.106261 0.265653 0.168014 0.226974 
0.0481056 0.0340158 0.0721583 0.0867235 0.0340158 0.0537837 0.0340158 0.0340158 0.107567 0.0340158 
0.0512148 0.0512148 0.11452 0.0923287 0.0572598 0 0.0572598 0.0724286 0.0512148 0.105582 
0.024383 0.048766 0.054522 0.0879141 0.131306 0 0.048766 0.048766 0.048766 0.048766 
0.0507902 0.0507902 0.0507902 0.11582 0.11357 0.0908563 0.0454282 0.0454282 0 0.138164 
0.0572692 0.0724405 0 0.0572692 0.128058 0.0512232 0.0512232 0.0923438 0.0572692 0.0512232 
0.118414 0.0232229 0.0734372 0.232229 0.0656842 0.0696686 0.0328421 0.0957503 0.209006 0.0734372 
0.0506857 0.0253429 0.091375 0.0253429 0.126714 0 0.0716804 0.0506857 0.0566684 0 
0 0.0538187 0.0240685 0.0240685 0.0340379 0.0240685 0.0240685 0.0538187 0 0.0340379 
0.0580357 0.0935797 0.0820748 0.116071 0.302677 0.20271 0.16415 0.361502 0.129772 0.116071 
0.0770371 0 0.0730838 0.0544735 0.0974451 0.0730838 0.034452 0 0.103356 0.0487226 
0.0518128 0.0327693 0.115857 0.0835456 0.0695141 0.0518128 0.0231714 0.0463428 0.0231714 0.0926855 
0 0.0253144 0.0253144 0.104374 0.0253144 0.0506289 0.0506289 0.0358 0.0253144 0.0253144 
0.075653 0.0563884 0.0563884 0.0909235 0 0.0356632 0.0797452 0.901156 0.103975 0.0356632 
0 0.0697674 0.08385 0.116279 0.0232558 0 0.0328887 0.0328887 0.0232558 0.0328887 
0.0621595 0.0310797 0.0310797 0 0.0219767 0 0.0621595 0.0219767 0.0310797 0.0310797 
0.0240424 0.0537603 0.0537603 0.0866859 0.0991292 0.144254 0.0480847 0.0480847 0.0760286 0.0721271 
0.0742781 0.0664364 0.0234888 0 0.0525226 0.0664364 0.0234888 0.0234888 0.0525226 0.0525226 
0.0309994 0.0876795 0.0438397 0.0693167 0.0693167 0.0693167 0.0219199 0.0657596 0.0790332 0.0980286 
0.0517053 0.0462466 0.06937 0.0327013 0.166745 0.0327013 0.0462466 0.0327013 0.0924933 0.0231233 
0.0225819 0.0225819 0.0714104 0.0225819 0.100989 0.0451639 0 0.0225819 0.0225819 0.0225819 
0.09959 0.049795 0.0704208 0.160584 0.09959 0.089076 0.044538 0.0918175 0.0918175 0.135457 
0.0650385 0.0325193 0.0459892 0.11725 0 0.0514175 0.0325193 0.0325193 0.0229946 0.0727153 
0.0941357 0.0313786 0.0701646 0.0627572 0.0627572 0.044376 0.0914835 0.0992278 0.0313786 0.113137 
0.0681104 0.0340552 0.0481613 0.0481613 0.0761497 0 0.0240807 0.053846 0.0340552 0 
0.0999633 0.072734 0 0.0685742 0.0342871 0.072734 0.0542127 0.0484893 0.0242447 0.0242447 
0.0323741 0.082538 0.0323741 0.0323741 0.0511879 0.0915677 0 0.0228919 0.0228919 0 
0.0454516 0.0321391 0 0.0227258 0.0508164 0.0508164 0 0.0642783 0 0.0937009 
0.0353305 0.0558624 0.111725 0.103005 0.0249824 0.0749473 0.0353305 0.0249824 0.0558624 0.0558624 
0.188545 0.238493 0.529271 0.203069 0.119246 0.203069 0.155478 0.25296 0.576837 0.429949 
0.0233683 0 0.052253 0.0738969 0.0738969 0.104506 0.0330477 0.0738969 0.052253 0.0330477 
0.0518755 0.0956537 0.073363 0.0231994 0.198216 0.115997 0.0695983 0.0656179 0.135275 0.146726 
0.0562455 0.0251537 0.0355728 0.0562455 0.0355728 0.0355728 0.0355728 0.0562455 0.0251537 0.0503075 
0.0693005 0.0832888 0.140513 0 0.0326686 0.117788 0.0516536 0.103307 0.103307 0.0693005 
0.0984268 0.167293 0.191307 0.167293 0.148549 0.198216 0.0836467 0.124933 0.191307 0.164045 
0.0387492 0.0547997 0.109599 0.0387492 0.164399 0.0273998 0.0821995 0.0821995 0.0821995 0.0821995 
0.0613572 0.0306786 0.0685994 0.0433861 0.0685994 0.0485071 0.021693 0.021693 0.0782154 0.0685994 
0.0219133 0.0219133 0.0790095 0.0438266 0.0219133 0 0.0219133 0.0489996 0.0489996 0.0438266 
0.0726529 0.0649827 0.0324913 0.0229749 0.0459497 0.0689245 0.0513733 0.082837 0.0726529 0.0513733 
0.0304855 0.0646696 0.0609711 0.0862261 0.0681677 0.0304855 0.0215565 0.0482019 0.0681677 0.0431131 
0.040402 0.0903416 0.0285685 0.117791 0.325731 0.103005 0.0285685 0.057137 0.040402 0.0285685 
0.0879403 0.0879403 0.0487805 0.177564 0.0879403 0.0731707 0.068986 0.109076 0.0243902 0.170732 
0.0249824 0.0558624 0.226226 0.309016 0.576764 0.0353305 0.0558624 0.0499649 0.103005 0.0999298 
0.0366218 0.0258955 0.0579042 0.0776866 0.0933677 0.0366218 0.0258955 0.0517911 0.0366218 0.0579042 
0.03625 0.0724999 0.130701 0.0256326 0.0573162 0.0573162 0.0724999 0.0573162 0.138036 0.03625 
0.0222099 0.0496628 0.0702338 0.0800789 0.125638 0.0915737 0.0314095 0.0496628 0.113249 0.0444198 
0.13451 0.0312729 0.221133 0.112756 0.338268 0.239192 0.0625458 0.125092 0.112756 0.238167 
0.0427545 0.0427545 0.0676007 0.030232 0.120928 0.047801 0.030232 0.060464 0.030232 0.047801 
0.0469091 0.0469091 0.104892 0.252613 0.325672 0.245546 0.244648 0.697354 0.169133 0.127606 
0.0485987 0.110822 0.021734 0.0485987 0.0896116 0.021734 0.0485987 0.0485987 0.0307365 0.065202 
0.612617 0.069188 0.157773 0.0437583 0.216593 0.0902101 0.0437583 0.0437583 0.0489233 0.0978466 
0.110865 0.0701172 0.022173 0.0914216 0.178764 0.0991607 0.0495803 0.204425 0.044346 0.110865 
0.025116 0.0502321 0.0355194 0.0502321 0.152775 0.160821 0.0710389 0.768403 0.158848 0.0794239 
0.0204071 0 0.05772 0.0456317 0.237986 0.1443 0.122443 0.129066 0.0612213 0.148566 
0.0224705 0.0224705 0.0810185 0.0502455 0.181163 0.143881 0 0.0635561 0.112352 0.0710579 
0.0533286 0.037709 0.0266643 0.0533286 0.0961395 0.0266643 0.075418 0.0961395 0.0533286 0.106657 
0.0761111 0.0538187 0.0481369 0.0481369 0.0538187 0.0538187 0.0240685 0.0481369 0 0.0340379 
0 0.0237023 0.0335201 0.0711068 0.0529999 0.0474046 0.0529999 0.144175 0.0529999 0.0237023 
0.0480847 0.0240424 0.0991292 0.0537603 0.0721271 0.068002 0.068002 0.0537603 0.0537603 0.0480847 
0.0513733 0.0324913 0.0459497 0.0689245 0.0324913 0.082837 0.0726529 0.0324913 0.0726529 0.0459497 
0.0868808 0.0538812 0.0340774 0.0340774 0.0481928 0.0538812 0.0538812 0.0340774 0.0240964 0.0481928 
0.149906 0.0415765 0.092968 0.0657383 0.092968 0.092968 0.0415765 0 0.0831531 0.0587981 
0.0256642 0.057387 0.0769927 0.057387 0.057387 0.105816 0.0362947 0.0725894 0.0362947 0.0256642 
0.58843 0.749166 0.355317 0.282843 0.697316 0.05 0.106066 0.111803 0.111803 0.212132 
0.112698 0.0864352 0.0985513 0.0611189 0.038655 0.0611189 0.0273332 0.0273332 0.0546664 0 
0.06321 0.0446962 0.0805773 0.0921436 0.0670443 0.0706709 0.0446962 0.0499719 0.0999438 0.0223481 
0.0325021 0.0325021 0.0513903 0.0229824 0.0229824 0.0689473 0.0459649 0.0229824 0.0325021 0.0513903 
0.0480673 0.0537409 0.0537409 0.0480673 0.0760011 0.0480673 0 0.0537409 0.0240337 0.0339887 
0.0679018 0.0679018 0.050611 0.0715748 0.0640184 0.0933221 0.0320092 0.0715748 0.0640184 0.050611 
0.0744259 0.0588388 0.0263135 0.0372129 0.0263135 0 0.0832106 0.052627 0.0263135 0.0372129 
0.160657 0.150542 0.0561037 0.202285 0.0501807 0.125452 0.0354831 0.10345 0.075271 0.100361 
0.0351744 0.0351744 0.10255 0.0556157 0.0786524 0.0351744 0.0497442 0.0703489 0.0746162 0.0896776 
0.0747841 0.102781 0.0498561 0.141014 0.12464 0.0705072 0.024928 0.0557408 0.0557408 0.024928 
0.0344904 0.0487769 0.0545342 0.0487769 0.0487769 0.0545342 0.0545342 0.0344904 0.0243884 0.0243884 
0.078266 0.0485385 0.0485385 0.0306985 0.0868284 0.0868284 0.0217071 0.0217071 0.0485385 0.0306985 
0.105712 0.0573304 0.0573304 0.153834 0.252514 0.102556 0.0573304 0.171991 0.0810774 0.162155 
0.0496873 0.0222208 0.0496873 0.0496873 0.0222208 0.031425 0.0801184 0.0222208 0.0444417 0.0222208 
0.0819232 0.0227214 0.0642658 0.0508066 0.0642658 0.0718514 0.0454428 0.0321329 0.0718514 0.0454428 
0.156911 0.109591 0.0490106 0.0774926 0.0735159 0.0735159 0.0490106 0.122527 0.0980213 0.0693115 
0.0537167 0.0849335 0.0268583 0.171977 0.080575 0.0268583 0.0759669 0.11074 0.0849335 0.0600571 
0.1074 0 0.104374 0.136322 0.0253144 0.0506289 0.0566048 0.0253144 0.0253144 0.0566048 
0.11056 0.1727 0.0442239 0.0494438 0.0494438 0.062542 0.11056 0.0494438 0.0442239 0.0699241 
0.0314095 0.0666297 0.062819 0.0702338 0.0444198 0.0496628 0.0496628 0.0942286 0.0314095 0.119604 
0.109632 0.049029 0.093026 0.0693375 0.0904051 0.147087 0.049029 0.0310087 0.0980581 0.0620174 
0.396069 0.690245 0.0645061 0.0912253 0.0645061 0.028848 0.0735482 0.028848 0.0735482 0.0456127 
0.0665098 0.0470295 0.0332549 0.0470295 0.0743602 0.0525806 0.0525806 0.0525806 0.0665098 0.0665098 
0.0512821 0.0324336 0.0512821 0.0458681 0.0512821 0.0725238 0.0512821 0.0458681 0.0512821 0 
0.0252438 0.0357001 0.0757313 0.0564467 0.0564467 0.112893 0.0252438 0.0714001 0.0357001 0.0252438 
0.0603132 0.0381454 0.114436 0.145254 0.0762909 0.0381454 0.0381454 0.0381454 0.0762909 0.111212 
0.0901388 0.05 0.05 0.15 0.125 0.0901388 0.0559017 0.05 0.0790569 0.0790569 
0.0245403 0.0245403 0.138821 0.0981614 0.0694106 0.0776034 0 0.0347053 0.0245403 0.0245403 
0.153592 0.0263409 0.0790227 0.0263409 0.0589 0.0832972 0.0372516 0.0372516 0.0745033 0.0526818 
0.0249824 0.0249824 0.21345 0.0558624 0.0790014 0.103005 0.0249824 0.180151 0.111725 0.134535 
0.0239852 0.0239852 0.0339202 0.0536326 0.0239852 0.0479705 0.0536326 0.0239852 0.0719557 0.0719557 
0.0246444 0.0551067 0.0492889 0.0739333 0.0739333 0.069705 0.0246444 0.0348525 0.069705 0.125663 
0.111325 0.0852347 0.046225 0.0745356 0.111325 0.0584705 0.0292353 0.0292353 0 0.0877058 
0.0218713 0.0218713 0.0788582 0.0927921 0.109357 0.0874853 0.0309307 0.0927921 0.0218713 0.0978115 
0.0335862 0.0531044 0.127892 0.0856283 0.142494 0.142494 0.023749 0.100759 0.0856283 0.0856283 
0.101527 0.0492478 0.10447 0.101527 0 0.0348234 0.0550607 0.0984956 0.0246239 0.0246239 
0.0531306 0.0751381 0.118804 0.0531306 0.152143 0.138548 0.0237607 0.118804 0.118804 0.0475215 
0.078266 0.102046 0.0553425 0.0553425 0.0553425 0.0350016 0.0553425 0.102046 0.0494998 0.102046 
0.0362143 0.0923287 0.0256074 0.229039 0.11452 0.105582 0.11452 0.163967 0.0512148 0.105582 
0.0558842 0.0249922 0.0790322 0.167653 0.274914 0.0249922 0.0249922 0.0499844 0.0249922 0.0706886 
0.0474445 0.0670967 0.127307 0.181285 0.53087 0.114262 0.0600131 0.0474445 0.0636535 0.0474445 
0.17692 0.125101 0.0464614 0.116154 0.302891 0.0837595 0.0519454 0.118454 0.0696921 0.0734619 
0.0723101 0.0323381 0.0723101 0.045733 0.0824463 0.051131 0.0723101 0.0824463 0.0228665 0 
0.183375 0.0820079 0.145638 0.0937796 0.0227449 0.0454898 0.0508591 0.115977 0.0820079 0.0454898 
0.0540343 0.0966595 0.0241649 0.184034 0.0996344 0.108069 0.0483298 0.0764161 0.0683486 0.120824 
0.0822203 0.0260004 0.107202 0.0822203 0.0822203 0.0260004 0.0260004 0.0822203 0.0581386 0.0581386 
0.094759 0.0828643 0 0.0726768 0.0919297 0.0513903 0.0459649 0.0229824 0.0513903 0.094759 
0.036705 0.0580357 0.129772 0.16415 0.0580357 0.0580357 0.0519087 0.036705 0.0580357 0.0519087 
0.0702555 0.0444335 0.149034 0.0702555 0.157096 0.113284 0.0666502 0.0444335 0.0801036 0.0801036 
0.0263135 0.0372129 0.0588388 0 0.0372129 0.0372129 0.0263135 0.0372129 0.0263135 0.0372129 
0.0441942 0.03125 0.0625 0.0625 0.0988212 0.0625 0.0441942 0 0.03125 0.0625 
0.0490379 0.0310143 0.133397 0.167017 0.155071 0.0310143 0.0490379 0.0310143 0.131582 0.0657912 
0.024345 0.0344291 0.100377 0.0544371 0.0486901 0.0973801 0 0.024345 0.0486901 0.0344291 
0.0514039 0.0514039 0.0828862 0.097532 0.045977 0.0325107 0.072696 0.0229885 0.0229885 0.0514039 
0.0222003 0.0666009 0.0941879 0.031396 0.0444006 0.0222003 0.0702035 0.0222003 0.0702035 0.0666009 
0.0545342 0.0487769 0.100556 0.0731653 0 0.0545342 0.0545342 0.077123 0.077123 0.0731653 
0.0538812 0.0481928 0.0761995 0.107762 0.0538812 0.0340774 0.0240964 0.0868808 0.0340774 0.0340774 
0.0948091 0.0727153 0.154252 0.167403 0.162596 0.12383 0.0514175 0.114973 0.0514175 0.0514175 
0.0789583 0.055832 0.0353112 0.134461 0.0900263 0.0499376 0.0353112 0.0706225 0.055832 0.055832 
0.100975 0.1071 0.0798278 0.0910176 0.0564467 0 0.100975 0.104083 0.0504875 0 
0.0240894 0.0240894 0.0340675 0.0761774 0.0868555 0.0340675 0.0538655 0.0481788 0.0481788 0.0868555 
0.0742218 0.0524828 0.0846259 0.023471 0.023471 0.046942 0.0742218 0.023471 0.023471 0.023471 
0.0336123 0.0713024 0.0979957 0.0856948 0.0531456 0.0237675 0.0672245 0.0531456 0.0237675 0.0336123 
0.0347498 0.0491436 0 0.132323 0.125292 0.0885949 0 0.0885949 0.0777029 0.0491436 
0.210028 0.0841406 0.0841406 0.149426 0.0660053 0.0700092 0.0841406 0.177725 0.0841406 0.118993 
0.0481369 0.0481369 0.0761111 0.0538187 0.0481369 0.0538187 0.0538187 0.0340379 0.0722054 0.0538187 
0.0442699 0.0313035 0.0798087 0.0221349 0.0494952 0.0798087 0.0798087 0.0221349 0.0494952 0.0313035 
0.115501 0.0516536 0.0832888 0.207902 0.166578 0.130674 0.0462003 0.0730492 0.0980057 0.0952444 
0.0777583 0.0579576 0.0777583 0.183278 0.0259194 0.0259194 0.109967 0.155517 0.0366556 0.0518389 
0.0510676 0.0510676 0.032298 0.116452 0.0510676 0.0823441 0.0722205 0.116452 0.0228381 0 
0.0344828 0.024383 0.054522 0.054522 0.054522 0.048766 0.024383 0.0689655 0.0689655 0.048766 
0.0425436 0.0475652 0.0766965 0.129391 0.0212718 0.134535 0.0212718 0.0212718 0.0475652 0.0425436 
0.0779859 0.0779859 0.0551444 0.0348764 0.0551444 0.0551444 0.0246613 0.0551444 0.0348764 0.0348764 
0.0511879 0.0228919 0.0915677 0.0723906 0.0323741 0.0915677 0.0323741 0.0647481 0.0723906 0.0511879 
0.0229537 0.0827606 0.0229537 0.114768 0.0459073 0.0229537 0.0324614 0.0973841 0.0324614 0.068861 
0.0756524 0.0239234 0.0676655 0.0239234 0.0534943 0.0239234 0.0239234 0.0478467 0.119617 0.0534943 
0.050751 0.0320977 0.0226965 0.122224 0.122224 0.0818335 0.0226965 0.0320977 0.0717727 0.101502 
0.0444417 0.0222208 0.0942751 0.0993747 0.0496873 0.0666625 0.0444417 0.0916189 0.0801184 0.0496873 
0.070167 0.0843303 0.125954 0.0330771 0.070167 0.046778 0.0739626 0.0522994 0.046778 0.0522994 
0.11851 0.0929667 0.05197 0.10394 0.069725 0.0232417 0.0734966 0.0929667 0.0328687 0 
0.109004 0.124283 0.0689399 0.12187 0.142123 0.131258 0.109004 0.0878815 0.0689399 0.12187 
0.0640184 0.0226339 0.11317 0.11317 0.050611 0.0320092 0.0933221 0.101222 0.0320092 0.0679018 
0.0674498 0.0224833 0.0927009 0.0224833 0.0502741 0.0635923 0.0502741 0.0317961 0.0224833 0.0449665 
0.119617 0.0338328 0.0534943 0.0676655 0.0534943 0.0534943 0.0676655 0.0756524 0.0756524 0.0756524 
0.0656139 0.0489058 0.0788582 0.117781 0.0656139 0.0874853 0.0218713 0.0489058 0.0656139 0.0656139 
0.0512148 0 0.0512148 0.11452 0.0809776 0.0572598 0.0256074 0.0572598 0.0809776 0.0768221 
0.0965328 0.0863416 0.0965328 0.107927 0.0889988 0.0482664 0.068259 0.0863416 0.0431708 0.0610527 
0.0657774 0.0328887 0.0232558 0.0520016 0.0232558 0 0.0465116 0.0657774 0.0520016 0.0232558 
0.0848528 0.0894427 0.164924 0.04 0.10198 0.0632456 0.0894427 0.0894427 0.0282843 0.0282843 
0.0643073 0.0454722 0.0454722 0.152518 0.096461 0.0643073 0.0718978 0.0937433 0 0.0909443 
0.0643223 0 0.103717 0.101703 0.0203405 0.0454827 0.0203405 0.0733387 0.0643223 0 
0.0493677 0.0740515 0.0349082 0.0551947 0.0493677 0.0246838 0.0349082 0.0246838 0.0780571 0.0246838 
0.023749 0.0531044 0.0531044 0.0856283 0.118745 0.0531044 0.047498 0.0531044 0.106209 0.0856283 
0.0243902 0.034493 0.100564 0.0243902 0.131345 0.0879403 0.0243902 0.0545382 0.068986 0.0243902 
0.0224662 0.0224662 0.0710445 0.0449325 0.0224662 0.0449325 0.0224662 0.0926307 0.0449325 0.0449325 
0.0215054 0.0304132 0.0480875 0.0215054 0.0480875 0.0480875 0.0304132 0.0430108 0.0215054 0.0215054 
0.086687 0.086687 0.147173 0.0470126 0.122594 0.0297334 0.134624 0.771065 0.0420494 0.0470126 
0.0701172 0.0313574 0.0701172 0.044346 0.0940721 0.0495803 0.044346 0.0313574 0.0701172 0.044346 
0.0452679 0.050611 0.0320092 0.050611 0.0226339 0.0452679 0.0320092 0.0226339 0 0.0226339 
0.0823169 0.0411585 0.0741995 0.110823 0.165915 0.0920331 0.0291034 0.0291034 0.0617377 0.102896 
0.111396 0.0926869 0.157537 0.201415 0.574692 0.0308956 0.0787687 0.0488503 0.0218465 0.0218465 
0.038208 0.038208 0.0604122 0.038208 0.111395 0.0604122 0.0604122 0.0604122 0.038208 0.0604122 
0.0243019 0.068736 0.0243019 0.0543406 0.0486037 0.0243019 0.0543406 0.0543406 0.0486037 0.0543406 
0.0322539 0.0228069 0.0912277 0.0645077 0.0322539 0.0322539 0.0822316 0.0684208 0.0940354 0.0456139 
0.0701172 0.0495803 0.0627147 0.044346 0.113061 0.022173 0.0495803 0.044346 0.0313574 0.022173 
0.0531795 0.0237826 0.0531795 0.0672673 0.106359 0.0752071 0.0336336 0.0336336 0.0672673 0.0531795 
0.0709773 0.031742 0.299454 0.359821 0.31742 0.361915 0.04489 0.04489 0.022445 0.0809266 
0.0248433 0.0351337 0.0351337 0.105401 0.0555513 0.0248433 0.0555513 0.0496866 0.0496866 0.0555513 
0.0277644 0 0.117794 0.138822 0.0785296 0.0392648 0.100106 0.0877987 0.0392648 0.0877987 
0.122536 0.0612679 0.0866459 0.109599 0.154997 0.139712 0.0612679 0.0612679 0.0821995 0.164399 
0.126491 0.0252982 0.0715542 0.0758947 0.169706 0.0357771 0.0252982 0.0565685 0.0252982 0.0565685 
0.0907865 0.0712188 0.0712188 0.0563034 0.0796251 0.0563034 0.0251797 0 0.0356094 0.0796251 
0.0764161 0.042388 0.123581 0.021194 0.0473912 0.0473912 0.134043 0.0670213 0.0899185 0 
0.0757977 0.0798978 0.0564963 0.0357314 0 0.0252659 0.104174 0.128831 0.0564963 0.0910975 
0.0348764 0.0493226 0.421413 0.686984 0.881275 0.305043 0.0889176 0.0246613 0.0493226 0.0551444 
0.0572176 0.0572176 0.0255885 0.0255885 0.0255885 0.0361876 0.0255885 0.0255885 0.0922607 0.0361876 
0.11204 0.0903295 0.141721 0.0354302 0.0354302 0.0250529 0.0250529 0.0354302 0.0250529 0.103296 
0.083189 0 0.0652588 0.046145 0.124249 0.0515916 0.0652588 0.0515916 0.083189 0 
0.0412323 0.0412323 0.314016 0.322035 0.371091 0.0583113 0.0260776 0.0412323 0.0412323 0.0412323 
0.0580748 0.0580748 0.0821302 0.0519437 0.0580748 0.0821302 0.0580748 0.0367297 0 0.0367297 
0.0565912 0.080032 0.0565912 0.0912505 0.0253083 0.0565912 0.0506167 0.0715828 0.0253083 0.0357914 
0.0458289 0.0229145 0.0724619 0.0826192 0.144924 0.225681 0.0458289 0.116841 0.0512383 0.144924 
0.0325537 0.0460379 0.0976611 0.082996 0.154416 0.0651074 0.0325537 0.0325537 0.082996 0.0230189 
0.114874 0.0513733 0.0513733 0.0459497 0.082837 0.0513733 0.0459497 0.145306 0.0229749 0.0947277 
0.261 0.117444 0.604231 0.553919 0.889377 0.486554 0.135266 0.106112 0.0503332 0.0838886 
0.0543406 0.034368 0.0243019 0.130869 0.068736 0.100199 0.034368 0.0486037 0.121509 0.0543406 
0.0331633 0.0331633 0.126282 0.21105 0.3752 0.11725 0.104872 0.0663267 0.0703501 0.0331633 
0 0.0328798 0.220564 0.139497 0.444182 0.0838274 0 0.0328798 0.0519875 0.0958603 
0.0521818 0.0737962 0.0737962 0.188144 0.149426 0.0660053 0.0233364 0.132011 0.0233364 0.0737962 
0 0.0335862 0.023749 0.0531044 0.0335862 0.023749 0.023749 0.023749 0.0335862 0.0671724 
0.0236426 0.143812 0.0747644 0.0668713 0.0236426 0.0236426 0.0945703 0.0974808 0.0236426 0.0472852 
0.164517 0.0721453 0.1597 0.224695 0.102029 0.0322644 0.0510144 0.0228143 0.146083 0.102029 
0.125699 0.0502797 0.0562144 0.150839 0.15292 0.0794991 0.0711062 0.0251398 0.0355531 0.0794991 
0.0539458 0.107892 0.170592 0.0809187 0 0.0269729 0.0762909 0.0972522 0.0972522 0.0269729 
0.0238875 0 0.1911 0.0984907 0.173904 0.0984907 0.0238875 0.0861277 0.139287 0.0984907 
0.0696498 0.0656665 0.0328332 0 0.125025 0.0734174 0.0928664 0.0734174 0.0464332 0.0696498 
0.0352865 0.0352865 0.0748539 0.0748539 0.0557928 0.0557928 0.0352865 0.0557928 0.105859 0.0899632 
0.0905572 0.0710389 0.0561612 0.135254 0.168483 0.0355194 0 0.0502321 0.0502321 0.0355194 
0.0826404 0.0739158 0.0261332 0.0826404 0.0584356 0.0369579 0 0.0369579 0.0584356 0.0584356 
0.0963226 0.129678 0.0240807 0.053846 0.0761497 0.0761497 0.107692 0.129678 0.0761497 0.0681104 
0.0673387 0 0.075287 0.0476157 0.0532359 0.0336694 0.0336694 0.0532359 0.0476157 0.0238078 
0.0367204 0.0259653 0.0580601 0.0778958 0.155792 0.0367204 0 0.0259653 0.0519305 0.0519305 
0.0464332 0.0464332 0.0232166 0 0.0519139 0.0519139 0.0696498 0.0957245 0.0232166 0.0519139 
0.0948091 0.0670402 0.0423999 0.0212 0.0474045 0.0764375 0.0948091 0.0423999 0.108099 0.108099 
0.0966948 0.0540541 0.194895 0 0.0966948 0.162162 0.0540541 0.0241737 0.184101 0.108108 
0.0664419 0.0297137 0.297137 0.297137 0.346518 0.326175 0.0297137 0.0664419 0.0630323 0.0469815 
0.0732989 0 0.0463583 0.0463583 0.0732989 0.0695375 0.0518302 0.0695375 0.10366 0.0463583 
0.0668265 0.0298857 0.0298857 0.0422648 0.0945069 0.0472535 0.0472535 0.0945069 0.0472535 0.0871311 
0.0341868 0.0725211 0.0683736 0.076444 0.0341868 0.0725211 0.0241737 0.0683736 0.0483474 0.0683736 
0.0481056 0.0240528 0.0760616 0.0537837 0.0340158 0 0 0.0481056 0.0760616 0.0481056 
0.240542 0.0738818 0.147764 0.0738818 0.104485 0.0330409 0.0738818 0.238262 0.140181 0 
0.0321391 0.0642783 0 0.101633 0.0454516 0.0937009 0.0642783 0.0227258 0.0508164 0.0508164 
0.0740233 0.0493489 0.088965 0 0.101735 0.0780274 0.0551737 0.0780274 0.0697899 0.0493489 
0.0802896 0.0253898 0 0.0253898 0.0253898 0.0359066 0.0253898 0.0253898 0.0253898 0.0359066 
0.0525806 0.0332549 0.0332549 0.0332549 0.0940591 0.0705443 0.0235148 0.0743602 0.0705443 0 
0.0538655 0.0481788 0.0240894 0.0868555 0.0681351 0.0538655 0.0538655 0.0240894 0 0.0868555 
0.0366218 0.0258955 0.0579042 0.0579042 0.0517911 0.0258955 0 0.0579042 0.0366218 0.0258955 
0.0549442 0.0347498 0.0549442 0 0.178885 0.0245718 0.0694996 0.0245718 0.0245718 0.0245718 
0.0557062 0.0557062 0.0996503 0.0747377 0.124563 0.0557062 0.0249126 0.0498251 0.0747377 0.0557062 
0.0232166 0.0232166 0.135375 0.0837087 0.0656665 0.0928664 0.0328332 0.0328332 0.0957245 0.0519139 
0.037709 0.0596232 0.075418 0.0843199 0.0533286 0.0596232 0.0799929 0.037709 0.0266643 0.0266643 
0.0568696 0.0254329 0.0568696 0.0359675 0.179837 0.0916995 0.0804258 0.0254329 0.0804258 0.0254329 
0.0753541 0.050236 0.0905643 0.025118 0.0794301 0.0355222 0 0.0561656 0.0561656 0.0561656 
0.0356632 0.0504353 0.0563884 0.0797452 0.0356632 0.112777 0.0563884 0.0713263 0.0356632 0.0909235 
0.0939423 0.0525153 0.117428 0.0968335 0.0846784 0.0996408 0.0234856 0.142857 0.0469711 0.0968335 
0.0397268 0.0628136 0.202568 0.202568 0.241649 0.158907 0.0628136 0.0397268 0.101284 0.0397268 
0.0633049 0.0500469 0.143313 0.0707771 0.111908 0.136142 0.0500469 0.0447633 0.0447633 0.0316525 
0.0531044 0 0.047498 0.0335862 0.14446 0.0531044 0.023749 0.071247 0 0.023749 
0.0584356 0.0739158 0.0584356 0.0584356 0.18479 0 0.0261332 0.0261332 0.0522664 0.0261332 
0.0905572 0.0753481 0.0710389 0.177597 0.168483 0.177597 0 0.112322 0.150696 0.175812 
0.100951 0.0336503 0.159617 0.0336503 0.18584 0.118972 0 0.0237944 0.121328 0.0336503 
0.0238875 0.047775 0.0238875 0.0238875 0.047775 0.0238875 0.0238875 0 0 0.033782 
0.0669603 0 0.127489 0.023674 0.127489 0.0473481 0.0473481 0.023674 0.023674 0.023674 
0.0689399 0.0487479 0.0878815 0.03447 0.0487479 0.0770772 0.0243739 0.03447 0.0731218 0.0243739 
0.070661 0.070661 0.0558624 0.103005 0.0790014 0.111725 0.0249824 0.0499649 0.0558624 0.0900755 
0.0580357 0.036705 0.151338 0.183525 0.155726 0.187159 0 0.103817 0.116071 0.107012 
0.0914835 0.022188 0.08 0.022188 0.088752 0.022188 0.044376 0.044376 0.022188 0.0496139 
0.0270048 0.0270048 0.0973674 0.0763812 0.164264 0.0381906 0.0540097 0.0540097 0.0853968 0.0270048 
0.049379 0.0246895 0.101797 0.0246895 0.0698324 0.0349162 0.0349162 0 0.0349162 0.0246895 
0.0512821 0.0826898 0.1849 0.162168 0.189119 0.146849 0.0324336 0.0324336 0.0725238 0.0826898 
0.022934 0.0725238 0.133727 0.116941 0.022934 0.116941 0.022934 0.0688021 0.0725238 0.0945594 
0.0240111 0.0720334 0.0536906 0.0960446 0.15186 0 0 0.0536906 0.0480223 0.0480223 
0.037709 0.0533286 0.0843199 0.037709 0 0.0266643 0.0533286 0.119246 0.0266643 0.037709 
0.0387456 0.0866377 0.0612621 0.0547945 0.0612621 0.0774911 0.0273973 0.0273973 0.0774911 0.0273973 
0.0884814 0.0694106 0.109748 0.0347053 0.125132 0.0548739 0.0548739 0.0490807 0.0245403 0.0776034 
0.0243252 0.0486504 0.0486504 0.108786 0.0769231 0.130995 0.0688021 0.0688021 0.0543928 0 
0.851299 0.0839625 0.0593705 0.0839625 0.0375492 0.0375492 0.0265513 0.0265513 0.0531025 0.0375492 
0.0545018 0.0243739 0.0487479 0.0487479 0.03447 0.03447 0.0487479 0.03447 0.0545018 0 
0 0.024998 0.0558973 0.0499961 0.0790508 0.024998 0.0558973 0.024998 0.0353526 0.024998 
0.0681499 0.0240946 0.0761939 0.0993447 0.0868744 0.0681499 0.0240946 0.0240946 0.0240946 0.0868744 
0.0347498 0.0694996 0.0694996 0.109888 0.143277 0.0777029 0.0549442 0.109888 0.0347498 0.0549442 
0.0890517 0.0796503 0.101535 0.0398252 0.101535 0 0.0796503 0.0281606 0.0629691 0.0281606 
0.0537254 0.0866296 0.140099 0.0759792 0.107451 0.0537254 0.0339789 0.107451 0.0339789 0.0339789 
0.0580357 0.0259543 0.0259543 0.0259543 0.0580357 0.036705 0 0.0259543 0.0519087 0.0259543 
0.0371583 0.0587524 0.0830885 0.117505 0.0371583 0.0371583 0.0262749 0.0371583 0.0371583 0.0743166 
0.158003 0.0900755 0.0499649 0.0558624 0.0353305 0.070661 0.0790014 0.0353305 0.0353305 0.0499649 
0.0571056 0.0510768 0.0361167 0 0.0766152 0.0255384 0.0571056 0.0510768 0.0255384 0.0510768 
0.666667 0.857493 0.258831 0.114332 0.0571662 0.0571662 0.0808452 0.114332 0.255655 0.406242 
0.025713 0.0514259 0.0927094 0.114992 0.0927094 0 0.0514259 0.0927094 0 0.025713 
0.0700516 0.0553806 0.0892986 0.0350258 0.024767 0 0.07832 0.0495339 0.024767 0.024767 
0.0501491 0.0354608 0 0.0904076 0.0792927 0.0501491 0.0904076 0.0792927 0.0250746 0.0752237 
0.025939 0.025939 0.0518781 0.025939 0.106949 0 0.0580015 0 0.025939 0.0580015 
0.279372 0.318533 0.251823 0.156174 0.381269 0.218643 0.098773 0.159267 0.318533 0.349215 
0.144702 0.0600842 0.107482 0.0268705 0.0537409 0.0849719 0.0268705 0.0600842 0.107482 0.0600842 
0.0253144 0.0566048 0.0566048 0.0358 0.0506289 0.0253144 0.0358 0.0566048 0.0253144 0.0358 
0.0549442 0.132323 0.0491436 0.0347498 0.0737154 0.132323 0.125292 0.0347498 0.122859 0.122859 
0 0.0349162 0.049379 0.0246895 0.0246895 0.0740684 0.0349162 0.0246895 0.0246895 0.049379 
0.120849 0.080566 0.0854531 0.127386 0.180151 0.102702 0.0284844 0.0284844 0.102702 0.0900755 
0.0353112 0 0.0499376 0.0789583 0.0249688 0.0499376 0.0499376 0.0353112 0.0249688 0.0749064 
0.0332664 0.0665328 0.143084 0 0.105198 0.119944 0.0525988 0.0235229 0.0705687 0.0332664 
0.0792927 0.0792927 0.0792927 0.0354608 0.0904076 0.0752237 0.0792927 0.0752237 0.0560684 0.0560684 
0.0238028 0.075271 0.0532246 0.0336622 0.138793 0.0981414 0.075271 0.0476056 0.0858221 0.0336622 
0.0246838 0.0246838 0.0349082 0.0349082 0.101774 0.0246838 0.0349082 0.0889988 0.0551947 0.0551947 
0.728811 0.12914 0.0913156 0.202136 0.210224 0.219917 0.104116 0.144383 0.155505 0.144383 
0.0269069 0.0380521 0.0807207 0.137199 0.137199 0.0601657 0 0.0538138 0.0850871 0.0269069 
0.0249048 0.0249048 0.0249048 0.0556889 0.124524 0.0498097 0.0556889 0.0352208 0.0249048 0.0249048 
0.0494438 0.0797257 0.0442239 0.0494438 0.0911698 0.132672 0.031271 0.0494438 0.18234 0.154784 
0.0610562 0.0273052 0.198785 0.0772307 0.251741 0.218441 0.0610562 0.115846 0.191136 0.154461 
0.218586 0.0949479 0.148617 0.0474739 0.114332 0.123797 0.0300252 0.106155 0.021231 0.108257 
0.104854 0.0508616 0.0719292 0.203446 0.127154 0.162837 0.0804193 0.0254308 0.129672 0.127154 
0.0375492 0.095732 0.0375492 0.095732 0.0750983 0.0593705 0.0375492 0.0531025 0.0839625 0.0593705 
0.0249513 0.0352865 0.0557928 0.102877 0.0249513 0.0998053 0 0.0557928 0.0899632 0.078903 
0.0252438 0.0564467 0.0357001 0.0252438 0.0564467 0.0504875 0 0.0252438 0.0798278 0.0910176 
0 0.0519305 0.0367204 0 0.107058 0.0367204 0.0367204 0 0.0367204 0.0259653 
0.0499844 0.0353443 0 0.0249922 0.0999688 0.0353443 0.0790322 0.0249922 0.0499844 0.0249922 
0.0693375 0.0548161 0.109632 0.0346688 0.0775217 0.0245145 0.0548161 0 0.0245145 0.0245145 
0.038135 0.0808966 0.0808966 0.0808966 0.161793 0.114405 0.0269655 0.0808966 0.111182 0.0972257 
0.0252438 0.0564467 0.0714001 0.0714001 0.0757313 0 0.0564467 0.0357001 0.0252438 0.0252438 
0.0233348 0.0466696 0.0700045 0.0521783 0.0737912 0.0233348 0.0330004 0.0233348 0.0700045 0.0233348 
0.0627147 0.022173 0.022173 0.022173 0.110865 0.0627147 0.0495803 0.022173 0.022173 0.022173 
0.0559673 0.0559673 0.0500587 0.0559673 0.0250293 0.0559673 0.0500587 0.0707937 0.075088 0.0500587 
0 0.025641 0.105721 0.0573351 0.081084 0.025641 0.0512821 0 0.0769231 0.09245 
0.0374437 0.0748875 0.0264767 0.0264767 0.190926 0.112331 0.0592037 0.0748875 0.0837267 0.0264767 
0 0 0.054522 0.048766 0.048766 0.048766 0.054522 0.024383 0.054522 0.0344828 
0 0.028069 0.140345 0.28209 0.140345 0.151156 0.0396955 0.177524 0.125528 0.226299 
0.0858952 0.0952921 0.128291 0.0336909 0.0476461 0.0336909 0.0336909 0.0858952 0.075335 0.023823 
0.0338788 0.0677577 0.0535672 0.023956 0.0535672 0.0535672 0.0338788 0.0535672 0.0535672 0.0479119 
0.0734409 0 0 0.0821094 0.0936191 0.0367204 0.0367204 0.0367204 0.0259653 0 
0.0525906 0.0525906 0.0831531 0.0831531 0.0371872 0.0371872 0.0262953 0.0831531 0.0525906 0.0371872 
0 0.0253144 0.0566048 0.0716 0.0253144 0.0566048 0.0253144 0.0253144 0.0358 0 
0.0340552 0.0240807 0.0340552 0.0240807 0.0761497 0 0.0340552 0.0340552 0.0761497 0.0340552 
0.038097 0.0602366 0.0602366 0.0538772 0.145069 0.0538772 0.0269386 0.0269386 0.038097 0.0269386 
0 0 0.0366834 0.0820265 0.0733667 0.025939 0 0.025939 0.025939 0.025939 
0.0372161 0.0263158 0.0588439 0.108503 0.0588439 0.0588439 0.0588439 0.0832178 0.0588439 0.0588439 
0.0243306 0.0243306 0.0486612 0.0243306 0.10881 0 0.0243306 0.0769401 0.0344087 0.0243306 
0.0638291 0.0570905 0.040369 0.0638291 0.0285452 0.0638291 0.0638291 0.040369 0.0285452 0.0570905 
0.120194 0.0537526 0.18775 0.0679922 0.107505 0.107505 0.0760176 0.0480778 0.122575 0.0339961 
0.0519305 0.0367204 0.0936191 0.0734409 0.0519305 0.103861 0.0367204 0.0367204 0.0367204 0.0259653 
0.0767742 0.0383871 0.0606953 0.0814313 0.135719 0.0858361 0.0271438 0.108575 0.0606953 0.0542875 
0.0761042 0.0380521 0.0601657 0.11094 0.120331 0.0269069 0 0.0380521 0.11094 0.134535 
0.081906 0.040953 0.144791 0.040953 0.0579163 0.0868744 0.040953 0.0915737 0.0915737 0.0647524 
0.0548739 0 0.122702 0.109748 0.0884814 0.0776034 0.0548739 0.073621 0.0245403 0.122702 
0.0570081 0.0254948 0.105118 0.0806216 0 0.0254948 0.0509896 0.0806216 0.0764843 0.0509896 
0.0270048 0.0270048 0.0270048 0.0763812 0.137698 0.0603847 0 0.0603847 0.0381906 0.0810145 
0.0805496 0.025472 0 0.050944 0.180114 0.0764161 0.0569572 0.0360229 0.0569572 0.0918407 
0.0266076 0.0266076 0.0532152 0.0266076 0.0532152 0.0376288 0.0266076 0.0594964 0.0532152 0.0376288 
0.0532246 0.0238028 0.0476056 0.0714083 0.0238028 0.0238028 0.0238028 0.0336622 0.0532246 0.0532246 
0.0505843 0.0505843 0.0799808 0.056555 0.0758765 0.0357685 0.0252922 0.071537 0 0 
0.0322539 0.116293 0.0509978 0.0912277 0.0912277 0.178128 0.0228069 0.132986 0.0645077 0.146036 
0.0278369 0.0278369 0.0278369 0.141941 0.0278369 0.12449 0 0.111348 0.0622452 0.139185 
0.0821302 0.0281704 0.0890827 0.0995974 0.0995974 0.0281704 0.039839 0.039839 0.0199195 0.0199195 
0.0332733 0.0235278 0.0705834 0.0235278 0.0744014 0.0526097 0.0235278 0.0332733 0.0235278 0.0235278 
0.0238028 0.0858221 0.0238028 0.0336622 0.0673244 0.0238028 0.0336622 0.0238028 0.0952111 0.0476056 
0.058717 0.052518 0.0742717 0.026259 0 0.052518 0.0371359 0.052518 0.058717 0.026259 
0.03625 0 0.03625 0.0810574 0 0.03625 0.03625 0.0512652 0.0256326 0.0768978 
0.0481893 0.0240946 0.0538772 0.0240946 0.0868744 0.034075 0.0481893 0.034075 0.0240946 0.034075 
0 0.0524359 0.0845503 0.11725 0.0331633 0.0741555 0.0469001 0.09949 0.02345 0.0663267 
0.0744259 0.0588388 0.0789405 0.0948747 0.160059 0.0789405 0.0789405 0.0588388 0.0263135 0.0832106 
0.0561612 0.0355194 0.103556 0.025116 0.196163 0.0794239 0.0502321 0.025116 0.0753481 0.0355194 
0.0648068 0.0409874 0.0579649 0.0579649 0.0648068 0.0648068 0 0.0916506 0.0409874 0.0409874 
0.0563213 0.0398252 0.0629691 0.112643 0.0563213 0 0.0844819 0.0890517 0.0281606 0.0398252 
0.0757977 0.0564963 0.0252659 0.0505318 0.0757977 0.0357314 0.0252659 0.0798978 0.0505318 0.0505318 
0.0587524 0.0830885 0.117505 0.0525498 0.0371583 0.0743166 0.0587524 0.0371583 0 0.0525498 
0.0519454 0.0519454 0.0696921 0.0519454 0.0985595 0.0734619 0.0232307 0.0232307 0.0232307 0.0519454 
0.109076 0.0487805 0.034493 0.177564 0.034493 0.0243902 0.0243902 0.034493 0.0243902 0.0731707 
0.05 0.0559017 0.0353553 0.05 0.0559017 0 0.05 0.05 0.0559017 0.0901388 
0.0346688 0.0346688 0.0735435 0.0245145 0.0346688 0.0346688 0.049029 0.0245145 0.0883883 0 
0.0266454 0.0595808 0.0376822 0.162077 0.113047 0.0960712 0.0799361 0.0266454 0.0376822 0.0799361 
0.0270344 0.0270344 0.0382325 0.0604508 0.097474 0.0382325 0.0270344 0.0382325 0.0604508 0.0604508 
0.150492 0.0816157 0.212828 0.0816157 0.103237 0.0816157 0.057711 0.0816157 0.0516183 0.0516183 
0.0259543 0.0734099 0.036705 0.036705 0.0820748 0.036705 0.0519087 0.0519087 0.0519087 0.0259543 
0.122513 0.0387419 0.0547894 0.0612564 0.136973 0.0612564 0 0.0821841 0.112951 0 
0.050198 0.0224492 0.0634961 0.0673477 0.050198 0.089797 0.031748 0.0634961 0.050198 0.050198 
0.0757554 0.0598899 0.0598899 0.0267836 0.0267836 0.0757554 0.0598899 0.0267836 0.0535672 0.0267836 
0.112708 0.0864433 0.0546715 0.0611246 0.0546715 0.0273358 0.112708 0.0611246 0.0273358 0 
0.0237826 0.0237826 0.0336336 0.0237826 0.128073 0.0237826 0.0336336 0.138675 0.0531795 0.0336336 
0.0866859 0.034001 0.034001 0.034001 0.0721271 0 0.0240424 0.034001 0.0480847 0.0537603 
0.0504875 0.0357001 0.0564467 0.112893 0.0252438 0.0757313 0.0564467 0.0504875 0.0252438 0.0504875 
0.0269386 0.038097 0.038097 0.111071 0.111071 0.0269386 0.0602366 0.0269386 0.0602366 0.0269386 
0.0232542 0.0838444 0.0697627 0.0838444 0.16278 0.0232542 0.0232542 0.0735364 0.0465085 0.0232542 
0.0246258 0.0550649 0.157682 0.0246258 0.192333 0.0696522 0.0778735 0.123129 0.104478 0.0550649 
0.0514005 0.0514005 0.0514005 0.0325085 0.0325085 0.045974 0.0726912 0.0325085 0.022987 0.0325085 
0.0551475 0.0871959 0.140599 0.140599 0.123314 0.0616568 0.0275737 0.0616568 0.137869 0.0779903 
0.0552116 0.0552116 0.0349189 0.0246914 0.0493827 0.110423 0.0740741 0.0349189 0.0349189 0.089026 
0.0247234 0 0.126065 0.0781823 0.13314 0.0741702 0.0741702 0.0349642 0.0891415 0.0349642 
0.0787805 0.0880792 0.124563 0.0880792 0.0787805 0.0393902 0.124563 0.0557062 0.0557062 0.0557062 
0.0816863 0.0506597 0.0226557 0.06408 0.0906228 0.0716436 0.0453114 0.0453114 0.0816863 0.0816863 
0.101888 0.0360229 0.0764161 0.050944 0.025472 0.0360229 0.0569572 0.0764161 0.0918407 0 
0.0749941 0.0353526 0.127466 0.0749941 0.152057 0.0499961 0.024998 0.0558973 0.0790508 0 
0.0469001 0 0.0331633 0.02345 0.0703501 0.0663267 0.0469001 0.0524359 0 0.0469001 
0.0522976 0 0.07396 0.130744 0.0522976 0.0522976 0.0522976 0.0522976 0.0784465 0.0942809 
0.0889988 0.0698164 0.0780571 0.110389 0.0987353 0.174541 0.165584 0.298256 0.222155 0.203548 
0.0218936 0 0.0489555 0.0928866 0.138467 0.0902695 0.0489555 0.0489555 0.0218936 0.0902695 
0.0256221 0.0572927 0.0572927 0.0362351 0.0810241 0.0256221 0.0512442 0.0362351 0.0810241 0.0810241 
0.0818757 0.0642285 0.163751 0.0507771 0.0963428 0.0908329 0.0507771 0.0227082 0.0718097 0.0818757 
0.0235278 0.0235278 0.0526097 0.143114 0.105219 0.0848306 0.0526097 0.0744014 0 0.0526097 
0.0769168 0 0.0769168 0.128195 0.0512778 0.105712 0.0512778 0.0512778 0.105712 0.0573304 
0.096264 0.0215253 0.19492 0.0304414 0.185168 0.155221 0 0.068069 0.0913241 0.0861012 
0.0755629 0.0563213 0.207703 0.106862 0.0908153 0.125938 0.0563213 0.103851 0.103851 0.0356207 
0.0378066 0.0267333 0.110224 0.0756131 0.0378066 0.0267333 0.0378066 0.0845381 0.0597774 0.0534666 
0.04986 0.04986 0.02493 0.0352563 0.02493 0.02493 0.02493 0.02493 0.0352563 0.02493 
0.0249688 0.0353112 0.0353112 0.0249688 0.0749064 0.0749064 0.0249688 0.0249688 0.0789583 0.0353112 
0.361926 0.134057 0.0999201 0.0720534 0.0446856 0.0720534 0.063195 0.152194 0.084785 0.0446856 
0.0558842 0.0499844 0.0353443 0.0499844 0.0558842 0.0790322 0.0249922 0.0499844 0.0706886 0.0499844 
0.02 0.0282843 0 0.0447214 0.0447214 0.08 0.06 0.04 0.0282843 0.04 
0.125466 0.0698951 0.0960617 0.0465968 0.0960617 0.116492 0.0520968 0.0520968 0.0329489 0.0736759 
0.033193 0.023471 0.046942 0.066386 0.033193 0.023471 0.023471 0.033193 0.033193 0.023471 
0.0642658 0.0227214 0.0508066 0.0227214 0.0936828 0.0227214 0.0508066 0.0718514 0.0642658 0.0642658 
0.0915066 0.0289369 0.0868108 0.0868108 0.11931 0.122769 0.0647049 0.0647049 0.0289369 0.11931 
0.149906 0.0556738 0.0835107 0.0622452 0.12449 0.100367 0.0787347 0.0278369 0.139185 0.0393673 
0 0 0.0988876 0.0442239 0.0494438 0.0494438 0.0442239 0.0494438 0.0494438 0.062542 
0.042068 0.0297466 0.0665153 0.0665153 0.0892397 0.0470334 0.0867254 0.021034 0.0470334 0.0665153 
0.0246895 0.078075 0.0740684 0 0.0552073 0.078075 0.078075 0.0246895 0.0740684 0.0552073 
0.115384 0.0677557 0.0214262 0.0958211 0.0214262 0.0958211 0.0303013 0.0677557 0.0428525 0.124935 
0.0593705 0.0593705 0.0593705 0.0593705 0.0265513 0.106205 0.0531025 0.0593705 0.0839625 0.0265513 
0.0262953 0.0788859 0.0788859 0.111562 0.0587981 0.0948091 0.0587981 0.0525906 0.0587981 0.0262953 
0.0518781 0.0820265 0.0580015 0.116003 0.0733667 0.0820265 0.0778171 0.129695 0.0935246 0.0733667 
0.107381 0.0240111 0.0339569 0.0536906 0.140008 0.129304 0.0759299 0.0536906 0.182863 0.0339569 
0.0585206 0.0261712 0.0261712 0.0827606 0.0827606 0.159193 0.0261712 0.0827606 0.0523424 0.0585206 
0.0809266 0.04489 0.022445 0.0634841 0.0925431 0.022445 0.0501886 0.031742 0.0709773 0.0809266 
0.500648 0.0293991 0.178827 0.131477 0.299813 0.207883 0.0881972 0 0.205793 0.12473 
0.0231994 0.0231994 0.0656179 0.139197 0.0695983 0.0328089 0.0518755 0.0231994 0.0518755 0.0463988 
0.0982828 0.138993 0.181224 0.0694964 0.507371 0.133679 0.0439534 0.0491414 0.109883 0.133679 
0.0469776 0.0234888 0.0664364 0.0742781 0.0742781 0.0525226 0.0664364 0.0742781 0.0525226 0.0846901 
0.0860026 0 0.121626 0.224267 0.310087 0.163178 0.135982 1.40002 0.138675 0.192308 
0.0496628 0.0496628 0.0222099 0.157048 0.142213 0.129505 0.0496628 0.0800789 0.16169 0.183147 
0.14022 0.0480951 0.297452 0.0721427 0.122619 0.146276 0.0240476 0.0340084 0.0867047 0.0991507 
0.0307148 0.0307148 0.0651558 0.0895481 0.0307148 0.116958 0.0868744 0.0686803 0.0307148 0.0485643 
0.0618836 0.0489233 0.0218792 0.201716 0.0902101 0.0618836 0.0218792 0.0218792 0.0489233 0.0618836 
0.0786646 0.0746278 0.102566 0.157329 0.133961 0.0995037 0.0786646 0.0497519 0.157329 0.0248759 
0.0491444 0.043956 0.043956 0.0695006 0.0310816 0.043956 0.043956 0.0491444 0.0491444 0.0491444 
0.0672787 0.108484 0.106377 0.106377 0.0638262 0.114571 0.0212754 0.0300879 0.0425508 0.0425508 
0.0656798 0.0696639 0.164199 0.0928852 0.162549 0.0837256 0.0232213 0.125051 0.118406 0.0928852 
0.0299175 0.0668975 0.0872237 0.113922 0.241202 0.123353 0.0473037 0 0.0473037 0.0634645 
0.0704567 0.105031 0.0525153 0.212671 0.187885 0.117428 0.0525153 0.0939423 0.0469711 0.0742679 
0.0265162 0.0265162 0.0592921 0.0374996 0.0956057 0.0265162 0.0374996 0.0592921 0.0838517 0.0956057 
0.0903681 0.022592 0.0814567 0.0505173 0.121662 0.0505173 0.022592 0.0714422 0.0505173 0.1278 
0.0512148 0.0256074 0.0362143 0.0362143 0.0572598 0.0572598 0.0256074 0.0256074 0.0256074 0.0809776 
0.109599 0.0774984 0.220905 0.166667 0.0987915 0.175445 0.159767 0.248116 0.116248 0.122536 
0.45482 0.0581386 0.548478 0.416817 0.372268 0.468728 0.0260004 0.0581386 0.0260004 0.0581386 
0.178468 0.0548161 0.0346688 0.231269 0.122573 0.142943 0.0245145 0.132015 0.0548161 0 
0.0869103 0.0217276 0.175173 0.0783399 0.0783399 0.0921823 0.0869103 0.139124 0.0783399 0.0485844 
0.0688519 0.0459013 0.0725763 0.123593 0.0324571 0.0459013 0.0459013 0.0459013 0.0229506 0.185034 
0.732396 0.178568 0.106478 0.0841779 0.0798582 0.135733 0.0595228 0.159716 0.106478 0.0595228 
0.0841406 0.0735788 0.0816284 0.0204071 0.1443 0.02886 0.0204071 0 0.0204071 0.0645329 
0.0322896 0 0.0228322 0.216605 0.102109 0.0322896 0.0645792 0.0684965 0.0510543 0.114161 
0.0947778 0.0975255 0.0947778 0.0947778 0.123789 0.0828808 0.022987 0.022987 0.102801 0.091948 
0.0467627 0.0209129 0.0209129 0.0467627 0.0754026 0 0.0627387 0.0627387 0.0467627 0.0754026 
0.0875376 0.0767756 0.130744 0.0542885 0.121393 0.0767756 0.0343351 0.0343351 0.0875376 0.0542885 
0.174541 0.0780571 0.0987353 0.0780571 0.0551947 0.0740515 0.0493677 0.174541 0.0349082 0.0246838 
0.0885411 0.0885411 0.0607387 0.0480181 0.0607387 0.0607387 0.0679079 0.0774269 0.0429487 0.0607387 
0.0327473 0.0463117 0.0463117 0.124698 0.0231558 0.0327473 0.0732252 0.213486 0.051778 0.0654946 
0.0689245 0.0229749 0.102747 0.117149 0.32895 0.0947277 0 0.0324913 0.0229749 0.0649827 
0.0600842 0.0380006 0.0268705 0.0849719 0.0760011 0.0268705 0.0600842 0.0760011 0.0268705 0.0760011 
0.172664 0.0602968 0.0539311 0.0602968 0.111182 0.0762701 0 0.038135 0.0602968 0.0602968 
0.0336503 0 0.0532058 0.181212 0.138744 0.106412 0.0336503 0.0713831 0.0237944 0.0336503 
0.0227214 0.0321329 0.0227214 0.0681642 0.115857 0.0321329 0.0321329 0.0321329 0.0508066 0.0227214 
0.0228069 0.0456139 0.0940354 0.161269 0.196193 0.0967616 0.0228069 0.0456139 0.0322539 0.0509978 
0.0820748 0.0580357 0.285498 0.157874 0.737761 0.0519087 0.036705 0.0580357 0.0580357 0.0580357 
0.0483792 0.0611954 0.0305977 0.0483792 0.108179 0.0216358 0.0432717 0.0684186 0.0305977 0.0432717 
0.175987 0.0966948 0.0996708 0.0540541 0.0540541 0.0241737 0.0241737 0.0540541 0.0241737 0.0341868 
0.626319 0.486387 1.07251 0.0491325 0.68257 0.264587 0.155371 0.271343 0.452979 0.208451 
0.119115 0.0952921 0.0532699 0.186064 0.192067 0.0476461 0.10654 0.190584 0.138911 0.0336909 
0.159283 0.0618836 0.069188 0.0788865 0.0309418 0.0218792 0.0618836 0.0618836 0.0489233 0.0489233 
0.167105 0.0229537 0.0513259 0.0324614 0.0725858 0.0513259 0.0725858 0.0459073 0.0229537 0.068861 
0.0776034 0.0245403 0.0694106 0.125132 0.0981614 0.0347053 0.0245403 0.0245403 0 0.0245403 
0.0986191 0.0557874 0.0394477 0.0278937 0.0441038 0.0278937 0.0836811 0.100572 0.0278937 0.0394477 
0.186812 0.0961139 0.0506565 0.0226543 0.128152 0.0453085 0.0679628 0.205143 0.0226543 0 
0.0212766 0.0212766 0.106383 0.0951518 0.12942 0.150448 0.0425532 0.0212766 0.0951518 0.0767139 
0.0573162 0.0256326 0.10875 0.114632 0.179428 0.0810574 0.0573162 0.0573162 0.0573162 0.0573162 
0.0518781 0.0733667 0.0580015 0.157781 0.0820265 0.106949 0.0778171 0.0820265 0.025939 0.0366834 
0.0493827 0.101805 0.125902 0.148148 0.276058 0.101805 0.123457 0.0698377 0.089026 0.0552116 
0.0778466 0.0778466 0.0661569 0.10699 0.0410288 0.0183486 0 0.0550459 0.0259489 0.0820575 
0.0422106 0.0667409 0.0211053 0.0211053 0.13514 0.0870194 0.0211053 0.0422106 0.0471929 0.0471929 
0.0827856 0.0200785 0.0448968 0.0448968 0.0634937 0.0283952 0.0200785 0.0448968 0.0283952 0 
0.0304114 0.0215041 0.0645124 0.0775343 0.0215041 0.0304114 0.0304114 0.0860165 0.0430083 0.0775343 
0.0470101 0.0210235 0.0664823 0.0297318 0.132965 0.0758014 0.0594635 0 0.0470101 0 
0.0407824 0.0455961 0.174222 0.175412 0.22798 0.20795 0.101956 0.767857 0.084075 0.144187 
0 0.12436 0.10255 0.151291 0.149232 0.10255 0.10255 0.12436 0.0556157 0.12436 
0.0665098 0.0743602 0.0525806 0.0525806 0.0847837 0.0743602 0.0743602 0 0.0969539 0.0847837 
0.0229145 0.0324059 0.0724619 0.0458289 0.0687434 0.0512383 0.0229145 0.0687434 0.0826192 0.0724619 
0.105686 0.0810574 0.0512652 0.10875 0.0724999 0.0924197 0.03625 0.0573162 0.0573162 0.0810574 
0.0416463 0.0883452 0.0416463 0.0588968 0.0416463 0.075079 0.046562 0.0624695 0.046562 0.0208232 
0.08992 0.048766 0.048766 0.132658 0.154212 0.0654264 0.0218088 0.0436176 0.048766 0.048766 
0.1202 0.0206142 0.0460947 0.1202 0.0849944 0.0291528 0.0460947 0.0206142 0.0460947 0.0460947 
0.025974 0.0821371 0.0580797 0.107094 0.157994 0.151453 0.0734656 0.025974 0.107094 0.0936507 
0.0253898 0.0802896 0.0507796 0.0359066 0.0253898 0.0567733 0.0253898 0.0567733 0.0802896 0.0253898 
0.104307 0.0715542 0.0252982 0.091214 0.0565685 0.0357771 0 0.0565685 0.0252982 0 
0.0519875 0.0697486 0.0232495 0.0519875 0.0519875 0.0519875 0.0464991 0.139497 0.0464991 0.191721 
0.0751593 0.0237675 0.0751593 0.0531456 0.0336123 0.0531456 0.0531456 0.0475349 0.0531456 0.0751593 
1.38743 0.242536 0.100707 0.242536 0.242536 0.284844 0.0450377 0.100707 0.225189 0.273954 
0.0380521 0.0850871 0.0538138 0.0380521 0.0538138 0.107628 0.0269069 0.0380521 0.0601657 0.0970142 
0.0451639 0.0225819 0.0931077 0.0714104 0.0451639 0.0714104 0.0714104 0.0225819 0.0319357 0.0319357 
0.0473215 0.0529071 0.0748219 0.120647 0.0748219 0.0853101 0.0529071 0.0236608 0.0473215 0.0975559 
0.0561988 0.0628322 0.125664 0.125664 0.119216 0.15132 0.101314 0.0280994 0.0842983 0.15132 
1.00822 0.0535672 0.169394 0.0535672 0.193139 0.11978 0.0378777 0.0598899 0.107134 0.0267836 
0.0570905 0.0638291 0.121107 0.117695 0.0638291 0.0638291 0.0902679 0.0285452 0 0.040369 
0.0558973 0 0.14141 0.0558973 0.106058 0.106058 0.024998 0.0790508 0.024998 0.0749941 
0.0752817 0.0238062 0.202002 0 0.0532322 0.0532322 0.0858343 0.0532322 0.0476123 0.0238062 
0.0743294 0.111494 0.0831028 0.0525588 0.0831028 0.0947518 0.0525588 0.0947518 0.0788382 0.0788382 
0.0879141 0.024383 0.024383 0.024383 0.073149 0.073149 0 0.048766 0.054522 0.0344828 
0.0219199 0.0657596 0.127814 0.361512 0.576622 0.0490143 0.0657596 0.0876795 0.0657596 0.0490143 
0.18752 0.0986794 0.0465179 0.118598 0.164466 0.169328 0.0838614 0.135622 0.0958991 0.0465179 
0.080488 0.0268293 0.0599922 0.080488 0.0848418 0.0379424 0.0379424 0.119984 0.11062 0.0599922 
0.034493 0.0545382 0.154257 0.068986 0.190494 0.034493 0.0771287 0.0545382 0.0243902 0.0545382 
0.0732743 0.0518128 0.095538 0.0518128 0.0463428 0.0835456 0 0.0518128 0.0463428 0.0732743 
0.0471405 0.0235702 0.0745356 0.150923 0.0527046 0.0527046 0.0235702 0.143372 0.0333333 0.0849837 
0.0439534 0.0491414 0.0219767 0.155399 0.0982828 0.0792381 0.0439534 0.0906122 0.0982828 0.0932392 
0.135865 0 0.0376822 0.0266454 0.133227 0.0595808 0.0266454 0.0376822 0.0532907 0.0266454 
0.207045 0.0240685 0.0761111 0.0992368 0.161456 0.0992368 0.0240685 0.0722054 0.0481369 0.0962738 
0.0790184 0.0279372 0.098773 0.100729 0.126491 0.0279372 0.0624695 0.159267 0.0558744 0.0279372 
0.0529976 0.0592531 0.0418983 0.322372 0.246453 0.195625 0.0936873 0.136411 0.0749499 0.151066 
0 0.0307148 0 0.0686803 0.0217186 0.0434372 0 0.0485643 0.116958 0.0434372 
0.100964 0.0403855 0.122828 0.0638551 0.100964 0.0451524 0.0403855 0.0285569 0.0403855 0.0285569 
0.0429993 0.0271952 0.0192299 0.0961494 0.0608102 0.0271952 0.0384598 0.0384598 0.0271952 0 
0.0936507 0.0367328 0.0821371 0.0821371 0.0779221 0.025974 0.0580797 0.0367328 0.103896 0.0367328 
0.535042 0.148394 0.203595 0.0254493 0.148394 0.137049 0.0804778 0.0569064 0.0359908 0.0254493 
0.0313323 0.0495408 0.0626647 0.0664659 0.110777 0.0495408 0.0886212 0.0495408 0.0700612 0.0495408 
0.138813 0.033667 0.1282 0.033667 0.106464 0.0858343 0.0858343 0.313121 0.106464 0.033667 
0.0252922 0 0.161949 0.0505843 0.0758765 0.056555 0.0252922 0.0799808 0.107306 0.0357685 
0.0731653 0 0.0487769 0.0344904 0.0879337 0.077123 0.0243884 0.0731653 0.109068 0.0545342 
0.038731 0 0.0612392 0.109548 0.054774 0.136935 0.027387 0.0774621 0.0612392 0.054774 
0.0428108 0.0302718 0.0428108 0.0856215 0.0605435 0.0957278 0.0302718 0.0676897 0.109146 0.0428108 
0.0731653 0.077123 0.0243884 0 0.0344904 0.124357 0 0.0545342 0.0545342 0.0243884 
0.119679 0.033193 0.0846259 0.033193 0.944981 0.0524828 0.023471 0.023471 0.150288 0.193547 
0.118715 0.0203595 0.0287926 0.0610784 0.0863779 0.0814379 0.0287926 0.101797 0.148219 0.0863779 
0.08984 0.0308148 0.108947 0.158629 0.0924445 0.08984 0.0217894 0.0616297 0.0616297 0.175672 
0.0313786 0.0496139 0.0496139 0.0496139 0.022188 0.022188 0.066564 0.022188 0.08 0.0941357 
0.0303851 0 0.0774671 0.0607702 0.088587 0 0.042971 0.0480431 0.0774671 0.0774671 
0.0444335 0.0314192 0.113284 0.0314192 0.0942576 0.091602 0.0496781 0.0666502 0.0496781 0.0666502 
0.171832 0.019975 0.028249 0.112996 0.0799002 0.0446656 0.028249 0.028249 0.056498 0.019975 
0.0693885 0.0731419 0.0517191 0.0693885 0.146284 0.0231295 0.0231295 0.0517191 0.0731419 0.046259 
0.0229824 0.0459649 0.0828643 0.0229824 0.0513903 0.0975062 0.0229824 0 0.0513903 0.0325021 
0.044941 0.0502455 0.0635561 0 0.044941 0.0635561 0.044941 0.0317781 0.044941 0.0674115 
0.0479877 0.0479877 0.0643823 0.0214608 0.0429215 0.0773779 0 0.0303501 0.0479877 0.0429215 
0.0337268 0.0476968 0.0533267 0.121604 0.0715453 0.0715453 0.0337268 0.0238484 0.0674535 0.0533267 
0.0300624 0.0475329 0.0300624 0.0850294 0 0.0475329 0.0300624 0.0300624 0.0637721 0.0601249 
0.0328532 0.0328532 0.0232307 0.0232307 0.0957826 0.0464614 0.0519454 0.0957826 0.0232307 0.0464614 
0.0464213 0.0293594 0.131299 0.0587189 0.0748522 0.0207603 0.0464213 0.0928427 0.0464213 0.0622808 
0.0314951 0.0704252 0.111352 0.0222704 0.0629902 0.0445408 0.0704252 0.0222704 0.0629902 0.0314951 
0.0539311 0.0269655 0.0269655 0.038135 0 0.0269655 0.0602968 0.0269655 0 0.0602968 
0.160346 0.129657 0.686799 0.0994422 0.421898 0.228933 0.113382 0.0889438 0.183362 0.32831 
0.229944 0.0679205 0.226837 0.0799219 0.173676 0.133203 0.0376755 0.0799219 0.101444 0.114586 
0.0717958 0.0936103 0.0321081 0.0936103 0.0507673 0.0454077 0.113519 0.0818598 0.0321081 0.0507673 
0.0227141 0.0908563 0.11357 0.0818968 0.12849 0.10158 0.10158 0.0507902 0.0718282 0.0718282 
0.279454 0.0558908 0.0558908 0.0883711 0.162948 0.0624878 0.0624878 0.0558908 0.0395208 0.0624878 
0.199019 0.0431733 0.131306 0.19428 0.215866 0.155664 0.0482692 0.0778318 0.0965384 0.116248 
0.0317081 0.0634162 0.0672631 0.022421 0.114325 0.0501349 0.0317081 0.0501349 0.0501349 0.0317081 
0.0545139 0.131287 0.0770943 0.177484 0.0344776 0.124311 0.0545139 0.0487587 0.0879011 0.0975175 
0.147159 0.102781 0.0325021 0.0513903 0.0689473 0.0513903 0.0689473 0.0325021 0.0513903 0.0726768 
0.0278937 0 0.0836811 0.111575 0.142231 0.0623722 0.0394477 0.0394477 0.0278937 0.0278937 
0.0694964 0.0659301 0.0659301 0.0219767 0.155399 0.0879068 0.128145 0.664409 0.0659301 0.0491414 
0.0843649 0.0800356 0.160071 0.150917 0.155561 0.155561 0.059655 0.0843649 0.0961908 0.0961908 
0.0372129 0.052627 0.052627 0.0263135 0.0832106 0.0588388 0.0372129 0.0588388 0.0372129 0.0372129 
0.197568 0.0547955 0.142889 0.0980213 0.221905 0.0774926 0.0774926 0.0980213 0.103967 0.0693115 
0.0846901 0.0664364 0.0846901 0.0742781 0.0704664 0.0234888 0.0525226 0.0664364 0.0846901 0.0664364 
0.0606757 0.0429042 0.027135 0.0858085 0.0959368 0.0858085 0.0858085 0.0978367 0.069181 0.0791115 
0.0770772 0.0689399 0.0545018 0.0243739 0.0545018 0.0545018 0.0545018 0.0770772 0.0545018 0.0731218 
0.0334801 0.0976105 0.0529367 0.0748639 0.138042 0.0473481 0.0853579 0.023674 0.0710221 0.0473481 
0.0427642 0.0427642 0.0478119 0.115146 0.109028 0.0302389 0.0302389 0.0478119 0.0478119 0.0427642 
1.02762 0.0355728 0.0355728 0.0251537 0.135457 0.128259 0.0562455 0 0.0795431 0.103712 
0.122646 0.0481056 0.0537837 0.122646 0.129528 0.0760616 0.0340158 0.0240528 0.0680315 0.0867235 
0.0719764 0.0865049 0.0865049 0.129202 0.0239921 0.053648 0.0989221 0.053648 0.053648 0.03393 
0.0810774 0.0573304 0.0573304 0.114661 0.0512778 0 0.0573304 0.0362589 0.0573304 0.0362589 
0.115537 0.109608 0.0730723 0.150642 0.414166 0.0775049 0.0931493 0.0365362 0.025835 0 
0.0817026 0.038515 0.0272342 0.0272342 0.174384 0.11229 0.0861221 0.0544684 0.038515 0.0608975 
0.116139 0.0387129 0.0612105 0.0273742 0.112867 0.0387129 0.0273742 0.0387129 0.0273742 0.0612105 
0.0475215 0.0531306 0.0856706 0.0712822 0.0751381 0.0672055 0.0237607 0 0.0531306 0.0475215 
0.0816429 0.0365118 0.381194 0.465436 0.400799 0.3596 0.336622 0.670267 0.383808 0.408214 
0.0973674 0.0853968 0.210915 0.0603847 0.0973674 0.0603847 0.0540097 0.0763812 0.0810145 0.0270048 
0.148433 0.123267 0.140546 0.0826898 0.0779607 0.0779607 0 0 0.0389804 0.0275633 
0.358454 0.029768 0.266253 0.119072 0.256074 0.14884 0.029768 0.160305 0.126295 0.126295 
0.05 0.025 0.0353553 0.182003 0.226385 0.176777 0.0559017 0.103078 0.075 0.176777 
0.0948091 0.0237023 0.106 0.106 0.165916 0.120858 0.0237023 0.0749532 0.106 0.13408 
0.0811033 0 0.114697 0.189241 0.0854904 0.157636 0.0270344 0.0382325 0.0764649 0.097474 
0.0611246 0.0386586 0.0611246 0.0820073 0.139386 0.0611246 0.0611246 0.0611246 0.0773172 0.0611246 
0.128757 0.0515026 0.154508 0.0772539 0.0814328 0.0928477 0.0257513 0.0814328 0.0814328 0.0814328 
0.0807207 0.0380521 0.0850871 0.172288 0.137199 0.190261 0.0269069 0.0380521 0.156893 0.120331 
0.0384544 0.0271914 0.0859867 0.108766 0.182405 0.108766 0.0384544 0.0608018 0.14643 0.0543828 
0.0551444 0.0246613 0.143799 0.0551444 0.101681 0.0779859 0.0697527 0.0493226 0.0246613 0.0348764 
0.121442 0.0640053 0.14312 0.0572481 0.11802 0.11802 0 0.0640053 0.0858722 0.0640053 
0.070413 0.117355 0.126395 0.169252 0.033193 0.0995791 0.070413 0.0995791 0.117355 0.136858 
0.0912725 0.0566048 0.0566048 0.0506289 0.0358 0.0506289 0.0506289 0.0566048 0.11321 0.0566048 
0.0542805 0.0542805 0.249926 0.153529 0.184873 0.123779 0.03433 0.06866 0.14565 0.195711 
0.038135 0.0602968 0.217403 0.134828 0.111182 0.0539311 0.0762701 0.0539311 0.0762701 0.0972257 
0.080566 0.080566 0.080566 0.199391 0.040283 0.040283 0.0284844 0.063693 0.0284844 0.0284844 
0.0538655 0.0240894 0.0761774 0.0240894 0.0538655 0.0240894 0.0481788 0.0240894 0.0993231 0.0681351 
0.0592921 0.0592921 0.0956057 0.132581 0.0592921 0.0374996 0.0374996 0.0592921 0.0592921 0.0592921 
0.0961908 0.0266785 0.0377291 0.136034 0.0961908 0.0843649 0.0266785 0.059655 0.0843649 0.0961908 
0.04986 0.0557451 0.0557451 0.0898863 0.02493 0.02493 0.04986 0.0557451 0.0705126 0.02493 
0.109146 0.0605435 0.0957278 0.0605435 0.0957278 0.0302718 0.0302718 0.0957278 0 0 
0.0999808 0.0876889 0.0277297 0.175378 0.223564 0.083189 0.124011 0.235294 0.0392157 0.0277297 
0.0657383 0 0.0881972 0.0831531 0.0657383 0.0657383 0.0293991 0.0881972 0.0293991 0.0415765 
0.0616334 0.0871627 0.123267 0.0616334 0.0389804 0.0389804 0.0993808 0.113646 0.123267 0.113646 
0.07396 0 0.07396 0.0826898 0.03698 0.03698 0.03698 0.0942809 0.03698 0.0826898 
0.0819997 0.038655 0.0819997 0.07731 0.112698 0.0985513 0.0273332 0 0.147194 0.0273332 
0.0886484 0.0280331 0.140165 0.115583 0.22601 0.115583 0.0626839 0.0840993 0.0886484 0.0626839 
0.131704 0.0526818 0.1178 0.0372516 0.0589 0.0949734 0.0263409 0.0372516 0.0372516 0.0589 
0.0730492 0.0653372 0.0952444 0.138601 0.0653372 0.0730492 0.0231002 0.0730492 0.0832888 0.0462003 
0.0919676 0.0570359 0 0.0570359 0.0510144 0.0255072 0.0255072 0.0765216 0.114072 0.0919676 
0.114327 0.0784276 0.0196069 0.0620025 0.083185 0.0588207 0.0620025 0.125545 0.0876847 0.0620025 
0.139916 0.0613572 0.0194028 0.0388057 0.0194028 0.0194028 0.0613572 0.0970142 0.0274398 0.0613572 
0.0357914 0.0357914 0.0253083 0.0253083 0.0565912 0.0357914 0.0253083 0.0506167 0.0506167 0.0357914 
0.0439322 0.0310647 0.112006 0.0878644 0.0694629 0.112006 0.0878644 0.196471 0.124259 0.0878644 
0.0810574 0.0573162 0.128163 0.03625 0.0573162 0.0573162 0.128163 0.0810574 0.10253 0.0256326 
0.104725 0.0246838 0.0551947 0.0780571 0.0889988 0.0493677 0.0246838 0.0698164 0.0740515 0.0246838 
0.0205651 0.0919698 0 0.0411302 0.0741484 0.084792 0.0616952 0.0741484 0.0459849 0.0459849 
0.0566093 0 0.0716057 0.0253165 0.0566093 0 0.0253165 0.0253165 0.0759494 0 
0.0246895 0.0552073 0.0349162 0.049379 0.0890192 0.078075 0.0246895 0.0552073 0.0349162 0.0246895 
0.0355531 0.0355531 0.106659 0 0.0794991 0.0502797 0.0562144 0.090643 0.0562144 0.0502797 
0.826172 0.0792056 0.180617 0.0792056 0.112014 0.158411 0.0354218 0.0792056 0.200376 0.127715 
0.0342871 0.0766683 0.0342871 0.0242447 0.0342871 0.0542127 0.0969786 0.0484893 0.0242447 0.0242447 
0.0228919 0.0723906 0.0723906 0.0228919 0.082538 0 0.0228919 0.0723906 0.0511879 0 
0.76938 0.0311513 0.0696564 0.0908208 0.098509 0.0696564 0 0.112318 0.0660819 0.0881091 
0.0721271 0.034001 0.0240424 0.129472 0.0537603 0.0480847 0.034001 0.0537603 0.0480847 0.0480847 
0.123222 0.069705 0.110213 0.132714 0.143701 0.16532 0.104558 0.0551067 0.101612 0.246444 
0.0226543 0.032038 0.0640759 0.0506565 0.0226543 0.0453085 0.0506565 0.0506565 0.0816811 0.0453085 
0.0227141 0 0.0507902 0 0.138164 0.0454282 0.0227141 0.0227141 0.0908563 0.0642451 
0.0246444 0.0348525 0.110213 0.0246444 0.0888568 0.0551067 0 0.0779326 0.0551067 0.0246444 
0.0680759 0.140342 0.0761111 0.0761111 0.154113 0.08678 0.102114 0.0680759 0.120342 0.0240685 
0.0256074 0.0256074 0.0572598 0.0256074 0.0724286 0.11452 0.0724286 0.0572598 0.0256074 0.105582 
0.0329243 0.073621 0.0839409 0.073621 0.18183 0.220863 0.0520579 0.0839409 0.023281 0.0839409 
0 0.0415945 0.0372033 0.119109 0.171499 0.0930082 0.07892 0.0526134 0.0526134 0.0930082 
0.074144 0.074144 0.108083 0.037072 0.0262139 0.0828955 0.0828955 0.111216 0.0786416 0.117232 
0.056865 0.0254308 0.0508616 0.0508616 0.056865 0.0359646 0.0762924 0.0508616 0.0508616 0.0508616 
0.0538772 0.0681499 0.0868744 0.034075 0.0538772 0.0993447 0.0240946 0.034075 0.0538772 0.034075 
0.0291204 0.0205912 0.0460434 0.110887 0.0920867 0.104995 0.0460434 0.0920867 0.0411824 0.13023 
0.022188 0.0313786 0.0496139 0.0313786 0.044376 0.0627572 0.022188 0.022188 0.0496139 0.0313786 
0.0430108 0.0304132 0.0215054 0.0215054 0.0304132 0.0215054 0.0480875 0.068006 0.0480875 0.0215054 
0 0.0419176 0.0592804 0.0838352 0.0662775 0.0468653 0.0468653 0.0662775 0.0209588 0.0296402 
0.0337268 0.0859867 0.139059 0.0533267 0.0533267 0.10118 0.0953937 0.0953937 0.0859867 0.0476968 
0.0504947 0.0504947 0.0319357 0.201979 0.11291 0.0319357 0.0225819 0.0451639 0.0714104 0.0451639 
0.0339569 0.0990005 0.135828 0.0865734 0.0720334 0.182863 0.120056 0.0865734 0.101871 0.0536906 
0.0232307 0.125101 0.0519454 0.0232307 0.0957826 0.17692 0.0734619 0.0657063 0.0957826 0.0464614 
0.0519139 0.0328332 0.0928664 0.0957245 0.0328332 0.0464332 0.0232166 0.0232166 0.103828 0.0656665 
0.04033 0.0855529 0.020165 0.0450904 0.108592 0.0806601 0.0637674 0.0450904 0.0450904 0.072706 
0.0658348 0.0791235 0.0658348 0.0620696 0.0693959 0.0620696 0.0310348 0.0438898 0.0310348 0.0219449 
0.0229506 0.0513192 0.0513192 0.0229506 0.0946279 0.0513192 0.0459013 0.0229506 0 0.0459013 
0.0280994 0.0397386 0.115857 0.0280994 0.0280994 0.0280994 0 0.0628322 0.0280994 0 
0.0271438 0.0606953 0.0978682 0.0978682 0.0814313 0.0767742 0.0606953 0 0.0978682 0.0858361 
0 0.0340774 0.0340774 0.0240964 0.0538812 0.0481928 0.0538812 0.0538812 0.0240964 0.0240964 
0.0581538 0.0581538 0.027414 0.0193846 0.0612995 0 0.0775385 0.027414 0.0433453 0.054828 
0.0603847 0.0270048 0.162029 0.162029 0.248972 0.181154 0.0270048 0.0381906 0.0603847 0.0540097 
0.0545342 0.121942 0.100556 0.0344904 0.0689809 0.0731653 0.109068 0.0975537 0.0731653 0.0243884 
0.0528664 0.0528664 0.0709277 0.0334357 0.0528664 0.0472852 0.0528664 0.0528664 0.0472852 0.0472852 
0.0580601 0.0367204 0.107058 0.0580601 0.151402 0.107058 0.0259653 0.0580601 0.129826 0.0936191 
0.104862 0.0254329 0.107902 0.170609 0.148298 0.234479 0.0568696 0.0359675 0.127164 0.0508657 
0.103751 0 0.0231994 0.0231994 0.124933 0.0927977 0.0656179 0.0231994 0.0695983 0.0231994 
0.0685994 0.045733 0.114332 0.0228665 0.045733 0.0942809 0.0685994 0.0323381 0.0824463 0.0323381 
0.0524359 0 0.0331633 0.0524359 0.02345 0.0331633 0.0469001 0.0331633 0.0524359 0.02345 
0.0237675 0.0237675 0.0336123 0.150319 0.142605 0.0950698 0.0336123 0.0531456 0.0713024 0.0336123 
0.0415765 0.0657383 0.0415765 0.121215 0.0881972 0.0293991 0.0831531 0.0587981 0.0831531 0.106 
0.0842974 0.0266572 0.0842974 0.0842974 0.0961139 0.0753979 0.0799716 0.0961139 0.113097 0.0596073 
0.031271 0.031271 0.0221119 0.0494438 0.0911698 0.0494438 0.0699241 0.0797257 0.0221119 0.0797257 
0.116492 0.0520968 0.0840035 0.116492 0.118799 0.116492 0 0.0520968 0.0698951 0.0698951 
0.0661461 0.0881948 0.139448 0.141181 0.118736 0.0493024 0.0311816 0.0935447 0.0794977 0.0697241 
0.0551737 0.0246744 0.0780274 0.0348949 0.088965 0.0697899 0.0551737 0.0246744 0.0780274 0.0348949 
0.0797452 0.0840588 0.0531635 0.109599 0.0958418 0.0958418 0.0594386 0.0531635 0.0375923 0.0265817 
0.0366556 0.0518389 0.0366556 0.103678 0.0259194 0.0579576 0.0819645 0.0733112 0.0518389 0.0366556 
0.124912 0.0558624 0.070661 0.0558624 0.0558624 0.0499649 0.0790014 0.0558624 0.111725 0.0900755 
0.0556889 0.0352208 0.0556889 0.102685 0.0897957 0.0556889 0.0556889 0.0704415 0.0498097 0.102685 
0.0555513 0.0351337 0.0895737 0.0895737 0.0555513 0.111103 0.0351337 0.0351337 0.0555513 0.0785614 
0.0602968 0.038135 0.0602968 0.0269655 0.0762701 0.0972257 0.038135 0.0808966 0.0762701 0.038135 
0.0940916 0.0332664 0.0525988 0.0235229 0.0470458 0.0235229 0.0525988 0.0332664 0.0235229 0.0470458 
0.0505843 0.056555 0.0911921 0.056555 0.0758765 0.0357685 0.0357685 0.0252922 0.0252922 0.0357685 
0.299268 0.155582 0.250868 0.110013 0.155582 0.143439 0 0.0347892 0.31503 0.0491993 
0.0263067 0.0744065 0 0.131533 0.0526134 0.0372033 0.0372033 0.0526134 0.0263067 0.0372033 
0.068069 0.0304414 0.192528 0.048132 0.096264 0.096264 0.0304414 0.0215253 0.125513 0.0430506 
0.0252841 0.0357571 0.0715141 0.0505681 0.0565369 0.0799552 0.0357571 0.0565369 0.0565369 0.0758522 
0.0353305 0.0749473 0.0353305 0.0790014 0.0900755 0.070661 0.134535 0.0353305 0.0558624 0.0999298 
0.0941346 0.029768 0.0941346 0.029768 0.126295 0.0841965 0.0420983 0.0595359 0.126295 0.0841965 
0.0356915 0.0564333 0.107075 0.135909 0.126189 0.0798087 0.0564333 0.0504754 0.0564333 0.0564333 
0.0205099 0.0739493 0.0870159 0.0845643 0.0870159 0.102549 0 0.0290053 0.0458614 0.0820394 
0.0538655 0.0761774 0.0481788 0.0538655 0.0240894 0.0340675 0.0681351 0.0340675 0.0240894 0.0240894 
0.0910176 0.0252438 0.126219 0.1428 0.0252438 0.0252438 0.0357001 0.0357001 0.0504875 0.0564467 
0.0757011 0.0957552 0.0957552 0.107058 0.139586 0.122064 0 0.0338546 0.107058 0.139586 
0.0519437 0 0.11615 0.0580748 0.467493 0.0580748 0.0259718 0.0580748 0.0580748 0.0779155 
0.0351799 0.0746278 0.0248759 0.12438 0.0556243 0.0497519 0.0703598 0.12438 0.0703598 0.0556243 
0.0519305 0.0580601 0.0367204 0.0778958 0.0259653 0.0259653 0.0580601 0.0734409 0.0580601 0.0734409 
0.0866296 0.0273947 0.0612564 0.0387419 0.0612564 0.0273947 0.0547894 0.0866296 0.0273947 0.0612564 
0.0487254 0.0785674 0.108953 1.21814 0.139528 0.123267 0.0435814 0.0616334 0.0616334 0.0616334 
0.06935 0 0.0930428 0.06935 0.0310143 0.111824 0.0490379 0.0438608 0.0620285 0.0438608 
0.0871545 0.0551213 0.0993714 0.0389767 0.0551213 0.0389767 0.0275607 0.0616275 0.0275607 0 
0.140103 0.0892986 0.22834 0.105077 0.178597 0.110761 0.0350258 0.110761 0.173369 0.0495339 
0.207406 0.108561 0.442977 0.130725 0.45802 0.189594 0.024275 0.0542805 0.175049 0.147659 
0.0809776 0.0256074 0.0768221 0.108643 0.0768221 0.0768221 0.0256074 0.0724286 0.0512148 0 
0.0422106 0.0422106 0.0895423 0.0596948 0.11939 0.107616 0.0422106 0.0667409 0.149237 0.0596948 
0.0371359 0.0371359 0.0830383 0.052518 0.0371359 0.058717 0.058717 0.0371359 0.026259 0.026259 
1.78706 0.0327473 0.103556 0.166979 0.207112 0.135021 0.103556 0.166979 0.199194 0.0732252 
0.0408376 0.0408376 0.0408376 0.147242 0.0913156 0.144383 0.0577531 0.0645699 0.16335 0.12914 
0.0790508 0.0499961 0.14141 0.0558973 0.0353526 0 0.0790508 0.0499961 0.0707052 0.0790508 
0.0294628 0.0208333 0.0625 0.0625 0.085898 0.0658808 0.0465848 0.0294628 0.104167 0.0208333 
0.0571056 0.09208 0.0510768 0.0255384 0.0510768 0.0510768 0.0807595 0.0255384 0.0361167 0.0361167 
0.065372 0.0584705 0.251491 0 0.170469 0.105409 0.0292353 0.0413449 0.124035 0.0413449 
0 0.0572176 0.080918 0.0572176 0.0922607 0.0723752 0.0361876 0.0572176 0.0361876 0 
0.0787771 0.0830383 0.058717 0.0742717 0.0742717 0.0830383 0.0830383 0.052518 0.0946783 0.0742717 
0.0340379 0.0340379 0.0340379 0.0538187 0.0340379 0.0340379 0.0340379 0.0240685 0.0240685 0.0481369 
0.0751381 0.0336028 0.0237607 0.138548 0.0336028 0.0531306 0.0237607 0.0237607 0.106261 0.0336028 
0.0266572 0.0596073 0.0266572 0.10991 0.0753979 0.0266572 0.0266572 0.0799716 0.0842974 0.0533144 
0.0508164 0.0321391 0.128557 0.0819391 0.0964174 0.113629 0.0227258 0.0227258 0.101633 0.0321391 
0.0480625 0.0214942 0.0774984 0.0480625 0.0480625 0.109599 0.0774984 0.0607948 0 0.0303974 
0.0325021 0.0919297 0.0325021 0.0229824 0.0325021 0.0689473 0.0513903 0.0726768 0.0229824 0.0229824 
0.0604343 0.137811 0.027027 0 0.038222 0.076444 0.038222 0.027027 0.0604343 0.027027 
0.0981553 0.033667 0.033667 0.0752817 0.0532322 0.033667 0 0.0752817 0.033667 0 
0.07832 0.07832 0.123835 0.0743009 0.0700516 0.110761 0.024767 0.0495339 0.0743009 0.0553806 
0.0712822 0.0237607 0.0856706 0.138548 0.0531306 0.0531306 0.0237607 0.0336028 0.0531306 0.0531306 
0.171499 0.114332 0.051131 0.0255655 0.0723101 0.0361551 0.155509 0.114332 0.0255655 0.0361551 
0.199126 0.0629691 0 0.140803 0.101535 0.116109 0.0281606 0.116109 0.101535 0.116109 
0.126572 0.0566048 0.126572 0.0566048 0.0566048 0.0506289 0.0716 0.0566048 0.101258 0 
0.0485071 0.0685994 0.0685994 0.0306786 0.0894427 0.108465 0.021693 0.0650791 0.0306786 0.0894427 
0.047801 0.0213772 0.0676007 0.0676007 0.060464 0.030232 0 0.047801 0.0427545 0 
0.0340675 0.0340675 0.0340675 0.0993231 0.0538655 0.0538655 0.0240894 0.0240894 0.0681351 0.0681351 
0.0474046 0.0335201 0.0529999 0 0.0749532 0.0749532 0.0529999 0.0237023 0 0.0711068 
0.0428353 0.0214176 0.115338 0.0478913 0.0772224 0.0772224 0.0428353 0.0957826 0.0478913 0.0605782 
0.0757554 0.023956 0.0535672 0.0677577 0.0718679 0.0718679 0.0677577 0.0338788 0.0479119 0.0757554 
0.0807792 0.0224041 0.0923746 0.0708481 0.0448083 0.0500972 0.0316842 0.0224041 0.0316842 0.0708481 
0.621151 0.0970075 0.0332733 0.119969 0 0.0235278 0.0526097 0.0526097 0.0332733 0.0970075 
0.0695626 0.0245941 0.1496 0.0347813 0.0245941 0.0245941 0.0549941 0.109988 0.0737823 0.0491882 
0.12499 0.0353526 0.024998 0.024998 0.0790508 0.0499961 0.0353526 0.14141 0.0749941 0.10307 
0.0710869 0.0670213 0.0749321 0.0670213 0.0473912 0 0.0236956 0.0236956 0.052985 0.0236956 
0.0963987 0.101613 0 0.0681642 0.0819232 0.0642658 0.113607 0.113607 0.0936828 0.101613 
0.17332 0.030639 0.156229 0.12999 0.17332 0.0919169 0.0685108 0.178654 0.0685108 0.126328 
0.0491993 0.0550065 0.0695784 0.0347892 0.0347892 0.0491993 0 0 0.0491993 0.0245997 
0.0340379 0.0722054 0.0680759 0.0340379 0.0481369 0.0992368 0.0538187 0.0340379 0.0340379 0.0538187 
0.0689837 0.0727153 0.11725 0.13408 0.0514175 0.0727153 0.0229946 0.0459892 0.11725 0.0325193 
0.0771058 0.073149 0.024383 0.024383 0.054522 0.024383 0.073149 0.0771058 0.048766 0.0344828 
0.0819191 0.0819191 0.0444269 0.028098 0.0561961 0.0198683 0.101309 0.14049 0.0716362 0.0993416 
0.803553 0.100444 0.0243613 0.0544735 0.034452 0.0544735 0.0878358 0.0878358 0.0243613 0.0544735 
0.0728357 0.0830455 0.0460653 0.0949661 0.0728357 0.0651462 0.0515026 0.0230327 0.0325731 0.0460653 
0.0787687 0.0617913 0.117647 0.0308956 0.0900755 0.0218465 0.0900755 0 0.0308956 0.0617913 
0.0507379 0.0717542 0.068072 0.0320895 0.0507379 0.0453814 0.0226907 0.0641789 0.0818124 0.0226907 
0 0.0681499 0.0538772 0.0481893 0.0993447 0.0240946 0.0538772 0.0481893 0.034075 0.0481893 
0.0453983 0.103524 0.0287124 0.0642029 0.0406055 0.0453983 0.0837103 0 0.0287124 0.0837103 
0.0672631 0.120741 0.044842 0.022421 0.022421 0 0.112105 0.0951243 0.0634162 0.022421 
0.0319744 0.0815191 0.0226093 0.071497 0 0.0452187 0 0.0319744 0.0226093 0.071497 
0.103045 0.0749766 0.0558842 0.134587 0.0499844 0.0249922 0.0901106 0.111768 0.106033 0.0558842 
0.0224027 0.0224027 0.0448054 0.120642 0.120642 0.050094 0.0224027 0 0.050094 0.112014 
0.0694675 0.0231558 0 0.0982419 0.0982419 0.0982419 0.0463117 0.0463117 0.0834896 0.103556 
0.0602968 0.0269655 0.114405 0.114405 0.0269655 0.038135 0.0269655 0.194451 0.0602968 0.120594 
0.098773 0.023281 0.0959901 0.073621 0.104116 0.13575 0.0658486 0.0520579 0.11871 0.069843 
0.0885181 0.0885181 0.100926 0.142731 0.0559838 0.100926 0.115413 0.0839757 0 0.0279919 
0.14834 0.110566 0.0891415 0.0552832 0.0494468 0.0552832 0.0781823 0.0781823 0.0552832 0.0349642 
0.20827 0.145265 0.099824 0.0242109 0.099824 0.0242109 0.0765615 0.0242109 0.0242109 0.0765615 
0.0897913 0.031746 0.031746 0.0952381 0.0897913 0.0709863 0.0634921 0.0634921 0.10039 0.031746 
0.0604287 0 0.0382185 0.0270246 0.0854592 0 0.0270246 0.0382185 0.0604287 0.0854592 
0.0538772 0.0240946 0.0722839 0.120473 0.034075 0.0240946 0.0868744 0.034075 0.0868744 0.0761939 
0.0243884 0.0545342 0.0243884 0.0545342 0.0243884 0.0243884 0 0.0545342 0.0731653 0.0879337 
0 0.0696205 0.15761 0.0778381 0.0348103 0.0696205 0.0887491 0.0550398 0.0348103 0.0492291 
0.0241034 0.0340873 0.0241034 0.335721 0.0964135 0.0681747 0.086906 0.146615 0.0538968 0.129801 
0.031742 0.08978 0.0501886 0.100377 0.0952261 0.0925431 0.0501886 0.022445 0.031742 0 
0.106886 0.0770767 0.047801 0.109003 0.030232 0.0676007 0.0427545 0.109003 0.0855089 0.060464 
0.0657374 0.0232417 0.0837991 0.05197 0.0328687 0.0734966 0.05197 0.0986061 0.05197 0 
0.803041 0.0876993 0.0876993 0.0243234 0.239558 0.209238 0 0.0876993 0.217555 0.196102 
0.0528655 0.0953046 0.0747631 0.0264327 0.108985 0.0792982 0.0373815 0.0373815 0.0373815 0.0591054 
0.263523 0.0235702 0.0745356 0.0333333 0.0942809 0.117851 0.0333333 0.0333333 0.166667 0.143372 
0.0897524 0.0598349 0.0473037 0.199574 0.0634645 0.107869 0.0211548 0.0598349 0.0299175 0.0473037 
0.0367328 0.025974 0.0367328 0.0580797 0.0936507 0.12987 0.025974 0 0.0580797 0.0580797 
0.0310741 0.0905958 0.0694838 0.0219727 0.0219727 0.202578 0.0439454 0.0439454 0.0310741 0.0659181 
0.0263844 0.0263844 0.0834348 0.0527688 0.0589973 0.0589973 0.0373132 0.0951303 0.0589973 0.0373132 
0.0242447 0.0484893 0.0999633 0.0542127 0.0542127 0.072734 0.0242447 0.0484893 0 0.0242447 
0.0791532 0.0263844 0.0951303 0.0263844 0.108786 0.0527688 0.0589973 0.108786 0.0834348 0.0373132 
0.127396 0.0353333 0.111734 0.134545 0.206027 0.149906 0 0.0558668 0.103013 0.0790076 
0.0572598 0.0256074 0.0572598 0.105582 0.10243 0.0923287 0.0256074 0.0512148 0.184657 0.108643 
0.068002 0 0.107521 0 0.175031 0.0991292 0.034001 0.0537603 0.0760286 0.0537603 
0.0809776 0.0256074 0.0768221 0.0809776 0.105582 0.105582 0.0362143 0.0362143 0.0724286 0.0768221 
0.0373587 0.0835366 0.0264166 0.0835366 0.0590693 0.0528332 0.0835366 0.108918 0.0590693 0.0792498 
0.0294484 0.0294484 0.093124 0.0294484 0.0624695 0.0294484 0.046562 0.196445 0.0624695 0.0588968 
0.0246239 0.0246239 0.174117 0.0984956 0.110121 0.123119 0.0550607 0.0778676 0.0778676 0.0778676 
0.128358 0.0507379 0.0226907 0 0.113453 0.068072 0.0320895 0.068072 0.068072 0.0641789 
0.0739333 0 0.0348525 0.0739333 0.0779326 0.0888568 0.0348525 0.0888568 0.0739333 0.0492889 
0.0276818 0.039148 0.0618984 0.0553637 0.0276818 0.0618984 0.123797 0.0998082 0 0.0276818 
0.0726326 0.0242109 0.0242109 0.0484218 0.0726326 0.0684787 0.0242109 0.108274 0.0484218 0.0872936 
0.0487769 0.0243884 0.0344904 0.0545342 0.0545342 0.0879337 0.0344904 0.0344904 0.0243884 0.077123 
0.0594964 0.0266076 0.0532152 0.112887 0.0266076 0.135673 0.0594964 0.0841406 0.0841406 0.0959351 
0.0353443 0.0558842 0.0706886 0.0499844 0.0249922 0.0790322 0.0353443 0.0499844 0.0249922 0 
0.112643 0.0563213 0.125938 0.112643 0.142483 0.0503753 0.0251876 0.0251876 0.0251876 0.0356207 
0.0362589 0.0256389 0.0573304 0.0256389 0.0573304 0.0573304 0.0725178 0 0.0362589 0.0362589 
0.0229749 0.097474 0.0513733 0.082837 0.0689245 0.0459497 0.0459497 0.0513733 0.0513733 0.0513733 
0.0229749 0.0229749 0.0324913 0.0726529 0.0459497 0.0649827 0 0.0229749 0.0229749 0.0229749 
0.0492478 0.0550607 0.123119 0.0738717 0.0348234 0.125558 0.0696469 0.18753 0.0778676 0.0550607 
0.124524 0.0249048 0.0249048 0.0556889 0.102685 0.0897957 0.0498097 0.0556889 0.0498097 0.0249048 
0.0623783 0.0207928 0.083171 0.0415855 0.145549 0.0294054 0.046494 0 0.103964 0.0415855 
0.0546664 0.038655 0.0985513 0.07731 0.175018 0.0985513 0.0546664 0.0611189 0.0546664 0 
0.0524106 0.0741198 0.13259 0.0331474 0 0.0234388 0.0703163 0.0234388 0.0524106 0.0524106 
0.0648476 0.0820265 0.0648476 0.147875 0.145004 0.124737 0.0739377 0.0648476 0.0648476 0.104564 
0 0.0531635 0.0840588 0.0531635 0.0375923 0.0375923 0.0375923 0 0.0531635 0.0375923 
0.0786524 0.0786524 0.0896776 0.0556157 0.0497442 0 0.0786524 0.12436 0 0.0248721 
0.09767 0.0545992 0.122087 0.0545992 0.15443 0.0772149 0.0545992 0.0244175 0.0345316 0.0690631 
1.03028 0.493071 0.109209 0.0428353 0.135457 0.128506 0.184242 0.364729 0.244199 0.128506 
0.0656807 0.0789384 0.0309622 0 0.0218936 0.0218936 0.0979111 0.0309622 0.0656807 0.0489555 
0.118072 0.0327473 0.115779 0.0694675 0.0926234 0.051778 0.0327473 0.051778 0.0982419 0.051778 
0.833993 0.0556243 0.25 0.0896914 0.404951 0.0746278 0.0351799 0.10554 0.102566 0.0248759 
0.163311 0.0544371 0.0344291 0.0344291 0.100377 0.0544371 0.0486901 0.0544371 0.0688581 0.0544371 
0.0638262 0.0475732 0.114571 0.120352 0.200712 0.162029 0.0300879 0.0902638 0.183018 0.0877207 
0.057687 0.0515968 0.0257984 0.0930174 0.057687 0.057687 0.057687 0.0364844 0.0815817 0 
0.471032 0.328895 0.179924 0.0628322 0.213999 0.125664 0.251329 0.365292 0.366372 0.231714 
0.0827856 0.0803138 0.0401569 0.0602354 0.108126 0.0200785 0.0401569 0.0602354 0.10238 0.0567905 
0 0.0386154 0.0386154 0.20795 0.198785 0.0273052 0.0610562 0.0610562 0.112582 0.0386154 
0.0644826 0.0644826 0.0644826 0.173025 0.144187 0.0911921 0.057675 0.144187 0.0815647 0.103975 
0.164061 0.105643 0.0572927 0.0512442 0.0362351 0 0.0810241 0.0724702 0.0362351 0 
0.0895772 0.0283268 0.0801203 0.0801203 0.0283268 0.0283268 0.0801203 0.0566536 0.102134 0.0801203 
0.0273052 0.0386154 0.057923 0.0965384 0.0610562 0.103975 0.0273052 0.0273052 0.0546104 0.0386154 
0.0686924 0.0686924 0.0921606 0.0485729 0.0686924 0.0971458 0.0651674 0.0307202 0.0485729 0.0614404 
0.148047 0.0702247 0.201365 0.0523424 0.148047 0.117041 0.0468165 0.0468165 0.119359 0.0331042 
0.0339569 0.0339569 0.0536906 0.0240111 0.0536906 0.0720334 0.0240111 0.0240111 0.0339569 0.0339569 
0.04986 0.0557451 0.0557451 0 0 0.0557451 0.02493 0.02493 0.0557451 0.0352563 
0.0285452 0.0285452 0.0856357 0.0570905 0.114181 0.0285452 0.0807381 0.0285452 0.0638291 0.040369 
0.0761694 0.0359066 0.251346 0.126949 0.240869 0.15444 0.0567733 0.126949 0.0567733 0.0802896 
0.0396955 0.0396955 0.028069 0.101204 0.140345 0.0561379 0.028069 0.079391 0.0396955 0.028069 
0.0717958 0.101535 0.0227038 0.0642161 0.0321081 0.0642161 0.0507673 0.0454077 0.0507673 0.0507673 
0.0327013 0.0327013 0.0327013 0.0731224 0.0731224 0.0833723 0.0231233 0.0462466 0.0517053 0.0654026 
0.0807207 0.0269069 0.0601657 0.0601657 0.21693 0.0970142 0.0850871 0.0970142 0.0850871 0.0807207 
0.0556738 0.0835107 0.12449 0.114775 0.0278369 0.088028 0.114775 0.0622452 0.088028 0.100367 
0.102029 0.0255072 0.0919676 0.0255072 0.0570359 0.0570359 0.0570359 0.0570359 0.0510144 0.0765216 
0.0496781 0.0702555 0.0993563 0.129545 0.0444335 0.0496781 0.0222167 0.0222167 0.0888669 0.0222167 
0.0505843 0.0758765 0.0799808 0.147477 0.159962 0.11311 0.0799808 0.161949 0.177045 0.0252922 
0.0235229 0.0235229 0.210395 0.0969874 0.223158 0.084813 0.0332664 0.0705687 0.0235229 0.0525988 
0.0251876 0.0563213 0.0563213 0.0251876 0.0563213 0.0356207 0 0.0796503 0.0251876 0.0356207 
0.154702 0.154702 0.0359675 0 0.129683 0.0254329 0.0804258 0.0804258 0.0568696 0.0568696 
0 0.109231 0.0976991 0.0488496 0.0976991 0 0.0488496 0.0732743 0.0772379 0.0546155 
0.0512778 0.0256389 0.0256389 0.0573304 0.105712 0.0573304 0.0362589 0.0512778 0.0362589 0.0573304 
0.0584206 0.0584206 0.140695 0.184742 0.13322 0.13322 0.13322 0.175262 0.107722 0.130632 
0.100298 0.0354608 0.127856 0.0250746 0.135031 0.0792927 0.0250746 0.0354608 0.100298 0.0501491 
0.0863466 0.0863466 0.0863466 0.0305281 0.0431733 0.0778318 0.0778318 0.0215866 0.0305281 0.0482692 
0.0650791 0 0.0650791 0.131954 0.021693 0.0485071 0.0685994 0.131954 0.0650791 0.0970143 
0.0548739 0.0245403 0.0490807 0.0347053 0.0776034 0.0490807 0.0347053 0.0548739 0.0245403 0.073621 
0.0272671 0.0609711 0.136335 0.0862261 0.0609711 0.0385615 0.0272671 0.0545342 0.0385615 0.0545342 
0.0853579 0 0.167401 0.105873 0.105873 0.127489 0.0529367 0.023674 0.165718 0.0748639 
0.0224027 0.0224027 0.0316822 0.0633645 0.0316822 0.0448054 0.0224027 0.050094 0 0.0316822 
0.0777029 0.0549442 0.0245718 0.0491436 0.0694996 0.0694996 0.0347498 0.0549442 0.0245718 0.125292 
0.0324571 0.0324571 0.0459013 0.0324571 0.0513192 0.0324571 0.0229506 0.0324571 0.0649142 0.0324571 
0.0841406 0 0.109896 0.104056 0.0841406 0.05772 0.02886 0.0204071 0.102036 0.0645329 
0.0434552 0.0217276 0.0485844 0.0783399 0.0485844 0.0687087 0.0217276 0.0217276 0 0.0651827 
0.199546 0.0470334 0.148733 0.151678 0.042068 0.118986 0.042068 0.27425 0.0758391 0.118986 
0.0819645 0.0259194 0.103678 0.0777583 0.197397 0.197397 0.0777583 0.0259194 0.157662 0.0819645 
0.0420471 0 0.0297318 0.0758014 0.0210235 0.0866822 0.0470101 0.0594635 0.0758014 0.0470101 
0.0445408 0.0314951 0.0497981 0 0.0629902 0.0222704 0.0314951 0.080297 0 0 
0.0612779 0.030639 0.11047 0.0685108 0.0685108 0.030639 0.0433301 0.0919169 0.0685108 0.11047 
0.0612105 0.0547483 0.0387129 0.0612105 0.0273742 0.0273742 0.0865647 0.0612105 0.0387129 0.0612105 
0.0552116 0.0552116 0.0493827 0.0246914 0.0246914 0.0246914 0.0246914 0.0493827 0.0552116 0.089026 
0.0497211 0.022236 0.0444719 0.0916812 0.0667079 0.022236 0.0703163 0.0628928 0.0497211 0 
0.0827497 0.0725763 0.0918025 0.0513192 0.0324571 0.0513192 0.0459013 0.0513192 0.0229506 0.0229506 
0.173705 0.0403855 0.153783 0.0403855 0.0571137 0.0403855 0.0903047 0.0638551 0.0638551 0.102963 
0.0353526 0.0353526 0.0901317 0.111795 0.0558973 0.12499 0.024998 0 0.0558973 0.0499961 
0.0269484 0.0852183 0.0602585 0.157135 0.0381108 0.0538968 0.0602585 0.0602585 0 0.0602585 
0.0779326 0.0888568 0.125663 0.0551067 0.0551067 0.0246444 0.0779326 0.0779326 0.0348525 0.0246444 
0.0268293 0.0536587 0.163196 0.0536587 0.134147 0.0758848 0 0.0268293 0 0.0848418 
0.0693115 0.0883552 0.103967 0.0490106 0.0883552 0.0490106 0.0490106 0.0346557 0.0774926 0.0547955 
0.021693 0.0485071 0.0782154 0.0433861 0.0306786 0.0613572 0.0685994 0.021693 0.0485071 0 
0.0952489 0.0212983 0.0301203 0.0476245 0.0476245 0.0673511 0.0212983 0.0301203 0.0476245 0.0878151 
0.0266572 0.037699 0.106629 0.10991 0.0596073 0.0596073 0.0596073 0.0596073 0.037699 0.0533144 
0.0362589 0.0573304 0.0256389 0.0769168 0.0362589 0.0362589 0.0725178 0.0256389 0.0512778 0.0573304 
0.0243252 0.0486504 0.121626 0.0543928 0.0543928 0.0543928 0.0486504 0.0243252 0.034401 0.0543928 
0.0967345 0.0599922 0.0599922 0.0379424 0.0967345 0.0268293 0.0268293 0.0599922 0.0379424 0.0848418 
0.0309307 0.0901777 0.0691632 0.0618614 0.0489058 0.0874853 0.0901777 0.157716 0.109357 0.146717 
0.117695 0.040369 0.0856357 0.0638291 0.145553 0.0570905 0.0807381 0.127658 0.0285452 0.0638291 
0.0993808 0.0389804 0.0993808 0.0389804 0.0616334 0.0779607 0.0389804 0.0551266 0.0616334 0.110253 
0.709118 0.0460379 0.117374 0.161133 0.0949095 0.102944 0.0514719 0.0230189 0.082996 0.082996 
0.0696921 0.118454 0.0519454 0.103891 0.0328532 0.0328532 0.0957826 0.0957826 0.0696921 0.0328532 
0.0334357 0.0528664 0.0852445 0.0528664 0.0472852 0.0334357 0.0236426 0.0528664 0.0974808 0.0472852 
0.0523819 0.0662584 0.0331292 0.0331292 0.0468518 0.119449 0.0234259 0.0844632 0.0844632 0.0468518 
0.031748 0.0448985 0.0224492 0.0224492 0.0809419 0.0709908 0.0448985 0.0709908 0.114469 0 
0.0789474 0.0263158 0.0372161 0.0832178 0.191582 0.0526316 0.0588439 0.108503 0.0526316 0.0263158 
0.031762 0.0449183 0.0449183 0.0224592 0.0710221 0.0502202 0.0710221 0.130958 0.11452 0.0635241 
0.0321081 0 0.0321081 0.0936103 0.0936103 0.0321081 0.0227038 0.440829 0.0454077 0.0321081 
0.0826898 0.0458681 0.0826898 0.116941 0.0917361 0.11467 0.0458681 0.0725238 0.0512821 0.102564 
0.053648 0.0239921 0.053648 0.0479843 0.03393 0.0239921 0.0479843 0.0865049 0.0479843 0.0479843 
0.0479119 0.0535672 0.123321 0.061076 0.0677577 0.0863744 0.0757554 1.21067 0.0912216 0.023956 
0.0469776 0.0469776 0.0469776 0 0.0469776 0 0 0.0234888 0.0234888 0.0469776 
0.0219767 0.0694964 0.0491414 0.0310797 0.0491414 0.0219767 0.0792381 0.0906122 0.0792381 0.0491414 
0.024345 0.0973801 0.0486901 0.0544371 0.0769857 0.0730351 0.024345 0.131102 0.024345 0.0544371 
0.0729756 0.0486504 0.0769231 0.0769231 0.0877058 0.034401 0.0688021 0.0543928 0.0243252 0.0543928 
0.0212574 0 0.0212574 0.0212574 0 0.0300624 0.0425147 0.114474 0.0300624 0.0425147 
0.134265 0.0447549 0.0707638 0.0949396 0.0316465 0.0316465 0.0316465 0.114103 0.0316465 0.0707638 
0.102242 0.0495948 0.204485 0.0554487 0.0991896 0.0701377 0.0743922 0.0784163 0.0350688 0.102242 
0.0297977 0.0666297 0.0842806 0.0421403 0.148988 0.0297977 0 0.0595954 0.0421403 0.0595954 
0.0474046 0 0.0529999 0.0335201 0.0237023 0.0237023 0.0335201 0.120858 0.0749532 0.149906 
0.0248721 0.0248721 0.0556157 0.166847 0.0497442 0.0746162 0.0556157 0.10255 0.0556157 0.126823 
0.0578702 0.0366003 0.077641 0.0578702 0.0258803 0.0578702 0.0578702 0.0366003 0.0258803 0.0578702 
0.0551444 0.0348764 0.0348764 0.0246613 0.101681 0.0246613 0.0246613 0.0246613 0 0.0551444 
0 0.0332756 0.0526134 0.0235294 0.0470588 0.0470588 0 0.0332756 0.0470588 0.0526134 
0.155459 0.0542885 0.0542885 0.0767756 0.123797 0.100103 0 0.0767756 0.108577 0.0542885 
0.0353277 0.0353277 0.049961 0.102997 0.0789953 0.0558581 0.0353277 0.0558581 0.0249805 0.0249805 
0.0254308 0.0254308 0.0508616 0.0804193 0.056865 0.0254308 0.0359646 0.0762924 0.0719292 0.0916921 
0.0235702 0.0235702 0.0235702 0.0666667 0.0235702 0.0235702 0.0333333 0.0527046 0.0527046 0 
0.0245053 0.0547955 0.0346557 0.0490106 0.0693115 0.0245053 0.0490106 0.0245053 0.0346557 0.0346557 
0.0317781 0.0224705 0.121007 0.044941 0.127112 0.0710579 0.0810185 0.0317781 0.100491 0.0224705 
0.02493 0.0352563 0.02493 0.0352563 0.0557451 0.0557451 0.0705126 0.0352563 0.0352563 0.04986 
0 0 0.108937 0.0861221 0.192575 0.038515 0.0608975 0 0.0272342 0.038515 
0.137095 0.0204369 0.0456983 0.210411 0.155643 0.148783 0.0578043 0.110056 0.0646272 0.173413 
0.129528 0.0991722 0.241727 0.0240528 0.19392 0.107567 0.0760616 0.0481056 0.0991722 0.0537837 
0.0224365 0.0448731 0.0951901 0.0501696 0.16334 0.0448731 0.0224365 0.0224365 0.114404 0.0224365 
0.0922259 0.0614839 0.0652135 0.0922259 0.0486073 0.0486073 0.0783769 0.0614839 0 0.0614839 
0.201517 0.0624878 0.0624878 0.0790415 0.218261 0.238766 0.111782 1.23751 0.308667 0.263636 
0.10677 0.0517911 0.10677 0.132042 0.231617 0.173712 0.0818888 0.909667 0.234494 0.245667 
0.0661324 0.0935254 0.0591506 0.0209129 0.0418258 0.0661324 0.0591506 0.0295753 0.0209129 0.0418258 
0.0749203 0.0592297 0.154452 0.105953 0.142644 0.132442 0.0374601 0.0592297 0.0264883 0.105953 
0.063693 0 0.0450377 0.0318465 0.136977 0.0900755 0 0.0318465 0.0450377 0 
0.139768 0.0259543 0.0519087 0.0259543 0 0.0580357 0.077863 0.0259543 0 0.0580357 
0.133918 0.0535672 0.0378777 0.0267836 0.0267836 0.0267836 0.0267836 0.0965696 0.0378777 0.0378777 
0.303263 0.0352536 0.0557408 0.134242 0.0788294 0.0557408 0.105761 0.024928 0.024928 0.0498561 
0.275221 0.0603462 0.157364 0.0539753 0.164159 0.134938 0.0539753 0.161926 0.134938 0.0381663 
0.391856 0.175243 0.149214 0.0391856 0.099904 0.0831251 0.099904 0.20172 0.117557 0.123916 
0.0642451 0.0227141 0.0454282 0.0507902 0.145441 0.0507902 0.0321226 0.0507902 0.0642451 0.0507902 
0.0459892 0.0325193 0.0829081 0.0689837 0.0727153 0.0459892 0.0325193 0.0229946 0.0229946 0.0229946 
0.0208232 0.046562 0.046562 0.046562 0.0624695 0.046562 0.0658486 0.0832927 0.046562 0.0658486 
0.0249688 0.0789583 0.055832 0.111664 0.0499376 0.0249688 0.0499376 0.0249688 0.0353112 0.0249688 
0.0264512 0.0591468 0.118294 0.154236 0.0748154 0.0374077 0.142444 0.236587 0.105805 0.0529025 
0.129652 0.073342 0.0934931 0.132219 0.115964 0.077791 0.0518607 0.057982 0.0934931 0.0819989 
0.0793285 0.088692 0.0627147 0.112188 0.0560938 0.0560938 0.0280469 0.0627147 0.0396643 0.0280469 
0.666837 0.779649 0.100989 0.364123 0.180655 0.372431 0.0451639 0.225819 0.201979 0.230291 
0.0470588 0 0.313922 0.286248 0.646096 0.0470588 0.0332756 0.0235294 0.105227 0.117647 
0.0235034 0.0525552 0.0847427 0.0470068 0.119844 0.0940136 0.0470068 0.0743243 0.0525552 0.0847427 
0.0346688 0.0883883 0.0245145 0.122573 0.0693375 0 0.049029 0.0245145 0.0548161 0.0245145 
0.0538655 0.0240894 0.13627 0.0240894 0.102203 0.0340675 0.0240894 0.0761774 0.0538655 0.0538655 
0.0846971 0 0.0803507 0.0846971 0.0378777 0.0267836 0.0535672 0.0846971 0.0965696 0.0535672 
0 0.0260909 0.140504 0.0368981 0.107576 0.0368981 0.058341 0.0521818 0.0368981 0 
0.0366003 0.0517607 0.0578702 0.13937 0.0818408 0.106707 0.0366003 0.0818408 0.0366003 0.0732007 
0.0842974 0.0266572 0.0266572 0.0961139 0.10991 0 0.0266572 0.0266572 0.037699 0.037699 
0.0826898 0.0458681 0.0648672 0.0324336 0.0324336 0.0458681 0.022934 0.0324336 0.0512821 0.0512821 
0.0688519 0.0324571 0.0513192 0.0649142 0.3062 0.0324571 0.0229506 0.0229506 0.0324571 0.0649142 
0.0778735 0.0492515 0.0887894 0.0550649 0.0887894 0.0778735 0.0696522 0.0246258 0.0778735 0.0887894 
0.0565685 0.0565685 0.126491 0.126491 0.0357771 0.0565685 0.0357771 0.0252982 0.104307 0.08 
0.0538812 0.0240964 0.154292 0.0681549 0.129763 0.107762 0.0761995 0.0963855 0.0538812 0.0538812 
0.028824 0.101908 0.0455748 0.0455748 0.0455748 0.057648 0.103926 0.0455748 0.0644524 0.061145 
0.0523819 0.0662584 0.0331292 0.0702777 0.0662584 0.0468518 0.0662584 0.0468518 0.0523819 0.0331292 
0.0222003 0.0222003 0.0800443 0.062792 0.1132 0.031396 0.0222003 0.031396 0.031396 0.031396 
0.0453814 0.0226907 0.0507379 0.0507379 0.0226907 0.0507379 0.0226907 0.0507379 0.0226907 0.0717542 
0.0473593 0.0473593 0.0299527 0.0599053 0.0473593 0.0299527 0.0669762 0.0473593 0.0635392 0.0635392 
0.0465968 0.0465968 0.0960617 0.0329489 0.15629 0.0960617 0.0658978 0.0329489 0.0931935 0.0520968 
0.0518389 0.0518389 0.0934539 0.0518389 0.0579576 0.0819645 0.0819645 0.0259194 0.0579576 0.0579576 
0.798857 0.028069 0.125528 0.140345 0.115731 0.0887619 0.0842069 0.140345 0.143124 0.0561379 
0.0467972 0.0467972 0.0843649 0.0233986 0.0523209 0.0330906 0.0467972 0.0523209 0.0739929 0.096475 
0.0566048 0.0566048 0.0800512 0.0253144 0.0912725 0.0759433 0.0566048 0.0566048 0.104374 0.0253144 
0.0558624 0.0558624 0.0558624 0.0249824 0.0558624 0.0353305 0.0558624 0.0558624 0.0353305 0.0790014 
0.128831 0.0757977 0.0505318 0.104174 0.126329 0.153686 0.0357314 0.0798978 0.0252659 0.0714628 
0.0353526 0 0.0499961 0.024998 0.10307 0.0707052 0.0558973 0.0499961 0.0558973 0.0499961 
0.0821225 0.0865647 0.0547483 0.0273742 0.0547483 0.139581 0.0865647 0.0865647 0.0612105 0.0273742 
0.644751 0.155437 0.0842974 0.037699 0.106629 0.0533144 0.0596073 0.0266572 0.037699 0.0266572 
0.0552116 0.0493827 0.0698377 0.0349189 0.0349189 0.089026 0.0698377 0.139675 0.0552116 0.0552116 
0.0499026 0.0557928 0.141146 0.0499026 0.111586 0.0899632 0.0557928 0.0899632 0.124757 0.0557928 
0.0253144 0 0.101258 0.0912725 0.0253144 0.0759433 0.0253144 0.0253144 0.0566048 0.0759433 
0.0508164 0.0454516 0.0642783 0.0321391 0.0718653 0.0321391 0.0454516 0.0227258 0.0321391 0.0508164 
0.0238028 0.0336622 0 0.0238028 0.0532246 0.0673244 0.0238028 0.0336622 0.0532246 0.0476056 
0.023549 0.0706469 0.0666066 0.0333033 0.0526571 0.0333033 0 0.023549 0 0.0333033 
0.0467972 0.0523209 0.0467972 0.116993 0.096475 0.0467972 0.0233986 0.0661813 0.0330906 0 
0.130637 0.0316842 0.0950527 0.0316842 0.114239 0.0807792 0.0224041 0.100194 0.0708481 0.0224041 
0.0679628 0.0480569 0.0429834 0.144171 0.135926 0.0859669 0.0480569 0.0886126 0.0303939 0.0480569 
0.0813116 0.0451035 0.063786 0.031893 0.121445 0.0225518 0.0504273 0.0504273 0.0676553 0.0451035 
0.0444307 0.0702512 0.0702512 0.0222154 0.0314173 0.0800986 0.0314173 0.0702512 0.0496751 0.0915963 
0.122828 0.0571137 0.198876 0.0638551 0.142784 0.0832568 0.0201928 0.0451524 0.072806 0.0571137 
0.0632164 0.0247955 0.149803 0.123978 0.345361 0.221778 0.0175331 0.410813 0.0632164 0.228603 
0.0679706 0.0214942 0.109599 0.0480625 0.0429884 0.0679706 0.0214942 0.0303974 0.0679706 0.0429884 
0.839561 0.0334357 0.165498 0.0472852 0.133743 0.0709277 0.0472852 0.0709277 0.105733 0.0236426 
0.0330004 0.0330004 0.0330004 0.0737912 0.132002 0.14194 0.0233348 0.0466696 0.0660008 0.0521783 
0.0720937 0.452528 0.259938 0.393555 1.03223 0.880016 0.865125 0.683941 0.438529 0.710041 
0.104144 0.0465746 0.0658665 0.0416576 0.133369 0.0465746 0.0658665 0.0208288 0.0465746 0.0294564 
0.161129 0.047309 0.415673 0.265099 0.800906 0.69594 0 0.236545 0.0423144 0.107881 
0.0256642 0.0256642 0.057387 0.185067 0.138206 0.114774 0.057387 0.0769927 0.0513285 0.057387 
0.36196 0.224478 0.18511 0.0634921 0.130892 0.212959 0.126984 0.349206 0.454534 0.20078 
0.0429884 0.0303974 0.144187 0.154997 0.109599 0 0.0480625 0.0214942 0.0429884 0.0480625 
0.0557928 0.070573 0.070573 0.0748539 0.134367 0.0499026 0.0352865 0.0557928 0.102877 0.0557928 
0.0310816 0.0491444 0.0310816 0.0906177 0.131868 0.043956 0.0310816 0.0792429 0.0491444 0.021978 
0.106654 0.0578412 0 0.0578412 0.0817998 0.036582 0.0817998 0.0258674 0.0578412 0.129337 
0.0302027 0.042713 0.0302027 0.085426 0.0213565 0.0302027 0.0302027 0.077002 0.042713 0.0477546 
0.0596285 0.0377124 0.096148 0.096148 0.0843274 0.0596285 0.0754247 0.0266667 0.096148 0.0596285 
0.0729056 0.0543406 0.0543406 0.034368 0.068736 0.0729056 0.0243019 0.034368 0.034368 0 
0.159313 0.0450606 0.29634 0 0.248855 0.0955879 0.0503793 0.0318627 0.151138 0.071247 
0.0386586 0.0546715 0.0611246 0.0546715 0.139386 0.0864433 0.0386586 0.136679 0.115976 0.136679 
0.125228 0.0232542 0.0465085 0 0.0519981 0.0232542 0.0735364 0.116271 0.0735364 0.093017 
0.277097 0.0853579 0.0529367 0.0334801 0.0529367 0.023674 0.0334801 0.0748639 0.0473481 0.0529367 
0 0.0493677 0.0349082 0.0698164 0.0349082 0.0349082 0.0246838 0.0551947 0.0349082 0.0551947 
0.0720458 0.025472 0.0918407 0.0569572 0.025472 0.0360229 0.0764161 0.137171 0.0360229 0.025472 
0.0253083 0.0357914 0.0357914 0.0565912 0.0912505 0.104349 0.0253083 0.0357914 0.0253083 0.0253083 
0.0255885 0 0.0572176 0.051177 0.180938 0.080918 0.0572176 0.137798 0.051177 0.0572176 
0.0733387 0.0454827 0.0643223 0 0.0203405 0.040681 0.0575316 0.0203405 0.0454827 0 
0.0572927 0 0.0724702 0.0923817 0.0572927 0.0256221 0.0362351 0.0923817 0.0572927 0.0512442 
0.0593358 0.0419568 0.0663395 0.127606 0.0938182 0.132679 0.151277 0.223003 0.140727 0.0756386 
0 0.0535672 0.0863744 0.0535672 0.0718679 0.101637 0.023956 0.0718679 0.0535672 0.139686 
0 0.0268705 0.0968828 0.120168 0.0268705 0.0849719 0.0268705 0.0968828 0.120168 0.0600842 
0.0246895 0.0349162 0.049379 0.0246895 0.101797 0.0552073 0.049379 0.0246895 0.0552073 0.0890192 
0.0524828 0.033193 0.023471 0.0524828 0.046942 0.046942 0 0.0524828 0 0.033193 
0.0246838 0.0740515 0.0246838 0.0349082 0.0349082 0.0889988 0 0.0493677 0.0493677 0.0493677 
0.021693 0.0485071 0.0920358 0.0433861 0.145521 0.0782154 0.0970143 0.0485071 0.0433861 0.131954 
0.0452187 0.050556 0.0639489 0.050556 0.050556 0.0226093 0.0226093 0.071497 0.0319744 0.0226093 
0.0760011 0.0240337 0.0537409 0.0537409 0.0339887 0.0339887 0.0240337 0.0240337 0.0760011 0.0760011 
0.0232542 0.0232542 0.116271 0.103996 0.0986594 0.0519981 0.0232542 0.0838444 0.0519981 0.0519981 
0.0724476 0.0458199 0.0724476 0.0512282 0.0944601 0.0512282 0.0323996 0 0.0944601 0.0724476 
0.0526097 0.0526097 0.0332733 0.0470556 0.0665466 0.0470556 0.0526097 0 0.0848306 0.0470556 
0.0769231 0.0769231 0.081084 0.0573351 0.09245 0.0362619 0.0725238 0.0725238 0.09245 0.0573351 
0 0.0253144 0.0800512 0.104374 0.0358 0.0506289 0.0759433 0.0253144 0.101258 0.0800512 
0.0502455 0.0224705 0.0926482 0.0502455 0.0710579 0.0674115 0.0224705 0.0710579 0.0502455 0.0502455 
0.0464332 0.0464332 0.131333 0.0519139 0.116083 0.0984997 0.0656665 0.0519139 0.0656665 0.0519139 
0.104017 0.0328931 0.0465179 0.0520086 0.0986794 0.0520086 0.0657863 0.0520086 0.0735513 0.0520086 
0.0529999 0.0474046 0.0335201 0.0237023 0.0237023 0 0.0237023 0.0335201 0.0529999 0.0237023 
0.0320092 0.050611 0.0226339 0.0816078 0.0640184 0.0226339 0.0226339 0 0.0320092 0.0320092 
0 0.111412 0.0249126 0.0704634 0.0249126 0.0352317 0.0996503 0.0787805 0.0747377 0.0747377 
0.125699 0.0502797 0.262468 0.0794991 0.0562144 0.0794991 0.0502797 0.103654 0.125699 0.103654 
0.0747174 0.0747174 0.120478 0 0.0472554 0.0708832 0.0334146 0.0472554 0.0334146 0.0528332 
0.0769174 0.0769174 0.068797 0.0486468 0.068797 0.0343985 0.0729702 0.0729702 0.0972937 0.0243234 
0.0229885 0.0514039 0.0229885 0 0.0325107 0.0514039 0.0325107 0.0325107 0.0229885 0.0229885 
0.0333333 0.0333333 0 0.0745356 0.0666667 0.0527046 0.0666667 0.0235702 0.0333333 0.0707107 
0.0216765 0.0216765 0.068547 0.0216765 0.126394 0.068547 0.043353 0.068547 0.0919655 0.0484701 
0.0705102 0.0235034 0.0705102 0 0.119844 0.0525552 0 0.0525552 0.0235034 0.0664777 
0.0219568 0 0.0310516 0.0219568 0.0694336 0.0490969 0.0878273 0.0981939 0.0490969 0 
0.128532 0.0321329 0.0718514 0.101613 0.0936828 0.101613 0 0.0321329 0.115857 0.0718514 
0.0544735 0.0243613 0.0243613 0.108947 0.0770371 0.0878358 0.034452 0 0.0770371 0.0770371 
0.0506597 0 0.0453114 0 0.0226557 0.06408 0.0226557 0 0.0716436 0.0506597 
0.0286475 0.0286475 0.0452957 0.0640578 0.0572951 0.0640578 0.0286475 0.0202569 0.0452957 0.0640578 
0.19696 0.029361 0.0830455 0.121059 0.121059 0.105863 0.029361 0.058722 0.0928477 0.088083 
0.101258 0.0506289 0.129079 0.0253144 0.0253144 0.0253144 0.0759433 0.0358 0.0566048 0.0566048 
0.0810241 0.0362351 0.0256221 0.0256221 0.0256221 0.0256221 0.0810241 0.0923817 0.0724702 0.0572927 
0.0330477 0.0738969 0 0.0467365 0.0233683 0.052253 0.0738969 0.0467365 0.0701047 0.0467365 
0.0565685 0 0.0252982 0.126491 0.0715542 0 0.08 0.178885 0.0505964 0.0715542 
0.324548 0.2423 0.12115 0.12115 0.0293832 0.0415541 0.20777 0.4846 0.0929178 0.124662 
0.0661324 0.127208 0.0661324 0.0209129 0.0754026 0.0467627 0.112619 0.0467627 0.0467627 0.0467627 
0.0476157 0.0336694 0.0532359 0.0476157 0.0476157 0.0476157 0.0336694 0.0476157 0.0238078 0.0532359 
0.11855 0.0328798 0.0519875 0.0958603 0.185996 0.0328798 0.0657596 0.880111 0.0519875 0.0838274 
0.0846971 0.0267836 0.246932 0.275754 0.380666 0.0757554 0.110432 0.0757554 0.169394 0.160701 
0.038097 0.038097 0.0808159 0.038097 0.0761939 0.0602366 0.0269386 0.0602366 0.0761939 0.120473 
0.101076 0.0548161 0.125 0.0346688 0.132015 0.149116 0.101076 0.550895 0.173344 0.0735435 
0.0749532 0.0529999 0.0948091 0.144175 0.106 0.097727 0.0335201 0.0474046 0.0237023 0.0335201 
0.12642 0.0758522 0.0252841 0.14743 0.0799552 0.091163 0.0357571 0.0565369 0.0758522 0.113074 
0.942509 0.126219 0.159656 0.147195 0.0798278 0.126219 0.126219 0.854194 0.203522 0.126219 
0.0246239 0 0.0246239 0.0246239 0.0246239 0.0778676 0.0550607 0.0887827 0.0492478 0.0348234 
0.0546664 0.038655 0.0819997 0.0611189 0.0985513 0.0273332 0.0611189 0.0546664 0.07731 0.0546664 
0.075271 0.075271 0.121371 0.0714083 0.248508 0.0952111 0.075271 0.0858221 0.0476056 0.0238028 
0.0480875 0.0430108 0.0480875 0.0480875 0.0304132 0.0480875 0.068006 0.0480875 0.0886689 0.0886689 
0.0339887 0.0339887 0.072101 0.072101 0.0339887 0.0240337 0.0339887 0.072101 0.0240337 0.0480673 
0.10991 0 0.0266572 0.0842974 0.0842974 0.0266572 0 0.0842974 0.0753979 0 
0.0491436 0 0.0737154 0.0491436 0.0549442 0.0491436 0 0.0245718 0.0491436 0.0347498 
0.0308148 0.0217894 0.0616297 0.0487226 0.0487226 0.0217894 0.0308148 0.0487226 0.108947 0.0974451 
0 0.034493 0.0243902 0.068986 0.0545382 0.068986 0.0243902 0.034493 0.0771287 0.0243902 
0.031748 0.0634961 0.050198 0.050198 0.0809419 0.0809419 0.0634961 0.050198 0.0634961 0.100396 
0.0243739 0.0878815 0.156069 0.12187 0.17235 0.0487479 0.03447 0.0545018 0.0689399 0.0545018 
0.0556243 0.12438 0.0556243 0.0995037 0.0497519 0.0556243 0.0497519 0.0703598 0.0703598 0.0497519 
0.0257984 0.0515968 0.0773952 0.0257984 0.233614 0.15479 0.057687 0.0515968 0.057687 0.0257984 
0.0422106 0.0298474 0.0211053 0.0422106 0.11939 0 0 0.0596948 0.0298474 0.0298474 
0.0228919 0.0723906 0.0323741 0.0943858 0.0228919 0.0647481 0 0.0647481 0.0323741 0.0511879 
0.0494438 0.0442239 0.0442239 0.0663358 0.334614 0.0911698 0.0494438 0.031271 0.0699241 0.0699241 
0.0702512 0.0248375 0.0785432 0.089553 0.089553 0.0351256 0.0351256 0.0555384 0.0555384 0.0248375 
0.123447 0.0552073 0.0246895 0.0890192 0.104749 0.0552073 0.049379 0.0890192 0.0349162 0.078075 
0.104178 0.0368324 0.0939044 0.0368324 0.0260444 0.0781332 0.0368324 0.0781332 0.0260444 0.0260444 
0.0396955 0.079391 0.0627641 0.140345 0.0396955 0.0561379 0.028069 0.0561379 0.0396955 0.028069 
0.105873 0.0529367 0.0473481 0.0473481 0.10044 0.0669603 0.023674 0.0473481 0.023674 0.0748639 
0.024345 0.0486901 0.0544371 0.0769857 0.0769857 0.0544371 0.0769857 0.170415 0.0486901 0.0344291 
0.0604122 0.0810515 0 0.0974118 0 0 0.0810515 0.0540343 0 0.0270172 
0.209151 0.104575 0.0802056 0.0253632 0.113428 0.104575 0.0507265 0.0253632 0 0.0717381 
0.105327 0.0263318 0.134266 0.0526635 0.0588796 0.0372387 0.0372387 0.0526635 0.0588796 0.0263318 
0.156365 0.0988936 0.101937 0.0349642 0.0494468 0.0741702 0.0552832 0.0247234 0.0349642 0.0494468 
0.0376822 0.0376822 0.0595808 0.0595808 0.0960712 0.0595808 0.0595808 0.0595808 0.0266454 0.0266454 
0 0.050944 0.0569572 0.148526 0.0764161 0 0.105024 0.0569572 0.0569572 0.025472 
0.0505964 0.126491 0.0565685 0.107331 0.08 0.0357771 0.0758947 0.0565685 0.0565685 0.0505964 
0.0439163 0.0219581 0.0219581 0.0658744 0.0694377 0.062107 0.0490999 0.0490999 0 0.0219581 
0.0459073 0.0229537 0.0513259 0.0324614 0.0324614 0.0229537 0.0459073 0.0229537 0.0513259 0 
0.0963169 0.0467206 0.0467206 0.0522352 0.0842267 0.0522352 0.0522352 0.116801 0.0991093 0.0522352 
0.0454077 0.0454077 0.183044 0.0321081 0.113519 0.138102 0.0321081 0 0.203069 0.0818598 
0.116567 0.0484019 0.126217 0.0484019 0.627734 0.0684506 0.0612241 0.0484019 0.145206 0.136901 
0.0631439 0.0470647 0.0420959 0.0297663 0.0631439 0.021048 0.086783 0.0297663 0.021048 0.089299 
0.1767 0.0931291 0.0416486 0.106183 0.0416486 0.0658522 0.121425 0.0931291 0.08835 0.131704 
0.0300285 0.0300285 0.106167 0.0424668 0.123811 0.106167 0.0637002 0.0300285 0.0765581 0.0300285 
0.0629816 0.0563324 0.0629816 0.0629816 0.0844987 0.0629816 0.0796661 0.0890694 0.0398331 0.0563324 
0.0849837 0.0235702 0.0666667 0.0707107 0.105409 0.105409 0.0235702 0.0971825 0.117851 0.0235702 
0.0252177 0.0356632 0.0504353 0.0252177 0.0504353 0.0252177 0.0909235 0.0563884 0.0252177 0.0252177 
0.0853424 0.0269876 0.107951 0.0603462 0.0539753 0.0269876 0.0809629 0.0381663 0.0973053 0.0763325 
0.050236 0.0224662 0.0810032 0.0710445 0.050236 0.0810032 0.0317721 0.100472 0.0710445 0.0224662 
0.0348949 0.0348949 0.172721 0.101735 0.123372 0.0551737 0.0246744 0.0246744 0.0740233 0.0348949 
0.170244 0.0784784 0.0970538 0.0784784 0.121876 0.0851218 0.0380676 0.0851218 0.121876 0.0571014 
0.0490106 0.0490106 0.0883552 0.0245053 0.103967 0.103967 0.0490106 0.0547955 0.101038 0.0245053 
0.0606953 0.0858361 0.0383871 0.108575 0.0383871 0.206721 0.0606953 0 0.115161 0.0606953 
